   627193304

 MYSTRAN Version 18.0.0   APR 20 2026 MYSTRAN developed by Dr Bill Case
*** Please report any problems to mystransolver@gmail.com ***                                                                                                                                                                                                   

 >> MYSTRAN BEGIN  :  6/27/2026 at 19:33: 4.468 The input file is C:\Users\victo\Documents\Git\MYSTRAN_Validation\working\NAS S30 quad8 distorted node numbering invariance 3D.bdf                                                                                                                                                


 >> LINK  0 BEGIN


SOL 101                                                                                                                                                                                                                                                         
CEND                                                                                                                                                                                                                                                            
DISPLACEMENT = ALL                                                                                                                                                                                                                                              
STRESS(CORNER) = ALL                                                                                                                                                                                                                                            
STRAIN(CORNER,FIBER) = ALL                                                                                                                                                                                                                                      
FORCE(CORNER) = ALL                                                                                                                                                                                                                                             
SPC = 1                                                                                                                                                                                                                                                         
LOAD = 1                                                                                                                                                                                                                                                        
BEGIN BULK                                                                                                                                                                                                                                                      
ECHO: loadb GRID           1       0   0.0+0   0.0+0   0.0+0       0                                                                                                                                                                                                        
ECHO: loadb GRID           2       0   1.0+0   0.0+0   0.0+0       0                                                                                                                                                                                                        
ECHO: loadb GRID           3       0   1.0+0   1.0+0   0.0+0       0                                                                                                                                                                                                        
ECHO: loadb GRID*                  4               0 1.39093548059-1 9.12268340588-1*                                                                                                                                                                                       
ECHO: loadb *       -1.98268443346-1               0                                                                                                                                                                                                                        
ECHO: loadb GRID*                  5               0 4.88753050566-1 8.27732309699-2*                                                                                                                                                                                       
ECHO: loadb *       -1.27715971321-2               0                                                                                                                                                                                                                        
ECHO: loadb GRID*                  6               0 1.08543205261+0 5.05943119526-1*                                                                                                                                                                                       
ECHO: loadb *        1.40341510996-2               0                                                                                                                                                                                                                        
ECHO: loadb GRID*                  7               0 5.79759113491-1 1.06033468246+0*                                                                                                                                                                                       
ECHO: loadb *       -1.32729473524-1               0                                                                                                                                                                                                                        
ECHO: loadb GRID*                  8               0 1.81309685111-1  5.2292984724-1*                                                                                                                                                                                       
ECHO: loadb *       -1.11214913428-1               0                                                                                                                                                                                                                        
ECHO: loadb GRID           9       0   2.0+0   0.0+0   0.0+0       0                                                                                                                                                                                                        
ECHO: loadb GRID          10       0   3.0+0   0.0+0   0.0+0       0                                                                                                                                                                                                        
ECHO: loadb GRID          11       0   3.0+0   1.0+0   0.0+0       0                                                                                                                                                                                                        
ECHO: loadb GRID*                 12               0 2.13909354806+0 9.12268340588-1*                                                                                                                                                                                       
ECHO: loadb *       -1.98268443346-1               0                                                                                                                                                                                                                        
ECHO: loadb GRID*                 13               0 2.48875305057+0 8.27732309699-2*                                                                                                                                                                                       
ECHO: loadb *       -1.27715971321-2               0                                                                                                                                                                                                                        
ECHO: loadb GRID*                 14               0 3.08543205261+0 5.05943119526-1*                                                                                                                                                                                       
ECHO: loadb *        1.40341510996-2               0                                                                                                                                                                                                                        
ECHO: loadb GRID*                 15               0 2.57975911349+0 1.06033468246+0*                                                                                                                                                                                       
ECHO: loadb *       -1.32729473524-1               0                                                                                                                                                                                                                        
ECHO: loadb GRID*                 16               0 2.18130968511+0  5.2292984724-1*                                                                                                                                                                                       
ECHO: loadb *       -1.11214913428-1               0                                                                                                                                                                                                                        
ECHO: loadb GRID          17       0   4.0+0   0.0+0   0.0+0       0                                                                                                                                                                                                        
ECHO: loadb GRID          18       0   5.0+0   0.0+0   0.0+0       0                                                                                                                                                                                                        
ECHO: loadb GRID          19       0   5.0+0   1.0+0   0.0+0       0                                                                                                                                                                                                        
ECHO: loadb GRID*                 20               0 4.13909354806+0 9.12268340588-1*                                                                                                                                                                                       
ECHO: loadb *       -1.98268443346-1               0                                                                                                                                                                                                                        
ECHO: loadb GRID*                 21               0 4.48875305057+0 8.27732309699-2*                                                                                                                                                                                       
ECHO: loadb *       -1.27715971321-2               0                                                                                                                                                                                                                        
ECHO: loadb GRID*                 22               0 5.08543205261+0 5.05943119526-1*                                                                                                                                                                                       
ECHO: loadb *        1.40341510996-2               0                                                                                                                                                                                                                        
ECHO: loadb GRID*                 23               0 4.57975911349+0 1.06033468246+0*                                                                                                                                                                                       
ECHO: loadb *       -1.32729473524-1               0                                                                                                                                                                                                                        
ECHO: loadb GRID*                 24               0 4.18130968511+0  5.2292984724-1*                                                                                                                                                                                       
ECHO: loadb *       -1.11214913428-1               0                                                                                                                                                                                                                        
ECHO: loadb GRID          25       0   6.0+0   0.0+0   0.0+0       0                                                                                                                                                                                                        
ECHO: loadb GRID          26       0   7.0+0   0.0+0   0.0+0       0                                                                                                                                                                                                        
ECHO: loadb GRID          27       0   7.0+0   1.0+0   0.0+0       0                                                                                                                                                                                                        
ECHO: loadb GRID*                 28               0 6.13909354806+0 9.12268340588-1*                                                                                                                                                                                       
ECHO: loadb *       -1.98268443346-1               0                                                                                                                                                                                                                        
ECHO: loadb GRID*                 29               0 6.48875305057+0 8.27732309699-2*                                                                                                                                                                                       
ECHO: loadb *       -1.27715971321-2               0                                                                                                                                                                                                                        
ECHO: loadb GRID*                 30               0 7.08543205261+0 5.05943119526-1*                                                                                                                                                                                       
ECHO: loadb *        1.40341510996-2               0                                                                                                                                                                                                                        
ECHO: loadb GRID*                 31               0 6.57975911349+0 1.06033468246+0*                                                                                                                                                                                       
ECHO: loadb *       -1.32729473524-1               0                                                                                                                                                                                                                        
ECHO: loadb GRID*                 32               0 6.18130968511+0  5.2292984724-1*                                                                                                                                                                                       
ECHO: loadb *       -1.11214913428-1               0                                                                                                                                                                                                                        
ECHO: loadb PARAM    STR_CID      -2                                                                                                                                                                                                                                        
ECHO: loadb MAT1           1  2.0+11  1.0+11   0.0+0   0.0+0   0.0+0   0.0+0                                                                                                                                                                                                
ECHO: loadb SPC            1       2       1   0.0+0                                                                                                                                                                                                                        
ECHO: loadb SPC            1       2       2   0.0+0                                                                                                                                                                                                                        
ECHO: loadb SPC            1       2       3   0.0+0                                                                                                                                                                                                                        
ECHO: loadb SPC            1       2       4   0.0+0                                                                                                                                                                                                                        
ECHO: loadb SPC            1       2       5   0.0+0                                                                                                                                                                                                                        
ECHO: loadb SPC            1       2       6   0.0+0                                                                                                                                                                                                                        
ECHO: loadb SPC            1       3       1   0.0+0                                                                                                                                                                                                                        
ECHO: loadb SPC            1       3       2   0.0+0                                                                                                                                                                                                                        
ECHO: loadb SPC            1       3       3   0.0+0                                                                                                                                                                                                                        
ECHO: loadb SPC            1       3       4   0.0+0                                                                                                                                                                                                                        
ECHO: loadb SPC            1       3       5   0.0+0                                                                                                                                                                                                                        
ECHO: loadb SPC            1       3       6   0.0+0                                                                                                                                                                                                                        
ECHO: loadb SPC            1       6       1   0.0+0                                                                                                                                                                                                                        
ECHO: loadb SPC            1       6       2   0.0+0                                                                                                                                                                                                                        
ECHO: loadb SPC            1       6       3   0.0+0                                                                                                                                                                                                                        
ECHO: loadb SPC            1       6       4   0.0+0                                                                                                                                                                                                                        
ECHO: loadb SPC            1       6       5   0.0+0                                                                                                                                                                                                                        
ECHO: loadb SPC            1       6       6   0.0+0                                                                                                                                                                                                                        
ECHO: loadb SPC            1      10       1   0.0+0                                                                                                                                                                                                                        
ECHO: loadb SPC            1      10       2   0.0+0                                                                                                                                                                                                                        
ECHO: loadb SPC            1      10       3   0.0+0                                                                                                                                                                                                                        
ECHO: loadb SPC            1      10       4   0.0+0                                                                                                                                                                                                                        
ECHO: loadb SPC            1      10       5   0.0+0                                                                                                                                                                                                                        
ECHO: loadb SPC            1      10       6   0.0+0                                                                                                                                                                                                                        
ECHO: loadb SPC            1      11       1   0.0+0                                                                                                                                                                                                                        
ECHO: loadb SPC            1      11       2   0.0+0                                                                                                                                                                                                                        
ECHO: loadb SPC            1      11       3   0.0+0                                                                                                                                                                                                                        
ECHO: loadb SPC            1      11       4   0.0+0                                                                                                                                                                                                                        
ECHO: loadb SPC            1      11       5   0.0+0                                                                                                                                                                                                                        
ECHO: loadb SPC            1      11       6   0.0+0                                                                                                                                                                                                                        
ECHO: loadb SPC            1      14       1   0.0+0                                                                                                                                                                                                                        
ECHO: loadb SPC            1      14       2   0.0+0                                                                                                                                                                                                                        
ECHO: loadb SPC            1      14       3   0.0+0                                                                                                                                                                                                                        
ECHO: loadb SPC            1      14       4   0.0+0                                                                                                                                                                                                                        
ECHO: loadb SPC            1      14       5   0.0+0                                                                                                                                                                                                                        
ECHO: loadb SPC            1      14       6   0.0+0                                                                                                                                                                                                                        
ECHO: loadb SPC            1      18       1   0.0+0                                                                                                                                                                                                                        
ECHO: loadb SPC            1      18       2   0.0+0                                                                                                                                                                                                                        
ECHO: loadb SPC            1      18       3   0.0+0                                                                                                                                                                                                                        
ECHO: loadb SPC            1      18       4   0.0+0                                                                                                                                                                                                                        
ECHO: loadb SPC            1      18       5   0.0+0                                                                                                                                                                                                                        
ECHO: loadb SPC            1      18       6   0.0+0                                                                                                                                                                                                                        
ECHO: loadb SPC            1      19       1   0.0+0                                                                                                                                                                                                                        
ECHO: loadb SPC            1      19       2   0.0+0                                                                                                                                                                                                                        
ECHO: loadb SPC            1      19       3   0.0+0                                                                                                                                                                                                                        
ECHO: loadb SPC            1      19       4   0.0+0                                                                                                                                                                                                                        
ECHO: loadb SPC            1      19       5   0.0+0                                                                                                                                                                                                                        
ECHO: loadb SPC            1      19       6   0.0+0                                                                                                                                                                                                                        
ECHO: loadb SPC            1      22       1   0.0+0                                                                                                                                                                                                                        
ECHO: loadb SPC            1      22       2   0.0+0                                                                                                                                                                                                                        
ECHO: loadb SPC            1      22       3   0.0+0                                                                                                                                                                                                                        
ECHO: loadb SPC            1      22       4   0.0+0                                                                                                                                                                                                                        
ECHO: loadb SPC            1      22       5   0.0+0                                                                                                                                                                                                                        
ECHO: loadb SPC            1      22       6   0.0+0                                                                                                                                                                                                                        
ECHO: loadb SPC            1      26       1   0.0+0                                                                                                                                                                                                                        
ECHO: loadb SPC            1      26       2   0.0+0                                                                                                                                                                                                                        
ECHO: loadb SPC            1      26       3   0.0+0                                                                                                                                                                                                                        
ECHO: loadb SPC            1      26       4   0.0+0                                                                                                                                                                                                                        
ECHO: loadb SPC            1      26       5   0.0+0                                                                                                                                                                                                                        
ECHO: loadb SPC            1      26       6   0.0+0                                                                                                                                                                                                                        
ECHO: loadb SPC            1      27       1   0.0+0                                                                                                                                                                                                                        
ECHO: loadb SPC            1      27       2   0.0+0                                                                                                                                                                                                                        
ECHO: loadb SPC            1      27       3   0.0+0                                                                                                                                                                                                                        
ECHO: loadb SPC            1      27       4   0.0+0                                                                                                                                                                                                                        
ECHO: loadb SPC            1      27       5   0.0+0                                                                                                                                                                                                                        
ECHO: loadb SPC            1      27       6   0.0+0                                                                                                                                                                                                                        
ECHO: loadb SPC            1      30       1   0.0+0                                                                                                                                                                                                                        
ECHO: loadb SPC            1      30       2   0.0+0                                                                                                                                                                                                                        
ECHO: loadb SPC            1      30       3   0.0+0                                                                                                                                                                                                                        
ECHO: loadb SPC            1      30       4   0.0+0                                                                                                                                                                                                                        
ECHO: loadb SPC            1      30       5   0.0+0                                                                                                                                                                                                                        
ECHO: loadb SPC            1      30       6   0.0+0                                                                                                                                                                                                                        
ECHO: loadb PSHELL         1       1   1.0-1       1               1           0.0+0                                                                                                                                                                                        
ECHO: loadb CQUAD8         1       1       1       2       3       4       5       6+                                                                                                                                                                                       
ECHO:  nextc +              7       8                                       2   0.0+0                                                                                                                                                                                        
ECHO: loadb CORD2R         2       0   0.0+0   0.0+0   0.0+0   0.0+0   1.0+0   0.0+0+                                                                                                                                                                                       
ECHO:  nextc +          1.1+1   0.0+0   0.0+0                                                                                                                                                                                                                                
ECHO: loadb CQUAD8         2       1      10      11      12       9      14      15+                                                                                                                                                                                       
ECHO:  nextc +             16      13                                       3   0.0+0                                                                                                                                                                                        
ECHO: loadb CORD2R         3       0   0.0+0   0.0+0   0.0+0   0.0+0   1.0+0   0.0+0+                                                                                                                                                                                       
ECHO:  nextc +          1.1+1   0.0+0   0.0+0                                                                                                                                                                                                                                
ECHO: loadb CQUAD8         3       1      19      20      17      18      23      24+                                                                                                                                                                                       
ECHO:  nextc +             21      22                                       4   0.0+0                                                                                                                                                                                        
ECHO: loadb CORD2R         4       0   0.0+0   0.0+0   0.0+0   0.0+0   1.0+0   0.0+0+                                                                                                                                                                                       
ECHO:  nextc +          1.1+1   0.0+0   0.0+0                                                                                                                                                                                                                                
ECHO: loadb CQUAD8         4       1      28      25      26      27      32      29+                                                                                                                                                                                       
ECHO:  nextc +             30      31                                       5   0.0+0                                                                                                                                                                                        
ECHO: loadb CORD2R         5       0   0.0+0   0.0+0   0.0+0   0.0+0   1.0+0   0.0+0+                                                                                                                                                                                       
ECHO:  nextc +          1.1+1   0.0+0   0.0+0                                                                                                                                                                                                                                
ECHO: loadb FORCE*                 2               1               0           1.0+0*                                                                                                                                                                                       
ECHO: loadb *        1.12387692651+2 5.61938463256+1 5.61938463256+0                                                                                                                                                                                                        
ECHO: loadb MOMENT*                2               1               0           1.0+0*                                                                                                                                                                                       
ECHO: loadb *       -1.33354514589-4 2.74151909613-4-7.44288043632-5                                                                                                                                                                                                        
ECHO: loadb FORCE*                 2               4               0           1.0+0*                                                                                                                                                                                       
ECHO: loadb *        5.83229907552+1 2.91614953776+1 2.91614953776+0                                                                                                                                                                                                        
ECHO: loadb MOMENT*                2               4               0           1.0+0*                                                                                                                                                                                       
ECHO: loadb *        7.32264887854-3-1.50371462042-2 3.91848447087-3                                                                                                                                                                                                        
ECHO: loadb FORCE*                 2               8               0           1.0+0*                                                                                                                                                                                       
ECHO: loadb *        3.29289316594+2 1.64644658297+2 1.64644658297+1                                                                                                                                                                                                        
ECHO: loadb MOMENT*                2               8               0           1.0+0*                                                                                                                                                                                       
ECHO: loadb *        1.19304094461-2-2.45587899642-2 6.97971072049-3                                                                                                                                                                                                        
ECHO: loadb FORCE*                 2              12               0           1.0+0*                                                                                                                                                                                       
ECHO: loadb *        5.83229907552+1 2.91614953776+1 2.91614953776+0                                                                                                                                                                                                        
ECHO: loadb MOMENT*                2              12               0           1.0+0*                                                                                                                                                                                       
ECHO: loadb *        7.32264887854-3-1.50371462042-2 3.91848447087-3                                                                                                                                                                                                        
ECHO: loadb FORCE*                 2              16               0           1.0+0*                                                                                                                                                                                       
ECHO: loadb *        3.29289316594+2 1.64644658297+2 1.64644658297+1                                                                                                                                                                                                        
ECHO: loadb MOMENT*                2              16               0           1.0+0*                                                                                                                                                                                       
ECHO: loadb *        1.19304094461-2-2.45587899642-2 6.97971072049-3                                                                                                                                                                                                        
ECHO: loadb FORCE*                 2               9               0           1.0+0*                                                                                                                                                                                       
ECHO: loadb *        1.12387692651+2 5.61938463256+1 5.61938463256+0                                                                                                                                                                                                        
ECHO: loadb MOMENT*                2               9               0           1.0+0*                                                                                                                                                                                       
ECHO: loadb *       -1.33354514588-4 2.74151909613-4 -7.4428804363-5                                                                                                                                                                                                        
ECHO: loadb FORCE*                 2              20               0           1.0+0*                                                                                                                                                                                       
ECHO: loadb *        5.83229907552+1 2.91614953776+1 2.91614953776+0                                                                                                                                                                                                        
ECHO: loadb MOMENT*                2              20               0           1.0+0*                                                                                                                                                                                       
ECHO: loadb *        7.32264887854-3-1.50371462042-2 3.91848447087-3                                                                                                                                                                                                        
ECHO: loadb FORCE*                 2              24               0           1.0+0*                                                                                                                                                                                       
ECHO: loadb *        3.29289316594+2 1.64644658297+2 1.64644658297+1                                                                                                                                                                                                        
ECHO: loadb MOMENT*                2              24               0           1.0+0*                                                                                                                                                                                       
ECHO: loadb *        1.19304094461-2-2.45587899642-2 6.97971072049-3                                                                                                                                                                                                        
ECHO: loadb FORCE*                 2              17               0           1.0+0*                                                                                                                                                                                       
ECHO: loadb *        1.12387692651+2 5.61938463256+1 5.61938463256+0                                                                                                                                                                                                        
ECHO: loadb MOMENT*                2              17               0           1.0+0*                                                                                                                                                                                       
ECHO: loadb *       -1.33354514589-4 2.74151909615-4-7.44288043635-5                                                                                                                                                                                                        
ECHO: loadb FORCE*                 2              28               0           1.0+0*                                                                                                                                                                                       
ECHO: loadb *        5.83229907552+1 2.91614953776+1 2.91614953776+0                                                                                                                                                                                                        
ECHO: loadb MOMENT*                2              28               0           1.0+0*                                                                                                                                                                                       
ECHO: loadb *        7.32264887854-3-1.50371462042-2 3.91848447087-3                                                                                                                                                                                                        
ECHO: loadb FORCE*                 2              32               0           1.0+0*                                                                                                                                                                                       
ECHO: loadb *        3.29289316594+2 1.64644658297+2 1.64644658297+1                                                                                                                                                                                                        
ECHO: loadb MOMENT*                2              32               0           1.0+0*                                                                                                                                                                                       
ECHO: loadb *        1.19304094461-2-2.45587899642-2 6.97971072049-3                                                                                                                                                                                                        
ECHO: loadb FORCE*                 2              25               0           1.0+0*                                                                                                                                                                                       
ECHO: loadb *        1.12387692651+2 5.61938463256+1 5.61938463256+0                                                                                                                                                                                                        
ECHO: loadb MOMENT*                2              25               0           1.0+0*                                                                                                                                                                                       
ECHO: loadb *       -1.33354514589-4 2.74151909614-4-7.44288043631-5                                                                                                                                                                                                        
ECHO: loadb LOAD           1   1.0+0   1.0+0       2                                                                                                                                                                                                                        
ECHO: loadb ENDDATA                                                                                                                                                                                                                                                         




 >> LINK  0 END


 >> LINK  1 BEGIN

               DEALLOCATED  1.47E-01 MB MEMORY FROM ARRAY STF3


 *INFORMATION: AUTOSPC Summary, Stage 1 after identification of AUTOSPC's at the grid level                                                 

                                     AUTOSPC_RAT = 1.000000E-08

                       Number of DOF's identified for AUTOSPC in component  1         =            0
                       Number of DOF's identified for AUTOSPC in component  2         =            0
                       Number of DOF's identified for AUTOSPC in component  3         =            0
                       Number of DOF's identified for AUTOSPC in component  4         =            0
                       Number of DOF's identified for AUTOSPC in component  5         =            0
                       Number of DOF's identified for AUTOSPC in component  6         =           20
                                                                                        ------------
                       Total number of DOF's identified in this stage                 =           20

               DEALLOCATED  7.68E-04 MB MEMORY FROM ARRAY STFKEY
               DEALLOCATED  1.47E-01 MB MEMORY FROM ARRAY STF3

 >> LINK  1 END


 >> LINK  2 BEGIN



 *INFORMATION: AUTOSPC Summary, Overall: after identification of all AUTOSPC's                                                               

                                     AUTOSPC_RAT = 1.000000E-08

                       Number of DOF's identified for AUTOSPC in component  1         =            0
                       Number of DOF's identified for AUTOSPC in component  2         =            0
                       Number of DOF's identified for AUTOSPC in component  3         =            0
                       Number of DOF's identified for AUTOSPC in component  4         =            0
                       Number of DOF's identified for AUTOSPC in component  5         =            0
                       Number of DOF's identified for AUTOSPC in component  6         =           20
                                                                                        ------------
                       Total number of DOF's identified overall                       =           20


 >> LINK  2 END


 >> LINK  3 BEGIN

 SUPERLU FACTORIZATION OF MATRIX KLL SUCCEEDED IN SUBR SYM_MAT_DECOMP_SUPRLU          

 *INFORMATION: FOR INTERNAL SUBCASE NUMBER        1 EPSILON ERROR ESTIMATE            = -5.634207E-15 Based on U'*(K*U - P)/(U'*P)


 >> LINK  3 END


 >> LINK  5 BEGIN


 >> LINK  5 END


 >> LINK  9 BEGIN



 OUTPUT FOR SUBCASE        1

                                                       D I S P L A C E M E N T S
                                              (in global coordinate system at each grid)
           GRID     COORD      T1            T2            T3            R1            R2            R3
                     SYS
              1        0 -2.129323E-08  1.648281E-07  1.442748E-07 -9.282129E-07  5.515713E-07  0.0         
              2        0  0.0           0.0           0.0           0.0           0.0           0.0         
              3        0  0.0           0.0           0.0           0.0           0.0           0.0         
              4        0  9.517400E-08  4.980588E-08 -2.488115E-07 -9.256318E-08 -8.414605E-08  0.0         
              5        0 -7.949461E-09  5.457023E-08 -1.276940E-08 -1.929203E-07  5.178115E-08  0.0         
              6        0  0.0           0.0           0.0           0.0           0.0           0.0         
              7        0  7.231807E-08  2.731595E-08 -1.260811E-07 -2.096387E-07 -4.647350E-07  0.0         
              8        0  5.733536E-08  6.417117E-08 -1.857992E-07 -2.685288E-07  5.938081E-09  0.0         
              9        0 -2.129323E-08  1.648281E-07  1.442748E-07 -9.282129E-07  5.515713E-07  0.0         
             10        0  0.0           0.0           0.0           0.0           0.0           0.0         
             11        0  0.0           0.0           0.0           0.0           0.0           0.0         
             12        0  9.517400E-08  4.980588E-08 -2.488115E-07 -9.256318E-08 -8.414605E-08  0.0         
             13        0 -7.949461E-09  5.457023E-08 -1.276940E-08 -1.929203E-07  5.178115E-08  0.0         
             14        0  0.0           0.0           0.0           0.0           0.0           0.0         
             15        0  7.231807E-08  2.731595E-08 -1.260811E-07 -2.096387E-07 -4.647350E-07  0.0         
             16        0  5.733536E-08  6.417117E-08 -1.857992E-07 -2.685288E-07  5.938081E-09  0.0         
             17        0 -2.129323E-08  1.648281E-07  1.442748E-07 -9.282129E-07  5.515713E-07  0.0         
             18        0  0.0           0.0           0.0           0.0           0.0           0.0         
             19        0  0.0           0.0           0.0           0.0           0.0           0.0         
             20        0  9.517400E-08  4.980588E-08 -2.488115E-07 -9.256318E-08 -8.414605E-08  0.0         
             21        0 -7.949461E-09  5.457023E-08 -1.276940E-08 -1.929203E-07  5.178115E-08  0.0         
             22        0  0.0           0.0           0.0           0.0           0.0           0.0         
             23        0  7.231807E-08  2.731595E-08 -1.260811E-07 -2.096387E-07 -4.647350E-07  0.0         
             24        0  5.733536E-08  6.417117E-08 -1.857992E-07 -2.685288E-07  5.938081E-09  0.0         
             25        0 -2.129323E-08  1.648281E-07  1.442748E-07 -9.282129E-07  5.515713E-07  0.0         
             26        0  0.0           0.0           0.0           0.0           0.0           0.0         
             27        0  0.0           0.0           0.0           0.0           0.0           0.0         
             28        0  9.517400E-08  4.980588E-08 -2.488115E-07 -9.256318E-08 -8.414605E-08  0.0         
             29        0 -7.949461E-09  5.457023E-08 -1.276940E-08 -1.929203E-07  5.178115E-08  0.0         
             30        0  0.0           0.0           0.0           0.0           0.0           0.0         
             31        0  7.231807E-08  2.731595E-08 -1.260811E-07 -2.096387E-07 -4.647350E-07  0.0         
             32        0  5.733536E-08  6.417117E-08 -1.857992E-07 -2.685288E-07  5.938081E-09  0.0         
                         ------------- ------------- ------------- ------------- ------------- -------------
                MAX* :    9.517400E-08  1.648281E-07  1.442748E-07  0.0           5.515713E-07  0.0         
                MIN* :   -2.129323E-08  0.0          -2.488115E-07 -9.282129E-07 -4.647350E-07  0.0         

                ABS* :    9.517400E-08  1.648281E-07  2.488115E-07  9.282129E-07  5.515713E-07  0.0         
                *for output set

                                                    SPC Force Summary on AUTOSPC'd DOF's
                                                 (in global coordinate system at each grid)
        For detailed information on the SPC forces for the AUTOSPC DOF's, set field 7 (AUTOSPC_SPCF) on the PARAM AUTOSPC entry to Y

                              T1             T2             T3             R1             R2             R3

 ABS AUTOSPC FORCES  :   0.000000E+00   0.000000E+00   0.000000E+00   0.000000E+00   0.000000E+00   4.003650E-04
 AUTOSPC FORCE TOTALS:   0.000000E+00   0.000000E+00   0.000000E+00   0.000000E+00   0.000000E+00   1.725201E-05
     (for output set)


 OUTPUT FOR SUBCASE        1

                                                       E L E M E N T   E N G I N E E R I N G   F O R C E S
                                                           F O R   E L E M E N T   T Y P E   Q U A D 8  
  Element Location               N o r m a l   F o r c e s                       M o m e n t s                   T r a n s v e r s e
     ID                                                                                                        S h e a r   F o r c e s
                              Nxx           Nyy           Nxy           Mxx           Myy           Mxy            Qx           Qy
        1  CENTER        -4.195067E+02 -7.215854E+01 -1.725538E+02  3.132264E+00  3.175707E+00  4.039450E+00  1.890145E+01  5.105752E+00
           GRD       1   -2.279099E+02 -1.558349E+02 -3.754181E+02  2.979873E+01  1.325555E+01  1.883881E+01 -2.448886E+01 -3.033724E+01
           GRD       2    6.437901E+01 -2.134830E+02 -3.681840E+02 -1.580769E+01  6.559155E+00  2.839664E+00  1.445899E+02  3.456749E+01
           GRD       3   -7.549005E+02  1.258645E+02 -1.553630E+02 -2.090897E+01 -7.086175E+00 -2.498327E+00  5.102893E+01 -8.084641E+00
           GRD       4   -7.595956E+02 -4.518070E+01  2.087500E+02  1.944699E+01 -2.570249E-02 -3.022349E+00 -9.552417E+01  2.427740E+01
        2  CENTER        -7.734013E+01 -4.143251E+02  1.844090E+02  3.115477E+00  3.192494E+00 -3.913890E+00  5.529829E+00 -1.912149E+01
           GRD      10   -2.052414E+02  5.613741E+01  3.682766E+02  6.478062E+00 -1.572660E+01 -3.021446E+00  3.360116E+01 -1.447772E+02
           GRD      11    1.065387E+02 -7.355748E+02  1.982697E+02 -7.421127E+00 -2.057402E+01  3.139429E+00 -5.527555E+00 -5.154896E+01
           GRD      12   -4.676341E+01 -7.580128E+02 -2.116274E+02 -8.692470E-02  1.950821E+01  3.069934E+00  2.417077E+01  9.556413E+01
           GRD       9   -1.638944E+02 -2.198504E+02  3.827171E+02  1.349190E+01  2.956238E+01 -1.884348E+01 -3.012506E+01  2.427611E+01
        3  CENTER        -4.194319E+02 -7.223339E+01 -1.730674E+02  3.136650E+00  3.171322E+00  4.035528E+00 -1.891168E+01 -5.109724E+00
           GRD      19   -7.543807E+02  1.253446E+02 -1.567437E+02 -2.089180E+01 -7.103346E+00 -2.521693E+00 -5.105055E+01  7.995558E+00
           GRD      20   -7.595571E+02 -4.521920E+01  2.088294E+02  1.944825E+01 -2.696703E-02 -3.021199E+00  9.552886E+01 -2.427008E+01
           GRD      17   -2.276317E+02 -1.561130E+02 -3.760644E+02  2.979568E+01  1.325860E+01  1.882887E+01  2.449215E+01  3.030264E+01
           GRD      18    6.384191E+01 -2.129459E+02 -3.682908E+02 -1.580554E+01  6.557005E+00  2.856137E+00 -1.446172E+02 -3.446702E+01
        4  CENTER        -7.740139E+01 -4.142639E+02  1.849948E+02  3.108528E+00  3.199443E+00 -3.910328E+00 -5.529892E+00  1.913142E+01
           GRD      28   -4.678694E+01 -7.579893E+02 -2.116803E+02 -8.741753E-02  1.950870E+01  3.066764E+00 -2.416149E+01 -9.557099E+01
           GRD      25   -1.641376E+02 -2.196072E+02  3.836039E+02  1.349088E+01  2.956340E+01 -1.882686E+01  3.007312E+01 -2.428707E+01
           GRD      26   -2.045737E+02  5.546970E+01  3.684309E+02  6.476230E+00 -1.572477E+01 -3.043903E+00 -3.345951E+01  1.448166E+02
           GRD      27    1.058927E+02 -7.349287E+02  1.996247E+02 -7.445576E+00 -2.054957E+01  3.162692E+00  5.428302E+00  5.156714E+01
                          ------------- ------------- ------------- ------------- ------------- ------------- ------------- -------------
                MAX* :    1.065387E+02  1.258645E+02  3.836039E+02  2.979873E+01  2.956340E+01  1.883881E+01  1.445899E+02  1.448166E+02
                MIN* :   -7.595956E+02 -7.580128E+02 -3.760644E+02 -2.090897E+01 -2.057402E+01 -1.884348E+01 -1.446172E+02 -1.447772E+02

                ABS* :    7.595956E+02  7.580128E+02  3.836039E+02  2.979873E+01  2.956340E+01  1.884348E+01  1.446172E+02  1.448166E+02
                *for output set


 OUTPUT FOR SUBCASE        1

                                          E L E M E N T   S T R E S S E S   I N   L O C A L   E L E M E N T   C O O R D I N A T E   S Y S T E M
                                                                       F O R   E L E M E N T   T Y P E   Q U A D 8  
    Elem  Location        Fiber      Stresses In Element Coord System     Principal Stresses (Zero Shear)                Transverse   Transverse   % Poly
     ID                  Distance   Normal-X     Normal-Y     Shear-XY     Angle     Major        Minor      von Mises    Shear-XZ     Shear-YZ    Fit Err
                                                                                                                         (max through thickness)

        1  CENTER      -5.000E-02 -2.31571E+03  1.18384E+03  6.98132E+02   79.12  1.31797E+03 -2.44984E+03  3.31173E+03  2.26817E+02  6.12690E+01
                        5.000E-02 -6.07443E+03 -2.62701E+03 -4.14921E+03  -56.28  1.42287E+02 -8.84372E+03  8.91572E+03

           GRD       1 -5.000E-02  1.56001E+04  6.39498E+03  7.54911E+03   29.31  1.98391E+04  2.15603E+03  1.88538E+04 -2.93866E+02 -3.64047E+02  0.0E+00
                        5.000E-02 -2.01583E+04 -9.51168E+03 -1.50575E+04  -54.74  1.13575E+03 -3.08058E+04  3.13891E+04

           GRD       2 -5.000E-02 -8.84083E+03  1.80066E+03 -1.97804E+03  -79.80  2.15645E+03 -9.19661E+03  1.04432E+04  1.73508E+03  4.14810E+02  0.0E+00
                        5.000E-02  1.01284E+04 -6.07032E+03 -5.38564E+03  -16.81  1.17555E+04 -7.69746E+03  1.69685E+04

           GRD       3 -5.000E-02 -2.00944E+04 -2.99306E+03 -3.05263E+03  -80.18 -2.46450E+03 -2.06229E+04  1.95078E+04  6.12347E+02 -9.70157E+01  0.0E+00
                        5.000E-02  4.99637E+03  5.51035E+03 -5.46340E+01  -84.00  5.51609E+03  4.99063E+03  5.27304E+03

           GRD       4 -5.000E-02  4.07224E+03 -4.67228E+02  2.74091E+02    3.44  4.08873E+03 -4.83718E+02  4.35080E+03 -1.14629E+03  2.91329E+02  0.0E+00
                        5.000E-02 -1.92641E+04 -4.36385E+02  3.90091E+03   78.75  3.39839E+02 -2.00404E+04  2.02124E+04

        2  CENTER      -5.000E-02  1.09588E+03 -2.22775E+03 -5.04244E+02   -8.44  1.17070E+03 -2.30257E+03  3.06072E+03  6.63579E+01 -2.29458E+02
                        5.000E-02 -2.64269E+03 -6.05875E+03  4.19242E+03   33.92  1.76289E+02 -8.87772E+03  8.96717E+03

           GRD      10 -5.000E-02  1.83442E+03 -8.87459E+03  1.86990E+03    9.63  2.15154E+03 -9.19170E+03  1.04352E+04  4.03214E+02 -1.73733E+03  0.0E+00
                        5.000E-02 -5.93925E+03  9.99733E+03  5.49563E+03   72.70  1.17087E+04 -7.65061E+03  1.68880E+04

           GRD      11 -5.000E-02 -3.38729E+03 -1.97002E+04  3.86635E+03   12.68 -2.51731E+03 -2.05701E+04  1.94341E+04 -6.63307E+01 -6.18588E+02  0.0E+00
                        5.000E-02  5.51806E+03  4.98866E+03  9.90393E+01   10.26  5.53598E+03  4.97074E+03  5.27612E+03

           GRD      12 -5.000E-02 -5.19789E+02  4.12480E+03 -2.74313E+02  -86.63  4.14094E+03 -5.35934E+02  4.43327E+03  2.90049E+02  1.14677E+03  0.0E+00
                        5.000E-02 -4.15479E+02 -1.92851E+04 -3.95823E+03  -11.38  3.81196E+02 -2.00817E+04  2.02750E+04

           GRD       9 -5.000E-02  6.45619E+03  1.55389E+04 -7.47892E+03  -60.63  1.97473E+04  2.24781E+03  1.87249E+04 -3.61501E+02  2.91313E+02  0.0E+00
                        5.000E-02 -9.73408E+03 -1.99359E+04  1.51333E+04   35.69  1.13480E+03 -3.08048E+04  3.13876E+04

        3  CENTER      -5.000E-02 -2.31233E+03  1.18046E+03  6.90643E+02   79.21  1.31206E+03 -2.44393E+03  3.30165E+03 -2.26940E+02 -6.13167E+01
                        5.000E-02 -6.07631E+03 -2.62513E+03 -4.15199E+03  -56.28  1.45579E+02 -8.84701E+03  8.92070E+03

           GRD      19 -5.000E-02 -2.00789E+04 -3.00856E+03 -3.08045E+03  -80.08 -2.46968E+03 -2.06178E+04  1.95006E+04 -6.12607E+02  9.59467E+01  0.0E+00
                        5.000E-02  4.99127E+03  5.51545E+03 -5.44214E+01  -84.13  5.52104E+03  4.98568E+03  5.27378E+03

           GRD      20 -5.000E-02  4.07338E+03 -4.68372E+02  2.75575E+02    3.46  4.09004E+03 -4.85032E+02  4.35287E+03  1.14635E+03 -2.91241E+02  0.0E+00
                        5.000E-02 -1.92645E+04 -4.36012E+02  3.90101E+03   78.75  3.40224E+02 -2.00408E+04  2.02130E+04

           GRD      17 -5.000E-02  1.56011E+04  6.39403E+03  7.53668E+03   29.29  1.98290E+04  2.16614E+03  1.88395E+04  2.93906E+02  3.63632E+02  0.0E+00
                        5.000E-02 -2.01537E+04 -9.51629E+03 -1.50580E+04  -54.73  1.13468E+03 -3.08047E+04  3.13874E+04

           GRD      18 -5.000E-02 -8.84491E+03  1.80474E+03 -1.96923E+03  -79.85  2.15721E+03 -9.19737E+03  1.04444E+04 -1.73541E+03 -4.13604E+02  0.0E+00
                        5.000E-02  1.01217E+04 -6.06366E+03 -5.39659E+03  -16.85  1.17561E+04 -7.69798E+03  1.69694E+04

        4  CENTER      -5.000E-02  1.09110E+03 -2.22297E+03 -4.96248E+02   -8.34  1.16382E+03 -2.29569E+03  3.04900E+03 -6.63587E+01  2.29577E+02
                        5.000E-02 -2.63913E+03 -6.06230E+03  4.19614E+03   33.90  1.81077E+02 -8.88251E+03  8.97442E+03

           GRD      28 -5.000E-02 -5.20320E+02  4.12533E+03 -2.76744E+02  -86.60  4.14176E+03 -5.36748E+02  4.43456E+03 -2.89938E+02 -1.14685E+03  0.0E+00
                        5.000E-02 -4.15419E+02 -1.92851E+04 -3.95686E+03  -11.38  3.80721E+02 -2.00813E+04  2.02743E+04

           GRD      25 -5.000E-02  6.45315E+03  1.55420E+04 -7.46008E+03  -60.67  1.97328E+04  2.26232E+03  1.87045E+04  3.60877E+02 -2.91445E+02  0.0E+00
                        5.000E-02 -9.73590E+03 -1.99341E+04  1.51322E+04   35.69  1.13318E+03 -3.08032E+04  3.13851E+04

           GRD      26 -5.000E-02  1.84000E+03 -8.88016E+03  1.85797E+03    9.56  2.15288E+03 -9.19305E+03  1.04374E+04 -4.01514E+02  1.73780E+03  0.0E+00
                        5.000E-02 -5.93148E+03  9.98956E+03  5.51065E+03   72.65  1.17108E+04 -7.65275E+03  1.68917E+04

           GRD      27 -5.000E-02 -3.40842E+03 -1.96790E+04  3.89386E+03   12.79 -2.52456E+03 -2.05629E+04  1.94240E+04  6.51396E+01  6.18806E+02  0.0E+00
                        5.000E-02  5.52627E+03  4.98045E+03  9.86315E+01    9.94  5.54355E+03  4.96318E+03  5.27735E+03
                                  ------------ ------------ ------------         ------------ ------------ ------------ ------------ ------------ --------
 MAX* :                            1.56011E+04  1.55420E+04  1.51333E+04          1.98391E+04  4.99063E+03  3.13891E+04  1.73508E+03  1.73780E+03  0.0E+00
 MIN* :                           -2.01583E+04 -1.99359E+04 -1.50580E+04         -2.52456E+03 -3.08058E+04  3.04900E+03 -1.73541E+03 -1.73733E+03  0.0E+00

 ABS* :                            2.01583E+04  1.99359E+04  1.51333E+04          1.98391E+04  3.08058E+04  3.13891E+04  1.73541E+03  1.73780E+03  0.0E+00
 *for output set


 OUTPUT FOR SUBCASE        1

                                           E L E M E N T   S T R A I N S   I N   L O C A L   E L E M E N T   C O O R D I N A T E   S Y S T E M
                                                                       F O R   E L E M E N T   T Y P E   Q U A D 8  
    Elem  Location       Fiber        Strains In Element Coord System     Principal  Strains (Zero Shear)                Transverse   Transverse   % Poly
     ID                 Distance    Normal-X     Normal-Y     Shear-XY     Angle     Major        Minor      von Mises    Shear-XZ     Shear-YZ    Fit Err

        1  CENTER      -5.000E-02 -1.15785E-08  5.91920E-09  6.98132E-09   79.12  6.58985E-09 -1.22492E-08  1.10391E-08  2.26817E-09  6.12690E-10
                        5.000E-02 -3.03721E-08 -1.31350E-08 -4.14921E-08  -56.28  7.11437E-10 -4.42186E-08  2.97191E-08

           GRD       1 -5.000E-02  7.80007E-08  3.19749E-08  7.54911E-08   29.31  9.91955E-08  1.07801E-08  6.28459E-08 -2.93866E-09 -3.64047E-09  0.0E+00
                        5.000E-02 -1.00792E-07 -4.75584E-08 -1.50575E-07  -54.74  5.67876E-09 -1.54029E-07  1.04630E-07

           GRD       2 -5.000E-02 -4.42041E-08  9.00331E-09 -1.97804E-08  -79.80  1.07822E-08 -4.59830E-08  3.48106E-08  1.73508E-08  4.14810E-09  0.0E+00
                        5.000E-02  5.06420E-08 -3.03516E-08 -5.38564E-08  -16.81  5.87777E-08 -3.84873E-08  5.65618E-08

           GRD       3 -5.000E-02 -1.00472E-07 -1.49653E-08 -3.05263E-08  -80.18 -1.23225E-08 -1.03115E-07  6.50260E-08  6.12347E-09 -9.70157E-10  0.0E+00
                        5.000E-02  2.49819E-08  2.75517E-08 -5.46340E-10  -84.00  2.75805E-08  2.49532E-08  1.75768E-08

           GRD       4 -5.000E-02  2.03612E-08 -2.33614E-09  2.74091E-09    3.44  2.04436E-08 -2.41859E-09  1.45027E-08 -1.14629E-08  2.91329E-09  0.0E+00
                        5.000E-02 -9.63207E-08 -2.18193E-09  3.90091E-08   78.75  1.69919E-09 -1.00202E-07  6.73748E-08

        2  CENTER      -5.000E-02  5.47942E-09 -1.11388E-08 -5.04244E-09   -8.44  5.85351E-09 -1.15129E-08  1.02024E-08  6.63579E-10 -2.29458E-09
                        5.000E-02 -1.32134E-08 -3.02937E-08  4.19242E-08   33.92  8.81443E-10 -4.43886E-08  2.98906E-08

           GRD      10 -5.000E-02  9.17211E-09 -4.43729E-08  1.86990E-08    9.63  1.07577E-08 -4.59585E-08  3.47839E-08  4.03214E-09 -1.73733E-08  0.0E+00
                        5.000E-02 -2.96963E-08  4.99867E-08  5.49563E-08   72.70  5.85435E-08 -3.82531E-08  5.62933E-08

           GRD      11 -5.000E-02 -1.69364E-08 -9.85008E-08  3.86635E-08   12.68 -1.25866E-08 -1.02851E-07  6.47805E-08 -6.63307E-10 -6.18588E-09  0.0E+00
                        5.000E-02  2.75903E-08  2.49433E-08  9.90393E-10   10.26  2.76799E-08  2.48537E-08  1.75871E-08

           GRD      12 -5.000E-02 -2.59894E-09  2.06240E-08 -2.74313E-09  -86.63  2.07047E-08 -2.67967E-09  1.47776E-08  2.90049E-09  1.14677E-08  0.0E+00
                        5.000E-02 -2.07740E-09 -9.64253E-08 -3.95823E-08  -11.38  1.90598E-09 -1.00409E-07  6.75834E-08

           GRD       9 -5.000E-02  3.22810E-08  7.76946E-08 -7.47892E-08  -60.63  9.87366E-08  1.12390E-08  6.24162E-08 -3.61501E-09  2.91313E-09  0.0E+00
                        5.000E-02 -4.86704E-08 -9.96797E-08  1.51333E-07   35.69  5.67402E-09 -1.54024E-07  1.04625E-07

        3  CENTER      -5.000E-02 -1.15616E-08  5.90230E-09  6.90643E-09   79.21  6.56032E-09 -1.22197E-08  1.10055E-08 -2.26940E-09 -6.13167E-10
                        5.000E-02 -3.03815E-08 -1.31256E-08 -4.15199E-08  -56.28  7.27896E-10 -4.42351E-08  2.97357E-08

           GRD      19 -5.000E-02 -1.00394E-07 -1.50428E-08 -3.08045E-08  -80.08 -1.23484E-08 -1.03089E-07  6.50019E-08 -6.12607E-09  9.59467E-10  0.0E+00
                        5.000E-02  2.49564E-08  2.75773E-08 -5.44214E-10  -84.13  2.76052E-08  2.49284E-08  1.75793E-08

           GRD      20 -5.000E-02  2.03669E-08 -2.34186E-09  2.75575E-09    3.46  2.04502E-08 -2.42516E-09  1.45096E-08  1.14635E-08 -2.91241E-09  0.0E+00
                        5.000E-02 -9.63226E-08 -2.18006E-09  3.90101E-08   78.75  1.70112E-09 -1.00204E-07  6.73767E-08

           GRD      17 -5.000E-02  7.80055E-08  3.19701E-08  7.53668E-08   29.29  9.91449E-08  1.08307E-08  6.27985E-08  2.93906E-09  3.63632E-09  0.0E+00
                        5.000E-02 -1.00769E-07 -4.75814E-08 -1.50580E-07  -54.73  5.67342E-09 -1.54023E-07  1.04625E-07

           GRD      18 -5.000E-02 -4.42245E-08  9.02372E-09 -1.96923E-08  -79.85  1.07860E-08 -4.59869E-08  3.48147E-08 -1.73541E-08 -4.13604E-09  0.0E+00
                        5.000E-02  5.06087E-08 -3.03183E-08 -5.39659E-08  -16.85  5.87803E-08 -3.84899E-08  5.65648E-08

        4  CENTER      -5.000E-02  5.45551E-09 -1.11149E-08 -4.96248E-09   -8.34  5.81908E-09 -1.14784E-08  1.01633E-08 -6.63587E-10  2.29577E-09
                        5.000E-02 -1.31957E-08 -3.03115E-08  4.19614E-08   33.90  9.05383E-10 -4.44126E-08  2.99147E-08

           GRD      28 -5.000E-02 -2.60160E-09  2.06266E-08 -2.76744E-09  -86.60  2.07088E-08 -2.68374E-09  1.47819E-08 -2.89938E-09 -1.14685E-08  0.0E+00
                        5.000E-02 -2.07709E-09 -9.64256E-08 -3.95686E-08  -11.38  1.90360E-09 -1.00406E-07  6.75810E-08

           GRD      25 -5.000E-02  3.22657E-08  7.77099E-08 -7.46008E-08  -60.67  9.86640E-08  1.13116E-08  6.23485E-08  3.60877E-09 -2.91445E-09  0.0E+00
                        5.000E-02 -4.86795E-08 -9.96706E-08  1.51322E-07   35.69  5.66591E-09 -1.54016E-07  1.04617E-07

           GRD      26 -5.000E-02  9.20000E-09 -4.44008E-08  1.85797E-08    9.56  1.07644E-08 -4.59652E-08  3.47912E-08 -4.01514E-09  1.73780E-08  0.0E+00
                        5.000E-02 -2.96574E-08  4.99478E-08  5.51065E-08   72.65  5.85542E-08 -3.82638E-08  5.63055E-08

           GRD      27 -5.000E-02 -1.70421E-08 -9.83951E-08  3.89386E-08   12.79 -1.26228E-08 -1.02814E-07  6.47468E-08  6.51396E-10  6.18806E-09  0.0E+00
                        5.000E-02  2.76314E-08  2.49023E-08  9.86315E-10    9.94  2.77177E-08  2.48159E-08  1.75912E-08
                                  ------------ ------------ ------------         ------------ ------------ ------------ ------------ ------------ --------
 MAX* :                            7.80055E-08  7.77099E-08  1.51333E-07          9.91955E-08  2.49532E-08  1.04630E-07  1.73508E-08  1.73780E-08  0.0E+00
 MIN* :                           -1.00792E-07 -9.96797E-08 -1.50580E-07         -1.26228E-08 -1.54029E-07  1.01633E-08 -1.73541E-08 -1.73733E-08  0.0E+00

 ABS* :                            1.00792E-07  9.96797E-08  1.51333E-07          9.91955E-08  1.54029E-07  1.04630E-07  1.73541E-08  1.73780E-08  0.0E+00
 *for output set

 >> LINK  9 END

    Total CPU time =  6.25E-02 seconds

 >> MYSTRAN END    :  6/27/2026 at 19:33: 4.584

                                          * * * END OF JOB * * *
