   604115457

 MYSTRAN Version 18.0.0   APR 20 2026 MYSTRAN developed by Dr Bill Case
*** Please report any problems to mystransolver@gmail.com ***                                                                                                                                                                                                   

 >> MYSTRAN BEGIN  :  6/ 4/2026 at 11:54:57.512 The input file is C:\Users\victo\Documents\Git\MYSTRAN_Validation\working\NAS S30 solid BANDED BAILOUT -1.bdf                                                                                                                                                                     


 >> LINK  0 BEGIN


SOL 101                                                                                                                                                                                                                                                         
CEND                                                                                                                                                                                                                                                            
DISPLACEMENT = ALL                                                                                                                                                                                                                                              
STRESS(CORNER) = ALL                                                                                                                                                                                                                                            
SPC = 1                                                                                                                                                                                                                                                         
LOAD = 1                                                                                                                                                                                                                                                        
BEGIN BULK                                                                                                                                                                                                                                                      
ECHO: loadb GRID           1       0   0.0+0   0.0+0   0.0+0       0                                                                                                                                                                                                        
ECHO: loadb GRID           2       0   1.0+0   0.0+0   0.0+0       0                                                                                                                                                                                                        
ECHO: loadb GRID           3       0   1.0+0   1.0+0   0.0+0       0                                                                                                                                                                                                        
ECHO: loadb GRID           4       0   0.0+0   1.0+0   0.0+0       0                                                                                                                                                                                                        
ECHO: loadb GRID           5       0   0.0+0   0.0+0   1.0+0       0                                                                                                                                                                                                        
ECHO: loadb GRID           6       0   1.0+0   0.0+0   1.0+0       0                                                                                                                                                                                                        
ECHO: loadb GRID           7       0   1.0+0   1.0+0   1.0+0       0                                                                                                                                                                                                        
ECHO: loadb GRID           8       0   0.0+0   1.0+0   1.0+0       0                                                                                                                                                                                                        
ECHO: loadb PARAM    STR_CID      -2                                                                                                                                                                                                                                        
ECHO: loadb MAT1           1  1.0+11  5.0+10   0.0+0   0.0+0   0.0+0   0.0+0                                                                                                                                                                                                
ECHO: loadb SPC            1       3       2   0.0+0                                                                                                                                                                                                                        
ECHO: loadb SPC            1       4       2   0.0+0                                                                                                                                                                                                                        
ECHO: loadb SPC            1       7       2   0.0+0                                                                                                                                                                                                                        
ECHO: loadb SPC            1       8       2   0.0+0                                                                                                                                                                                                                        
ECHO: loadb PSOLID         1       1       0       2               1                                                                                                                                                                                                        
ECHO: loadb CHEXA          1       1       1       2       3       4       5       6+                                                                                                                                                                                       
ECHO:  nextc +              7       8                                                                                                                                                                                                                                        
ECHO: loadb FORCE          2       1       0   1.0+0   0.0+0   2.5+4   0.0+0                                                                                                                                                                                                
ECHO: loadb FORCE          2       2       0   1.0+0   0.0+0   2.5+4   0.0+0                                                                                                                                                                                                
ECHO: loadb FORCE          2       5       0   1.0+0   0.0+0   2.5+4   0.0+0                                                                                                                                                                                                
ECHO: loadb FORCE          2       6       0   1.0+0   0.0+0   2.5+4   0.0+0                                                                                                                                                                                                
ECHO: loadb LOAD           1   1.0+0   1.0+0       2                                                                                                                                                                                                                        
ECHO: loadb PARAM,BAILOUT,-1                                                                                                                                                                                                                                                
ECHO: loadb PARAM,SOLLIB,BANDED                                                                                                                                                                                                                                             
ECHO: loadb ENDDATA                                                                                                                                                                                                                                                         




 >> LINK  0 END


 >> LINK  1 BEGIN

               DEALLOCATED  3.69E-02 MB MEMORY FROM ARRAY STF3


 *INFORMATION: AUTOSPC Summary, Stage 1 after identification of AUTOSPC's at the grid level                                                 

                                     AUTOSPC_RAT = 1.000000E-08

                       Number of DOF's identified for AUTOSPC in component  1         =            0
                       Number of DOF's identified for AUTOSPC in component  2         =            0
                       Number of DOF's identified for AUTOSPC in component  3         =            0
                       Number of DOF's identified for AUTOSPC in component  4         =            8
                       Number of DOF's identified for AUTOSPC in component  5         =            8
                       Number of DOF's identified for AUTOSPC in component  6         =            8
                                                                                        ------------
                       Total number of DOF's identified in this stage                 =           24

               DEALLOCATED  1.92E-04 MB MEMORY FROM ARRAY STFKEY
               DEALLOCATED  3.69E-02 MB MEMORY FROM ARRAY STF3

 >> LINK  1 END


 >> LINK  2 BEGIN



 *INFORMATION: AUTOSPC Summary, Overall: after identification of all AUTOSPC's                                                               

                                     AUTOSPC_RAT = 1.000000E-08

                       Number of DOF's identified for AUTOSPC in component  1         =            0
                       Number of DOF's identified for AUTOSPC in component  2         =            0
                       Number of DOF's identified for AUTOSPC in component  3         =            0
                       Number of DOF's identified for AUTOSPC in component  4         =            8
                       Number of DOF's identified for AUTOSPC in component  5         =            8
                       Number of DOF's identified for AUTOSPC in component  6         =            8
                                                                                        ------------
                       Total number of DOF's identified overall                       =           24


 >> LINK  2 END


 >> LINK  3 BEGIN

 *INFORMATION: MAXIMUM DIAGONAL TERM IN MATRIX         KLL                            =  2.222222E+10 Occurs in row/col no.        6
 *INFORMATION: MINIMUM DIAGONAL TERM IN MATRIX         KLL                            =  2.222222E+10 Occurs in row/col no.        1
 *INFORMATION: RATIO OF MAX TO MIN DIAGONALS IN MATRIX         KLL                    =  1.000000E+00

 *ERROR   981: THE FACTORIZATION OF THE MATRIX KLL COULD NOT BE COMPLETED BY LAPACK SUBR DPBTRF                         
               THE LEADING MINOR OF ORDER           19 IS NOT POSITIVE DEFINITE
               THIS IS FOR ROW AND COL IN THE MATRIX FOR GRID POINT        8 COMP   1. THE CALLING SUBR WAS: LINK3                          

 *ERROR   983: MATRIX KLL HAS AN ABSOLUTE VALUE OF THE RATIO OF MATRIX DIAG TO FACTOR DIAG =  -8.06E+11 (GREATER THAN BULK DATA PARAM MAXRATIO =   1.00E+07)
               THIS WILL ONLY BE A FATAL ERROR IF PARAM BAILOUT >= 0
               THIS IS FOR ROW AND COL IN THE MATRIX FOR GRID POINT        7 COMP   3. THE CALLING SUBR WAS: LINK3                          

 *ERROR   982: MATRIX KLL IS NONPOSITIVE DEFINITE. A DIAGONAL TERM IS ZERO OR NEGATIVE =  -1.194009E-05
               THIS IS FOR ROW AND COL IN THE MATRIX FOR GRID POINT        8 COMP   1. THE CALLING SUBR WAS: LINK3                          

 *ERROR   982: MATRIX KLL IS NONPOSITIVE DEFINITE. A DIAGONAL TERM IS ZERO OR NEGATIVE =  -2.357789E-05
               THIS IS FOR ROW AND COL IN THE MATRIX FOR GRID POINT        8 COMP   3. THE CALLING SUBR WAS: LINK3                          


 In DPBTRS calling DTBSV with j =            1
 *INFORMATION: FOR INTERNAL SUBCASE NUMBER        1 EPSILON ERROR ESTIMATE            =  7.903006E-10 Based on U'*(K*U - P)/(U'*P)


 >> LINK  3 END


 >> LINK  5 BEGIN


 >> LINK  5 END


 >> LINK  9 BEGIN



 OUTPUT FOR SUBCASE        1

                                                       D I S P L A C E M E N T S
                                              (in global coordinate system at each grid)
           GRID     COORD      T1            T2            T3            R1            R2            R3
                     SYS
              1        0 -1.076674E-02  1.000000E-06  1.585077E-04  0.0           0.0           0.0         
              2        0 -1.076674E-02  1.000000E-06 -4.698306E-03  0.0           0.0           0.0         
              3        0 -1.076674E-02  0.0          -4.698306E-03  0.0           0.0           0.0         
              4        0 -1.076674E-02  0.0           1.585077E-04  0.0           0.0           0.0         
              5        0 -5.909930E-03  1.000000E-06  1.585077E-04  0.0           0.0           0.0         
              6        0 -5.909930E-03  1.000000E-06 -4.698306E-03  0.0           0.0           0.0         
              7        0 -5.909930E-03  0.0          -4.698306E-03  0.0           0.0           0.0         
              8        0 -5.909930E-03  0.0           1.585077E-04  0.0           0.0           0.0         
                         ------------- ------------- ------------- ------------- ------------- -------------
                MAX* :   -5.909930E-03  1.000000E-06  1.585077E-04  0.0           0.0           0.0         
                MIN* :   -1.076674E-02  0.0          -4.698306E-03  0.0           0.0           0.0         

                ABS* :    1.076674E-02  1.000000E-06  4.698306E-03  0.0           0.0           0.0         
                *for output set

                                                    SPC Force Summary on AUTOSPC'd DOF's
                                                 (in global coordinate system at each grid)
        For detailed information on the SPC forces for the AUTOSPC DOF's, set field 7 (AUTOSPC_SPCF) on the PARAM AUTOSPC entry to Y

                              T1             T2             T3             R1             R2             R3

 ABS AUTOSPC FORCES  :   0.000000E+00   0.000000E+00   0.000000E+00   0.000000E+00   0.000000E+00   0.000000E+00
 AUTOSPC FORCE TOTALS:   0.000000E+00   0.000000E+00   0.000000E+00   0.000000E+00   0.000000E+00   0.000000E+00
     (for output set)


 OUTPUT FOR SUBCASE        1

                                E L E M E N T   S T R E S S E S   I N   M A T E R I A L   C O O R D I N A T E   S Y S T E M
                                                       F O R   E L E M E N T   T Y P E   H E X A  8 
    Elem  Location            Sigma-xx      Sigma-yy      Sigma-zz       Tau-xy        Tau-yz        Tau-zx       von Mises
     ID
        1  CENTER           -8.673617E-08 -1.000000E+05 -1.897354E-08 -8.673617E-08 -2.032879E-08  9.486769E-09  1.000000E+05
           GRD       1      -5.204170E-07 -1.000000E+05  1.653408E-07 -3.469447E-07  3.924410E-07 -4.770490E-07  1.000000E+05
           GRD       2      -5.204170E-07 -1.000000E+05 -1.734723E-07  0.000000E+00 -3.394273E-07  4.336809E-08  1.000000E+05
           GRD       3       1.734723E-07 -1.000000E+05  1.734723E-07 -1.734723E-07 -1.734723E-07  4.336809E-08  1.000000E+05
           GRD       4       1.734723E-07 -1.000000E+05 -1.843144E-07 -5.204170E-07  3.659182E-08  3.903128E-07  1.000000E+05
           GRD       5       5.204170E-07 -1.000000E+05  1.653408E-07  2.602085E-07  2.181957E-07 -6.505213E-07  1.000000E+05
           GRD       6       5.204170E-07 -1.000000E+05 -1.734723E-07 -2.602085E-07 -1.734723E-07 -1.301043E-07  1.000000E+05
           GRD       7      -5.204170E-07 -1.000000E+05  1.734723E-07  4.336809E-08  0.000000E+00  2.114194E-07  1.000000E+05
           GRD       8      -5.204170E-07 -1.000000E+05 -1.843144E-07  5.637851E-07 -1.382358E-07  5.583641E-07  1.000000E+05
                            ------------- ------------- ------------- ------------- ------------- ------------- -------------
                MAX* :       5.204170E-07 -1.000000E+05  1.734723E-07  5.637851E-07  3.924410E-07  5.583641E-07  1.000000E+05
                MIN* :      -5.204170E-07 -1.000000E+05 -1.843144E-07 -5.204170E-07 -3.394273E-07 -6.505213E-07  1.000000E+05

                ABS* :       5.204170E-07  1.000000E+05  1.843144E-07  5.637851E-07  3.924410E-07  6.505213E-07  1.000000E+05
                * for output set

 >> LINK  9 END

    Total CPU time =  3.12E-02 seconds

 >> MYSTRAN END    :  6/ 4/2026 at 11:54:57.593
