   604115456

 MYSTRAN Version 18.0.0   APR 20 2026 MYSTRAN developed by Dr Bill Case
*** Please report any problems to mystransolver@gmail.com ***                                                                                                                                                                                                   

 >> MYSTRAN BEGIN  :  6/ 4/2026 at 11:54:56.600 The input file is C:\Users\victo\Documents\Git\MYSTRAN_Validation\working\NAS S30 quad8 distorted membrane stress strain force.bdf                                                                                                                                                


 >> LINK  0 BEGIN


SOL 101                                                                                                                                                                                                                                                         
CEND                                                                                                                                                                                                                                                            
DISPLACEMENT = ALL                                                                                                                                                                                                                                              
SPCFORCES = ALL                                                                                                                                                                                                                                                 
MPCFORCES = ALL                                                                                                                                                                                                                                                 
STRESS(CORNER) = ALL                                                                                                                                                                                                                                            
STRAIN(CORNER) = ALL                                                                                                                                                                                                                                            
FORCE(CORNER) = ALL                                                                                                                                                                                                                                             
SPC = 1                                                                                                                                                                                                                                                         
LOAD = 1                                                                                                                                                                                                                                                        
BEGIN BULK                                                                                                                                                                                                                                                      
ECHO: loadb GRID           1       0   0.0+0   0.0+0   0.0+0       0                                                                                                                                                                                                        
ECHO: loadb GRID           2       0   3.0+0   0.0+0   0.0+0       0                                                                                                                                                                                                        
ECHO: loadb GRID           3       0   3.0+0   3.6+0   0.0+0       0                                                                                                                                                                                                        
ECHO: loadb GRID           4       0   0.0+0   2.4+0   0.0+0       0                                                                                                                                                                                                        
ECHO: loadb GRID           5       0   3.0+0   6.0+0   0.0+0       0                                                                                                                                                                                                        
ECHO: loadb GRID           6       0   0.0+0   6.0+0   0.0+0       0                                                                                                                                                                                                        
ECHO: loadb GRID           7       0   1.5+0   0.0+0   0.0+0       0                                                                                                                                                                                                        
ECHO: loadb GRID           8       0   3.0+0   1.8+0   0.0+0       0                                                                                                                                                                                                        
ECHO: loadb GRID           9       0   1.5+0   3.0+0   0.0+0       0                                                                                                                                                                                                        
ECHO: loadb GRID          10       0   0.0+0   1.2+0   0.0+0       0                                                                                                                                                                                                        
ECHO: loadb GRID          11       0   3.0+0   4.8+0   0.0+0       0                                                                                                                                                                                                        
ECHO: loadb GRID          12       0   1.5+0   6.0+0   0.0+0       0                                                                                                                                                                                                        
ECHO: loadb GRID          13       0   0.0+0   4.2+0   0.0+0       0                                                                                                                                                                                                        
ECHO: loadb GRID*                 14               0 4.24264068712+0 4.24264068712+0*                                                                                                                                                                                       
ECHO: loadb *                  0.0+0               0                                                                                                                                                                                                                        
ECHO: loadb GRID*                 15               0 6.36396103068+0 6.36396103068+0*                                                                                                                                                                                       
ECHO: loadb *                  0.0+0               0                                                                                                                                                                                                                        
ECHO: loadb GRID*                 16               0 3.81837661841+0 8.90954544295+0*                                                                                                                                                                                       
ECHO: loadb *                  0.0+0               0                                                                                                                                                                                                                        
ECHO: loadb GRID*                 17               0 2.54558441227+0 5.93969696197+0*                                                                                                                                                                                       
ECHO: loadb *                  0.0+0               0                                                                                                                                                                                                                        
ECHO: loadb GRID*                 18               0 2.12132034356+0 1.06066017178+1*                                                                                                                                                                                       
ECHO: loadb *                  0.0+0               0                                                                                                                                                                                                                        
ECHO: loadb GRID*                 19               0 5.1955647424-16 8.48528137424+0*                                                                                                                                                                                       
ECHO: loadb *                  0.0+0               0                                                                                                                                                                                                                        
ECHO: loadb GRID*                 20               0  5.3033008589+0  5.3033008589+0*                                                                                                                                                                                       
ECHO: loadb *                  0.0+0               0                                                                                                                                                                                                                        
ECHO: loadb GRID*                 21               0 5.09116882454+0 7.63675323681+0*                                                                                                                                                                                       
ECHO: loadb *                  0.0+0               0                                                                                                                                                                                                                        
ECHO: loadb GRID*                 22               0 3.18198051534+0 7.42462120246+0*                                                                                                                                                                                       
ECHO: loadb *                  0.0+0               0                                                                                                                                                                                                                        
ECHO: loadb GRID*                 23               0  3.3941125497+0 5.09116882454+0*                                                                                                                                                                                       
ECHO: loadb *                  0.0+0               0                                                                                                                                                                                                                        
ECHO: loadb GRID*                 24               0 2.96984848098+0 9.75807358037+0*                                                                                                                                                                                       
ECHO: loadb *                  0.0+0               0                                                                                                                                                                                                                        
ECHO: loadb GRID*                 25               0 1.06066017178+0 9.54594154602+0*                                                                                                                                                                                       
ECHO: loadb *                  0.0+0               0                                                                                                                                                                                                                        
ECHO: loadb GRID*                 26               0 1.27279220614+0  7.2124891681+0*                                                                                                                                                                                       
ECHO: loadb *                  0.0+0               0                                                                                                                                                                                                                        
ECHO: loadb PARAM    STR_CID      -2                                                                                                                                                                                                                                        
ECHO: loadb MAT1           1  2.1+11 1.05+11   0.0+0   0.0+0   0.0+0   0.0+0                                                                                                                                                                                                
ECHO: loadb SPC            1       1       1   0.0+0                                                                                                                                                                                                                        
ECHO: loadb SPC            1       1       2   0.0+0                                                                                                                                                                                                                        
ECHO: loadb SPC            1       1       3   0.0+0                                                                                                                                                                                                                        
ECHO: loadb SPC            1       1       4   0.0+0                                                                                                                                                                                                                        
ECHO: loadb SPC            1       1       5   0.0+0                                                                                                                                                                                                                        
ECHO: loadb SPC            1       1       6   0.0+0                                                                                                                                                                                                                        
ECHO: loadb SPC            1       2       1   0.0+0                                                                                                                                                                                                                        
ECHO: loadb SPC            1       2       2   0.0+0                                                                                                                                                                                                                        
ECHO: loadb SPC            1       2       3   0.0+0                                                                                                                                                                                                                        
ECHO: loadb SPC            1       2       4   0.0+0                                                                                                                                                                                                                        
ECHO: loadb SPC            1       2       5   0.0+0                                                                                                                                                                                                                        
ECHO: loadb SPC            1       2       6   0.0+0                                                                                                                                                                                                                        
ECHO: loadb SPC            1       7       1   0.0+0                                                                                                                                                                                                                        
ECHO: loadb SPC            1       7       2   0.0+0                                                                                                                                                                                                                        
ECHO: loadb SPC            1       7       3   0.0+0                                                                                                                                                                                                                        
ECHO: loadb SPC            1       7       4   0.0+0                                                                                                                                                                                                                        
ECHO: loadb SPC            1       7       5   0.0+0                                                                                                                                                                                                                        
ECHO: loadb SPC            1       7       6   0.0+0                                                                                                                                                                                                                        
ECHO: loadb SPC            1      14       1   0.0+0                                                                                                                                                                                                                        
ECHO: loadb SPC            1      14       2   0.0+0                                                                                                                                                                                                                        
ECHO: loadb SPC            1      14       3   0.0+0                                                                                                                                                                                                                        
ECHO: loadb SPC            1      14       4   0.0+0                                                                                                                                                                                                                        
ECHO: loadb SPC            1      14       5   0.0+0                                                                                                                                                                                                                        
ECHO: loadb SPC            1      14       6   0.0+0                                                                                                                                                                                                                        
ECHO: loadb SPC            1      15       1   0.0+0                                                                                                                                                                                                                        
ECHO: loadb SPC            1      15       2   0.0+0                                                                                                                                                                                                                        
ECHO: loadb SPC            1      15       3   0.0+0                                                                                                                                                                                                                        
ECHO: loadb SPC            1      15       4   0.0+0                                                                                                                                                                                                                        
ECHO: loadb SPC            1      15       5   0.0+0                                                                                                                                                                                                                        
ECHO: loadb SPC            1      15       6   0.0+0                                                                                                                                                                                                                        
ECHO: loadb SPC            1      20       1   0.0+0                                                                                                                                                                                                                        
ECHO: loadb SPC            1      20       2   0.0+0                                                                                                                                                                                                                        
ECHO: loadb SPC            1      20       3   0.0+0                                                                                                                                                                                                                        
ECHO: loadb SPC            1      20       4   0.0+0                                                                                                                                                                                                                        
ECHO: loadb SPC            1      20       5   0.0+0                                                                                                                                                                                                                        
ECHO: loadb SPC            1      20       6   0.0+0                                                                                                                                                                                                                        
ECHO: loadb PSHELL         1       1   2.2-1       1               1           0.0+0                                                                                                                                                                                        
ECHO: loadb CQUAD8         1       1       1       2       3       4       7       8+                                                                                                                                                                                       
ECHO:  nextc +              9      10                                       2   0.0+0                                                                                                                                                                                        
ECHO: loadb CORD2R         2       0   0.0+0   0.0+0   0.0+0   0.0+0   1.0+0   0.0+0+                                                                                                                                                                                       
ECHO:  nextc +          1.0+0   0.0+0   0.0+0                                                                                                                                                                                                                                
ECHO: loadb CQUAD8         2       1       4       3       5       6       9      11+                                                                                                                                                                                       
ECHO:  nextc +             12      13                                       3   0.0+0                                                                                                                                                                                        
ECHO: loadb CORD2R         3       0   0.0+0   0.0+0   0.0+0   0.0+0   1.0+0   0.0+0+                                                                                                                                                                                       
ECHO:  nextc +          1.0+0   0.0+0   0.0+0                                                                                                                                                                                                                                
ECHO: loadb CQUAD8         3       1      14      15      16      17      20      21+                                                                                                                                                                                       
ECHO:  nextc +             22      23                                       4   0.0+0                                                                                                                                                                                        
ECHO: loadb CORD2R*                4               0           0.0+0           0.0+0*                                                                                                                                                                                       
ECHO: loadb *                  0.0+0-7.07106781187-1 7.07106781187-1           0.0+0*                                                                                                                                                                                       
ECHO nextc2: *                  3.3+1           3.3+1           0.0+0                *                                                                                                                                                                                       
ECHO nextc2: *                                                                                                                                                                                                                                                               
ECHO: loadb CQUAD8         4       1      17      16      18      19      22      24+                                                                                                                                                                                       
ECHO:  nextc +             25      26                                       5   0.0+0                                                                                                                                                                                        
ECHO: loadb CORD2R*                5               0           0.0+0           0.0+0*                                                                                                                                                                                       
ECHO: loadb *                  0.0+0-7.07106781187-1 7.07106781187-1           0.0+0*                                                                                                                                                                                       
ECHO nextc2: *                  3.3+1           3.3+1           0.0+0                *                                                                                                                                                                                       
ECHO nextc2: *                                                                                                                                                                                                                                                               
ECHO: loadb FORCE          2       5       0   1.0+0   0.0+0-1.353+5   0.0+0                                                                                                                                                                                                
ECHO: loadb FORCE          2      12       0   1.0+0   0.0+0-5.412+5   0.0+0                                                                                                                                                                                                
ECHO: loadb FORCE          2       6       0   1.0+0   0.0+0-1.353+5   0.0+0                                                                                                                                                                                                
ECHO: loadb FORCE*                 2              18               0           1.0+0*                                                                                                                                                                                       
ECHO: loadb *        9.56715474945+4-9.56715474945+4           0.0+0                                                                                                                                                                                                        
ECHO: loadb FORCE*                 2              25               0           1.0+0*                                                                                                                                                                                       
ECHO: loadb *        3.82686189978+5-3.82686189978+5           0.0+0                                                                                                                                                                                                        
ECHO: loadb FORCE*                 2              19               0           1.0+0*                                                                                                                                                                                       
ECHO: loadb *        9.56715474945+4-9.56715474945+4           0.0+0                                                                                                                                                                                                        
ECHO: loadb LOAD           1   1.0+0   1.0+0       2                                                                                                                                                                                                                        
ECHO: loadb ENDDATA                                                                                                                                                                                                                                                         




 >> LINK  0 END


 >> LINK  1 BEGIN

               DEALLOCATED  1.47E-01 MB MEMORY FROM ARRAY STF3


 *INFORMATION: AUTOSPC Summary, Stage 1 after identification of AUTOSPC's at the grid level                                                 

                                     AUTOSPC_RAT = 1.000000E-08

                       Number of DOF's identified for AUTOSPC in component  1         =            0
                       Number of DOF's identified for AUTOSPC in component  2         =            0
                       Number of DOF's identified for AUTOSPC in component  3         =            0
                       Number of DOF's identified for AUTOSPC in component  4         =            0
                       Number of DOF's identified for AUTOSPC in component  5         =            0
                       Number of DOF's identified for AUTOSPC in component  6         =           20
                                                                                        ------------
                       Total number of DOF's identified in this stage                 =           20

               DEALLOCATED  6.24E-04 MB MEMORY FROM ARRAY STFKEY
               DEALLOCATED  1.47E-01 MB MEMORY FROM ARRAY STF3

 >> LINK  1 END


 >> LINK  2 BEGIN



 *INFORMATION: AUTOSPC Summary, Overall: after identification of all AUTOSPC's                                                               

                                     AUTOSPC_RAT = 1.000000E-08

                       Number of DOF's identified for AUTOSPC in component  1         =            0
                       Number of DOF's identified for AUTOSPC in component  2         =            0
                       Number of DOF's identified for AUTOSPC in component  3         =            0
                       Number of DOF's identified for AUTOSPC in component  4         =            0
                       Number of DOF's identified for AUTOSPC in component  5         =            0
                       Number of DOF's identified for AUTOSPC in component  6         =           20
                                                                                        ------------
                       Total number of DOF's identified overall                       =           20


 >> LINK  2 END


 >> LINK  3 BEGIN

 SUPERLU FACTORIZATION OF MATRIX KLL SUCCEEDED IN SUBR SYM_MAT_DECOMP_SUPRLU          

 *INFORMATION: FOR INTERNAL SUBCASE NUMBER        1 EPSILON ERROR ESTIMATE            = -2.572264E-16 Based on U'*(K*U - P)/(U'*P)


 >> LINK  3 END


 >> LINK  5 BEGIN


 >> LINK  5 END


 >> LINK  9 BEGIN



 OUTPUT FOR SUBCASE        1

                                                       D I S P L A C E M E N T S
                                              (in global coordinate system at each grid)
           GRID     COORD      T1            T2            T3            R1            R2            R3
                     SYS
              1        0  0.0           0.0           0.0           0.0           0.0           0.0         
              2        0  0.0           0.0           0.0           0.0           0.0           0.0         
              3        0  1.242432E-19 -2.108571E-05  0.0           0.0           0.0           0.0         
              4        0  6.220528E-20 -1.405714E-05  0.0           0.0           0.0           0.0         
              5        0  2.921188E-19 -3.514286E-05  0.0           0.0           0.0           0.0         
              6        0  2.486229E-19 -3.514286E-05  0.0           0.0           0.0           0.0         
              7        0  0.0           0.0           0.0           0.0           0.0           0.0         
              8        0  3.914358E-20 -1.054286E-05  0.0           0.0           0.0           0.0         
              9        0  9.517225E-20 -1.757143E-05  0.0           0.0           0.0           0.0         
             10        0  1.585603E-20 -7.028571E-06  0.0           0.0           0.0           0.0         
             11        0  1.914075E-19 -2.811429E-05  0.0           0.0           0.0           0.0         
             12        0  2.713106E-19 -3.514286E-05  0.0           0.0           0.0           0.0         
             13        0  1.704721E-19 -2.460000E-05  0.0           0.0           0.0           0.0         
             14        0  0.0           0.0           0.0           0.0           0.0           0.0         
             15        0  0.0           0.0           0.0           0.0           0.0           0.0         
             16        0  1.490985E-05 -1.490985E-05  0.0           0.0           0.0           0.0         
             17        0  9.939901E-06 -9.939901E-06  0.0           0.0           0.0           0.0         
             18        0  2.484975E-05 -2.484975E-05  0.0           0.0           0.0           0.0         
             19        0  2.484975E-05 -2.484975E-05  0.0           0.0           0.0           0.0         
             20        0  0.0           0.0           0.0           0.0           0.0           0.0         
             21        0  7.454926E-06 -7.454926E-06  0.0           0.0           0.0           0.0         
             22        0  1.242488E-05 -1.242488E-05  0.0           0.0           0.0           0.0         
             23        0  4.969951E-06 -4.969951E-06  0.0           0.0           0.0           0.0         
             24        0  1.987980E-05 -1.987980E-05  0.0           0.0           0.0           0.0         
             25        0  2.484975E-05 -2.484975E-05  0.0           0.0           0.0           0.0         
             26        0  1.739483E-05 -1.739483E-05  0.0           0.0           0.0           0.0         
                         ------------- ------------- ------------- ------------- ------------- -------------
                MAX* :    2.484975E-05  0.0           0.0           0.0           0.0           0.0         
                MIN* :    0.0          -3.514286E-05  0.0           0.0           0.0           0.0         

                ABS* :    2.484975E-05  3.514286E-05  0.0           0.0           0.0           0.0         
                *for output set


 OUTPUT FOR SUBCASE        1

                                                          S P C   F O R C E S
                                              (in global coordinate system at each grid)
           GRID     COORD      T1            T2            T3            R1            R2            R3
                     SYS
              1        0 -7.275958E-11  1.353000E+05  0.0           0.0           0.0           0.0         
              2        0 -1.455192E-10  1.353000E+05  0.0           0.0           0.0           0.0         
              7        0 -8.731149E-11  5.412000E+05  0.0           0.0           0.0           0.0         
             14        0 -9.567155E+04  9.567155E+04  0.0           0.0           0.0           0.0         
             15        0 -9.567155E+04  9.567155E+04  0.0           0.0           0.0           0.0         
             20        0 -3.826862E+05  3.826862E+05  0.0           0.0           0.0           0.0         
                         ------------- ------------- ------------- ------------- ------------- -------------
                MAX* :    0.0           5.412000E+05  0.0           0.0           0.0           0.0         
                MIN* :   -3.826862E+05  0.0           0.0           0.0           0.0           0.0         

                ABS* :    3.826862E+05  5.412000E+05  0.0           0.0           0.0           0.0         
                *for output set
                         ------------- ------------- ------------- ------------- ------------- -------------
     SPC FORCE TOTALS:   -5.740293E+05  1.385829E+06  0.0           0.0           0.0           0.0         
     (for output set)

                                                    SPC Force Summary on AUTOSPC'd DOF's
                                                 (in global coordinate system at each grid)
        For detailed information on the SPC forces for the AUTOSPC DOF's, set field 7 (AUTOSPC_SPCF) on the PARAM AUTOSPC entry to Y

                              T1             T2             T3             R1             R2             R3

 ABS AUTOSPC FORCES  :   0.000000E+00   0.000000E+00   0.000000E+00   0.000000E+00   0.000000E+00   0.000000E+00
 AUTOSPC FORCE TOTALS:   0.000000E+00   0.000000E+00   0.000000E+00   0.000000E+00   0.000000E+00   0.000000E+00
     (for output set)


 OUTPUT FOR SUBCASE        1

                                                       E L E M E N T   E N G I N E E R I N G   F O R C E S
                                                           F O R   E L E M E N T   T Y P E   Q U A D 8  
  Element Location               N o r m a l   F o r c e s                       M o m e n t s                   T r a n s v e r s e
     ID                                                                                                        S h e a r   F o r c e s
                              Nxx           Nyy           Nxy           Mxx           Myy           Mxy            Qx           Qy
        1  CENTER        -4.838552E+03 -2.657614E+05 -2.512458E+04  0.000000E+00  0.000000E+00  0.000000E+00  0.000000E+00  0.000000E+00
           GRD       1    1.579551E-10 -2.706000E+05 -1.894180E-10  0.000000E+00  0.000000E+00  0.000000E+00  0.000000E+00  0.000000E+00
           GRD       2    1.532508E-12 -2.706000E+05  4.113551E-10  0.000000E+00  0.000000E+00  0.000000E+00  0.000000E+00  0.000000E+00
           GRD       3   -9.677104E+03 -2.609229E+05 -5.024916E+04  0.000000E+00  0.000000E+00  0.000000E+00  0.000000E+00  0.000000E+00
           GRD       4   -9.677104E+03 -2.609229E+05 -5.024916E+04  0.000000E+00  0.000000E+00  0.000000E+00  0.000000E+00  0.000000E+00
        2  CENTER        -4.838552E+03 -2.657614E+05 -2.512458E+04  0.000000E+00  0.000000E+00  0.000000E+00  0.000000E+00  0.000000E+00
           GRD       4   -9.677104E+03 -2.609229E+05 -5.024916E+04  0.000000E+00  0.000000E+00  0.000000E+00  0.000000E+00  0.000000E+00
           GRD       3   -9.677104E+03 -2.609229E+05 -5.024916E+04  0.000000E+00  0.000000E+00  0.000000E+00  0.000000E+00  0.000000E+00
           GRD       5    7.728357E-11 -2.706000E+05 -3.073364E-10  0.000000E+00  0.000000E+00  0.000000E+00  0.000000E+00  0.000000E+00
           GRD       6    4.518117E-10 -2.706000E+05  3.841706E-10  0.000000E+00  0.000000E+00  0.000000E+00  0.000000E+00  0.000000E+00
        3  CENTER        -4.838552E+03 -2.657614E+05 -2.512458E+04  0.000000E+00  0.000000E+00  0.000000E+00  0.000000E+00  0.000000E+00
           GRD      14    6.857338E-08 -2.706000E+05 -1.108788E-07  0.000000E+00  0.000000E+00  0.000000E+00  0.000000E+00  0.000000E+00
           GRD      15    3.421127E-08 -2.706000E+05 -9.423080E-07  0.000000E+00  0.000000E+00  0.000000E+00  0.000000E+00  0.000000E+00
           GRD      16   -9.677104E+03 -2.609229E+05 -5.024916E+04  0.000000E+00  0.000000E+00  0.000000E+00  0.000000E+00  0.000000E+00
           GRD      17   -9.677104E+03 -2.609229E+05 -5.024916E+04  0.000000E+00  0.000000E+00  0.000000E+00  0.000000E+00  0.000000E+00
        4  CENTER        -4.838552E+03 -2.657614E+05 -2.512458E+04  0.000000E+00  0.000000E+00  0.000000E+00  0.000000E+00  0.000000E+00
           GRD      17   -9.677104E+03 -2.609229E+05 -5.024916E+04  0.000000E+00  0.000000E+00  0.000000E+00  0.000000E+00  0.000000E+00
           GRD      16   -9.677104E+03 -2.609229E+05 -5.024916E+04  0.000000E+00  0.000000E+00  0.000000E+00  0.000000E+00  0.000000E+00
           GRD      18    2.634228E-07 -2.706000E+05  1.340999E-06  0.000000E+00  0.000000E+00  0.000000E+00  0.000000E+00  0.000000E+00
           GRD      19    3.685154E-07 -2.706000E+05  3.264681E-07  0.000000E+00  0.000000E+00  0.000000E+00  0.000000E+00  0.000000E+00
                          ------------- ------------- ------------- ------------- ------------- ------------- ------------- -------------
                MAX* :    3.685154E-07 -2.609229E+05  1.340999E-06  0.000000E+00  0.000000E+00  0.000000E+00  0.000000E+00  0.000000E+00
                MIN* :   -9.677104E+03 -2.706000E+05 -5.024916E+04  0.000000E+00  0.000000E+00  0.000000E+00  0.000000E+00  0.000000E+00

                ABS* :    9.677104E+03  2.706000E+05  5.024916E+04  0.000000E+00  0.000000E+00  0.000000E+00  0.000000E+00  0.000000E+00
                *for output set


 OUTPUT FOR SUBCASE        1

                                          E L E M E N T   S T R E S S E S   I N   L O C A L   E L E M E N T   C O O R D I N A T E   S Y S T E M
                                                                       F O R   E L E M E N T   T Y P E   Q U A D 8  
    Elem  Location       Fibre       Stresses In Element Coord System     Principal Stresses (Zero Shear)               Transverse   Transverse   % Poly
     ID                 Distance    Normal-X     Normal-Y     Shear-XY     Angle     Major        Minor      von Mises    Shear-XZ     Shear-YZ    Fit Err
                                                                                                                         (max through thickness)

        1  CENTER      -1.100E-01 -2.19934E+04 -1.20801E+06 -1.14203E+05   -5.45 -1.10968E+04 -1.21890E+06  1.21339E+06  0.00000E+00  0.00000E+00
                        1.100E-01 -2.19934E+04 -1.20801E+06 -1.14203E+05   -5.45 -1.10968E+04 -1.21890E+06  1.21339E+06

           GRD       1 -1.100E-01  7.17978E-10 -1.23000E+06 -8.60991E-10   -0.00  6.98492E-10 -1.23000E+06  1.23000E+06  0.00000E+00  0.00000E+00  0.0E+00
                        1.100E-01  7.17978E-10 -1.23000E+06 -8.60991E-10   -0.00  6.98492E-10 -1.23000E+06  1.23000E+06

           GRD       2 -1.100E-01  6.96595E-12 -1.23000E+06  1.86980E-09    0.00  0.00000E+00 -1.23000E+06  1.23000E+06  0.00000E+00  0.00000E+00  0.0E+00
                        1.100E-01  6.96595E-12 -1.23000E+06  1.86980E-09    0.00  0.00000E+00 -1.23000E+06  1.23000E+06

           GRD       3 -1.100E-01 -4.39868E+04 -1.18601E+06 -2.28405E+05  -10.90 -5.82077E-10 -1.23000E+06  1.23000E+06  0.00000E+00  0.00000E+00  0.0E+00
                        1.100E-01 -4.39868E+04 -1.18601E+06 -2.28405E+05  -10.90 -5.82077E-10 -1.23000E+06  1.23000E+06

           GRD       4 -1.100E-01 -4.39868E+04 -1.18601E+06 -2.28405E+05  -10.90  3.49246E-10 -1.23000E+06  1.23000E+06  0.00000E+00  0.00000E+00  0.0E+00
                        1.100E-01 -4.39868E+04 -1.18601E+06 -2.28405E+05  -10.90  3.49246E-10 -1.23000E+06  1.23000E+06

        2  CENTER      -1.100E-01 -2.19934E+04 -1.20801E+06 -1.14203E+05   -5.45 -1.10968E+04 -1.21890E+06  1.21339E+06  0.00000E+00  0.00000E+00
                        1.100E-01 -2.19934E+04 -1.20801E+06 -1.14203E+05   -5.45 -1.10968E+04 -1.21890E+06  1.21339E+06

           GRD       4 -1.100E-01 -4.39868E+04 -1.18601E+06 -2.28405E+05  -10.90 -1.62981E-09 -1.23000E+06  1.23000E+06  0.00000E+00  0.00000E+00  0.0E+00
                        1.100E-01 -4.39868E+04 -1.18601E+06 -2.28405E+05  -10.90 -1.62981E-09 -1.23000E+06  1.23000E+06

           GRD       3 -1.100E-01 -4.39868E+04 -1.18601E+06 -2.28405E+05  -10.90 -1.97906E-09 -1.23000E+06  1.23000E+06  0.00000E+00  0.00000E+00  0.0E+00
                        1.100E-01 -4.39868E+04 -1.18601E+06 -2.28405E+05  -10.90 -1.97906E-09 -1.23000E+06  1.23000E+06

           GRD       5 -1.100E-01  3.51289E-10 -1.23000E+06 -1.39698E-09   -0.00  4.65661E-10 -1.23000E+06  1.23000E+06  0.00000E+00  0.00000E+00  0.0E+00
                        1.100E-01  3.51289E-10 -1.23000E+06 -1.39698E-09   -0.00  4.65661E-10 -1.23000E+06  1.23000E+06

           GRD       6 -1.100E-01  2.05369E-09 -1.23000E+06  1.74623E-09    0.00  2.09548E-09 -1.23000E+06  1.23000E+06  0.00000E+00  0.00000E+00  0.0E+00
                        1.100E-01  2.05369E-09 -1.23000E+06  1.74623E-09    0.00  2.09548E-09 -1.23000E+06  1.23000E+06

        3  CENTER      -1.100E-01 -2.19934E+04 -1.20801E+06 -1.14203E+05   -5.45 -1.10968E+04 -1.21890E+06  1.21339E+06  0.00000E+00  0.00000E+00
                        1.100E-01 -2.19934E+04 -1.20801E+06 -1.14203E+05   -5.45 -1.10968E+04 -1.21890E+06  1.21339E+06

           GRD      14 -1.100E-01  3.11697E-07 -1.23000E+06 -5.03994E-07   -0.00  3.11760E-07 -1.23000E+06  1.23000E+06  0.00000E+00  0.00000E+00  0.0E+00
                        1.100E-01  3.11697E-07 -1.23000E+06 -5.03994E-07   -0.00  3.11760E-07 -1.23000E+06  1.23000E+06

           GRD      15 -1.100E-01  1.55506E-07 -1.23000E+06 -4.28322E-06   -0.00  1.55531E-07 -1.23000E+06  1.23000E+06  0.00000E+00  0.00000E+00  0.0E+00
                        1.100E-01  1.55506E-07 -1.23000E+06 -4.28322E-06   -0.00  1.55531E-07 -1.23000E+06  1.23000E+06

           GRD      16 -1.100E-01 -4.39868E+04 -1.18601E+06 -2.28405E+05  -10.90 -2.54950E-07 -1.23000E+06  1.23000E+06  0.00000E+00  0.00000E+00  0.0E+00
                        1.100E-01 -4.39868E+04 -1.18601E+06 -2.28405E+05  -10.90 -2.54950E-07 -1.23000E+06  1.23000E+06

           GRD      17 -1.100E-01 -4.39868E+04 -1.18601E+06 -2.28405E+05  -10.90  3.80678E-08 -1.23000E+06  1.23000E+06  0.00000E+00  0.00000E+00  0.0E+00
                        1.100E-01 -4.39868E+04 -1.18601E+06 -2.28405E+05  -10.90  3.80678E-08 -1.23000E+06  1.23000E+06

        4  CENTER      -1.100E-01 -2.19934E+04 -1.20801E+06 -1.14203E+05   -5.45 -1.10968E+04 -1.21890E+06  1.21339E+06  0.00000E+00  0.00000E+00
                        1.100E-01 -2.19934E+04 -1.20801E+06 -1.14203E+05   -5.45 -1.10968E+04 -1.21890E+06  1.21339E+06

           GRD      17 -1.100E-01 -4.39868E+04 -1.18601E+06 -2.28405E+05  -10.90 -1.97976E-06 -1.23000E+06  1.23000E+06  0.00000E+00  0.00000E+00  0.0E+00
                        1.100E-01 -4.39868E+04 -1.18601E+06 -2.28405E+05  -10.90 -1.97976E-06 -1.23000E+06  1.23000E+06

           GRD      16 -1.100E-01 -4.39868E+04 -1.18601E+06 -2.28405E+05  -10.90 -1.23912E-06 -1.23000E+06  1.23000E+06  0.00000E+00  0.00000E+00  0.0E+00
                        1.100E-01 -4.39868E+04 -1.18601E+06 -2.28405E+05  -10.90 -1.23912E-06 -1.23000E+06  1.23000E+06

           GRD      18 -1.100E-01  1.19738E-06 -1.23000E+06  6.09545E-06    0.00  1.19745E-06 -1.23000E+06  1.23000E+06  0.00000E+00  0.00000E+00  0.0E+00
                        1.100E-01  1.19738E-06 -1.23000E+06  6.09545E-06    0.00  1.19745E-06 -1.23000E+06  1.23000E+06

           GRD      19 -1.100E-01  1.67507E-06 -1.23000E+06  1.48395E-06    0.00  1.67498E-06 -1.23000E+06  1.23000E+06  0.00000E+00  0.00000E+00  0.0E+00
                        1.100E-01  1.67507E-06 -1.23000E+06  1.48395E-06    0.00  1.67498E-06 -1.23000E+06  1.23000E+06
                                  ------------ ------------ ------------         ------------ ------------ ------------ ------------ ------------ --------
 MAX* :                            1.67507E-06 -1.18601E+06  6.09545E-06          1.67498E-06 -1.21890E+06  1.23000E+06  0.00000E+00  0.00000E+00  0.0E+00
 MIN* :                           -4.39868E+04 -1.23000E+06 -2.28405E+05         -1.10968E+04 -1.23000E+06  1.21339E+06  0.00000E+00  0.00000E+00  0.0E+00

 ABS* :                            4.39868E+04  1.23000E+06  2.28405E+05          1.10968E+04  1.23000E+06  1.23000E+06  0.00000E+00  0.00000E+00  0.0E+00
 *for output set


 OUTPUT FOR SUBCASE        1

                                           E L E M E N T   S T R A I N S   I N   L O C A L   E L E M E N T   C O O R D I N A T E   S Y S T E M
                                                                       F O R   E L E M E N T   T Y P E   Q U A D 8  
  Elem  Location         Fibre      Strains In Element Coord System       Principal Strains (Zero Shear)                 Transverse   Transverse   % Poly
   ID                   Distance   Normal-X     Normal-Y     Shear-XY     Angle      Major        Minor      von Mises    Shear-XZ     Shear-YZ    Fit Err 

        1  CENTER      -1.100E-01 -1.04731E-07 -5.75241E-06 -1.08764E-06  -10.53  9.74899E-08 -5.95463E-06  6.00397E-06  0.00000E+00  0.00000E+00
                        1.100E-01 -1.04731E-07 -5.75241E-06 -1.08764E-06  -10.53  9.74899E-08 -5.95463E-06  6.00397E-06

           GRD       1 -1.100E-01  3.41894E-21 -5.85714E-06 -8.19991E-21   -0.00  3.38813E-21 -5.85714E-06  5.85714E-06  0.00000E+00  0.00000E+00  0.0E+00
                        1.100E-01  3.41894E-21 -5.85714E-06 -8.19991E-21   -0.00  3.38813E-21 -5.85714E-06  5.85714E-06

           GRD       2 -1.100E-01  3.31712E-23 -5.85714E-06  1.78076E-20    0.00  0.00000E+00 -5.85714E-06  5.85714E-06  0.00000E+00  0.00000E+00  0.0E+00
                        1.100E-01  3.31712E-23 -5.85714E-06  1.78076E-20    0.00  0.00000E+00 -5.85714E-06  5.85714E-06

           GRD       3 -1.100E-01 -2.09461E-07 -5.64768E-06 -2.17529E-06  -19.33  5.53589E-07 -6.41073E-06  6.70469E-06  0.00000E+00  0.00000E+00  0.0E+00
                        1.100E-01 -2.09461E-07 -5.64768E-06 -2.17529E-06  -19.33  5.53589E-07 -6.41073E-06  6.70469E-06

           GRD       4 -1.100E-01 -2.09461E-07 -5.64768E-06 -2.17529E-06  -19.33  5.53589E-07 -6.41073E-06  6.70469E-06  0.00000E+00  0.00000E+00  0.0E+00
                        1.100E-01 -2.09461E-07 -5.64768E-06 -2.17529E-06  -19.33  5.53589E-07 -6.41073E-06  6.70469E-06

        2  CENTER      -1.100E-01 -1.04731E-07 -5.75241E-06 -1.08764E-06  -10.53  9.74899E-08 -5.95463E-06  6.00397E-06  0.00000E+00  0.00000E+00
                        1.100E-01 -1.04731E-07 -5.75241E-06 -1.08764E-06  -10.53  9.74899E-08 -5.95463E-06  6.00397E-06

           GRD       4 -1.100E-01 -2.09461E-07 -5.64768E-06 -2.17529E-06  -19.33  5.53589E-07 -6.41073E-06  6.70469E-06  0.00000E+00  0.00000E+00  0.0E+00
                        1.100E-01 -2.09461E-07 -5.64768E-06 -2.17529E-06  -19.33  5.53589E-07 -6.41073E-06  6.70469E-06

           GRD       3 -1.100E-01 -2.09461E-07 -5.64768E-06 -2.17529E-06  -19.33  5.53589E-07 -6.41073E-06  6.70469E-06  0.00000E+00  0.00000E+00  0.0E+00
                        1.100E-01 -2.09461E-07 -5.64768E-06 -2.17529E-06  -19.33  5.53589E-07 -6.41073E-06  6.70469E-06

           GRD       5 -1.100E-01  1.08137E-21 -5.85714E-06 -1.27055E-20   -0.00  8.47033E-22 -5.85714E-06  5.85714E-06  0.00000E+00  0.00000E+00  0.0E+00
                        1.100E-01  1.08137E-21 -5.85714E-06 -1.27055E-20   -0.00  8.47033E-22 -5.85714E-06  5.85714E-06

           GRD       6 -1.100E-01  9.88961E-21 -5.85714E-06  1.69407E-20    0.00  1.01644E-20 -5.85714E-06  5.85714E-06  0.00000E+00  0.00000E+00  0.0E+00
                        1.100E-01  9.88961E-21 -5.85714E-06  1.69407E-20    0.00  1.01644E-20 -5.85714E-06  5.85714E-06

        3  CENTER      -1.100E-01 -1.04731E-07 -5.75241E-06 -1.08764E-06  -10.53  9.74899E-08 -5.95463E-06  6.00397E-06  0.00000E+00  0.00000E+00
                        1.100E-01 -1.04731E-07 -5.75241E-06 -1.08764E-06  -10.53  9.74899E-08 -5.95463E-06  6.00397E-06

           GRD      14 -1.100E-01  1.48427E-18 -5.85714E-06 -4.79995E-18   -0.00  1.48400E-18 -5.85714E-06  5.85714E-06  0.00000E+00  0.00000E+00  0.0E+00
                        1.100E-01  1.48427E-18 -5.85714E-06 -4.79995E-18   -0.00  1.48400E-18 -5.85714E-06  5.85714E-06

           GRD      15 -1.100E-01  7.40504E-19 -5.85714E-06 -4.07926E-17   -0.00  7.40307E-19 -5.85714E-06  5.85714E-06  0.00000E+00  0.00000E+00  0.0E+00
                        1.100E-01  7.40504E-19 -5.85714E-06 -4.07926E-17   -0.00  7.40307E-19 -5.85714E-06  5.85714E-06

           GRD      16 -1.100E-01 -2.09461E-07 -5.64768E-06 -2.17529E-06  -19.33  5.53589E-07 -6.41073E-06  6.70469E-06  0.00000E+00  0.00000E+00  0.0E+00
                        1.100E-01 -2.09461E-07 -5.64768E-06 -2.17529E-06  -19.33  5.53589E-07 -6.41073E-06  6.70469E-06

           GRD      17 -1.100E-01 -2.09461E-07 -5.64768E-06 -2.17529E-06  -19.33  5.53589E-07 -6.41073E-06  6.70469E-06  0.00000E+00  0.00000E+00  0.0E+00
                        1.100E-01 -2.09461E-07 -5.64768E-06 -2.17529E-06  -19.33  5.53589E-07 -6.41073E-06  6.70469E-06

        4  CENTER      -1.100E-01 -1.04731E-07 -5.75241E-06 -1.08764E-06  -10.53  9.74899E-08 -5.95463E-06  6.00397E-06  0.00000E+00  0.00000E+00
                        1.100E-01 -1.04731E-07 -5.75241E-06 -1.08764E-06  -10.53  9.74899E-08 -5.95463E-06  6.00397E-06

           GRD      17 -1.100E-01 -2.09461E-07 -5.64768E-06 -2.17529E-06  -19.33  5.53589E-07 -6.41073E-06  6.70469E-06  0.00000E+00  0.00000E+00  0.0E+00
                        1.100E-01 -2.09461E-07 -5.64768E-06 -2.17529E-06  -19.33  5.53589E-07 -6.41073E-06  6.70469E-06

           GRD      16 -1.100E-01 -2.09461E-07 -5.64768E-06 -2.17529E-06  -19.33  5.53589E-07 -6.41073E-06  6.70469E-06  0.00000E+00  0.00000E+00  0.0E+00
                        1.100E-01 -2.09461E-07 -5.64768E-06 -2.17529E-06  -19.33  5.53589E-07 -6.41073E-06  6.70469E-06

           GRD      18 -1.100E-01  5.70190E-18 -5.85714E-06  5.80523E-17    0.00  5.70223E-18 -5.85714E-06  5.85714E-06  0.00000E+00  0.00000E+00  0.0E+00
                        1.100E-01  5.70190E-18 -5.85714E-06  5.80523E-17    0.00  5.70223E-18 -5.85714E-06  5.85714E-06

           GRD      19 -1.100E-01  7.97640E-18 -5.85714E-06  1.41336E-17    0.00  7.97651E-18 -5.85714E-06  5.85714E-06  0.00000E+00  0.00000E+00  0.0E+00
                        1.100E-01  7.97640E-18 -5.85714E-06  1.41336E-17    0.00  7.97651E-18 -5.85714E-06  5.85714E-06
                                  ------------ ------------ ------------         ------------ ------------ ------------ ------------ ------------ --------
 MAX* :                            7.97640E-18 -5.64768E-06  5.80523E-17          5.53589E-07 -5.85714E-06  6.70469E-06  0.00000E+00  0.00000E+00  0.0E+00
 MIN* :                           -2.09461E-07 -5.85714E-06 -2.17529E-06          0.00000E+00 -6.41073E-06  5.85714E-06  0.00000E+00  0.00000E+00  0.0E+00

 ABS* :                            2.09461E-07  5.85714E-06  2.17529E-06          5.53589E-07  6.41073E-06  6.70469E-06  0.00000E+00  0.00000E+00  0.0E+00
 *for output set

 >> LINK  9 END

    Total CPU time =  3.12E-02 seconds

 >> MYSTRAN END    :  6/ 4/2026 at 11:54:56.696
