   604115458

 MYSTRAN Version 18.0.0   APR 20 2026 MYSTRAN developed by Dr Bill Case
*** Please report any problems to mystransolver@gmail.com ***                                                                                                                                                                                                   

 >> MYSTRAN BEGIN  :  6/ 4/2026 at 11:54:58.119 The input file is C:\Users\victo\Documents\Git\MYSTRAN_Validation\working\quad8 no mid3 ne mid2.bdf                                                                                                                                                                               


 >> LINK  0 BEGIN


SOL 101                                                                                                                                                                                                                                                         
CEND                                                                                                                                                                                                                                                            
DISPLACEMENT = ALL                                                                                                                                                                                                                                              
SPCFORCES = ALL                                                                                                                                                                                                                                                 
MPCFORCES = ALL                                                                                                                                                                                                                                                 
STRESS(CORNER) = ALL                                                                                                                                                                                                                                            
STRAIN(CORNER) = ALL                                                                                                                                                                                                                                            
FORCE(CORNER) = ALL                                                                                                                                                                                                                                             
SPC = 1                                                                                                                                                                                                                                                         
LOAD = 1                                                                                                                                                                                                                                                        
BEGIN BULK                                                                                                                                                                                                                                                      
ECHO: loadb GRID           1       0   1.0+0   2.5-1   0.0+0       0                                                                                                                                                                                                        
ECHO: loadb GRID           2       0   1.0+0   0.0+0   0.0+0       0                                                                                                                                                                                                        
ECHO: loadb GRID           3       0  1.25+0   5.0-1   0.0+0       0                                                                                                                                                                                                        
ECHO: loadb GRID           4       0   1.5+0   5.0-1   0.0+0       0                                                                                                                                                                                                        
ECHO: loadb GRID           5       0  1.25+0   0.0+0   0.0+0       0                                                                                                                                                                                                        
ECHO: loadb GRID           6       0   1.0+0   5.0-1   0.0+0       0                                                                                                                                                                                                        
ECHO: loadb GRID           7       0   1.5+0   0.0+0   0.0+0       0                                                                                                                                                                                                        
ECHO: loadb GRID           8       0   1.5+0   2.5-1   0.0+0       0                                                                                                                                                                                                        
ECHO: loadb GRID           9       0   3.0+0   2.5-1   0.0+0       0                                                                                                                                                                                                        
ECHO: loadb GRID          10       0   3.0+0   0.0+0   0.0+0       0                                                                                                                                                                                                        
ECHO: loadb GRID          11       0  3.25+0   5.0-1   0.0+0       0                                                                                                                                                                                                        
ECHO: loadb GRID          12       0   3.5+0   5.0-1   0.0+0       0                                                                                                                                                                                                        
ECHO: loadb GRID          13       0  3.25+0   0.0+0   0.0+0       0                                                                                                                                                                                                        
ECHO: loadb GRID          14       0   3.0+0   5.0-1   0.0+0       0                                                                                                                                                                                                        
ECHO: loadb GRID          15       0   3.5+0   0.0+0   0.0+0       0                                                                                                                                                                                                        
ECHO: loadb GRID          16       0   3.5+0   2.5-1   0.0+0       0                                                                                                                                                                                                        
ECHO: loadb PARAM    STR_CID      -2                                                                                                                                                                                                                                        
ECHO: loadb MAT1           1  2.1+11 1.05+11   0.0+0   0.0+0   0.0+0   0.0+0                                                                                                                                                                                                
ECHO: loadb MAT1           2  2.1+11 1.05+11   0.0+0   0.0+0   0.0+0   0.0+0                                                                                                                                                                                                
ECHO: loadb SPC            1       4       1   0.0+0                                                                                                                                                                                                                        
ECHO: loadb SPC            1       4       2   0.0+0                                                                                                                                                                                                                        
ECHO: loadb SPC            1       4       3   0.0+0                                                                                                                                                                                                                        
ECHO: loadb SPC            1       4       4   0.0+0                                                                                                                                                                                                                        
ECHO: loadb SPC            1       4       5   0.0+0                                                                                                                                                                                                                        
ECHO: loadb SPC            1       4       6   0.0+0                                                                                                                                                                                                                        
ECHO: loadb SPC            1       7       1   0.0+0                                                                                                                                                                                                                        
ECHO: loadb SPC            1       7       2   0.0+0                                                                                                                                                                                                                        
ECHO: loadb SPC            1       7       3   0.0+0                                                                                                                                                                                                                        
ECHO: loadb SPC            1       7       4   0.0+0                                                                                                                                                                                                                        
ECHO: loadb SPC            1       7       5   0.0+0                                                                                                                                                                                                                        
ECHO: loadb SPC            1       7       6   0.0+0                                                                                                                                                                                                                        
ECHO: loadb SPC            1       8       1   0.0+0                                                                                                                                                                                                                        
ECHO: loadb SPC            1       8       2   0.0+0                                                                                                                                                                                                                        
ECHO: loadb SPC            1       8       3   0.0+0                                                                                                                                                                                                                        
ECHO: loadb SPC            1       8       4   0.0+0                                                                                                                                                                                                                        
ECHO: loadb SPC            1       8       5   0.0+0                                                                                                                                                                                                                        
ECHO: loadb SPC            1       8       6   0.0+0                                                                                                                                                                                                                        
ECHO: loadb SPC            1      12       1   0.0+0                                                                                                                                                                                                                        
ECHO: loadb SPC            1      12       2   0.0+0                                                                                                                                                                                                                        
ECHO: loadb SPC            1      12       3   0.0+0                                                                                                                                                                                                                        
ECHO: loadb SPC            1      12       4   0.0+0                                                                                                                                                                                                                        
ECHO: loadb SPC            1      12       5   0.0+0                                                                                                                                                                                                                        
ECHO: loadb SPC            1      12       6   0.0+0                                                                                                                                                                                                                        
ECHO: loadb SPC            1      15       1   0.0+0                                                                                                                                                                                                                        
ECHO: loadb SPC            1      15       2   0.0+0                                                                                                                                                                                                                        
ECHO: loadb SPC            1      15       3   0.0+0                                                                                                                                                                                                                        
ECHO: loadb SPC            1      15       4   0.0+0                                                                                                                                                                                                                        
ECHO: loadb SPC            1      15       5   0.0+0                                                                                                                                                                                                                        
ECHO: loadb SPC            1      15       6   0.0+0                                                                                                                                                                                                                        
ECHO: loadb SPC            1      16       1   0.0+0                                                                                                                                                                                                                        
ECHO: loadb SPC            1      16       2   0.0+0                                                                                                                                                                                                                        
ECHO: loadb SPC            1      16       3   0.0+0                                                                                                                                                                                                                        
ECHO: loadb SPC            1      16       4   0.0+0                                                                                                                                                                                                                        
ECHO: loadb SPC            1      16       5   0.0+0                                                                                                                                                                                                                        
ECHO: loadb SPC            1      16       6   0.0+0                                                                                                                                                                                                                        
ECHO: loadb PSHELL         1       1   1.0-2       1               1           0.0+0                                                                                                                                                                                        
ECHO: loadb CQUAD8         1       1       6       2       7       4       1       5+                                                                                                                                                                                       
ECHO:  nextc +              8       3                                       2   0.0+0                                                                                                                                                                                        
ECHO: loadb CORD2R         2       0   0.0+0   0.0+0   0.0+0   1.0+0   0.0+0   0.0+0+                                                                                                                                                                                       
ECHO:  nextc +          0.0+0  -1.0+0   0.0+0                                                                                                                                                                                                                                
ECHO: loadb PSHELL         3       2   1.0-2       2               2           0.0+0                                                                                                                                                                                        
ECHO: loadb CQUAD8         2       3      14      10      15      12       9      13+                                                                                                                                                                                       
ECHO:  nextc +             16      11                                       4   0.0+0                                                                                                                                                                                        
ECHO: loadb CORD2R         4       0   0.0+0   0.0+0   0.0+0   1.0+0   0.0+0   0.0+0+                                                                                                                                                                                       
ECHO:  nextc +          0.0+0  -1.0+0   0.0+0                                                                                                                                                                                                                                
ECHO: loadb FORCE*                 2               6               0           1.0+0*                                                                                                                                                                                       
ECHO: loadb *                  0.0+0           0.0+0 8.33333333333+1                                                                                                                                                                                                        
ECHO: loadb FORCE*                 2               1               0           1.0+0*                                                                                                                                                                                       
ECHO: loadb *                  0.0+0           0.0+0 3.33333333333+2                                                                                                                                                                                                        
ECHO: loadb FORCE*                 2               2               0           1.0+0*                                                                                                                                                                                       
ECHO: loadb *                  0.0+0           0.0+0 8.33333333333+1                                                                                                                                                                                                        
ECHO: loadb FORCE*                 2              14               0           1.0+0*                                                                                                                                                                                       
ECHO: loadb *                  0.0+0           0.0+0 8.33333333333+1                                                                                                                                                                                                        
ECHO: loadb FORCE*                 2               9               0           1.0+0*                                                                                                                                                                                       
ECHO: loadb *                  0.0+0           0.0+0 3.33333333333+2                                                                                                                                                                                                        
ECHO: loadb FORCE*                 2              10               0           1.0+0*                                                                                                                                                                                       
ECHO: loadb *                  0.0+0           0.0+0 8.33333333333+1                                                                                                                                                                                                        
ECHO: loadb LOAD           1   1.0+0   1.0+0       2                                                                                                                                                                                                                        
ECHO: loadb PSHELL*  33                  1            0.1              2            *                                                                                                                                                                                       
ECHO: loadb *                            1                                          *                                                                                                                                                                                       
ECHO: loadb CQUAD8*   3                33               2               7           *                                                                                                                                                                                       
ECHO: loadb *         4               6                5                  8         *                                                                                                                                                                                       
ECHO nextc2: *         3                1                                            *                                                                                                                                                                                       
ECHO nextc2: *                                                                                                                                                                                                                                                               
ECHO: loadb ENDDATA                                                                                                                                                                                                                                                         




 >> LINK  0 END


 >> LINK  1 BEGIN

  *ERROR: PSHELL FIELDS MID1 AND MID2 MUST HAVE THE SAME VALUE FOR QUAD8
 Stopping processing due to        1 errors found in subr EMG
