   627193305

 MYSTRAN Version 18.0.0   APR 20 2026 MYSTRAN developed by Dr Bill Case
*** Please report any problems to mystransolver@gmail.com ***                                                                                                                                                                                                   

 >> MYSTRAN BEGIN  :  6/27/2026 at 19:33: 5.629 The input file is C:\Users\victo\Documents\Git\MYSTRAN_Validation\working\quad8 no pressure.bdf                                                                                                                                                                                   


 >> LINK  0 BEGIN


SOL 101                                                                                                                                                                                                                                                         
CEND                                                                                                                                                                                                                                                            
DISPLACEMENT = ALL                                                                                                                                                                                                                                              
SPCFORCES = ALL                                                                                                                                                                                                                                                 
MPCFORCES = ALL                                                                                                                                                                                                                                                 
STRESS(CORNER) = ALL                                                                                                                                                                                                                                            
STRAIN(CORNER) = ALL                                                                                                                                                                                                                                            
FORCE(CORNER) = ALL                                                                                                                                                                                                                                             
SPC = 1                                                                                                                                                                                                                                                         
BEGIN BULK                                                                                                                                                                                                                                                      
ECHO: loadb GRID           1       0   0.0+0   0.0+0   0.0+0       0                                                                                                                                                                                                        
ECHO: loadb GRID           2       0   1.0+0   0.0+0   0.0+0       0                                                                                                                                                                                                        
ECHO: loadb GRID           3       0   1.0+0   1.0+0   0.0+0       0                                                                                                                                                                                                        
ECHO: loadb GRID           4       0   0.0+0   1.0+0   0.0+0       0                                                                                                                                                                                                        
ECHO: loadb GRID           5       0   5.0-1   0.0+0   0.0+0       0                                                                                                                                                                                                        
ECHO: loadb GRID           6       0   1.0+0   5.0-1   0.0+0       0                                                                                                                                                                                                        
ECHO: loadb GRID           7       0   5.0-1   1.0+0   0.0+0       0                                                                                                                                                                                                        
ECHO: loadb GRID           8       0   0.0+0   5.0-1   0.0+0       0                                                                                                                                                                                                        
ECHO: loadb GRID           9       0   1.0+0   7.5-1   0.0+0       0                                                                                                                                                                                                        
ECHO: loadb GRID          10       0  1.25+0   5.0-1   0.0+0       0                                                                                                                                                                                                        
ECHO: loadb GRID          11       0   1.5+0   7.5-1   0.0+0       0                                                                                                                                                                                                        
ECHO: loadb GRID          12       0   1.5+0   1.0+0   0.0+0       0                                                                                                                                                                                                        
ECHO: loadb GRID          13       0  1.25+0   1.0+0   0.0+0       0                                                                                                                                                                                                        
ECHO: loadb GRID          14       0   1.5+0   5.0-1   0.0+0       0                                                                                                                                                                                                        
ECHO: loadb GRID          15       0   1.5+0   0.0+0   0.0+0       0                                                                                                                                                                                                        
ECHO: loadb GRID          16       0  -5.0-1   1.0+0   0.0+0       0                                                                                                                                                                                                        
ECHO: loadb GRID          17       0  -5.0-1   5.0-1   0.0+0       0                                                                                                                                                                                                        
ECHO: loadb GRID          18       0  -5.0-1   0.0+0   0.0+0       0                                                                                                                                                                                                        
ECHO: loadb GRID          19       0   1.0+0   2.5-1   0.0+0       0                                                                                                                                                                                                        
ECHO: loadb GRID          20       0  1.25+0   0.0+0   0.0+0       0                                                                                                                                                                                                        
ECHO: loadb GRID          21       0   5.0-1   5.0-1   0.0+0       0                                                                                                                                                                                                        
ECHO: loadb GRID          22       0   2.5-1   5.0-1   0.0+0       0                                                                                                                                                                                                        
ECHO: loadb GRID          23       0   5.0-1   7.5-1   0.0+0       0                                                                                                                                                                                                        
ECHO: loadb GRID          24       0   2.5-1   1.0+0   0.0+0       0                                                                                                                                                                                                        
ECHO: loadb GRID          25       0   0.0+0   7.5-1   0.0+0       0                                                                                                                                                                                                        
ECHO: loadb GRID          26       0   1.5+0   2.5-1   0.0+0       0                                                                                                                                                                                                        
ECHO: loadb GRID          27       0   2.5-1   0.0+0   0.0+0       0                                                                                                                                                                                                        
ECHO: loadb GRID          28       0   7.5-1   0.0+0   0.0+0       0                                                                                                                                                                                                        
ECHO: loadb GRID          29       0   7.5-1   1.0+0   0.0+0       0                                                                                                                                                                                                        
ECHO: loadb GRID          30       0   5.0-1   2.5-1   0.0+0       0                                                                                                                                                                                                        
ECHO: loadb GRID          31       0   7.5-1   5.0-1   0.0+0       0                                                                                                                                                                                                        
ECHO: loadb GRID          32       0  -2.5-1   1.0+0   0.0+0       0                                                                                                                                                                                                        
ECHO: loadb GRID          33       0  -5.0-1   7.5-1   0.0+0       0                                                                                                                                                                                                        
ECHO: loadb GRID          34       0  -2.5-1   5.0-1   0.0+0       0                                                                                                                                                                                                        
ECHO: loadb GRID          35       0   0.0+0   2.5-1   0.0+0       0                                                                                                                                                                                                        
ECHO: loadb GRID          36       0  -5.0-1   2.5-1   0.0+0       0                                                                                                                                                                                                        
ECHO: loadb GRID          37       0  -2.5-1   0.0+0   0.0+0       0                                                                                                                                                                                                        
ECHO: loadb PARAM    STR_CID      -2                                                                                                                                                                                                                                        
ECHO: loadb MAT1           1  2.1+11 1.05+11   0.0+0   0.0+0   0.0+0   0.0+0                                                                                                                                                                                                
ECHO: loadb SPC            1      11       1   0.0+0                                                                                                                                                                                                                        
ECHO: loadb SPC            1      11       2   0.0+0                                                                                                                                                                                                                        
ECHO: loadb SPC            1      11       3   0.0+0                                                                                                                                                                                                                        
ECHO: loadb SPC            1      11       4   0.0+0                                                                                                                                                                                                                        
ECHO: loadb SPC            1      11       5   0.0+0                                                                                                                                                                                                                        
ECHO: loadb SPC            1      11       6   0.0+0                                                                                                                                                                                                                        
ECHO: loadb SPC            1      12       1   0.0+0                                                                                                                                                                                                                        
ECHO: loadb SPC            1      12       2   0.0+0                                                                                                                                                                                                                        
ECHO: loadb SPC            1      12       3   0.0+0                                                                                                                                                                                                                        
ECHO: loadb SPC            1      12       4   0.0+0                                                                                                                                                                                                                        
ECHO: loadb SPC            1      12       5   0.0+0                                                                                                                                                                                                                        
ECHO: loadb SPC            1      12       6   0.0+0                                                                                                                                                                                                                        
ECHO: loadb SPC            1      14       1   0.0+0                                                                                                                                                                                                                        
ECHO: loadb SPC            1      14       2   0.0+0                                                                                                                                                                                                                        
ECHO: loadb SPC            1      14       3   0.0+0                                                                                                                                                                                                                        
ECHO: loadb SPC            1      14       4   0.0+0                                                                                                                                                                                                                        
ECHO: loadb SPC            1      14       5   0.0+0                                                                                                                                                                                                                        
ECHO: loadb SPC            1      14       6   0.0+0                                                                                                                                                                                                                        
ECHO: loadb SPC            1      15       1   0.0+0                                                                                                                                                                                                                        
ECHO: loadb SPC            1      15       2   0.0+0                                                                                                                                                                                                                        
ECHO: loadb SPC            1      15       3   0.0+0                                                                                                                                                                                                                        
ECHO: loadb SPC            1      15       4   0.0+0                                                                                                                                                                                                                        
ECHO: loadb SPC            1      15       5   0.0+0                                                                                                                                                                                                                        
ECHO: loadb SPC            1      15       6   0.0+0                                                                                                                                                                                                                        
ECHO: loadb SPC            1      26       1   0.0+0                                                                                                                                                                                                                        
ECHO: loadb SPC            1      26       2   0.0+0                                                                                                                                                                                                                        
ECHO: loadb SPC            1      26       3   0.0+0                                                                                                                                                                                                                        
ECHO: loadb SPC            1      26       4   0.0+0                                                                                                                                                                                                                        
ECHO: loadb SPC            1      26       5   0.0+0                                                                                                                                                                                                                        
ECHO: loadb SPC            1      26       6   0.0+0                                                                                                                                                                                                                        
ECHO: loadb PSHELL         1       1   1.0-2       1               1           0.0+0                                                                                                                                                                                        
ECHO: loadb CQUAD8         1       1       8      21       7       4      22      23+                                                                                                                                                                                       
ECHO:  nextc +             24      25                                       2   0.0+0                                                                                                                                                                                        
ECHO: loadb CORD2R         2       0   0.0+0   0.0+0   0.0+0   0.0+0   1.0+0   0.0+0+                                                                                                                                                                                       
ECHO:  nextc +          1.0+0   0.0+0   0.0+0                                                                                                                                                                                                                                
ECHO: loadb CQUAD8         2       1      21       6       3       7      31       9+                                                                                                                                                                                       
ECHO:  nextc +             29      23                                       3   0.0+0                                                                                                                                                                                        
ECHO: loadb CORD2R         3       0   0.0+0   0.0+0   0.0+0   0.0+0   1.0+0   0.0+0+                                                                                                                                                                                       
ECHO:  nextc +          1.0+0   0.0+0   0.0+0                                                                                                                                                                                                                                
ECHO: loadb CQUAD8         3       1       1       5      21       8      27      30+                                                                                                                                                                                       
ECHO:  nextc +             22      35                                       4   0.0+0                                                                                                                                                                                        
ECHO: loadb CORD2R         4       0   0.0+0   0.0+0   0.0+0   0.0+0   1.0+0   0.0+0+                                                                                                                                                                                       
ECHO:  nextc +          1.0+0   0.0+0   0.0+0                                                                                                                                                                                                                                
ECHO: loadb CQUAD8         4       1       8       4      16      17      25      32+                                                                                                                                                                                       
ECHO:  nextc +             33      34                                       5   0.0+0                                                                                                                                                                                        
ECHO: loadb CORD2R         5       0   0.0+0   0.0+0   0.0+0  -1.0+0   0.0+0   0.0+0+                                                                                                                                                                                       
ECHO:  nextc +          0.0+0   1.0+0   0.0+0                                                                                                                                                                                                                                
ECHO: loadb CQUAD8         5       1       1       8      17      18      35      34+                                                                                                                                                                                       
ECHO:  nextc +             36      37                                       6   0.0+0                                                                                                                                                                                        
ECHO: loadb CORD2R         6       0   0.0+0   0.0+0   0.0+0  -1.0+0   0.0+0   0.0+0+                                                                                                                                                                                       
ECHO:  nextc +          0.0+0   1.0+0   0.0+0                                                                                                                                                                                                                                
ECHO: loadb CQUAD8         6       1       3       6      14      12       9      10+                                                                                                                                                                                       
ECHO:  nextc +             11      13                                       7   0.0+0                                                                                                                                                                                        
ECHO: loadb CORD2R         7       0   0.0+0   0.0+0   0.0+0   1.0+0   0.0+0   0.0+0+                                                                                                                                                                                       
ECHO:  nextc +          0.0+0  -1.0+0   0.0+0                                                                                                                                                                                                                                
ECHO: loadb CQUAD8         7       1       6       2      15      14      19      20+                                                                                                                                                                                       
ECHO:  nextc +             26      10                                       8   0.0+0                                                                                                                                                                                        
ECHO: loadb CORD2R         8       0   0.0+0   0.0+0   0.0+0   1.0+0   0.0+0   0.0+0+                                                                                                                                                                                       
ECHO:  nextc +          0.0+0  -1.0+0   0.0+0                                                                                                                                                                                                                                
ECHO: loadb CQUAD8         8       1       5       2       6      21      28      19+                                                                                                                                                                                       
ECHO:  nextc +             31      30                                       9   0.0+0                                                                                                                                                                                        
ECHO: loadb CORD2R         9       0   0.0+0   0.0+0   0.0+0   0.0+0   1.0+0   0.0+0+                                                                                                                                                                                       
ECHO:  nextc +          1.0+0   0.0+0   0.0+0                                                                                                                                                                                                                                
ECHO: loadb PLOAD2*      1                 100.0          1                         *                                                                                                                                                                                       
ECHO: loadb *                                                                                                                                                                                                                                                               
ECHO: loadb ENDDATA                                                                                                                                                                                                                                                         




 >> LINK  0 END


 >> LINK  1 BEGIN

  *ERROR: Code not written for QUAD8 pressure loads
