1
 
 
 
 
                      Warning: This computer program is protected by copyright law and international treaties.       
                  Unauthorized use, reproduction or distribution of this computer program, or any portion of it, may 
                                          result in severe civil and criminal penalties.                             
                         Copyright (C) 2024 Hexagon AB and/or its subsidiaries. All rights reserved.                 
 
 
                                              * * * * * * * * * * * * * * * * * * * *
                                              * * * * * * * * * * * * * * * * * * * *
                                              * *                                 * *
                                              * *           Hexagon AB            * *
                                              * *                                 * *
                                              * *                                 * *
                                              * *      M S C   N a s t r a n      * *
                                              * *                                 * *
                                              * *                                 * *
                                              * *                                 * *
                                              * *     Version 2024.2-af13cbfd     * *
                                              * *                                 * *
                                              * *                                 * *
                                              * *                                 * *
                                              * *          NOV 21, 2024           * *
                                              * *                                 * *
                                              * *              Intel              * *
                                              * *MODEL Intel(R) Xeon(R) W-2223 CP * *
                                              * *     Windows 10 Pro 6.2 9200     * *
                                              * *        Compiled for 8664        * *
                                              * *                                 * *
                                              * * * * * * * * * * * * * * * * * * * *
                                              * * * * * * * * * * * * * * * * * * * *
1News file
  
               Welcome to MSC Nastran 2024.2
  
   MSC Nastran brings powerful new features and enhancements for engineering
   solutions in several releases through the year. Key enhancements in
   Version 2024.2 are summarized below. Addtional details can be found in
   the MSC Nastran Version 2024.2 Release Guide.
  
     MSC Nastran 2024.2 Features and Enhancements
  
     High Performance Computing (HPC) for NVH
     - Improved performance for ACMS, especially for large solid models
     - Improved performance for FASTFR, particularly when structural
       damping is present
     - General performance improvement for high frequency acoustics
     - Improved diagnostics for linear solution available in LOG file
       Information includes solver selection and memory use
  
     Topology Optimization
     - SOL 200 NEO Topology Optimization for generative design with support for
       manufacturing constraints. Optimized CAD geometry and mesh output for
       every design cycle.
  
     High Performance SOL 400 (NLPERF)
     - Support Lagrange Multiplier for MPC and Rigid Elements
     - Controls distributed surface load computation for shell elements with
       offsets and the use of an additional enhancement for computing the
       average nodal normal vector
     - GPFORCE and ESE can be requested in ANALYSIS=NLSTAT
     - OUTCTRL={STD,SOLUTION,INTERM} keyword in NLOPRM case control statement is
       available
  
     Linear
     - Global-Local analysis in SOL 101 and 103. Creates a local model based on
       a user-provided definition (CARVE) and replaces the rest of the model
       with an external superelement. Allows for detailed local studies without
       having to solve the entire model every time.
     - Multiple Output requests of the same result item in linear solutions
       (SOL 101, 103, 108, 109, 111, 112) through the use of repeated output
       request subcase, REPCASE.
  
     NVH (Vibroacoustics)
     Automated skinning of solid elements free surfaces
     - Identify residual structure solid elements' exposed surfaces, and create
       required triangular or quadilateral shell elements on top of it
     - Stress and strain data recovery available for skinned shell elements
     - Supported in Linear solution sequences
     Acoustic Fluid Grid Participation Factors from fluid skin grids in touch
       with either structure wetted surface or trim components
1    Mass matrix support in Cohesive elements
     - supports mass matrix in cohesive elements for glue line modeling.
     Improved solution time and reduced disk space for Nastran-PEM models
  
     Aeroelasticity
     - Flutter Perturbation Step available in SOL 400 Nonlinear
  
     HDF5 hybrid precision output file
     - Allows writing of 32-bit real and 64-bit integer data to H5 file
     - Combines small size of 32-bit and high value domain ID of 64-bit
  
      Inertia Relief with External Superelements
     - For external superelements, inertia relief is now supported for the
       following three options: EXTSEOUT MATDB(MATRIXDB), EXTSEOUT DMIGDB, and
       EXTSEOUT DMIGOP2 for INREL = -1 and INREL = -2.
     - For the above three external superelement options, checks are now
       performed internally to insure that the inertia relief specifications
       between external superelement and the assembly run are consistent.
     - When verifying results, the user is reminded that with inertia relief,
       the displacements are relative displacements and may not in any way match
       the results of say a model containing all the external superelements
       processed as standard part superelements. However, element results
       such as force or stress should match closely between the two types of runs
       if consistently modeled.
  
  
     Documentation
     - The complete documentation set is provided in a separate installer and
       when installed is available at: MSC_DOC_DIR/doc/pdf_nastran directory,
       where MSC_DOC_DIR is the directory where documentation was installed.
       This help set includes cross references between documents, and links to
       how-to videos, and example files
  
     Individual MSC Nastran documents are available for download from the
       Simcompanion Website at:
       http://simcompanion.hexagon.com/
  
     The documentation set includes the following:
  
         1.  MSC Nastran 2024.2 Installation and Operations Guide
         2.  MSC Nastran 2024.2 Quick Reference Guide
         3.  MSC Nastran 2024.2 Release Guide
         4.  MSC Nastran 2024.2 Linear Statics Analysis User's Guide
         5.  MSC Nastran 2024.2 Dynamic Analysis User's Guide
         6.  MSC Nastran 2024.2 Superelements User's Guide
         7.  MSC Nastran 2024.2 Rotordynamics User's Guide
         8.  MSC Nastran 2024.2 Demonstration Problems Manual
         9.  MSC Nastran 2024.2 Nastran Embedded Fatigue User's Guide
        10.  MSC Nastran 2024.2 Design Sensitivity and Optimization
        11.  MSC Nastran 2024.2 Nonlinear User's Guide SOL 400
1       12.  MSC Nastran 2024.2 DMAP Programmer's Guide
        13.  MSC Nastran 2024.2 High Performance Computing User's Guide
        14.  MSC Nastran 2024.2 New Verification Manual
        15.  MSC Nastran 2024.2 DEMATD Guide
        16.  MSC Nastran 2024.2 Explicit Nonlinear (SOL 700) User's Guide
        17.  MSC Nastran 2024.2 ACMS User's Guide
  
   Please refer to  MSC_DOC_DIR/doc/pdf_nastran/nastran_library.pdf
   for the complete document set:
  
  
   Additional information about the release can be found at the MSC Nastran
   Product Support page: http://simcompanion.hexagon.com
  
   The support page provides links to these valuable information:
      * A searchable Knowledge Base containing examples and answers to thousands
        of frequently asked questions written by MSC Software subject-matter
        experts.
      * Peer-to-peer Discussion Forums enabling you to post questions for your
        MSC Software products and receive answers from other users worldwide.
      * A list of known issues with the product and any workarounds.
      * Instructions on how to contact technical support
      * A mechanism for sending us product feedback or enhancement requests.
      * Hardware and software requirements.
      * Examples and Tutorials
      * and much more.
  
   For information on training, please visit our Training web site
  
      https://hexagon.com/support-success/manufacturing-intelligence/
      design-engineering-support/training-materials
  
1                                                                              JUNE  20, 2025  MSC Nastran 11/21/24   PAGE     1
                                                                                                                                    
0        N A S T R A N    F I L E    A N D    S Y S T E M    P A R A M E T E R    E C H O                                           
0                                                                                                                                   
                                                                                                                                    
                                                                                                                                    
     $ SYSFIELD=SCR*(RAW=YES,BUFFIO=YES,WNUM=16,WSIZE=16MB) $(C:/PROGRAM FILES/MSC.SO
     $ SYSFIELD=DBALL(RAW=YES,BUFFIO=YES,WNUM=16,WSIZE=16MB) $(C:/PROGRAM FILES/MSC.S
     NASTRAN BUFFSIZE=65537 $(C:/PROGRAM FILES/MSC.SOFTWARE/MSC_NASTRAN/2024.2/CONF/N
     NASTRAN PARALLEL=1 $([3])                                                       
     $ GENERATED BY MECWAY 29                                                        
     $-------------EXECUTIVE CONTROL SECTION-------------                            
1                                                                              JUNE  20, 2025  MSC Nastran 11/21/24   PAGE     2
                                                                                                                                    
0        N A S T R A N    E X E C U T I V E    C O N T R O L    E C H O                                                             
0                                                                                                                                   
                                                                                                                                    
                                                                                                                                    
     SOL 101                                                                                 
     CEND                                                                                    
1                                                                              JUNE  20, 2025  MSC Nastran 11/21/24   PAGE     3
                                                                                                                                    
0                                                                                                                                   
0                                        C A S E    C O N T R O L    E C H O                                                        
                 COMMAND                                                                                                            
                 COUNT                                                                                                              
                  1      $---------------CASE CONTROL SECTION----------------                                    
                  2      DISPLACEMENT = ALL                                                                      
                  3      STRESS(CORNER) = ALL                                                                    
                  4      FORCE = ALL                                                                             
                  5      $                                                                                       
                  6        ACCELERATION(PRINT,PLOT) = ALL                                                        
                  7        DISPLACEMENT(PRINT, PLOT) = ALL                                                       
 *** USER WARNING MESSAGE 602 (IFP1D)
     TWO OR MORE OF THE ABOVE CARD TYPES DETECTED WHERE ONLY ONE IS
     LEGAL.   THE LAST FOUND WILL BE USED.
                  8        GPFORCE(PRINT, PLOT) = ALL                                                            
                  9        MPCFORCES(PRINT, PLOT) = ALL                                                          
                 10        OLOAD(PRINT, PLOT)= ALL                                                               
                 11        SPCFORCES(PRINT, PLOT) = ALL                                                          
                 12        FORCE(PRINT, PLOT) = ALL                                                              
 *** USER WARNING MESSAGE 602 (IFP1D)
     TWO OR MORE OF THE ABOVE CARD TYPES DETECTED WHERE ONLY ONE IS
     LEGAL.   THE LAST FOUND WILL BE USED.
                 13        STRESS(PRINT, PLOT, CORNER)= ALL                                                      
 *** USER WARNING MESSAGE 602 (IFP1D)
     TWO OR MORE OF THE ABOVE CARD TYPES DETECTED WHERE ONLY ONE IS
     LEGAL.   THE LAST FOUND WILL BE USED.
                 14        STRAIN(PRINT, PLOT, CORNER)= ALL                                                      
                 15      $                                                                                       
                 16      SPC = 1                                                                                 
                 17      TEMPERATURE = 1                                                                         
                 18      BEGIN BULK                                                                              
1                                                                              JUNE  20, 2025  MSC Nastran 11/21/24   PAGE     4
                                                                                                                                    
0                                                                                                                                   
                                              I N P U T   B U L K   D A T A   E C H O                                               
                 ENTRY                                                                                                              
                 COUNT        .   1  ..   2  ..   3  ..   4  ..   5  ..   6  ..   7  ..   8  ..   9  ..  10  .                      
 *** USER INFORMATION MESSAGE 9991 (SDLWIF)
     Messages are being generated at include level 0.
     File: F:\MYSTRAN_MODELS\2025_06_20_0845_pst_runs\2025_06_20 1715_Victor\nas_s30_shell_orthotropic_thermal_expansion_stress_and_force.bdf
 *** USER FATAL MESSAGE 9994 (BULKPM)
     TEMP with SID=1 G=15 near line 426
     Entry was found previously with the same key(s).
 *** USER FATAL MESSAGE 9994 (BULKPM)
     TEMP with SID=1 G=18 near line 432
     Entry was found previously with the same key(s).
 *** USER FATAL MESSAGE 9994 (BULKPM)
     TEMP with SID=1 G=18 near line 436
     Entry was found previously with the same key(s).
 *** USER FATAL MESSAGE 9994 (BULKPM)
     TEMP with SID=1 G=16 near line 438
     Entry was found previously with the same key(s).
 *** USER FATAL MESSAGE 9994 (BULKPM)
     TEMP with SID=1 G=17 near line 442
     Entry was found previously with the same key(s).
 *** USER FATAL MESSAGE 9994 (BULKPM)
     TEMP with SID=1 G=18 near line 444
     Entry was found previously with the same key(s).
 *** USER FATAL MESSAGE 9994 (BULKPM)
     TEMP with SID=1 G=10 near line 446
     Entry was found previously with the same key(s).
 *** USER FATAL MESSAGE 9994 (BULKPM)
     TEMP with SID=1 G=45 near line 462
     Entry was found previously with the same key(s).
 *** USER FATAL MESSAGE 9994 (BULKPM)
     TEMP with SID=1 G=48 near line 468
     Entry was found previously with the same key(s).
 *** USER FATAL MESSAGE 9994 (BULKPM)
     TEMP with SID=1 G=46 near line 470
     Entry was found previously with the same key(s).
 *** USER FATAL MESSAGE 9994 (BULKPM)
     TEMP with SID=1 G=9 near line 474
     Entry was found previously with the same key(s).
 *** USER FATAL MESSAGE 9994 (BULKPM)
     TEMP with SID=1 G=20 near line 482
     Entry was found previously with the same key(s).
 *** USER FATAL MESSAGE 9994 (BULKPM)
     TEMP with SID=1 G=23 near line 488
     Entry was found previously with the same key(s).
 *** USER FATAL MESSAGE 9994 (BULKPM)
     TEMP with SID=1 G=23 near line 490
     Entry was found previously with the same key(s).
 *** USER FATAL MESSAGE 9994 (BULKPM)
     TEMP with SID=1 G=21 near line 492
     Entry was found previously with the same key(s).
 *** USER FATAL MESSAGE 9994 (BULKPM)
     TEMP with SID=1 G=48 near line 500
     Entry was found previously with the same key(s).
 *** USER FATAL MESSAGE 9994 (BULKPM)
     TEMP with SID=1 G=35 near line 506
     Entry was found previously with the same key(s).
 *** USER FATAL MESSAGE 9994 (BULKPM)
     TEMP with SID=1 G=39 near line 510
     Entry was found previously with the same key(s).
 *** USER FATAL MESSAGE 9994 (BULKPM)
     TEMP with SID=1 G=35 near line 512
     Entry was found previously with the same key(s).
 *** USER FATAL MESSAGE 9994 (BULKPM)
     TEMP with SID=1 G=34 near line 514
     Entry was found previously with the same key(s).
 *** USER FATAL MESSAGE 9994 (BULKPM)
     TEMP with SID=1 G=39 near line 516
     Entry was found previously with the same key(s).
 *** USER FATAL MESSAGE 9994 (BULKPM)
     TEMP with SID=1 G=36 near line 518
     Entry was found previously with the same key(s).
 *** USER FATAL MESSAGE 9994 (BULKPM)
     TEMP with SID=1 G=16 near line 522
     Entry was found previously with the same key(s).
 *** USER FATAL MESSAGE 9994 (BULKPM)
     TEMP with SID=1 G=5 near line 524
     Entry was found previously with the same key(s).
 *** USER FATAL MESSAGE 9994 (BULKPM)
     TEMP with SID=1 G=24 near line 530
     Entry was found previously with the same key(s).
 *** USER FATAL MESSAGE 9994 (BULKPM)
     TEMP with SID=1 G=19 near line 536
     Entry was found previously with the same key(s).
 *** USER FATAL MESSAGE 9994 (BULKPM)
     TEMP with SID=1 G=25 near line 538
     Entry was found previously with the same key(s).
 *** USER FATAL MESSAGE 9994 (BULKPM)
     TEMP with SID=1 G=6 near line 540
     Entry was found previously with the same key(s).
 *** USER FATAL MESSAGE 9994 (BULKPM)
     TEMP with SID=1 G=20 near line 542
     Entry was found previously with the same key(s).
 *** USER FATAL MESSAGE 9994 (BULKPM)
     TEMP with SID=1 G=19 near line 544
     Entry was found previously with the same key(s).
 *** USER FATAL MESSAGE 9994 (BULKPM)
     TEMP with SID=1 G=20 near line 546
     Entry was found previously with the same key(s).
 *** USER FATAL MESSAGE 9994 (BULKPM)
     TEMP with SID=1 G=9 near line 548
     Entry was found previously with the same key(s).
 *** USER FATAL MESSAGE 9994 (BULKPM)
     TEMP with SID=1 G=16 near line 550
     Entry was found previously with the same key(s).
 *** USER FATAL MESSAGE 9994 (BULKPM)
     TEMP with SID=1 G=19 near line 552
     Entry was found previously with the same key(s).
 *** USER FATAL MESSAGE 9994 (BULKPM)
     TEMP with SID=1 G=36 near line 554
     Entry was found previously with the same key(s).
 *** USER FATAL MESSAGE 9994 (BULKPM)
     TEMP with SID=1 G=47 near line 556
     Entry was found previously with the same key(s).
 *** USER FATAL MESSAGE 9994 (BULKPM)
     TEMP with SID=1 G=32 near line 558
     Entry was found previously with the same key(s).
 *** USER FATAL MESSAGE 9994 (BULKPM)
     TEMP with SID=1 G=49 near line 566
     Entry was found previously with the same key(s).
 *** USER FATAL MESSAGE 9994 (BULKPM)
     TEMP with SID=1 G=44 near line 572
     Entry was found previously with the same key(s).
 *** USER FATAL MESSAGE 9994 (BULKPM)
     TEMP with SID=1 G=50 near line 574
     Entry was found previously with the same key(s).
 *** USER FATAL MESSAGE 9994 (BULKPM)
     TEMP with SID=1 G=31 near line 576
     Entry was found previously with the same key(s).
 *** USER FATAL MESSAGE 9994 (BULKPM)
     TEMP with SID=1 G=44 near line 578
     Entry was found previously with the same key(s).
 *** USER FATAL MESSAGE 9994 (BULKPM)
     TEMP with SID=1 G=49 near line 580
     Entry was found previously with the same key(s).
 *** USER FATAL MESSAGE 9994 (BULKPM)
     TEMP with SID=1 G=50 near line 582
     Entry was found previously with the same key(s).
1                                                                              JUNE  20, 2025  MSC Nastran 11/21/24   PAGE     5
                                                                                                                                    
0                                                                                                                                   
                                              I N P U T   B U L K   D A T A   E C H O                                               
                 ENTRY                                                                                                              
                 COUNT        .   1  ..   2  ..   3  ..   4  ..   5  ..   6  ..   7  ..   8  ..   9  ..  10  .                      
 *** USER FATAL MESSAGE 9994 (BULKPM)
     TEMP with SID=1 G=33 near line 584
     Entry was found previously with the same key(s).
 *** USER FATAL MESSAGE 9994 (BULKPM)
     TEMP with SID=1 G=39 near line 586
     Entry was found previously with the same key(s).
 *** USER FATAL MESSAGE 9994 (BULKPM)
     TEMP with SID=1 G=39 near line 590
     Entry was found previously with the same key(s).
 *** USER FATAL MESSAGE 9994 (BULKPM)
     TEMP with SID=1 G=34 near line 592
     Entry was found previously with the same key(s).
 *** USER FATAL MESSAGE 9994 (BULKPM)
     TEMP with SID=1 G=36 near line 594
     Entry was found previously with the same key(s).
 *** USER FATAL MESSAGE 9994 (BULKPM)
     TEMP with SID=1 G=39 near line 596
     Entry was found previously with the same key(s).
 *** USER FATAL MESSAGE 9994 (BULKPM)
     TEMP with SID=1 G=32 near line 598
     Entry was found previously with the same key(s).
 *** USER FATAL MESSAGE 9994 (BULKPM)
     TEMP with SID=1 G=38 near line 602
     Entry was found previously with the same key(s).
 *** USER FATAL MESSAGE 9994 (BULKPM)
     TEMP with SID=1 G=37 near line 604
     Entry was found previously with the same key(s).
 *** USER FATAL MESSAGE 9994 (BULKPM)
     TEMP with SID=1 G=43 near line 610
     Entry was found previously with the same key(s).
 *** USER FATAL MESSAGE 9994 (BULKPM)
     TEMP with SID=1 G=42 near line 612
     Entry was found previously with the same key(s).
 *** USER FATAL MESSAGE 9994 (BULKPM)
     TEMP with SID=1 G=43 near line 618
     Entry was found previously with the same key(s).
 *** USER FATAL MESSAGE 9994 (BULKPM)
     TEMP with SID=1 G=35 near line 620
     Entry was found previously with the same key(s).
 *** USER FATAL MESSAGE 9994 (BULKPM)
     TEMP with SID=1 G=41 near line 622
     Entry was found previously with the same key(s).
 *** USER FATAL MESSAGE 9994 (BULKPM)
     TEMP with SID=1 G=34 near line 624
     Entry was found previously with the same key(s).
 *** USER FATAL MESSAGE 9994 (BULKPM)
     TEMP with SID=1 G=42 near line 626
     Entry was found previously with the same key(s).
 *** USER FATAL MESSAGE 9994 (BULKPM)
     TEMP with SID=1 G=35 near line 628
     Entry was found previously with the same key(s).
 *** USER FATAL MESSAGE 9994 (BULKPM)
     TEMP with SID=1 G=33 near line 630
     Entry was found previously with the same key(s).
 *** USER FATAL MESSAGE 9994 (BULKPM)
     TEMP with SID=1 G=30 near line 632
     Entry was found previously with the same key(s).
 *** USER FATAL MESSAGE 9994 (BULKPM)
     TEMP with SID=1 G=44 near line 634
     Entry was found previously with the same key(s).
 *** USER FATAL MESSAGE 9994 (BULKPM)
     TEMP with SID=1 G=41 near line 636
     Entry was found previously with the same key(s).
 *** USER FATAL MESSAGE 9994 (BULKPM)
     TEMP with SID=1 G=44 near line 638
     Entry was found previously with the same key(s).
 *** USER FATAL MESSAGE 9994 (BULKPM)
     TEMP with SID=1 G=31 near line 640
     Entry was found previously with the same key(s).
 *** USER FATAL MESSAGE 9994 (BULKPM)
     TEMP with SID=1 G=45 near line 642
     Entry was found previously with the same key(s).
 *** USER FATAL MESSAGE 9994 (BULKPM)
     TEMP with SID=1 G=41 near line 644
     Entry was found previously with the same key(s).
 *** USER FATAL MESSAGE 9994 (BULKPM)
     TEMP with SID=1 G=45 near line 646
     Entry was found previously with the same key(s).
 *** USER FATAL MESSAGE 9994 (BULKPM)
     TEMP with SID=1 G=34 near line 648
     Entry was found previously with the same key(s).
 *** USER FATAL MESSAGE 9994 (BULKPM)
     TEMP with SID=1 G=41 near line 650
     Entry was found previously with the same key(s).
 *** USER FATAL MESSAGE 9994 (BULKPM)
     TEMP with SID=1 G=44 near line 652
     Entry was found previously with the same key(s).
 *** USER FATAL MESSAGE 9994 (BULKPM)
     TEMP with SID=1 G=45 near line 654
     Entry was found previously with the same key(s).
 *** USER FATAL MESSAGE 9994 (BULKPM)
     TEMP with SID=1 G=34 near line 656
     Entry was found previously with the same key(s).
 *** USER FATAL MESSAGE 9994 (BULKPM)
     TEMP with SID=1 G=48 near line 658
     Entry was found previously with the same key(s).
 *** USER FATAL MESSAGE 9994 (BULKPM)
     TEMP with SID=1 G=36 near line 660
     Entry was found previously with the same key(s).
 *** USER FATAL MESSAGE 9994 (BULKPM)
     TEMP with SID=1 G=45 near line 662
     Entry was found previously with the same key(s).
 *** USER FATAL MESSAGE 9994 (BULKPM)
     TEMP with SID=1 G=46 near line 664
     Entry was found previously with the same key(s).
 *** USER FATAL MESSAGE 9994 (BULKPM)
     TEMP with SID=1 G=48 near line 666
     Entry was found previously with the same key(s).
 *** USER FATAL MESSAGE 9994 (BULKPM)
     TEMP with SID=1 G=48 near line 668
     Entry was found previously with the same key(s).
 *** USER FATAL MESSAGE 9994 (BULKPM)
     TEMP with SID=1 G=28 near line 670
     Entry was found previously with the same key(s).
 *** USER FATAL MESSAGE 9994 (BULKPM)
     TEMP with SID=1 G=47 near line 672
     Entry was found previously with the same key(s).
 *** USER FATAL MESSAGE 9994 (BULKPM)
     TEMP with SID=1 G=11 near line 674
     Entry was found previously with the same key(s).
 *** USER FATAL MESSAGE 9994 (BULKPM)
     TEMP with SID=1 G=23 near line 676
     Entry was found previously with the same key(s).
 *** USER FATAL MESSAGE 9994 (BULKPM)
     TEMP with SID=1 G=22 near line 678
     Entry was found previously with the same key(s).
 *** USER FATAL MESSAGE 9994 (BULKPM)
     TEMP with SID=1 G=38 near line 682
     Entry was found previously with the same key(s).
 *** USER FATAL MESSAGE 9994 (BULKPM)
     TEMP with SID=1 G=39 near line 684
     Entry was found previously with the same key(s).
 *** USER FATAL MESSAGE 9994 (BULKPM)
     TEMP with SID=1 G=37 near line 686
     Entry was found previously with the same key(s).
1                                                                              JUNE  20, 2025  MSC Nastran 11/21/24   PAGE     6
                                                                                                                                    
0                                                                                                                                   
                                              I N P U T   B U L K   D A T A   E C H O                                               
                 ENTRY                                                                                                              
                 COUNT        .   1  ..   2  ..   3  ..   4  ..   5  ..   6  ..   7  ..   8  ..   9  ..  10  .                      
 *** USER FATAL MESSAGE 9994 (BULKPM)
     TEMP with SID=1 G=26 near line 688
     Entry was found previously with the same key(s).
 *** USER FATAL MESSAGE 9994 (BULKPM)
     TEMP with SID=1 G=40 near line 690
     Entry was found previously with the same key(s).
 *** USER FATAL MESSAGE 9994 (BULKPM)
     TEMP with SID=1 G=43 near line 692
     Entry was found previously with the same key(s).
 *** USER FATAL MESSAGE 9994 (BULKPM)
     TEMP with SID=1 G=40 near line 694
     Entry was found previously with the same key(s).
 *** USER FATAL MESSAGE 9994 (BULKPM)
     TEMP with SID=1 G=30 near line 696
     Entry was found previously with the same key(s).
 *** USER FATAL MESSAGE 9994 (BULKPM)
     TEMP with SID=1 G=41 near line 698
     Entry was found previously with the same key(s).
 *** USER FATAL MESSAGE 9994 (BULKPM)
     TEMP with SID=1 G=35 near line 700
     Entry was found previously with the same key(s).
 *** USER FATAL MESSAGE 9994 (BULKPM)
     TEMP with SID=1 G=43 near line 702
     Entry was found previously with the same key(s).
 *** USER FATAL MESSAGE 9994 (BULKPM)
     TEMP with SID=1 G=41 near line 704
     Entry was found previously with the same key(s).
 *** USER FATAL MESSAGE 9994 (BULKPM)
     TEMP with SID=1 G=8 near line 706
     Entry was found previously with the same key(s).
 *** USER FATAL MESSAGE 9994 (BULKPM)
     TEMP with SID=1 G=10 near line 708
     Entry was found previously with the same key(s).
 *** USER FATAL MESSAGE 9994 (BULKPM)
     TEMP with SID=1 G=14 near line 710
     Entry was found previously with the same key(s).
 *** USER FATAL MESSAGE 9994 (BULKPM)
     TEMP with SID=1 G=13 near line 712
     Entry was found previously with the same key(s).
 *** USER FATAL MESSAGE 9994 (BULKPM)
     TEMP with SID=1 G=14 near line 714
     Entry was found previously with the same key(s).
 *** USER FATAL MESSAGE 9994 (BULKPM)
     TEMP with SID=1 G=10 near line 716
     Entry was found previously with the same key(s).
 *** USER FATAL MESSAGE 9994 (BULKPM)
     TEMP with SID=1 G=9 near line 718
     Entry was found previously with the same key(s).
 *** USER FATAL MESSAGE 9994 (BULKPM)
     TEMP with SID=1 G=11 near line 720
     Entry was found previously with the same key(s).
 *** USER FATAL MESSAGE 9994 (BULKPM)
     TEMP with SID=1 G=14 near line 722
     Entry was found previously with the same key(s).
 *** USER FATAL MESSAGE 9994 (BULKPM)
     TEMP with SID=1 G=11 near line 724
     Entry was found previously with the same key(s).
 *** USER FATAL MESSAGE 9994 (BULKPM)
     TEMP with SID=1 G=7 near line 726
     Entry was found previously with the same key(s).
 *** USER FATAL MESSAGE 9994 (BULKPM)
     TEMP with SID=1 G=12 near line 728
     Entry was found previously with the same key(s).
 *** USER WARNING MESSAGE 9994 (BULKEF)
      The following lines could not be processed by the current IFPSTAR rule base.
      They are being passed to Classic IFP for an additional attempt at resolution.
                                PARAM, POST,-1
1                                                                              JUNE  20, 2025  MSC Nastran 11/21/24   PAGE     7
                                                                                                                                    
0                                                                                                                                   
 *** USER FATAL MESSAGE 208 (SCA.MDSolver.Io.AccessAccess:AccessAccess::StreamToBinary)
     Fatal messages were encountered while converting the stream input file F:\MYSTRAN_MODELS\2025_06_20_0845_pst_runs\2025_06_20 1715_Victor\nas_s30_shell_orthotropic_thermal_expansion_stress_and_force.bdf.
 *** USER FATAL MESSAGE 102 (SCA.MDSolver.Obj.InputFile:InputFile::read)
Severe fatal Errors occured while reading the input file F:\MYSTRAN_MODELS\2025_06_20_0845_pst_runs\2025_06_20 1715_Victor\nas_s30_shell_orthotropic_thermal_expansion_stress_and_force.bdf.
Check the MDSolver.System.PrintListener output.
1                                                                              JUNE  20, 2025  MSC Nastran 11/21/24   PAGE     8
                                                                                                                                    
0                                                                                                                                   
                                                  S O R T E D   B U L K   D A T A   E C H O                                         
                 ENTRY                                                                                                              
                 COUNT        .   1  ..   2  ..   3  ..   4  ..   5  ..   6  ..   7  ..   8  ..   9  ..  10  .                      
                    1-        CQUAD4 *1               1               13              14              *
                    2-        *       12              4               171.1012593     0.
                    3-        CQUAD4 *2               1               1               15              *
                    4-        *       18              17              180.            0.
                    5-        CQUAD4 *3               1               15              5               *
                    6-        *       16              18              180.            0.
                    7-        CQUAD4 *4               1               10              18              *
                    8-        *       16              9               -91.25393746    0.
                    9-        CQUAD4 *5               1               17              18              *
                   10-        *       10              8               175.86378703    0.
                   11-        CQUAD4 *10              1               9               20              *
                   12-        *       23              11              178.49880171    0.
                   13-        CQUAD4 *11              1               20              6               *
                   14-        *       21              23              -156.64024885   0.
                   15-        CQUAD4 *12              1               23              21              *
                   16-        *       3               22              -173.43881706   0.
                   17-        CQUAD4 *17              1               16              5               *
                   18-        *       24              19              -102.10268341   0.
                   19-        CQUAD4 *18              1               24              2               *
                   20-        *       25              19              180.            0.
                   21-        CQUAD4 *19              1               25              6               *
                   22-        *       20              19              90.             0.
                   23-        CQUAD4 *20              1               20              9               *
                   24-        *       16              19              -1.5011982935   0.
                   25-        CQUAD4 *41              1               11              23              *
                   26-        *       22              7               -173.43881706   0.
                   27-        CQUAD4 *46              1               8               10              *
                   28-        *       14              13              167.46650169    0.
                   29-        CQUAD4 *47              1               14              10              *
                   30-        *       9               11              -83.555555468   0.
                   31-        CQUAD4 *48              1               14              11              *
                   32-        *       7               12              171.1012593     0.
                   33-        CTRIA3 *6               2               42              43              *
                   34-        *       35              175.86378703    0.
                   35-        CTRIA3 *7               2               34              45              *
                   36-        *       48              178.49880171    0.
                   37-        CTRIA3 *8               2               45              31              *
                   38-        *       46              -156.64024885   0.
                   39-        CTRIA3 *9               2               48              46              *
                   40-        *       28              -173.43881706   0.
                   41-        CTRIA3 *13              2               36              48              *
                   42-        *       47              -173.43881706   0.
                   43-        CTRIA3 *14              2               33              35              *
                   44-        *       39              167.46650169    0.
                   45-        CTRIA3 *15              2               39              35              *
1                                                                              JUNE  20, 2025  MSC Nastran 11/21/24   PAGE     9
                                                                                                                                    
0                                                                                                                                   
                                                  S O R T E D   B U L K   D A T A   E C H O                                         
                 ENTRY                                                                                                              
                 COUNT        .   1  ..   2  ..   3  ..   4  ..   5  ..   6  ..   7  ..   8  ..   9  ..  10  .                      
                   46-        *       34              -83.555555468   0.
                   47-        CTRIA3 *16              2               39              36              *
                   48-        *       32              171.1012593     0.
                   49-        CTRIA3 *21              2               36              47              *
                   50-        *       32              145.55234829    0.
                   51-        CTRIA3 *22              2               44              30              *
                   52-        *       49              -41.10888589    0.
                   53-        CTRIA3 *23              2               49              27              *
                   54-        *       50              180.            0.
                   55-        CTRIA3 *24              2               44              50              *
                   56-        *       31              180.            0.
                   57-        CTRIA3 *25              2               44              49              *
                   58-        *       50              -90.            0.
                   59-        CTRIA3 *26              2               33              39              *
                   60-        *       38              123.3398906     0.
                   61-        CTRIA3 *27              2               39              34              *
                   62-        *       36              -133.71744161   0.
                   63-        CTRIA3 *28              2               39              32              *
                   64-        *       37              133.5020876     0.
                   65-        CTRIA3 *29              2               38              37              *
                   66-        *       29              128.1934229     0.
                   67-        CTRIA3 *30              2               26              43              *
                   68-        *       42              127.10748687    0.
                   69-        CTRIA3 *31              2               40              41              *
                   70-        *       43              123.36489616    0.
                   71-        CTRIA3 *32              2               35              41              *
                   72-        *       34              -143.39481854   0.
                   73-        CTRIA3 *33              2               42              35              *
                   74-        *       33              123.49429308    0.
                   75-        CTRIA3 *34              2               30              44              *
                   76-        *       41              138.89111411    0.
                   77-        CTRIA3 *35              2               44              31              *
                   78-        *       45              138.89111411    0.
                   79-        CTRIA3 *36              2               41              45              *
                   80-        *       34              127.78270484    0.
                   81-        CTRIA3 *37              2               41              44              *
                   82-        *       45              -167.64100804   0.
                   83-        CTRIA3 *38              2               34              48              *
                   84-        *       36              151.17793294    0.
                   85-        CTRIA3 *39              2               45              46              *
                   86-        *       48              157.55252611    0.
                   87-        CTRIA3 *40              2               48              28              *
                   88-        *       47              140.13333471    0.
                   89-        CTRIA3 *42              2               38              39              *
                   90-        *       37              171.1012593     0.
1                                                                              JUNE  20, 2025  MSC Nastran 11/21/24   PAGE    10
                                                                                                                                    
0                                                                                                                                   
                                                  S O R T E D   B U L K   D A T A   E C H O                                         
                 ENTRY                                                                                                              
                 COUNT        .   1  ..   2  ..   3  ..   4  ..   5  ..   6  ..   7  ..   8  ..   9  ..  10  .                      
                   91-        CTRIA3 *43              2               26              40              *
                   92-        *       43              -180.           0.
                   93-        CTRIA3 *44              2               40              30              *
                   94-        *       41              -180.           0.
                   95-        CTRIA3 *45              2               35              43              *
                   96-        *       41              -91.25393746    0.
                   97-        GRID   *1               0               2.4492127076E-160.              *
                   98-        *       -2.             0
                   99-        GRID   *2               0               3.6738190615E-160.              *
                  100-        *       -3.             0
                  101-        GRID   *3               0               3.6738190615E-161.              *
                  102-        *       -3.             0
                  103-        GRID   *4               0               2.4492127076E-161.              *
                  104-        *       -2.             0
                  105-        GRID   *5               0               3.0615158846E-160.              *
                  106-        *       -2.5            0
                  107-        GRID   *6               0               3.6738190615E-16.43631437421    *
                  108-        *       -3.             0
                  109-        GRID   *7               0               2.9835260991E-161.              *
                  110-        *       -2.436314404    0
                  111-        GRID   *8               0               2.4492127076E-16.44541230798    *
                  112-        *       -2.             0
                  113-        GRID   *9               0               2.9111070438E-16.57278347015    *
                  114-        *       -2.3771778047   0
                  115-        GRID   *10              0               2.6608172459E-16.4838258028     *
                  116-        *       -2.1727939248   0
                  117-        GRID   *11              0               2.9473165714E-16.78639173508    *
                  118-        *       -2.4067461044   0
                  119-        GRID   *12              0               2.7163694034E-161.              *
                  120-        *       -2.218157202    0
                  121-        GRID   *13              0               2.4492127076E-16.72270615399    *
                  122-        *       -2.             0
                  123-        GRID   *14              0               2.6982646395E-16.75454894453    *
                  124-        *       -2.2033730522   0
                  125-        GRID   *15              0               2.7553642961E-160.              *
                  126-        *       -2.25           0
                  127-        GRID   *16              0               2.9863114642E-16.28639173508    *
                  128-        *       -2.4385889024   0
                  129-        GRID   *17              0               2.4492127076E-16.22270615399    *
                  130-        *       -2.             0
                  131-        GRID   *18              0               2.667471126E-16 .23559488356    *
                  132-        *       -2.1782274097   0
                  133-        GRID   *19              0               3.367667473E-16 .2181571871     *
                  134-        *       -2.75           0
                  135-        GRID   *20              0               3.2653833197E-16.58036506176    *
1                                                                              JUNE  20, 2025  MSC Nastran 11/21/24   PAGE    11
                                                                                                                                    
0                                                                                                                                   
                                                  S O R T E D   B U L K   D A T A   E C H O                                         
                 ENTRY                                                                                                              
                 COUNT        .   1  ..   2  ..   3  ..   4  ..   5  ..   6  ..   7  ..   8  ..   9  ..  10  .                      
                  136-        *       -2.6664758921   0
                  137-        GRID   *21              0               3.6738190615E-16.7181571871     *
                  138-        *       -3.             0
                  139-        GRID   *22              0               3.3286725803E-161.              *
                  140-        *       -2.718157202    0
                  141-        GRID   *23              0               3.3105678165E-16.75227446109    *
                  142-        *       -2.7033730522   0
                  143-        GRID   *24              0               3.367667473E-16 0.              *
                  144-        *       -2.75           0
                  145-        GRID   *25              0               3.6738190615E-16.2181571871     *
                  146-        *       -3.             0
                  147-        GRID   *26              0               0.              0.              *
                  148-        *       0.              0
                  149-        GRID   *27              0               1.2246063538E-160.              *
                  150-        *       -1.             0
                  151-        GRID   *28              0               1.2246063538E-161.              *
                  152-        *       -1.             0
                  153-        GRID   *29              0               0.              1.              *
                  154-        *       0.              0
                  155-        GRID   *30              0               6.1230317691E-170.              *
                  156-        *       -.5             0
                  157-        GRID   *31              0               1.2246063538E-16.43631437421    *
                  158-        *       -1.             0
                  159-        GRID   *32              0               5.3431339142E-171.              *
                  160-        *       -.43631440401   0
                  161-        GRID   *33              0               0.              .44541230798    *
                  162-        *       0.              0
                  163-        GRID   *34              0               4.6189433617E-17.57278347015    *
                  164-        *       -.37717780471   0
                  165-        GRID   *35              0               2.1160453822E-17.4838258028     *
                  166-        *       -.17279392481   0
                  167-        GRID   *36              0               4.9810386379E-17.78639173508    *
                  168-        *       -.40674610436   0
                  169-        GRID   *37              0               2.6715669571E-171.              *
                  170-        *       -.21815720201   0
                  171-        GRID   *38              0               0.              .72270615399    *
                  172-        *       0.              0
                  173-        GRID   *39              0               2.490519319E-17 .75454894453    *
                  174-        *       -.20337305218   0
                  175-        GRID   *40              0               3.0615158846E-170.              *
                  176-        *       -.25            0
                  177-        GRID   *41              0               5.3709875654E-17.28639173508    *
                  178-        *       -.43858890235   0
                  179-        GRID   *42              0               0.              .22270615399    *
                  180-        *       0.              0
1                                                                              JUNE  20, 2025  MSC Nastran 11/21/24   PAGE    12
                                                                                                                                    
0                                                                                                                                   
                                                  S O R T E D   B U L K   D A T A   E C H O                                         
                 ENTRY                                                                                                              
                 COUNT        .   1  ..   2  ..   3  ..   4  ..   5  ..   6  ..   7  ..   8  ..   9  ..  10  .                      
                  181-        GRID   *43              0               2.1825841837E-17.23559488356    *
                  182-        *       -.17822740972   0
                  183-        GRID   *44              0               9.1845476537E-17.2181571871     *
                  184-        *       -.75            0
                  185-        GRID   *45              0               8.1617061209E-17.58036506176    *
                  186-        *       -.66647589207   0
                  187-        GRID   *46              0               1.2246063538E-16.7181571871     *
                  188-        *       -1.             0
                  189-        GRID   *47              0               8.7945987262E-171.              *
                  190-        *       -.71815720201   0
                  191-        GRID   *48              0               8.6135510881E-17.75227446109    *
                  192-        *       -.70337305218   0
                  193-        GRID   *49              0               9.1845476537E-170.              *
                  194-        *       -.75            0
                  195-        GRID   *50              0               1.2246063538E-16.2181571871     *
                  196-        *       -1.             0
                  197-        MAT8   *1               200000000000.   200000000000.   0.              *
                  198-        *       100000000000.   100000000000.   100000000000.   0.              *
                  199-        *       .0011           .0025           323.15
                  200-        PSHELL *1               1               .3              1               *
                  201-        *                       1                               0.
                  202-        PSHELL *2               1               .3              1               *
                  203-        *                       1                               0.
                  204-        SPC    *1               1               2               0.
                  205-        SPC    *1               1               3               0.
                  206-        SPC    *1               1               4               0.
                  207-        SPC    *1               1               5               0.
                  208-        SPC    *1               1               6               0.
                  209-        SPC    *1               2               2               0.
                  210-        SPC    *1               2               4               0.
                  211-        SPC    *1               2               6               0.
                  212-        SPC    *1               3               2               0.
                  213-        SPC    *1               3               4               0.
                  214-        SPC    *1               3               6               0.
                  215-        SPC    *1               4               2               0.
                  216-        SPC    *1               4               3               0.
                  217-        SPC    *1               4               4               0.
                  218-        SPC    *1               4               5               0.
                  219-        SPC    *1               4               6               0.
                  220-        SPC    *1               5               2               0.
                  221-        SPC    *1               5               4               0.
                  222-        SPC    *1               5               6               0.
                  223-        SPC    *1               7               2               0.
                  224-        SPC    *1               7               4               0.
                  225-        SPC    *1               7               6               0.
1                                                                              JUNE  20, 2025  MSC Nastran 11/21/24   PAGE    13
                                                                                                                                    
0                                                                                                                                   
                                                  S O R T E D   B U L K   D A T A   E C H O                                         
                 ENTRY                                                                                                              
                 COUNT        .   1  ..   2  ..   3  ..   4  ..   5  ..   6  ..   7  ..   8  ..   9  ..  10  .                      
                  226-        SPC    *1               8               3               0.
                  227-        SPC    *1               8               4               0.
                  228-        SPC    *1               8               5               0.
                  229-        SPC    *1               12              2               0.
                  230-        SPC    *1               12              4               0.
                  231-        SPC    *1               12              6               0.
                  232-        SPC    *1               13              3               0.
                  233-        SPC    *1               13              4               0.
                  234-        SPC    *1               13              5               0.
                  235-        SPC    *1               15              2               0.
                  236-        SPC    *1               15              4               0.
                  237-        SPC    *1               15              6               0.
                  238-        SPC    *1               17              3               0.
                  239-        SPC    *1               17              4               0.
                  240-        SPC    *1               17              5               0.
                  241-        SPC    *1               22              2               0.
                  242-        SPC    *1               22              4               0.
                  243-        SPC    *1               22              6               0.
                  244-        SPC    *1               24              2               0.
                  245-        SPC    *1               24              4               0.
                  246-        SPC    *1               24              6               0.
                  247-        SPC    *1               26              2               0.
                  248-        SPC    *1               26              3               0.
                  249-        SPC    *1               26              4               0.
                  250-        SPC    *1               26              5               0.
                  251-        SPC    *1               26              6               0.
                  252-        SPC    *1               27              2               0.
                  253-        SPC    *1               27              4               0.
                  254-        SPC    *1               27              6               0.
                  255-        SPC    *1               28              2               0.
                  256-        SPC    *1               28              4               0.
                  257-        SPC    *1               28              6               0.
                  258-        SPC    *1               29              2               0.
                  259-        SPC    *1               29              3               0.
                  260-        SPC    *1               29              4               0.
                  261-        SPC    *1               29              5               0.
                  262-        SPC    *1               29              6               0.
                  263-        SPC    *1               30              2               0.
                  264-        SPC    *1               30              4               0.
                  265-        SPC    *1               30              6               0.
                  266-        SPC    *1               32              2               0.
                  267-        SPC    *1               32              4               0.
                  268-        SPC    *1               32              6               0.
                  269-        SPC    *1               33              3               0.
                  270-        SPC    *1               33              4               0.
1                                                                              JUNE  20, 2025  MSC Nastran 11/21/24   PAGE    14
                                                                                                                                    
0                                                                                                                                   
                                                  S O R T E D   B U L K   D A T A   E C H O                                         
                 ENTRY                                                                                                              
                 COUNT        .   1  ..   2  ..   3  ..   4  ..   5  ..   6  ..   7  ..   8  ..   9  ..  10  .                      
                  271-        SPC    *1               33              5               0.
                  272-        SPC    *1               37              2               0.
                  273-        SPC    *1               37              4               0.
                  274-        SPC    *1               37              6               0.
                  275-        SPC    *1               38              3               0.
                  276-        SPC    *1               38              4               0.
                  277-        SPC    *1               38              5               0.
                  278-        SPC    *1               40              2               0.
                  279-        SPC    *1               40              4               0.
                  280-        SPC    *1               40              6               0.
                  281-        SPC    *1               42              3               0.
                  282-        SPC    *1               42              4               0.
                  283-        SPC    *1               42              5               0.
                  284-        SPC    *1               47              2               0.
                  285-        SPC    *1               47              4               0.
                  286-        SPC    *1               47              6               0.
                  287-        SPC    *1               49              2               0.
                  288-        SPC    *1               49              4               0.
                  289-        SPC    *1               49              6               0.
                  290-        TEMP   *1               1               326.15
                  291-        TEMP   *1               2               326.15
                  292-        TEMP   *1               3               326.15
                  293-        TEMP   *1               4               326.15
                  294-        TEMP   *1               5               326.15
                  295-        TEMP   *1               6               326.15
                  296-        TEMP   *1               7               326.15
                  297-        TEMP   *1               8               326.15
                  298-        TEMP   *1               9               326.15
                  299-        TEMP   *1               10              326.15
                  300-        TEMP   *1               11              326.15
                  301-        TEMP   *1               12              326.15
                  302-        TEMP   *1               13              326.15
                  303-        TEMP   *1               14              326.15
                  304-        TEMP   *1               15              326.15
                  305-        TEMP   *1               16              326.15
                  306-        TEMP   *1               17              326.15
                  307-        TEMP   *1               18              326.15
                  308-        TEMP   *1               19              326.15
                  309-        TEMP   *1               20              326.15
                  310-        TEMP   *1               21              326.15
                  311-        TEMP   *1               22              326.15
                  312-        TEMP   *1               23              326.15
                  313-        TEMP   *1               24              326.15
                  314-        TEMP   *1               25              326.15
                  315-        TEMP   *1               26              326.15
1                                                                              JUNE  20, 2025  MSC Nastran 11/21/24   PAGE    15
                                                                                                                                    
0                                                                                                                                   
                                                  S O R T E D   B U L K   D A T A   E C H O                                         
                 ENTRY                                                                                                              
                 COUNT        .   1  ..   2  ..   3  ..   4  ..   5  ..   6  ..   7  ..   8  ..   9  ..  10  .                      
                  316-        TEMP   *1               27              326.15
                  317-        TEMP   *1               28              326.15
                  318-        TEMP   *1               29              326.15
                  319-        TEMP   *1               30              326.15
                  320-        TEMP   *1               31              326.15
                  321-        TEMP   *1               32              326.15
                  322-        TEMP   *1               33              326.15
                  323-        TEMP   *1               34              326.15
                  324-        TEMP   *1               35              326.15
                  325-        TEMP   *1               36              326.15
                  326-        TEMP   *1               37              326.15
                  327-        TEMP   *1               38              326.15
                  328-        TEMP   *1               39              326.15
                  329-        TEMP   *1               40              326.15
                  330-        TEMP   *1               41              326.15
                  331-        TEMP   *1               42              326.15
                  332-        TEMP   *1               43              326.15
                  333-        TEMP   *1               44              326.15
                  334-        TEMP   *1               45              326.15
                  335-        TEMP   *1               46              326.15
                  336-        TEMP   *1               47              326.15
                  337-        TEMP   *1               48              326.15
                  338-        TEMP   *1               49              326.15
                  339-        TEMP   *1               50              326.15
                  340-        TEMPD  *1               323.15
                              ENDDATA
                        TOTAL COUNT= 341
                              INPUT BULK DATA ENTRY COUNT = 346
1                                                                              JUNE  20, 2025  MSC Nastran 11/21/24   PAGE    16
                                                                                                                                    
0                                                                                                                                   
                                        M O D E L   S U M M A R Y          BULK = 0
                                   ENTRY NAME        NUMBER OF ENTRIES
                                   ----------        -----------------
                                       CQUAD4                       16
                                       CTRIA3                       32
                                         GRID                       50
                                         MAT8                        1
                                       PSHELL                        2
                                     REJ_BULK                        5
                                          SPC                       86
                                         TEMP                       50
                                        TEMPD                        1

 *** USER WARNING MESSAGE 285 (DML)
     FATAL ERRORS WERE FOUND WHILE READING THIS BEGIN SECTION
      MODEL SUMMARY DOES NOT INCLUDE COUNT OF FATAL ENTITIES
 ^^^     
 ^^^ >>> IFP OPERATIONS COMPLETE <<< 
 ^^^     
 ^^^     
 *** USER FATAL MESSAGE 9002 (SUBDMAP IFPS)
     ERROR(S) ENCOUNTERED IN THE MAIN BULK DATA SECTION
     SEE MESSAGES ABOVE. ERROR ENCOUNTERED IN MODULE IFP,
 ^^^     
1                                                                              JUNE  20, 2025  MSC Nastran 11/21/24   PAGE    17
                                                                                                                                    
0                                                                                                                                   
0                                                                                                                                   
                                                                                                                                    
                                                                                                                                    
 *** USER INFORMATION MESSAGE 4425 (PRTPRN)
     ONE OR MORE FATAL ERRORS HAVE OCCURRED.  THERE MAY BE MORE ERROR MESSAGES IN THE PRECEDING OUTPUT
1                                                                              JUNE  20, 2025  MSC Nastran 11/21/24   PAGE    18
                                                                                                                                    
0                                                                                                                                   
 * * * *  D B D I C T   P R I N T  * * * *      SUBDMAP = PRTSUM  ,  DMAP STATEMENT NO.     75



0                                   * * * *  A N A L Y S I S  S U M M A R Y  T A B L E  * * * *
0 SEID  PEID PROJ VERS APRCH      SEMG SEMR SEKR SELG SELR MODES DYNRED SOLLIN SOLNL LOOPID DESIGN CYCLE SENSITIVITY
 -------------------------------------------------------------------------------------------------------------------
0SEID = SUPERELEMENT ID.
 PEID = PRIMARY SUPERELEMENT ID OF IMAGE SUPERELEMENT.
 PROJ = PROJECT ID NUMBER.
 VERS = VERSION ID.
 APRCH = BLANK FOR STRUCTURAL ANALYSIS.  HEAT FOR HEAT TRANSFER ANALYSIS.
 SEMG = STIFFNESS AND MASS MATRIX GENERATION STEP.
 SEMR = MASS MATRIX REDUCTION STEP (INCLUDES EIGENVALUE SOLUTION FOR MODES).
 SEKR = STIFFNESS MATRIX REDUCTION STEP.
 SELG = LOAD MATRIX GENERATION STEP.
 SELR = LOAD MATRIX REDUCTION STEP. 
 MODES = T (TRUE) IF NORMAL MODES OR BUCKLING MODES CALCULATED.
 DYNRED = T (TRUE) MEANS GENERALIZED DYNAMIC AND/OR COMPONENT MODE REDUCTION PERFORMED.
 SOLLIN = T (TRUE) IF LINEAR SOLUTION EXISTS IN DATABASE.
 LOOPID = THE LAST LOOPID VALUE USED IN THE NONLINEAR ANALYSIS.  USEFUL FOR RESTARTS.
 SOLNL = T (TRUE) IF NONLINEAR SOLUTION EXISTS IN DATABASE.
 DESIGN CYCLE = THE LAST DESIGN CYCLE (ONLY VALID IN OPTIMIZATION).
 SENSITIVITY = SENSITIVITY MATRIX GENERATION FLAG.
 
 No PARAM values were set in the Control File.
 
1                                        * * * END OF JOB * * *
 
 
 No Symbolic Replacement variables or values were specified.

