1
 
 
 
 
                      Warning: This computer program is protected by copyright law and international treaties.       
                  Unauthorized use, reproduction or distribution of this computer program, or any portion of it, may 
                                          result in severe civil and criminal penalties.                             
                         Copyright (C) 2024 Hexagon AB and/or its subsidiaries. All rights reserved.                 
 
 
                                              * * * * * * * * * * * * * * * * * * * *
                                              * * * * * * * * * * * * * * * * * * * *
                                              * *                                 * *
                                              * *           Hexagon AB            * *
                                              * *                                 * *
                                              * *                                 * *
                                              * *      M S C   N a s t r a n      * *
                                              * *                                 * *
                                              * *                                 * *
                                              * *                                 * *
                                              * *     Version 2024.2-af13cbfd     * *
                                              * *                                 * *
                                              * *                                 * *
                                              * *                                 * *
                                              * *          NOV 21, 2024           * *
                                              * *                                 * *
                                              * *              Intel              * *
                                              * *MODEL Intel(R) Xeon(R) W-2223 CP * *
                                              * *     Windows 10 Pro 6.2 9200     * *
                                              * *        Compiled for 8664        * *
                                              * *                                 * *
                                              * * * * * * * * * * * * * * * * * * * *
                                              * * * * * * * * * * * * * * * * * * * *
1News file
  
               Welcome to MSC Nastran 2024.2
  
   MSC Nastran brings powerful new features and enhancements for engineering
   solutions in several releases through the year. Key enhancements in
   Version 2024.2 are summarized below. Addtional details can be found in
   the MSC Nastran Version 2024.2 Release Guide.
  
     MSC Nastran 2024.2 Features and Enhancements
  
     High Performance Computing (HPC) for NVH
     - Improved performance for ACMS, especially for large solid models
     - Improved performance for FASTFR, particularly when structural
       damping is present
     - General performance improvement for high frequency acoustics
     - Improved diagnostics for linear solution available in LOG file
       Information includes solver selection and memory use
  
     Topology Optimization
     - SOL 200 NEO Topology Optimization for generative design with support for
       manufacturing constraints. Optimized CAD geometry and mesh output for
       every design cycle.
  
     High Performance SOL 400 (NLPERF)
     - Support Lagrange Multiplier for MPC and Rigid Elements
     - Controls distributed surface load computation for shell elements with
       offsets and the use of an additional enhancement for computing the
       average nodal normal vector
     - GPFORCE and ESE can be requested in ANALYSIS=NLSTAT
     - OUTCTRL={STD,SOLUTION,INTERM} keyword in NLOPRM case control statement is
       available
  
     Linear
     - Global-Local analysis in SOL 101 and 103. Creates a local model based on
       a user-provided definition (CARVE) and replaces the rest of the model
       with an external superelement. Allows for detailed local studies without
       having to solve the entire model every time.
     - Multiple Output requests of the same result item in linear solutions
       (SOL 101, 103, 108, 109, 111, 112) through the use of repeated output
       request subcase, REPCASE.
  
     NVH (Vibroacoustics)
     Automated skinning of solid elements free surfaces
     - Identify residual structure solid elements' exposed surfaces, and create
       required triangular or quadilateral shell elements on top of it
     - Stress and strain data recovery available for skinned shell elements
     - Supported in Linear solution sequences
     Acoustic Fluid Grid Participation Factors from fluid skin grids in touch
       with either structure wetted surface or trim components
1    Mass matrix support in Cohesive elements
     - supports mass matrix in cohesive elements for glue line modeling.
     Improved solution time and reduced disk space for Nastran-PEM models
  
     Aeroelasticity
     - Flutter Perturbation Step available in SOL 400 Nonlinear
  
     HDF5 hybrid precision output file
     - Allows writing of 32-bit real and 64-bit integer data to H5 file
     - Combines small size of 32-bit and high value domain ID of 64-bit
  
      Inertia Relief with External Superelements
     - For external superelements, inertia relief is now supported for the
       following three options: EXTSEOUT MATDB(MATRIXDB), EXTSEOUT DMIGDB, and
       EXTSEOUT DMIGOP2 for INREL = -1 and INREL = -2.
     - For the above three external superelement options, checks are now
       performed internally to insure that the inertia relief specifications
       between external superelement and the assembly run are consistent.
     - When verifying results, the user is reminded that with inertia relief,
       the displacements are relative displacements and may not in any way match
       the results of say a model containing all the external superelements
       processed as standard part superelements. However, element results
       such as force or stress should match closely between the two types of runs
       if consistently modeled.
  
  
     Documentation
     - The complete documentation set is provided in a separate installer and
       when installed is available at: MSC_DOC_DIR/doc/pdf_nastran directory,
       where MSC_DOC_DIR is the directory where documentation was installed.
       This help set includes cross references between documents, and links to
       how-to videos, and example files
  
     Individual MSC Nastran documents are available for download from the
       Simcompanion Website at:
       http://simcompanion.hexagon.com/
  
     The documentation set includes the following:
  
         1.  MSC Nastran 2024.2 Installation and Operations Guide
         2.  MSC Nastran 2024.2 Quick Reference Guide
         3.  MSC Nastran 2024.2 Release Guide
         4.  MSC Nastran 2024.2 Linear Statics Analysis User's Guide
         5.  MSC Nastran 2024.2 Dynamic Analysis User's Guide
         6.  MSC Nastran 2024.2 Superelements User's Guide
         7.  MSC Nastran 2024.2 Rotordynamics User's Guide
         8.  MSC Nastran 2024.2 Demonstration Problems Manual
         9.  MSC Nastran 2024.2 Nastran Embedded Fatigue User's Guide
        10.  MSC Nastran 2024.2 Design Sensitivity and Optimization
        11.  MSC Nastran 2024.2 Nonlinear User's Guide SOL 400
1       12.  MSC Nastran 2024.2 DMAP Programmer's Guide
        13.  MSC Nastran 2024.2 High Performance Computing User's Guide
        14.  MSC Nastran 2024.2 New Verification Manual
        15.  MSC Nastran 2024.2 DEMATD Guide
        16.  MSC Nastran 2024.2 Explicit Nonlinear (SOL 700) User's Guide
        17.  MSC Nastran 2024.2 ACMS User's Guide
  
   Please refer to  MSC_DOC_DIR/doc/pdf_nastran/nastran_library.pdf
   for the complete document set:
  
  
   Additional information about the release can be found at the MSC Nastran
   Product Support page: http://simcompanion.hexagon.com
  
   The support page provides links to these valuable information:
      * A searchable Knowledge Base containing examples and answers to thousands
        of frequently asked questions written by MSC Software subject-matter
        experts.
      * Peer-to-peer Discussion Forums enabling you to post questions for your
        MSC Software products and receive answers from other users worldwide.
      * A list of known issues with the product and any workarounds.
      * Instructions on how to contact technical support
      * A mechanism for sending us product feedback or enhancement requests.
      * Hardware and software requirements.
      * Examples and Tutorials
      * and much more.
  
   For information on training, please visit our Training web site
  
      https://hexagon.com/support-success/manufacturing-intelligence/
      design-engineering-support/training-materials
  
1                                                                              JUNE  20, 2025  MSC Nastran 11/21/24   PAGE     1
                                                                                                                                    
0        N A S T R A N    F I L E    A N D    S Y S T E M    P A R A M E T E R    E C H O                                           
0                                                                                                                                   
                                                                                                                                    
                                                                                                                                    
     $ SYSFIELD=SCR*(RAW=YES,BUFFIO=YES,WNUM=16,WSIZE=16MB) $(C:/PROGRAM FILES/MSC.SO
     $ SYSFIELD=DBALL(RAW=YES,BUFFIO=YES,WNUM=16,WSIZE=16MB) $(C:/PROGRAM FILES/MSC.S
     NASTRAN BUFFSIZE=65537 $(C:/PROGRAM FILES/MSC.SOFTWARE/MSC_NASTRAN/2024.2/CONF/N
     NASTRAN PARALLEL=1 $([3])                                                       
     $ GENERATED BY MECWAY 29                                                        
     $-------------EXECUTIVE CONTROL SECTION-------------                            
1                                                                              JUNE  20, 2025  MSC Nastran 11/21/24   PAGE     2
                                                                                                                                    
0        N A S T R A N    E X E C U T I V E    C O N T R O L    E C H O                                                             
0                                                                                                                                   
                                                                                                                                    
                                                                                                                                    
     SOL 101                                                                                 
     CEND                                                                                    
1                                                                              JUNE  20, 2025  MSC Nastran 11/21/24   PAGE     3
                                                                                                                                    
0                                                                                                                                   
0                                        C A S E    C O N T R O L    E C H O                                                        
                 COMMAND                                                                                                            
                 COUNT                                                                                                              
                  1      $---------------CASE CONTROL SECTION----------------                                    
                  2      DISPLACEMENT = ALL                                                                      
                  3      $                                                                                       
                  4        ACCELERATION(PRINT,PLOT) = ALL                                                        
                  5        DISPLACEMENT(PRINT, PLOT) = ALL                                                       
 *** USER WARNING MESSAGE 602 (IFP1D)
     TWO OR MORE OF THE ABOVE CARD TYPES DETECTED WHERE ONLY ONE IS
     LEGAL.   THE LAST FOUND WILL BE USED.
                  6        GPFORCE(PRINT, PLOT) = ALL                                                            
                  7        MPCFORCES(PRINT, PLOT) = ALL                                                          
                  8        OLOAD(PRINT, PLOT)= ALL                                                               
                  9        SPCFORCES(PRINT, PLOT) = ALL                                                          
                 10        FORCE(PRINT, PLOT) = ALL                                                              
                 11        STRESS(PRINT, PLOT, CORNER)= ALL                                                      
                 12        STRAIN(PRINT, PLOT, CORNER)= ALL                                                      
                 13      $                                                                                       
                 14      SPC = 1                                                                                 
                 15      BEGIN BULK                                                                              
1                                                                              JUNE  20, 2025  MSC Nastran 11/21/24   PAGE     4
                                                                                                                                    
0                                                                                                                                   
                                              I N P U T   B U L K   D A T A   E C H O                                               
                 ENTRY                                                                                                              
                 COUNT        .   1  ..   2  ..   3  ..   4  ..   5  ..   6  ..   7  ..   8  ..   9  ..  10  .                      
 *** USER WARNING MESSAGE 9994 (BULKEF)
      The following lines could not be processed by the current IFPSTAR rule base.
      They are being passed to Classic IFP for an additional attempt at resolution.
                                PARAM, POST,-1
1                                                                              JUNE  20, 2025  MSC Nastran 11/21/24   PAGE     5
                                                                                                                                    
0                                                                                                                                   
                                                  S O R T E D   B U L K   D A T A   E C H O                                         
                 ENTRY                                                                                                              
                 COUNT        .   1  ..   2  ..   3  ..   4  ..   5  ..   6  ..   7  ..   8  ..   9  ..  10  .                      
                    1-        CHEXA  *1               2               8               4               *
                    2-        *       3               7               5               1               *
                    3-        *       2               6
                    4-        CORD2R *1               0               0.              0.              *
                    5-        *       0.              .70710678119    0.              .70710678119    *
                    6-        *       .70710678119    0.              -.70710678119
                    7-        GRID   *1               0               0.              0.              *
                    8-        *       0.              0
                    9-        GRID   *2               0               .00070710678119 0.              *
                   10-        *       -.000707106781190
                   11-        GRID   *3               0               .00070710678119 .001            *
                   12-        *       -.000707106781190
                   13-        GRID   *4               0               0.              .001            *
                   14-        *       0.              0
                   15-        GRID   *5               0               .00070710678119 0.              *
                   16-        *       .00070710678119 1
                   17-        GRID   *6               0               .0014142135624  0.              *
                   18-        *       -1.1694812212-181
                   19-        GRID   *7               0               .0014142135624  .001            *
                   20-        *       -1.1694812212-181
                   21-        GRID   *8               0               .00070710678119 .001            *
                   22-        *       .00070710678119 1
                   23-        MAT1   *1               200000000000.   100000000000.   0.              *
                   24-        *       0.              0.              0.
                   25-        PSOLID *2               1               0               2               *
                   26-        *                       FULL
                   27-        SPC    *1               1               1               0.
                   28-        SPC    *1               1               2               0.
                   29-        SPC    *1               1               3               0.
                   30-        SPC    *1               2               1               0.
                   31-        SPC    *1               2               2               0.
                   32-        SPC    *1               2               3               0.
                   33-        SPC    *1               3               1               0.
                   34-        SPC    *1               3               2               0.
                   35-        SPC    *1               3               3               0.
                   36-        SPC    *1               4               1               0.
                   37-        SPC    *1               4               2               0.
                   38-        SPC    *1               4               3               0.
                   39-        SPC    *1               5               3               -.0001
                   40-        SPC    *1               6               3               -.0001
                   41-        SPC    *1               7               3               -.0001
                   42-        SPC    *1               8               3               -.0001
                              ENDDATA
                        TOTAL COUNT= 43
                              INPUT BULK DATA ENTRY COUNT = 48
1                                                                              JUNE  20, 2025  MSC Nastran 11/21/24   PAGE     6
                                                                                                                                    
0                                                                                                                                   
1                                                                              JUNE  20, 2025  MSC Nastran 11/21/24   PAGE     7
                                                                                                                                    
0                                                                                                                                   
                                        M O D E L   S U M M A R Y          BULK = 0
                                   ENTRY NAME        NUMBER OF ENTRIES
                                   ----------        -----------------
                                        CHEXA                        1
                                       CORD2R                        1
                                         GRID                        8
                                         MAT1                        1
                                       PSOLID                        1
                                     REJ_BULK                        5
                                          SPC                       16

 ^^^     
 ^^^ >>> IFP OPERATIONS COMPLETE <<< 
 ^^^     
 *** USER INFORMATION MESSAGE 4109 (OUTPX2)
     THE LABEL IS XXXXXXXX FOR FORTRAN UNIT    12
     (MAXIMUM SIZE OF FORTRAN RECORDS WRITTEN =          7 WORDS.)
           (NUMBER OF FORTRAN RECORDS WRITTEN =          8 RECORDS.)
                (TOTAL DATA WRITTEN FOR LABEL =         17 WORDS.)
 *** USER INFORMATION MESSAGE 4114 (OUTPX2)
     DATA BLOCK GEOM1X   WRITTEN ON FORTRAN UNIT    12 IN BINARY (LTLEND) FORMAT USING NDDL DESCRIPTION FOR GEOM168, TRL =
                    101                 0              2048                 8                 0                 0                 0
     NAME OF DATA BLOCK WRITTEN ON FORTRAN UNIT IS GEOM1   
        (MAXIMUM POSSIBLE FORTRAN RECORD SIZE =      131074 WORDS.)
     (MAXIMUM SIZE OF FORTRAN RECORDS WRITTEN =          67 WORDS.)
           (NUMBER OF FORTRAN RECORDS WRITTEN =          25 RECORDS.)
           (TOTAL DATA WRITTEN FOR DATA BLOCK =         118 WORDS.)
 *** USER INFORMATION MESSAGE 4114 (OUTPX2)
     DATA BLOCK GEOM2X   WRITTEN ON FORTRAN UNIT    12 IN BINARY (LTLEND) FORMAT USING NDDL DESCRIPTION FOR GEOM201, TRL =
                    102                 0                 0                 0                 0               128                 0
     NAME OF DATA BLOCK WRITTEN ON FORTRAN UNIT IS GEOM2   
        (MAXIMUM POSSIBLE FORTRAN RECORD SIZE =      131074 WORDS.)
     (MAXIMUM SIZE OF FORTRAN RECORDS WRITTEN =          25 WORDS.)
           (NUMBER OF FORTRAN RECORDS WRITTEN =          20 RECORDS.)
           (TOTAL DATA WRITTEN FOR DATA BLOCK =          56 WORDS.)
 *** USER INFORMATION MESSAGE 4114 (OUTPX2)
     DATA BLOCK GEOM4X   WRITTEN ON FORTRAN UNIT    12 IN BINARY (LTLEND) FORMAT USING NDDL DESCRIPTION FOR GEOM4705, TRL =
                    104                 0                 0                 0               512                 0                 0
     NAME OF DATA BLOCK WRITTEN ON FORTRAN UNIT IS GEOM4   
        (MAXIMUM POSSIBLE FORTRAN RECORD SIZE =      131074 WORDS.)
     (MAXIMUM SIZE OF FORTRAN RECORDS WRITTEN =          67 WORDS.)
           (NUMBER OF FORTRAN RECORDS WRITTEN =          20 RECORDS.)
           (TOTAL DATA WRITTEN FOR DATA BLOCK =          98 WORDS.)
1                                                                              JUNE  20, 2025  MSC Nastran 11/21/24   PAGE     8
                                                                                                                                    
0                                                                                                                                   
0                                                                                                                                   
                                                                                                                                    
                                                                                                                                    
 *** USER INFORMATION MESSAGE 4114 (OUTPX2)
     DATA BLOCK EPTX     WRITTEN ON FORTRAN UNIT    12 IN BINARY (LTLEND) FORMAT USING NDDL DESCRIPTION FOR EPT01, TRL =
                    105                 0               256                 0                 0                 0                 0
     NAME OF DATA BLOCK WRITTEN ON FORTRAN UNIT IS EPT     
        (MAXIMUM POSSIBLE FORTRAN RECORD SIZE =      131074 WORDS.)
     (MAXIMUM SIZE OF FORTRAN RECORDS WRITTEN =          10 WORDS.)
           (NUMBER OF FORTRAN RECORDS WRITTEN =          20 RECORDS.)
           (TOTAL DATA WRITTEN FOR DATA BLOCK =          41 WORDS.)
 *** USER INFORMATION MESSAGE 4114 (OUTPX2)
     DATA BLOCK MPTS     WRITTEN ON FORTRAN UNIT    12 IN BINARY (LTLEND) FORMAT USING NDDL DESCRIPTION FOR MPTS, TRL =
                    101             32768                 0                 0                 0                 0                 0
     NAME OF DATA BLOCK WRITTEN ON FORTRAN UNIT IS MPT     
        (MAXIMUM POSSIBLE FORTRAN RECORD SIZE =      131074 WORDS.)
     (MAXIMUM SIZE OF FORTRAN RECORDS WRITTEN =          15 WORDS.)
           (NUMBER OF FORTRAN RECORDS WRITTEN =          20 RECORDS.)
           (TOTAL DATA WRITTEN FOR DATA BLOCK =          46 WORDS.)
 *** USER INFORMATION MESSAGE 4114 (OUTPX2)
     DATA BLOCK CASESO   WRITTEN ON FORTRAN UNIT    12 IN BINARY (LTLEND) FORMAT USING NDDL DESCRIPTION FOR CASES, TRL =
                    101                 1                 0              1000                 0                 0                 0
     NAME OF DATA BLOCK WRITTEN ON FORTRAN UNIT IS CASECC  
        (MAXIMUM POSSIBLE FORTRAN RECORD SIZE =      131074 WORDS.)
     (MAXIMUM SIZE OF FORTRAN RECORDS WRITTEN =        1000 WORDS.)
           (NUMBER OF FORTRAN RECORDS WRITTEN =          15 RECORDS.)
           (TOTAL DATA WRITTEN FOR DATA BLOCK =        1024 WORDS.)
 *** USER INFORMATION MESSAGE 4114 (OUTPX2)
     DATA BLOCK CSTMS    WRITTEN ON FORTRAN UNIT    12 IN BINARY (LTLEND) FORMAT USING NDDL DESCRIPTION FOR CSTMS, TRL =
                    102                 8                 1                 1                 2                12                 0
     NAME OF DATA BLOCK WRITTEN ON FORTRAN UNIT IS CSTM    
        (MAXIMUM POSSIBLE FORTRAN RECORD SIZE =      131074 WORDS.)
     (MAXIMUM SIZE OF FORTRAN RECORDS WRITTEN =          12 WORDS.)
           (NUMBER OF FORTRAN RECORDS WRITTEN =          20 RECORDS.)
           (TOTAL DATA WRITTEN FOR DATA BLOCK =          44 WORDS.)
1                                                                              JUNE  20, 2025  MSC Nastran 11/21/24   PAGE     9
                                                                                                                                    
0                                                                                                                                   
 *** USER INFORMATION MESSAGE 7310 (VECPRN)
     ORIGIN OF SUPERELEMENT OR MODULE BASIC COORDINATE SYSTEM WILL BE USED AS REFERENCE LOCATION.
     RESULTANTS ABOUT ORIGIN OF SUPERELEMENT OR MODULE BASIC COORDINATE SYSTEM IN SUPERELEMENT OR MODULE
     BASIC SYSTEM COORDINATES.
0                                                  OLOAD    RESULTANT       
  SUBCASE/    LOAD
  DAREA ID    TYPE       T1            T2            T3            R1            R2            R3
0        1     FX    0.000000E+00     ----          ----          ----       0.000000E+00  0.000000E+00                             
               FY       ----       0.000000E+00     ----       0.000000E+00     ----       0.000000E+00                             
               FZ       ----          ----       0.000000E+00  0.000000E+00  0.000000E+00     ----                                  
               MX       ----          ----          ----       0.000000E+00     ----          ----                                  
               MY       ----          ----          ----          ----       0.000000E+00     ----                                  
               MZ       ----          ----          ----          ----          ----       0.000000E+00                             
             TOTALS  0.000000E+00  0.000000E+00  0.000000E+00  0.000000E+00  0.000000E+00  0.000000E+00
1                                                                              JUNE  20, 2025  MSC Nastran 11/21/24   PAGE    10
                                                                                                                                    
0                                                                                                                                   
  
 *** SYSTEM INFORMATION MESSAGE 4159 (DFMSA)
     THE DECOMPOSITION OF KLL      YIELDS A MAXIMUM MATRIX-TO-FACTOR-DIAGONAL RATIO OF    1.641026E+00
 ^^^     
 *** USER INFORMATION MESSAGE 15201 (SUBDMAP SEKRRS)
      Condition number of stiffness matrix = 4.333333E+00
 ^^^     
 *** USER INFORMATION MESSAGE 5293 (SSG3B)
    FOR DATA BLOCK KLL     
    LOAD SEQ. NO.             EPSILON              EXTERNAL WORK      EPSILONS LARGER THAN 0.001 ARE FLAGGED WITH ASTERISKS
                1          4.6794705E-17          2.4997655E-23
1                                                                              JUNE  20, 2025  MSC Nastran 11/21/24   PAGE    11
                                                                                                                                    
0                                                                                                                                   
 *** USER INFORMATION MESSAGE 7310 (VECPRN)
     ORIGIN OF SUPERELEMENT OR MODULE BASIC COORDINATE SYSTEM WILL BE USED AS REFERENCE LOCATION.
     RESULTANTS ABOUT ORIGIN OF SUPERELEMENT OR MODULE BASIC COORDINATE SYSTEM IN SUPERELEMENT OR MODULE
     BASIC SYSTEM COORDINATES.
0                                                  SPCFORCE RESULTANT       
  SUBCASE/    LOAD
  DAREA ID    TYPE       T1            T2            T3            R1            R2            R3
0        1     FX   -1.818989E-12     ----          ----          ----      -1.000000E+01  8.480897E-16                             
               FY       ----      -2.273737E-13     ----      -5.359624E-17     ----      -5.359624E-17                             
               FZ       ----          ----       0.000000E+00  4.008875E-17  1.000000E+01     ----                                  
               MX       ----          ----          ----       0.000000E+00     ----          ----                                  
               MY       ----          ----          ----          ----       0.000000E+00     ----                                  
               MZ       ----          ----          ----          ----          ----       0.000000E+00                             
             TOTALS -1.818989E-12 -2.273737E-13  0.000000E+00 -1.350749E-17  3.552714E-15  7.944934E-16
1                                                                              JUNE  20, 2025  MSC Nastran 11/21/24   PAGE    12
                                                                                                                                    
0                                                                                                                                   
 *** USER INFORMATION MESSAGE 7310 (VECPRN)
     ORIGIN OF SUPERELEMENT OR MODULE BASIC COORDINATE SYSTEM WILL BE USED AS REFERENCE LOCATION.
     RESULTANTS ABOUT ORIGIN OF SUPERELEMENT OR MODULE BASIC COORDINATE SYSTEM IN SUPERELEMENT OR MODULE
     BASIC SYSTEM COORDINATES.
0                                                  MPCFORCE RESULTANT       
  SUBCASE/    LOAD
  DAREA ID    TYPE       T1            T2            T3            R1            R2            R3
0        1     FX    0.000000E+00     ----          ----          ----       0.000000E+00  0.000000E+00                             
               FY       ----       0.000000E+00     ----       0.000000E+00     ----       0.000000E+00                             
               FZ       ----          ----       0.000000E+00  0.000000E+00  0.000000E+00     ----                                  
               MX       ----          ----          ----       0.000000E+00     ----          ----                                  
               MY       ----          ----          ----          ----       0.000000E+00     ----                                  
               MZ       ----          ----          ----          ----          ----       0.000000E+00                             
             TOTALS  0.000000E+00  0.000000E+00  0.000000E+00  0.000000E+00  0.000000E+00  0.000000E+00
 *** USER WARNING MESSAGE 6418 (SDR2A)
     THE BILIN OPTION FOR STRESSES OVERRIDES ALL OTHER OPTIONS IN STRAIN AND FORCE COMMANDS.
 *** USER INFORMATION MESSAGE 4114 (OUTPX2)
     DATA BLOCK OQG1     WRITTEN ON FORTRAN UNIT    12 IN BINARY (LTLEND) FORMAT USING NDDL DESCRIPTION FOR OQG1, TRL =
                    101                 0                64                 0                 0                 0                 3
     NAME OF DATA BLOCK WRITTEN ON FORTRAN UNIT IS OQG1    
        (MAXIMUM POSSIBLE FORTRAN RECORD SIZE =      131074 WORDS.)
     (MAXIMUM SIZE OF FORTRAN RECORDS WRITTEN =         146 WORDS.)
           (NUMBER OF FORTRAN RECORDS WRITTEN =          20 RECORDS.)
           (TOTAL DATA WRITTEN FOR DATA BLOCK =         243 WORDS.)
 *** USER INFORMATION MESSAGE 4114 (OUTPX2)
     DATA BLOCK OQMG1    WRITTEN ON FORTRAN UNIT    12 IN BINARY (LTLEND) FORMAT USING NDDL DESCRIPTION FOR OQMG1, TRL =
                    102                 0                64                 0                 0                 0                 3
     NAME OF DATA BLOCK WRITTEN ON FORTRAN UNIT IS OQMG1   
        (MAXIMUM POSSIBLE FORTRAN RECORD SIZE =      131074 WORDS.)
     (MAXIMUM SIZE OF FORTRAN RECORDS WRITTEN =         146 WORDS.)
           (NUMBER OF FORTRAN RECORDS WRITTEN =          20 RECORDS.)
           (TOTAL DATA WRITTEN FOR DATA BLOCK =         243 WORDS.)
 *** USER INFORMATION MESSAGE 4114 (OUTPX2)
     DATA BLOCK OUG1     WRITTEN ON FORTRAN UNIT    12 IN BINARY (LTLEND) FORMAT USING NDDL DESCRIPTION FOR OUG1, TRL =
                    101                 0                64                 0                 0                 0                 3
     NAME OF DATA BLOCK WRITTEN ON FORTRAN UNIT IS OUG1    
        (MAXIMUM POSSIBLE FORTRAN RECORD SIZE =      131074 WORDS.)
     (MAXIMUM SIZE OF FORTRAN RECORDS WRITTEN =         146 WORDS.)
           (NUMBER OF FORTRAN RECORDS WRITTEN =          20 RECORDS.)
           (TOTAL DATA WRITTEN FOR DATA BLOCK =         243 WORDS.)
1                                                                              JUNE  20, 2025  MSC Nastran 11/21/24   PAGE    13
                                                                                                                                    
0                                                                                                                                   
 
                                             D I S P L A C E M E N T   V E C T O R
 
      POINT ID.   TYPE          T1             T2             T3             R1             R2             R3
             1      G      0.0            0.0            0.0            0.0            0.0            0.0
             2      G      0.0            0.0            0.0            0.0            0.0            0.0
             3      G      0.0            0.0            0.0            0.0            0.0            0.0
             4      G      0.0            0.0            0.0            0.0            0.0            0.0
             5      G     -7.070756E-16   3.718793E-21  -1.000000E-04   0.0            0.0            0.0
             6      G     -7.070780E-16  -1.823534E-21  -1.000000E-04   0.0            0.0            0.0
             7      G     -7.070693E-16   4.366765E-22  -1.000000E-04   0.0            0.0            0.0
             8      G     -7.070716E-16   4.974082E-21  -1.000000E-04   0.0            0.0            0.0
1                                                                              JUNE  20, 2025  MSC Nastran 11/21/24   PAGE    14
                                                                                                                                    
0                                                                                                                                   
 
                               F O R C E S   O F   S I N G L E - P O I N T   C O N S T R A I N T
 
      POINT ID.   TYPE          T1             T2             T3             R1             R2             R3
             1      G      3.535534E+03   1.941570E-14   3.535534E+03   0.0            0.0            0.0
             2      G      3.535534E+03  -3.493774E-14   3.535534E+03   0.0            0.0            0.0
             3      G      3.535534E+03  -4.085879E-14   3.535534E+03   0.0            0.0            0.0
             4      G      3.535534E+03  -1.709928E-13   3.535534E+03   0.0            0.0            0.0
             5      G      0.0            0.0           -5.000000E+03   0.0            0.0            0.0
             6      G      0.0            0.0           -5.000000E+03   0.0            0.0            0.0
             7      G      0.0            0.0           -5.000000E+03   0.0            0.0            0.0
             8      G      0.0            0.0           -5.000000E+03   0.0            0.0            0.0
1                                                                              JUNE  20, 2025  MSC Nastran 11/21/24   PAGE    15
                                                                                                                                    
0                                                                                                                                   
 
                        S T R A I N S   I N   H E X A H E D R O N   S O L I D   E L E M E N T S   ( H E X A )
0                CORNER        ------CENTER AND CORNER POINT  STRAINS---------       DIR.  COSINES       MEAN                   
  ELEMENT-ID    GRID-ID        NORMAL              SHEAR             PRINCIPAL       -A-  -B-  -C-     PRESSURE       VON MISES 
0         1           0GRID CS  8 GP
0                CENTER  X  -5.000000E-02  XY  -1.871444E-18   A   0.0           LX 0.0  0.71 0.0    3.333333E-02    6.666667E-02
                         Y   8.788750E-19  YZ   8.306757E-19   B  -1.000000E-01  LY 0.0  0.00 0.0
                         Z  -5.000000E-02  ZX  -1.000000E-01   C   0.0           LZ 0.0  0.71 0.0
0                     8  X  -5.000000E-02  XY   2.801580E-18   A   0.0           LX 0.0  0.71 0.0    3.333333E-02    6.666667E-02
                         Y   1.255289E-18  YZ   4.232834E-18   B  -1.000000E-01  LY 0.0 -0.00 0.0
                         Z  -5.000000E-02  ZX  -1.000000E-01   C   1.387779E-17  LZ 0.0  0.71 0.0
0                     4  X  -5.000000E-02  XY   3.806472E-18   A   0.0           LX 0.0  0.71 0.0    3.333333E-02    6.666667E-02
                         Y  -2.034807E-35  YZ   3.806472E-18   B  -1.000000E-01  LY 0.0 -0.00 0.0
                         Z  -5.000000E-02  ZX  -1.000000E-01   C   0.0           LZ 0.0  0.71 0.0
0                     3  X  -5.000000E-02  XY   5.980415E-19   A   0.0           LX 0.0  0.71 0.0    3.333333E-02    6.666667E-02
                         Y  -1.786365E-36  YZ   5.980415E-19   B  -1.000000E-01  LY 0.0 -0.00 0.0
                         Z  -5.000000E-02  ZX  -1.000000E-01   C   0.0           LZ 0.0  0.71 0.0
0                     7  X  -5.000000E-02  XY   3.558910E-18   A   0.0           LX 0.0  0.71 0.0    3.333333E-02    6.666667E-02
                         Y   2.260211E-18  YZ  -2.362827E-18   B  -1.000000E-01  LY 0.0 -0.00 0.0
                         Z  -5.000000E-02  ZX  -1.000000E-01   C  -6.938894E-18  LZ 0.0  0.71 0.0
0                     5  X  -5.000000E-02  XY   1.512146E-18   A   0.0           LX 0.0  0.71 0.0    3.333333E-02    6.666667E-02
                         Y   1.255289E-18  YZ   3.747021E-18   B  -1.000000E-01  LY 0.0 -0.00 0.0
                         Z  -5.000000E-02  ZX  -1.000000E-01   C   6.938894E-18  LZ 0.0  0.71 0.0
0                     1  X  -5.000000E-02  XY   2.918848E-18   A   0.0           LX 0.0  0.71 0.0    3.333333E-02    6.666667E-02
                         Y  -1.521291E-35  YZ   2.918848E-18   B  -1.000000E-01  LY 0.0 -0.00 0.0
                         Z  -5.000000E-02  ZX  -1.000000E-01   C   0.0           LZ 0.0  0.71 0.0
0                     2  X  -5.000000E-02  XY  -1.000169E-18   A   0.0           LX 0.0  0.71 0.0    3.333333E-02    6.666667E-02
                         Y   7.459750E-36  YZ  -1.000169E-18   B  -1.000000E-01  LY 0.0  0.00 0.0
                         Z  -5.000000E-02  ZX  -1.000000E-01   C   0.0           LZ 0.0  0.71 0.0
0                     6  X  -5.000000E-02  XY   1.250113E-18   A   0.0           LX 0.0  0.71 0.0    3.333333E-02    6.666667E-02
                         Y   2.260211E-18  YZ  -3.250451E-18   B  -1.000000E-01  LY 0.0  0.00 0.0
                         Z  -5.000000E-02  ZX  -1.000000E-01   C   0.0           LZ 0.0  0.71 0.0
1                                                                              JUNE  20, 2025  MSC Nastran 11/21/24   PAGE    16
                                                                                                                                    
0                                                                                                                                   
 
                      S T R E S S E S   I N   H E X A H E D R O N   S O L I D   E L E M E N T S   ( H E X A )
0                CORNER        ------CENTER AND CORNER POINT STRESSES---------       DIR.  COSINES       MEAN                   
  ELEMENT-ID    GRID-ID        NORMAL              SHEAR             PRINCIPAL       -A-  -B-  -C-     PRESSURE       VON MISES 
0         1           0GRID CS  8 GP
0                CENTER  X  -1.000000E+10  XY  -3.170369E-07   A  -9.536743E-07  LX 0.0  0.71 0.0    6.666667E+09    2.000000E+10
                         Y   1.757750E-07  YZ  -3.937696E-07   B  -2.000000E+10  LY 0.0  0.00 0.0
                         Z  -1.000000E+10  ZX  -1.000000E+10   C   9.536743E-07  LZ 0.0  0.71 0.0
0                     8  X  -1.000000E+10  XY   2.801580E-07   A  -9.536743E-07  LX 0.0  0.71 0.0    6.666667E+09    2.000000E+10
                         Y   2.510579E-07  YZ   4.232834E-07   B  -2.000000E+10  LY 0.0 -0.00 0.0
                         Z  -1.000000E+10  ZX  -1.000000E+10   C   1.907349E-06  LZ 0.0  0.71 0.0
0                     4  X  -1.000000E+10  XY   3.806472E-07   A  -9.536743E-07  LX 0.0  0.71 0.0    6.666667E+09    2.000000E+10
                         Y  -4.069614E-24  YZ   3.806472E-07   B  -2.000000E+10  LY 0.0 -0.00 0.0
                         Z  -1.000000E+10  ZX  -1.000000E+10   C  -9.536743E-07  LZ 0.0  0.71 0.0
0                     3  X  -1.000000E+10  XY   5.980415E-08   A   0.0           LX 0.0  0.71 0.0    6.666667E+09    2.000000E+10
                         Y  -3.572729E-25  YZ   5.980415E-08   B  -2.000000E+10  LY 0.0 -0.00 0.0
                         Z  -1.000000E+10  ZX  -1.000000E+10   C   9.536743E-07  LZ 0.0  0.71 0.0
0                     7  X  -1.000000E+10  XY   3.558910E-07   A   9.536743E-07  LX 0.0  0.71 0.0    6.666667E+09    2.000000E+10
                         Y   4.520422E-07  YZ  -2.362827E-07   B  -2.000000E+10  LY 0.0 -0.00 0.0
                         Z  -1.000000E+10  ZX  -1.000000E+10   C   0.0           LZ 0.0  0.71 0.0
0                     5  X  -1.000000E+10  XY   1.512146E-07   A  -9.536743E-07  LX 0.0  0.71 0.0    6.666667E+09    2.000000E+10
                         Y   2.510579E-07  YZ   3.747021E-07   B  -2.000000E+10  LY 0.0 -0.00 0.0
                         Z  -1.000000E+10  ZX  -1.000000E+10   C   1.907349E-06  LZ 0.0  0.71 0.0
0                     1  X  -1.000000E+10  XY   2.918848E-07   A  -9.536743E-07  LX 0.0  0.71 0.0    6.666667E+09    2.000000E+10
                         Y  -3.042582E-24  YZ   2.918848E-07   B  -2.000000E+10  LY 0.0 -0.00 0.0
                         Z  -1.000000E+10  ZX  -1.000000E+10   C  -9.536743E-07  LZ 0.0  0.71 0.0
0                     2  X  -1.000000E+10  XY  -1.000169E-07   A   0.0           LX 0.0  0.71 0.0    6.666667E+09    2.000000E+10
                         Y   1.491950E-24  YZ  -1.000169E-07   B  -2.000000E+10  LY 0.0  0.00 0.0
                         Z  -1.000000E+10  ZX  -1.000000E+10   C   9.536743E-07  LZ 0.0  0.71 0.0
0                     6  X  -1.000000E+10  XY   1.250113E-07   A   9.536743E-07  LX 0.0  0.71 0.0    6.666667E+09    2.000000E+10
                         Y   4.520422E-07  YZ  -3.250451E-07   B  -2.000000E+10  LY 0.0  0.00 0.0
                         Z  -1.000000E+10  ZX  -1.000000E+10   C   0.0           LZ 0.0  0.71 0.0
1                                                                              JUNE  20, 2025  MSC Nastran 11/21/24   PAGE    17
                                                                                                                                    
0                                                                                                                                   
 
                                          G R I D   P O I N T   F O R C E   B A L A N C E
 
   POINT-ID    ELEMENT-ID     SOURCE             T1             T2             T3             R1             R2             R3
          1                  F-OF-SPC       3.535534E+03   1.941570E-14   3.535534E+03   0.0            0.0            0.0
          1             1    HEXA          -3.535534E+03   9.115518E-14  -3.535534E+03   0.0            0.0            0.0
          1                  *TOTALS*       0.0            1.105709E-13   4.547474E-13   0.0            0.0            0.0
0         2                  F-OF-SPC       3.535534E+03  -3.493774E-14   3.535534E+03   0.0            0.0            0.0
          2             1    HEXA          -3.535534E+03   3.319687E-14  -3.535534E+03   0.0            0.0            0.0
          2                  *TOTALS*      -4.547474E-13  -1.740870E-15   4.547474E-13   0.0            0.0            0.0
0         3                  F-OF-SPC       3.535534E+03  -4.085879E-14   3.535534E+03   0.0            0.0            0.0
          3             1    HEXA          -3.535534E+03  -9.234568E-15  -3.535534E+03   0.0            0.0            0.0
          3                  *TOTALS*       0.0           -5.009336E-14   0.0            0.0            0.0            0.0
0         4                  F-OF-SPC       3.535534E+03  -1.709928E-13   3.535534E+03   0.0            0.0            0.0
          4             1    HEXA          -3.535534E+03   1.703029E-13  -3.535534E+03   0.0            0.0            0.0
          4                  *TOTALS*      -4.547474E-13  -6.899781E-16   0.0            0.0            0.0            0.0
0         5                  F-OF-SPC       0.0            0.0           -5.000000E+03   0.0            0.0            0.0
          5             1    HEXA          -2.273737E-13   6.268489E-14   5.000000E+03   0.0            0.0            0.0
          5                  *TOTALS*      -2.273737E-13   6.268489E-14   0.0            0.0            0.0            0.0
0         6                  F-OF-SPC       0.0            0.0           -5.000000E+03   0.0            0.0            0.0
          6             1    HEXA           0.0            2.374767E-14   5.000000E+03   0.0            0.0            0.0
          6                  *TOTALS*       0.0            2.374767E-14   0.0            0.0            0.0            0.0
0         7                  F-OF-SPC       0.0            0.0           -5.000000E+03   0.0            0.0            0.0
          7             1    HEXA           0.0           -4.512479E-14   5.000000E+03   0.0            0.0            0.0
          7                  *TOTALS*       0.0           -4.512479E-14   0.0            0.0            0.0            0.0
0         8                  F-OF-SPC       0.0            0.0           -5.000000E+03   0.0            0.0            0.0
          8             1    HEXA           0.0           -4.251102E-14   5.000000E+03   0.0            0.0            0.0
          8                  *TOTALS*       0.0           -4.251102E-14   9.094947E-13   0.0            0.0            0.0
 *** USER INFORMATION MESSAGE 4114 (OUTPX2)
     DATA BLOCK OGPFB1   WRITTEN ON FORTRAN UNIT    12 IN BINARY (LTLEND) FORMAT USING NDDL DESCRIPTION FOR OGPFB1, TRL =
                    101                 0                 1                 0                 0                 0                 3
     NAME OF DATA BLOCK WRITTEN ON FORTRAN UNIT IS OGPFB1  
        (MAXIMUM POSSIBLE FORTRAN RECORD SIZE =      131074 WORDS.)
     (MAXIMUM SIZE OF FORTRAN RECORDS WRITTEN =         240 WORDS.)
           (NUMBER OF FORTRAN RECORDS WRITTEN =          20 RECORDS.)
           (TOTAL DATA WRITTEN FOR DATA BLOCK =         414 WORDS.)
 *** USER INFORMATION MESSAGE 4114 (OUTPX2)
     DATA BLOCK OES1X1   WRITTEN ON FORTRAN UNIT    12 IN BINARY (LTLEND) FORMAT USING NDDL DESCRIPTION FOR OES1X1, TRL =
                    101                63                 6                20                25                 0                 3
     NAME OF DATA BLOCK WRITTEN ON FORTRAN UNIT IS OES1X1  
        (MAXIMUM POSSIBLE FORTRAN RECORD SIZE =      131074 WORDS.)
     (MAXIMUM SIZE OF FORTRAN RECORDS WRITTEN =         193 WORDS.)
           (NUMBER OF FORTRAN RECORDS WRITTEN =          20 RECORDS.)
           (TOTAL DATA WRITTEN FOR DATA BLOCK =         372 WORDS.)
1                                                                              JUNE  20, 2025  MSC Nastran 11/21/24   PAGE    18
                                                                                                                                    
0                                                                                                                                   
0                                                                                                                                   
                                                                                                                                    
                                                                                                                                    
 *** USER INFORMATION MESSAGE 4114 (OUTPX2)
     DATA BLOCK OSTR1X   WRITTEN ON FORTRAN UNIT    12 IN BINARY (LTLEND) FORMAT USING NDDL DESCRIPTION FOR OSTR1X, TRL =
                    101                63                 6                20                25                 0                 3
     NAME OF DATA BLOCK WRITTEN ON FORTRAN UNIT IS OSTR1X  
        (MAXIMUM POSSIBLE FORTRAN RECORD SIZE =      131074 WORDS.)
     (MAXIMUM SIZE OF FORTRAN RECORDS WRITTEN =         193 WORDS.)
           (NUMBER OF FORTRAN RECORDS WRITTEN =          20 RECORDS.)
           (TOTAL DATA WRITTEN FOR DATA BLOCK =         372 WORDS.)
 *** USER INFORMATION MESSAGE 4114 (OUTPX2)
     DATA BLOCK OPG1     WRITTEN ON FORTRAN UNIT    12 IN BINARY (LTLEND) FORMAT USING NDDL DESCRIPTION FOR OPG, TRL =
                    101                 0                64                 0                 0                 0                 3
     NAME OF DATA BLOCK WRITTEN ON FORTRAN UNIT IS OPG1    
        (MAXIMUM POSSIBLE FORTRAN RECORD SIZE =      131074 WORDS.)
     (MAXIMUM SIZE OF FORTRAN RECORDS WRITTEN =         146 WORDS.)
           (NUMBER OF FORTRAN RECORDS WRITTEN =          20 RECORDS.)
           (TOTAL DATA WRITTEN FOR DATA BLOCK =         243 WORDS.)
 *** USER INFORMATION MESSAGE 4110 (OUTPX2)
                                 END-OF-DATA SIMULATION ON FORTRAN UNIT    12
                                 (MAXIMUM SIZE OF FORTRAN RECORDS WRITTEN =      1 WORDS.)
                                       (NUMBER OF FORTRAN RECORDS WRITTEN =      1 RECORDS.)
                                       (TOTAL DATA WRITTEN FOR EOF MARKER =      1 WORDS.)
1                                                                              JUNE  20, 2025  MSC Nastran 11/21/24   PAGE    19
                                                                                                                                    
0                                                                                                                                   
 * * * *  D B D I C T   P R I N T  * * * *      SUBDMAP = PRTSUM  ,  DMAP STATEMENT NO.     75



0                                   * * * *  A N A L Y S I S  S U M M A R Y  T A B L E  * * * *
0 SEID  PEID PROJ VERS APRCH      SEMG SEMR SEKR SELG SELR MODES DYNRED SOLLIN SOLNL LOOPID DESIGN CYCLE SENSITIVITY
 -------------------------------------------------------------------------------------------------------------------
     0     0    1    1 '        '    T    T    T    T    T     F      F      T     F     -1            0           F
0SEID = SUPERELEMENT ID.
 PEID = PRIMARY SUPERELEMENT ID OF IMAGE SUPERELEMENT.
 PROJ = PROJECT ID NUMBER.
 VERS = VERSION ID.
 APRCH = BLANK FOR STRUCTURAL ANALYSIS.  HEAT FOR HEAT TRANSFER ANALYSIS.
 SEMG = STIFFNESS AND MASS MATRIX GENERATION STEP.
 SEMR = MASS MATRIX REDUCTION STEP (INCLUDES EIGENVALUE SOLUTION FOR MODES).
 SEKR = STIFFNESS MATRIX REDUCTION STEP.
 SELG = LOAD MATRIX GENERATION STEP.
 SELR = LOAD MATRIX REDUCTION STEP. 
 MODES = T (TRUE) IF NORMAL MODES OR BUCKLING MODES CALCULATED.
 DYNRED = T (TRUE) MEANS GENERALIZED DYNAMIC AND/OR COMPONENT MODE REDUCTION PERFORMED.
 SOLLIN = T (TRUE) IF LINEAR SOLUTION EXISTS IN DATABASE.
 LOOPID = THE LAST LOOPID VALUE USED IN THE NONLINEAR ANALYSIS.  USEFUL FOR RESTARTS.
 SOLNL = T (TRUE) IF NONLINEAR SOLUTION EXISTS IN DATABASE.
 DESIGN CYCLE = THE LAST DESIGN CYCLE (ONLY VALID IN OPTIMIZATION).
 SENSITIVITY = SENSITIVITY MATRIX GENERATION FLAG.
 
 No PARAM values were set in the Control File.
 
1                                        * * * END OF JOB * * *
 
 
 No Symbolic Replacement variables or values were specified.

