1
 
 
 
 
                      Warning: This computer program is protected by copyright law and international treaties.       
                  Unauthorized use, reproduction or distribution of this computer program, or any portion of it, may 
                                          result in severe civil and criminal penalties.                             
                         Copyright (C) 2024 Hexagon AB and/or its subsidiaries. All rights reserved.                 
 
 
                                              * * * * * * * * * * * * * * * * * * * *
                                              * * * * * * * * * * * * * * * * * * * *
                                              * *                                 * *
                                              * *           Hexagon AB            * *
                                              * *                                 * *
                                              * *                                 * *
                                              * *      M S C   N a s t r a n      * *
                                              * *                                 * *
                                              * *                                 * *
                                              * *                                 * *
                                              * *     Version 2024.2-af13cbfd     * *
                                              * *                                 * *
                                              * *                                 * *
                                              * *                                 * *
                                              * *          NOV 21, 2024           * *
                                              * *                                 * *
                                              * *              Intel              * *
                                              * *MODEL Intel(R) Xeon(R) W-2223 CP * *
                                              * *     Windows 10 Pro 6.2 9200     * *
                                              * *        Compiled for 8664        * *
                                              * *                                 * *
                                              * * * * * * * * * * * * * * * * * * * *
                                              * * * * * * * * * * * * * * * * * * * *
1News file
  
               Welcome to MSC Nastran 2024.2
  
   MSC Nastran brings powerful new features and enhancements for engineering
   solutions in several releases through the year. Key enhancements in
   Version 2024.2 are summarized below. Addtional details can be found in
   the MSC Nastran Version 2024.2 Release Guide.
  
     MSC Nastran 2024.2 Features and Enhancements
  
     High Performance Computing (HPC) for NVH
     - Improved performance for ACMS, especially for large solid models
     - Improved performance for FASTFR, particularly when structural
       damping is present
     - General performance improvement for high frequency acoustics
     - Improved diagnostics for linear solution available in LOG file
       Information includes solver selection and memory use
  
     Topology Optimization
     - SOL 200 NEO Topology Optimization for generative design with support for
       manufacturing constraints. Optimized CAD geometry and mesh output for
       every design cycle.
  
     High Performance SOL 400 (NLPERF)
     - Support Lagrange Multiplier for MPC and Rigid Elements
     - Controls distributed surface load computation for shell elements with
       offsets and the use of an additional enhancement for computing the
       average nodal normal vector
     - GPFORCE and ESE can be requested in ANALYSIS=NLSTAT
     - OUTCTRL={STD,SOLUTION,INTERM} keyword in NLOPRM case control statement is
       available
  
     Linear
     - Global-Local analysis in SOL 101 and 103. Creates a local model based on
       a user-provided definition (CARVE) and replaces the rest of the model
       with an external superelement. Allows for detailed local studies without
       having to solve the entire model every time.
     - Multiple Output requests of the same result item in linear solutions
       (SOL 101, 103, 108, 109, 111, 112) through the use of repeated output
       request subcase, REPCASE.
  
     NVH (Vibroacoustics)
     Automated skinning of solid elements free surfaces
     - Identify residual structure solid elements' exposed surfaces, and create
       required triangular or quadilateral shell elements on top of it
     - Stress and strain data recovery available for skinned shell elements
     - Supported in Linear solution sequences
     Acoustic Fluid Grid Participation Factors from fluid skin grids in touch
       with either structure wetted surface or trim components
1    Mass matrix support in Cohesive elements
     - supports mass matrix in cohesive elements for glue line modeling.
     Improved solution time and reduced disk space for Nastran-PEM models
  
     Aeroelasticity
     - Flutter Perturbation Step available in SOL 400 Nonlinear
  
     HDF5 hybrid precision output file
     - Allows writing of 32-bit real and 64-bit integer data to H5 file
     - Combines small size of 32-bit and high value domain ID of 64-bit
  
      Inertia Relief with External Superelements
     - For external superelements, inertia relief is now supported for the
       following three options: EXTSEOUT MATDB(MATRIXDB), EXTSEOUT DMIGDB, and
       EXTSEOUT DMIGOP2 for INREL = -1 and INREL = -2.
     - For the above three external superelement options, checks are now
       performed internally to insure that the inertia relief specifications
       between external superelement and the assembly run are consistent.
     - When verifying results, the user is reminded that with inertia relief,
       the displacements are relative displacements and may not in any way match
       the results of say a model containing all the external superelements
       processed as standard part superelements. However, element results
       such as force or stress should match closely between the two types of runs
       if consistently modeled.
  
  
     Documentation
     - The complete documentation set is provided in a separate installer and
       when installed is available at: MSC_DOC_DIR/doc/pdf_nastran directory,
       where MSC_DOC_DIR is the directory where documentation was installed.
       This help set includes cross references between documents, and links to
       how-to videos, and example files
  
     Individual MSC Nastran documents are available for download from the
       Simcompanion Website at:
       http://simcompanion.hexagon.com/
  
     The documentation set includes the following:
  
         1.  MSC Nastran 2024.2 Installation and Operations Guide
         2.  MSC Nastran 2024.2 Quick Reference Guide
         3.  MSC Nastran 2024.2 Release Guide
         4.  MSC Nastran 2024.2 Linear Statics Analysis User's Guide
         5.  MSC Nastran 2024.2 Dynamic Analysis User's Guide
         6.  MSC Nastran 2024.2 Superelements User's Guide
         7.  MSC Nastran 2024.2 Rotordynamics User's Guide
         8.  MSC Nastran 2024.2 Demonstration Problems Manual
         9.  MSC Nastran 2024.2 Nastran Embedded Fatigue User's Guide
        10.  MSC Nastran 2024.2 Design Sensitivity and Optimization
        11.  MSC Nastran 2024.2 Nonlinear User's Guide SOL 400
1       12.  MSC Nastran 2024.2 DMAP Programmer's Guide
        13.  MSC Nastran 2024.2 High Performance Computing User's Guide
        14.  MSC Nastran 2024.2 New Verification Manual
        15.  MSC Nastran 2024.2 DEMATD Guide
        16.  MSC Nastran 2024.2 Explicit Nonlinear (SOL 700) User's Guide
        17.  MSC Nastran 2024.2 ACMS User's Guide
  
   Please refer to  MSC_DOC_DIR/doc/pdf_nastran/nastran_library.pdf
   for the complete document set:
  
  
   Additional information about the release can be found at the MSC Nastran
   Product Support page: http://simcompanion.hexagon.com
  
   The support page provides links to these valuable information:
      * A searchable Knowledge Base containing examples and answers to thousands
        of frequently asked questions written by MSC Software subject-matter
        experts.
      * Peer-to-peer Discussion Forums enabling you to post questions for your
        MSC Software products and receive answers from other users worldwide.
      * A list of known issues with the product and any workarounds.
      * Instructions on how to contact technical support
      * A mechanism for sending us product feedback or enhancement requests.
      * Hardware and software requirements.
      * Examples and Tutorials
      * and much more.
  
   For information on training, please visit our Training web site
  
      https://hexagon.com/support-success/manufacturing-intelligence/
      design-engineering-support/training-materials
  
1                                                                              JUNE  20, 2025  MSC Nastran 11/21/24   PAGE     1
                                                                                                                                    
0        N A S T R A N    F I L E    A N D    S Y S T E M    P A R A M E T E R    E C H O                                           
0                                                                                                                                   
                                                                                                                                    
                                                                                                                                    
     $ SYSFIELD=SCR*(RAW=YES,BUFFIO=YES,WNUM=16,WSIZE=16MB) $(C:/PROGRAM FILES/MSC.SO
     $ SYSFIELD=DBALL(RAW=YES,BUFFIO=YES,WNUM=16,WSIZE=16MB) $(C:/PROGRAM FILES/MSC.S
     NASTRAN BUFFSIZE=65537 $(C:/PROGRAM FILES/MSC.SOFTWARE/MSC_NASTRAN/2024.2/CONF/N
     NASTRAN PARALLEL=1 $([3])                                                       
     $ GENERATED BY MECWAY 29                                                        
     $-------------EXECUTIVE CONTROL SECTION-------------                            
1                                                                              JUNE  20, 2025  MSC Nastran 11/21/24   PAGE     2
                                                                                                                                    
0        N A S T R A N    E X E C U T I V E    C O N T R O L    E C H O                                                             
0                                                                                                                                   
                                                                                                                                    
                                                                                                                                    
     SOL 101                                                                                 
     CEND                                                                                    
1                                                                              JUNE  20, 2025  MSC Nastran 11/21/24   PAGE     3
                                                                                                                                    
0                                                                                                                                   
0                                        C A S E    C O N T R O L    E C H O                                                        
                 COMMAND                                                                                                            
                 COUNT                                                                                                              
                  1      $---------------CASE CONTROL SECTION----------------                                    
                  2      DISPLACEMENT = ALL                                                                      
                  3      STRESS(CORNER) = ALL                                                                    
                  4      $                                                                                       
                  5        ACCELERATION(PRINT,PLOT) = ALL                                                        
                  6        DISPLACEMENT(PRINT, PLOT) = ALL                                                       
 *** USER WARNING MESSAGE 602 (IFP1D)
     TWO OR MORE OF THE ABOVE CARD TYPES DETECTED WHERE ONLY ONE IS
     LEGAL.   THE LAST FOUND WILL BE USED.
                  7        GPFORCE(PRINT, PLOT) = ALL                                                            
                  8        MPCFORCES(PRINT, PLOT) = ALL                                                          
                  9        OLOAD(PRINT, PLOT)= ALL                                                               
                 10        SPCFORCES(PRINT, PLOT) = ALL                                                          
                 11        FORCE(PRINT, PLOT) = ALL                                                              
                 12        STRESS(PRINT, PLOT, CORNER)= ALL                                                      
 *** USER WARNING MESSAGE 602 (IFP1D)
     TWO OR MORE OF THE ABOVE CARD TYPES DETECTED WHERE ONLY ONE IS
     LEGAL.   THE LAST FOUND WILL BE USED.
                 13        STRAIN(PRINT, PLOT, CORNER)= ALL                                                      
                 14      $                                                                                       
                 15      SPC = 1                                                                                 
                 16      LOAD = 1                                                                                
                 17      BEGIN BULK                                                                              
1                                                                              JUNE  20, 2025  MSC Nastran 11/21/24   PAGE     4
                                                                                                                                    
0                                                                                                                                   
                                              I N P U T   B U L K   D A T A   E C H O                                               
                 ENTRY                                                                                                              
                 COUNT        .   1  ..   2  ..   3  ..   4  ..   5  ..   6  ..   7  ..   8  ..   9  ..  10  .                      
 *** USER WARNING MESSAGE 9994 (BULKEF)
      The following lines could not be processed by the current IFPSTAR rule base.
      They are being passed to Classic IFP for an additional attempt at resolution.
                                PARAM, POST,-1
1                                                                              JUNE  20, 2025  MSC Nastran 11/21/24   PAGE     5
                                                                                                                                    
0                                                                                                                                   
                                                  S O R T E D   B U L K   D A T A   E C H O                                         
                 ENTRY                                                                                                              
                 COUNT        .   1  ..   2  ..   3  ..   4  ..   5  ..   6  ..   7  ..   8  ..   9  ..  10  .                      
                    1-        CTRIA3 *1               1               1               3               *
                    2-        *       4               -45.            0.
                    3-        CTRIA3 *2               1               5               7               *
                    4-        *       8               -45.            0.
                    5-        CTRIA3 *3               1               9               11              *
                    6-        *       12              -45.            0.
                    7-        CTRIA3 *4               1               13              15              *
                    8-        *       16              -45.            0.
                    9-        CTRIA3 *5               1               17              19              *
                   10-        *       20              -45.            0.
                   11-        CTRIA3 *6               1               21              23              *
                   12-        *       24              -45.            0.
                   13-        CTRIA3 *7               1               1               2               *
                   14-        *       3               0.              0.
                   15-        CTRIA3 *8               1               5               6               *
                   16-        *       7               0.              0.
                   17-        CTRIA3 *9               1               9               10              *
                   18-        *       11              0.              0.
                   19-        CTRIA3 *10              1               13              14              *
                   20-        *       15              0.              0.
                   21-        CTRIA3 *11              1               17              18              *
                   22-        *       19              0.              0.
                   23-        CTRIA3 *12              1               21              22              *
                   24-        *       23              0.              0.
                   25-        FORCE  *1               2               0               1.              *
                   26-        *       .5              0.              0.
                   27-        FORCE  *1               3               0               1.              *
                   28-        *       0.              1.              0.
                   29-        FORCE  *1               3               0               1.              *
                   30-        *       .5              0.              0.
                   31-        FORCE  *1               4               0               1.              *
                   32-        *       0.              1.              0.
                   33-        FORCE  *1               7               0               1.              *
                   34-        *       2.5             0.              0.
                   35-        FORCE  *1               8               0               1.              *
                   36-        *       2.5             0.              0.
                   37-        FORCE  *1               19              0               1.              *
                   38-        *       0.              0.              .0015
                   39-        FORCE  *1               20              0               1.              *
                   40-        *       0.              0.              .0015
                   41-        FORCE  *1               22              0               1.              *
                   42-        *       0.              0.              .0015
                   43-        FORCE  *1               23              0               1.              *
                   44-        *       0.              0.              .0015
                   45-        GRID   *1               0               0.              0.              *
1                                                                              JUNE  20, 2025  MSC Nastran 11/21/24   PAGE     6
                                                                                                                                    
0                                                                                                                                   
                                                  S O R T E D   B U L K   D A T A   E C H O                                         
                 ENTRY                                                                                                              
                 COUNT        .   1  ..   2  ..   3  ..   4  ..   5  ..   6  ..   7  ..   8  ..   9  ..  10  .                      
                   46-        *       0.              0
                   47-        GRID   *2               0               1.              0.              *
                   48-        *       0.              0
                   49-        GRID   *3               0               1.              1.              *
                   50-        *       0.              0
                   51-        GRID   *4               0               0.              1.              *
                   52-        *       0.              0
                   53-        GRID   *5               0               2.              0.              *
                   54-        *       0.              0
                   55-        GRID   *6               0               3.              0.              *
                   56-        *       0.              0
                   57-        GRID   *7               0               3.              1.              *
                   58-        *       0.              0
                   59-        GRID   *8               0               2.              1.              *
                   60-        *       0.              0
                   61-        GRID   *9               0               4.              0.              *
                   62-        *       0.              0
                   63-        GRID   *10              0               5.              0.              *
                   64-        *       0.              0
                   65-        GRID   *11              0               5.              1.              *
                   66-        *       0.              0
                   67-        GRID   *12              0               4.              1.              *
                   68-        *       0.              0
                   69-        GRID   *13              0               6.              0.              *
                   70-        *       0.              0
                   71-        GRID   *14              0               7.              0.              *
                   72-        *       0.              0
                   73-        GRID   *15              0               7.              1.              *
                   74-        *       0.              0
                   75-        GRID   *16              0               6.              1.              *
                   76-        *       0.              0
                   77-        GRID   *17              0               8.              0.              *
                   78-        *       0.              0
                   79-        GRID   *18              0               9.              0.              *
                   80-        *       0.              0
                   81-        GRID   *19              0               9.              1.              *
                   82-        *       0.              0
                   83-        GRID   *20              0               8.              1.              *
                   84-        *       0.              0
                   85-        GRID   *21              0               10.             0.              *
                   86-        *       0.              0
                   87-        GRID   *22              0               11.             0.              *
                   88-        *       0.              0
                   89-        GRID   *23              0               11.             1.              *
                   90-        *       0.              0
1                                                                              JUNE  20, 2025  MSC Nastran 11/21/24   PAGE     7
                                                                                                                                    
0                                                                                                                                   
                                                  S O R T E D   B U L K   D A T A   E C H O                                         
                 ENTRY                                                                                                              
                 COUNT        .   1  ..   2  ..   3  ..   4  ..   5  ..   6  ..   7  ..   8  ..   9  ..  10  .                      
                   91-        GRID   *24              0               10.             1.              *
                   92-        *       0.              0
                   93-        MAT1   *1               200000000000.   100000000000.   0.              *
                   94-        *       0.              0.              0.
                   95-        MOMENT *1               11              0               1.              *
                   96-        *       .001            0.              0.
                   97-        MOMENT *1               12              0               1.              *
                   98-        *       .001            0.              0.
                   99-        MOMENT *1               14              0               1.              *
                  100-        *       0.              .001            0.
                  101-        MOMENT *1               15              0               1.              *
                  102-        *       0.              .001            0.
                  103-        PSHELL *1               1               .01             1               *
                  104-        *                       1                               0.
                  105-        SPC    *1               1               1               0.
                  106-        SPC    *1               1               2               0.
                  107-        SPC    *1               1               3               0.
                  108-        SPC    *1               1               4               0.
                  109-        SPC    *1               1               5               0.
                  110-        SPC    *1               1               6               0.
                  111-        SPC    *1               2               2               0.
                  112-        SPC    *1               2               4               0.
                  113-        SPC    *1               2               6               0.
                  114-        SPC    *1               4               1               0.
                  115-        SPC    *1               4               5               0.
                  116-        SPC    *1               4               6               0.
                  117-        SPC    *1               5               1               0.
                  118-        SPC    *1               5               2               0.
                  119-        SPC    *1               5               3               0.
                  120-        SPC    *1               5               4               0.
                  121-        SPC    *1               5               6               0.
                  122-        SPC    *1               6               1               0.
                  123-        SPC    *1               6               2               0.
                  124-        SPC    *1               6               4               0.
                  125-        SPC    *1               6               6               0.
                  126-        SPC    *1               7               2               0.
                  127-        SPC    *1               8               2               0.
                  128-        SPC    *1               9               1               0.
                  129-        SPC    *1               9               2               0.
                  130-        SPC    *1               9               3               0.
                  131-        SPC    *1               9               4               0.
                  132-        SPC    *1               9               5               0.
                  133-        SPC    *1               9               6               0.
                  134-        SPC    *1               10              1               0.
                  135-        SPC    *1               10              2               0.
1                                                                              JUNE  20, 2025  MSC Nastran 11/21/24   PAGE     8
                                                                                                                                    
0                                                                                                                                   
                                                  S O R T E D   B U L K   D A T A   E C H O                                         
                 ENTRY                                                                                                              
                 COUNT        .   1  ..   2  ..   3  ..   4  ..   5  ..   6  ..   7  ..   8  ..   9  ..  10  .                      
                  136-        SPC    *1               10              3               0.
                  137-        SPC    *1               10              4               0.
                  138-        SPC    *1               10              5               0.
                  139-        SPC    *1               10              6               0.
                  140-        SPC    *1               13              1               0.
                  141-        SPC    *1               13              2               0.
                  142-        SPC    *1               13              3               0.
                  143-        SPC    *1               13              4               0.
                  144-        SPC    *1               13              5               0.
                  145-        SPC    *1               13              6               0.
                  146-        SPC    *1               16              1               0.
                  147-        SPC    *1               16              2               0.
                  148-        SPC    *1               16              3               0.
                  149-        SPC    *1               16              4               0.
                  150-        SPC    *1               16              5               0.
                  151-        SPC    *1               16              6               0.
                  152-        SPC    *1               17              1               0.
                  153-        SPC    *1               17              2               0.
                  154-        SPC    *1               17              3               0.
                  155-        SPC    *1               17              4               0.
                  156-        SPC    *1               17              5               0.
                  157-        SPC    *1               17              6               0.
                  158-        SPC    *1               18              1               0.
                  159-        SPC    *1               18              2               0.
                  160-        SPC    *1               18              3               0.
                  161-        SPC    *1               18              4               0.
                  162-        SPC    *1               18              5               0.
                  163-        SPC    *1               18              6               0.
                  164-        SPC    *1               19              4               0.
                  165-        SPC    *1               20              4               0.
                  166-        SPC    *1               21              1               0.
                  167-        SPC    *1               21              2               0.
                  168-        SPC    *1               21              3               0.
                  169-        SPC    *1               21              4               0.
                  170-        SPC    *1               21              5               0.
                  171-        SPC    *1               21              6               0.
                  172-        SPC    *1               22              5               0.
                  173-        SPC    *1               23              5               0.
                  174-        SPC    *1               24              1               0.
                  175-        SPC    *1               24              2               0.
                  176-        SPC    *1               24              3               0.
                  177-        SPC    *1               24              4               0.
                  178-        SPC    *1               24              5               0.
                  179-        SPC    *1               24              6               0.
                              ENDDATA
1                                                                              JUNE  20, 2025  MSC Nastran 11/21/24   PAGE     9
                                                                                                                                    
0                                                                                                                                   
                                                  S O R T E D   B U L K   D A T A   E C H O                                         
                 ENTRY                                                                                                              
                 COUNT        .   1  ..   2  ..   3  ..   4  ..   5  ..   6  ..   7  ..   8  ..   9  ..  10  .                      
                        TOTAL COUNT= 180
                              INPUT BULK DATA ENTRY COUNT = 185
1                                                                              JUNE  20, 2025  MSC Nastran 11/21/24   PAGE    10
                                                                                                                                    
0                                                                                                                                   
                                        M O D E L   S U M M A R Y          BULK = 0
                                   ENTRY NAME        NUMBER OF ENTRIES
                                   ----------        -----------------
                                       CTRIA3                       12
                                        FORCE                       10
                                         GRID                       24
                                         MAT1                        1
                                       MOMENT                        4
                                       PSHELL                        1
                                     REJ_BULK                        5
                                          SPC                       75

 ^^^     
 ^^^ >>> IFP OPERATIONS COMPLETE <<< 
 ^^^     
 *** USER INFORMATION MESSAGE 4109 (OUTPX2)
     THE LABEL IS XXXXXXXX FOR FORTRAN UNIT    12
     (MAXIMUM SIZE OF FORTRAN RECORDS WRITTEN =          7 WORDS.)
           (NUMBER OF FORTRAN RECORDS WRITTEN =          8 RECORDS.)
                (TOTAL DATA WRITTEN FOR LABEL =         17 WORDS.)
 *** USER INFORMATION MESSAGE 4114 (OUTPX2)
     DATA BLOCK GEOM1X   WRITTEN ON FORTRAN UNIT    12 IN BINARY (LTLEND) FORMAT USING NDDL DESCRIPTION FOR GEOM168, TRL =
                    101                 0                 0                 8                 0                 0                 0
     NAME OF DATA BLOCK WRITTEN ON FORTRAN UNIT IS GEOM1   
        (MAXIMUM POSSIBLE FORTRAN RECORD SIZE =      131074 WORDS.)
     (MAXIMUM SIZE OF FORTRAN RECORDS WRITTEN =         195 WORDS.)
           (NUMBER OF FORTRAN RECORDS WRITTEN =          20 RECORDS.)
           (TOTAL DATA WRITTEN FOR DATA BLOCK =         226 WORDS.)
 *** USER INFORMATION MESSAGE 4114 (OUTPX2)
     DATA BLOCK GEOM2X   WRITTEN ON FORTRAN UNIT    12 IN BINARY (LTLEND) FORMAT USING NDDL DESCRIPTION FOR GEOM201, TRL =
                    102                 0                 0                 0                32                 0                 0
     NAME OF DATA BLOCK WRITTEN ON FORTRAN UNIT IS GEOM2   
        (MAXIMUM POSSIBLE FORTRAN RECORD SIZE =      131074 WORDS.)
     (MAXIMUM SIZE OF FORTRAN RECORDS WRITTEN =         159 WORDS.)
           (NUMBER OF FORTRAN RECORDS WRITTEN =          20 RECORDS.)
           (TOTAL DATA WRITTEN FOR DATA BLOCK =         190 WORDS.)
 *** USER INFORMATION MESSAGE 4114 (OUTPX2)
     DATA BLOCK GEOM3X   WRITTEN ON FORTRAN UNIT    12 IN BINARY (LTLEND) FORMAT USING NDDL DESCRIPTION FOR GEOM301, TRL =
                    103                 0                 0                65                 0                 0                 0
     NAME OF DATA BLOCK WRITTEN ON FORTRAN UNIT IS GEOM3   
        (MAXIMUM POSSIBLE FORTRAN RECORD SIZE =      131074 WORDS.)
     (MAXIMUM SIZE OF FORTRAN RECORDS WRITTEN =          73 WORDS.)
           (NUMBER OF FORTRAN RECORDS WRITTEN =          25 RECORDS.)
           (TOTAL DATA WRITTEN FOR DATA BLOCK =         139 WORDS.)
1                                                                              JUNE  20, 2025  MSC Nastran 11/21/24   PAGE    11
                                                                                                                                    
0                                                                                                                                   
0                                                                                                                                   
                                                                                                                                    
                                                                                                                                    
 *** USER INFORMATION MESSAGE 4114 (OUTPX2)
     DATA BLOCK GEOM4X   WRITTEN ON FORTRAN UNIT    12 IN BINARY (LTLEND) FORMAT USING NDDL DESCRIPTION FOR GEOM4705, TRL =
                    104                 0                 0                 0               512                 0                 0
     NAME OF DATA BLOCK WRITTEN ON FORTRAN UNIT IS GEOM4   
        (MAXIMUM POSSIBLE FORTRAN RECORD SIZE =      131074 WORDS.)
     (MAXIMUM SIZE OF FORTRAN RECORDS WRITTEN =         303 WORDS.)
           (NUMBER OF FORTRAN RECORDS WRITTEN =          20 RECORDS.)
           (TOTAL DATA WRITTEN FOR DATA BLOCK =         334 WORDS.)
 *** USER INFORMATION MESSAGE 4114 (OUTPX2)
     DATA BLOCK EPTX     WRITTEN ON FORTRAN UNIT    12 IN BINARY (LTLEND) FORMAT USING NDDL DESCRIPTION FOR EPT01, TRL =
                    105                 0               512                 0                 0                 0                 0
     NAME OF DATA BLOCK WRITTEN ON FORTRAN UNIT IS EPT     
        (MAXIMUM POSSIBLE FORTRAN RECORD SIZE =      131074 WORDS.)
     (MAXIMUM SIZE OF FORTRAN RECORDS WRITTEN =          14 WORDS.)
           (NUMBER OF FORTRAN RECORDS WRITTEN =          20 RECORDS.)
           (TOTAL DATA WRITTEN FOR DATA BLOCK =          45 WORDS.)
 *** USER INFORMATION MESSAGE 4114 (OUTPX2)
     DATA BLOCK MPTS     WRITTEN ON FORTRAN UNIT    12 IN BINARY (LTLEND) FORMAT USING NDDL DESCRIPTION FOR MPTS, TRL =
                    101             32768                 0                 0                 0                 0                 0
     NAME OF DATA BLOCK WRITTEN ON FORTRAN UNIT IS MPT     
        (MAXIMUM POSSIBLE FORTRAN RECORD SIZE =      131074 WORDS.)
     (MAXIMUM SIZE OF FORTRAN RECORDS WRITTEN =          15 WORDS.)
           (NUMBER OF FORTRAN RECORDS WRITTEN =          20 RECORDS.)
           (TOTAL DATA WRITTEN FOR DATA BLOCK =          46 WORDS.)
 *** USER INFORMATION MESSAGE 4114 (OUTPX2)
     DATA BLOCK CASESO   WRITTEN ON FORTRAN UNIT    12 IN BINARY (LTLEND) FORMAT USING NDDL DESCRIPTION FOR CASES, TRL =
                    101                 1                 0              1000                 0                 0                 0
     NAME OF DATA BLOCK WRITTEN ON FORTRAN UNIT IS CASECC  
        (MAXIMUM POSSIBLE FORTRAN RECORD SIZE =      131074 WORDS.)
     (MAXIMUM SIZE OF FORTRAN RECORDS WRITTEN =        1000 WORDS.)
           (NUMBER OF FORTRAN RECORDS WRITTEN =          15 RECORDS.)
           (TOTAL DATA WRITTEN FOR DATA BLOCK =        1024 WORDS.)
1                                                                              JUNE  20, 2025  MSC Nastran 11/21/24   PAGE    12
                                                                                                                                    
0                                                                                                                                   
 *** USER INFORMATION MESSAGE 7310 (VECPRN)
     ORIGIN OF SUPERELEMENT OR MODULE BASIC COORDINATE SYSTEM WILL BE USED AS REFERENCE LOCATION.
     RESULTANTS ABOUT ORIGIN OF SUPERELEMENT OR MODULE BASIC COORDINATE SYSTEM IN SUPERELEMENT OR MODULE
     BASIC SYSTEM COORDINATES.
0                                                  OLOAD    RESULTANT       
  SUBCASE/    LOAD
  DAREA ID    TYPE       T1            T2            T3            R1            R2            R3
0        1     FX    6.000000E+00     ----          ----          ----       0.000000E+00 -5.500000E+00                             
               FY       ----       2.000000E+00     ----       0.000000E+00     ----       1.000000E+00                             
               FZ       ----          ----       6.000000E-03  4.500000E-03 -5.850000E-02     ----                                  
               MX       ----          ----          ----       2.000000E-03     ----          ----                                  
               MY       ----          ----          ----          ----       2.000000E-03     ----                                  
               MZ       ----          ----          ----          ----          ----       0.000000E+00                             
             TOTALS  6.000000E+00  2.000000E+00  6.000000E-03  6.500000E-03 -5.650000E-02 -4.500000E+00
1                                                                              JUNE  20, 2025  MSC Nastran 11/21/24   PAGE    13
                                                                                                                                    
0                                                                                                                                   
  
 *** USER INFORMATION MESSAGE 4158 (DFMSA)
 ---- STATISTICS FOR SPARSE DECOMPOSITION OF DATA BLOCK KLL      FOLLOW
        NUMBER OF NEGATIVE TERMS ON FACTOR DIAGONAL =      0
        MAXIMUM RATIO OF MATRIX DIAGONAL TO FACTOR DIAGONAL =  3.8E+15 AT ROW NUMBER         15
  
 *** SYSTEM INFORMATION MESSAGE 4159 (DFMSA)
     THE DECOMPOSITION OF KLL      YIELDS A MAXIMUM MATRIX-TO-FACTOR-DIAGONAL RATIO OF    3.762318E+15
 *** USER WARNING MESSAGE 4698 (DCMPD)
     STATISTICS FOR DECOMPOSITION OF MATRIX KLL.
     THE FOLLOWING DEGREES OF FREEDOM HAVE FACTOR DIAGONAL RATIOS GREATER THAN
     1.000000E+07 OR HAVE NEGATIVE TERMS ON THE FACTOR DIAGONAL.
     USER INFORMATION:
     THIS MESSAGE MAY BE IGNORED IF NO GRID POINT IDS OR HIGH RATIO MESSAGES APPEAR IN THE TABLE ON THE NEXT PAGE.
1                                                                              JUNE  20, 2025  MSC Nastran 11/21/24   PAGE    14
                                                                                                                                    
0                                                                                                                                   
0                                                                                                                                   
         GRID POINT ID       DEGREE OF FREEDOM   MATRIX/FACTOR DIAGONAL RATIO        MATRIX DIAGONAL                                
                                                                                                                                    
               6                    R2                   3.76232E+15                   4.10617E+04
 ^^^     
 *** USER INFORMATION MESSAGE 15201 (SUBDMAP SEKRRS)
      Condition number of stiffness matrix = 1.924159E+21
 ^^^     
 ^^^     
 *** USER FATAL MESSAGE 10030 (SUBDMAP GETMECH)
     STATIC ANALYSIS TERMINATED DUE TO EXCESSIVE PIVOT RATIOS IN MATRIX KLL .
     DATA RECOVERY ATTEMPTED FOR 1 POTENTIALLY SINGULAR DOF BY MOVING EACH 1.0 UNIT WHILE
     CONSTRAINING THE OTHERS. IF SUCCESSFUL, THE RESULTS ARE SHOWN AS 0.0HZ EIGENVECTORS.
 ^^^     
 *** USER INFORMATION MESSAGE 2485 (GETMODE1)
     GETMODE1 is unable to determine the first elastic mode
 ^^^     
 *** USER FATAL MESSAGE 10031 (SUBDMAP SESTATIC)
     THE FOLLOWING OUTPUT IS POTENTIAL MECHANISMS OR RIGID-BODY MODES IN YOUR MODEL
 ^^^     
1                                                                              JUNE  20, 2025  MSC Nastran 11/21/24   PAGE    15
                                                                                                                                    
0                                                                                                                                   
 *** USER INFORMATION MESSAGE 7310 (VECPRN)
     ORIGIN OF SUPERELEMENT OR MODULE BASIC COORDINATE SYSTEM WILL BE USED AS REFERENCE LOCATION.
     RESULTANTS ABOUT ORIGIN OF SUPERELEMENT OR MODULE BASIC COORDINATE SYSTEM IN SUPERELEMENT OR MODULE
     BASIC SYSTEM COORDINATES.
0                                                  SPCFORCE RESULTANT       
  SUBCASE/    LOAD
  DAREA ID    TYPE       T1            T2            T3            R1            R2            R3
0        1     FX    0.000000E+00     ----          ----          ----       0.000000E+00  0.000000E+00                             
               FY       ----       0.000000E+00     ----       0.000000E+00     ----       0.000000E+00                             
               FZ       ----          ----      -1.534665E-10  0.000000E+00  3.069329E-10     ----                                  
               MX       ----          ----          ----      -7.615727E-11     ----          ----                                  
               MY       ----          ----          ----          ----       0.000000E+00     ----                                  
               MZ       ----          ----          ----          ----          ----       0.000000E+00                             
             TOTALS  0.000000E+00  0.000000E+00 -1.534665E-10 -7.615727E-11  3.069329E-10  0.000000E+00
 *** USER WARNING MESSAGE 6418 (SDR2A)
     THE BILIN OPTION FOR STRESSES OVERRIDES ALL OTHER OPTIONS IN STRAIN AND FORCE COMMANDS.
 *** USER INFORMATION MESSAGE 4114 (OUTPX2)
     DATA BLOCK OQG1     WRITTEN ON FORTRAN UNIT    12 IN BINARY (LTLEND) FORMAT USING NDDL DESCRIPTION FOR OQG1, TRL =
                    101                 0               192                 0                 0                 0                 3
     NAME OF DATA BLOCK WRITTEN ON FORTRAN UNIT IS OQG1    
        (MAXIMUM POSSIBLE FORTRAN RECORD SIZE =      131074 WORDS.)
     (MAXIMUM SIZE OF FORTRAN RECORDS WRITTEN =         192 WORDS.)
           (NUMBER OF FORTRAN RECORDS WRITTEN =          20 RECORDS.)
           (TOTAL DATA WRITTEN FOR DATA BLOCK =         371 WORDS.)
 *** USER INFORMATION MESSAGE 4114 (OUTPX2)
     DATA BLOCK OUG1     WRITTEN ON FORTRAN UNIT    12 IN BINARY (LTLEND) FORMAT USING NDDL DESCRIPTION FOR OUG1, TRL =
                    101                 0               192                 0                 0                 0                 3
     NAME OF DATA BLOCK WRITTEN ON FORTRAN UNIT IS OUG1    
        (MAXIMUM POSSIBLE FORTRAN RECORD SIZE =      131074 WORDS.)
     (MAXIMUM SIZE OF FORTRAN RECORDS WRITTEN =         192 WORDS.)
           (NUMBER OF FORTRAN RECORDS WRITTEN =          20 RECORDS.)
           (TOTAL DATA WRITTEN FOR DATA BLOCK =         371 WORDS.)
1                                                                              JUNE  20, 2025  MSC Nastran 11/21/24   PAGE    16
                                                                                                                                    
0                                                                                                                                   
      EIGENVALUE =  0.000000E+00
          CYCLES =  0.000000E+00         R E A L   E I G E N V E C T O R   N O .          1
 
      POINT ID.   TYPE          T1             T2             T3             R1             R2             R3
             1      G      0.0            0.0            0.0            0.0            0.0            0.0
             2      G      0.0            0.0            0.0            0.0            0.0            0.0
             3      G      0.0            0.0            0.0            0.0            0.0            0.0
             4      G      0.0            0.0            0.0            0.0            0.0            0.0
             5      G      0.0            0.0            0.0            0.0            1.000000E+00   0.0
             6      G      0.0            0.0           -1.000000E+00   0.0            1.000000E+00   0.0
             7      G      0.0            0.0           -1.000000E+00   2.262079E-15   1.000000E+00   0.0
             8      G      0.0            0.0            1.193490E-15   1.522477E-15   1.000000E+00   0.0
             9      G      0.0            0.0            0.0            0.0            0.0            0.0
            10      G      0.0            0.0            0.0            0.0            0.0            0.0
            11      G      0.0            0.0            0.0            0.0            0.0            0.0
            12      G      0.0            0.0            0.0            0.0            0.0            0.0
            13      G      0.0            0.0            0.0            0.0            0.0            0.0
            14      G      0.0            0.0            0.0            0.0            0.0            0.0
            15      G      0.0            0.0            0.0            0.0            0.0            0.0
            16      G      0.0            0.0            0.0            0.0            0.0            0.0
            17      G      0.0            0.0            0.0            0.0            0.0            0.0
            18      G      0.0            0.0            0.0            0.0            0.0            0.0
            19      G      0.0            0.0            0.0            0.0            0.0            0.0
            20      G      0.0            0.0            0.0            0.0            0.0            0.0
            21      G      0.0            0.0            0.0            0.0            0.0            0.0
            22      G      0.0            0.0            0.0            0.0            0.0            0.0
            23      G      0.0            0.0            0.0            0.0            0.0            0.0
            24      G      0.0            0.0            0.0            0.0            0.0            0.0
1                                                                              JUNE  20, 2025  MSC Nastran 11/21/24   PAGE    17
                                                                                                                                    
0                                                                                                                                   
      EIGENVALUE =  0.000000E+00
                               F O R C E S   O F   S I N G L E - P O I N T   C O N S T R A I N T
 
      POINT ID.   TYPE          T1             T2             T3             R1             R2             R3
             5      G      0.0            0.0           -1.534665E-10  -6.218131E-11   0.0            0.0
             6      G      0.0            0.0            0.0           -1.397596E-11   0.0            0.0
1                                                                              JUNE  20, 2025  MSC Nastran 11/21/24   PAGE    18
                                                                                                                                    
0                                                                                                                                   
      EIGENVALUE =  0.000000E+00
                             F O R C E S   I N   T R I A N G U L A R   E L E M E N T S   ( T R I A 3 )
 
    ELEMENT                - MEMBRANE  FORCES -                        - BENDING  MOMENTS -              - TRANSVERSE SHEAR FORCES -
      ID              FX            FY            FXY             MX            MY            MXY             QX            QY
          1       0.0           0.0           0.0             0.0           0.0           0.0             0.0           0.0
          2       0.0           0.0           0.0             1.703167E-11  7.275958E-12  1.637090E-11    6.912160E-11 -2.910383E-11
          3       0.0           0.0           0.0             0.0           0.0           0.0             0.0           0.0
          4       0.0           0.0           0.0             0.0           0.0           0.0             0.0           0.0
          5       0.0           0.0           0.0             0.0           0.0           0.0             0.0           0.0
          6       0.0           0.0           0.0             0.0           0.0           0.0             0.0           0.0
          7       0.0           0.0           0.0             0.0           0.0           0.0             0.0           0.0
          8       0.0           0.0           0.0            -1.127773E-10  3.770132E-11  5.456968E-11    2.000888E-10  9.822543E-11
          9       0.0           0.0           0.0             0.0           0.0           0.0             0.0           0.0
         10       0.0           0.0           0.0             0.0           0.0           0.0             0.0           0.0
         11       0.0           0.0           0.0             0.0           0.0           0.0             0.0           0.0
         12       0.0           0.0           0.0             0.0           0.0           0.0             0.0           0.0
1                                                                              JUNE  20, 2025  MSC Nastran 11/21/24   PAGE    19
                                                                                                                                    
0                                                                                                                                   
      EIGENVALUE =  0.000000E+00
                             S T R A I N S   I N   T R I A N G U L A R   E L E M E N T S   ( T R I A 3 )
  ELEMENT      STRAIN               STRAINS IN ELEMENT COORD SYSTEM             PRINCIPAL  STRAINS (ZERO SHEAR)                 
    ID.       CURVATURE          NORMAL-X       NORMAL-Y      SHEAR-XY       ANGLE         MAJOR           MINOR        VON MISES
0       1    0.0               0.0            0.0            0.0              0.0       0.0             0.0            0.0
            -1.000000E+00      0.0            0.0            0.0              0.0       0.0             0.0            0.0
0       2    0.0               0.0            0.0            0.0              0.0       0.0             0.0            0.0
            -1.000000E+00      1.020017E-15   2.220446E-16   1.776357E-15    32.9047    1.594710E-15   -3.526481E-16   1.198116E-15
0       3    0.0               0.0            0.0            0.0              0.0       0.0             0.0            0.0
            -1.000000E+00      0.0            0.0            0.0              0.0       0.0             0.0            0.0
0       4    0.0               0.0            0.0            0.0              0.0       0.0             0.0            0.0
            -1.000000E+00      0.0            0.0            0.0              0.0       0.0             0.0            0.0
0       5    0.0               0.0            0.0            0.0              0.0       0.0             0.0            0.0
            -1.000000E+00      0.0            0.0            0.0              0.0       0.0             0.0            0.0
0       6    0.0               0.0            0.0            0.0              0.0       0.0             0.0            0.0
            -1.000000E+00      0.0            0.0            0.0              0.0       0.0             0.0            0.0
0       7    0.0               0.0            0.0            0.0              0.0       0.0             0.0            0.0
            -1.000000E+00      0.0            0.0            0.0              0.0       0.0             0.0            0.0
0       8    0.0               0.0            0.0            0.0              0.0       0.0             0.0            0.0
            -1.000000E+00     -6.661338E-15   2.262079E-15   6.439294E-15    72.0926    3.302458E-15   -7.701717E-15   6.520303E-15
0       9    0.0               0.0            0.0            0.0              0.0       0.0             0.0            0.0
            -1.000000E+00      0.0            0.0            0.0              0.0       0.0             0.0            0.0
0      10    0.0               0.0            0.0            0.0              0.0       0.0             0.0            0.0
            -1.000000E+00      0.0            0.0            0.0              0.0       0.0             0.0            0.0
0      11    0.0               0.0            0.0            0.0              0.0       0.0             0.0            0.0
            -1.000000E+00      0.0            0.0            0.0              0.0       0.0             0.0            0.0
0      12    0.0               0.0            0.0            0.0              0.0       0.0             0.0            0.0
            -1.000000E+00      0.0            0.0            0.0              0.0       0.0             0.0            0.0
1                                                                              JUNE  20, 2025  MSC Nastran 11/21/24   PAGE    20
                                                                                                                                    
0                                                                                                                                   
      EIGENVALUE =  0.000000E+00
                           S T R E S S E S   I N   T R I A N G U L A R   E L E M E N T S   ( T R I A 3 )
  ELEMENT      FIBER               STRESSES IN ELEMENT COORD SYSTEM             PRINCIPAL STRESSES (ZERO SHEAR)                 
    ID.       DISTANCE           NORMAL-X       NORMAL-Y      SHEAR-XY       ANGLE         MAJOR           MINOR        VON MISES
0       1   -5.000000E-03      0.0            0.0            0.0              0.0       0.0             0.0            0.0
             5.000000E-03      0.0            0.0            0.0              0.0       0.0             0.0            0.0
0       2   -5.000000E-03      1.021900E-06   4.365575E-07   9.822543E-07    36.7041    1.754158E-06   -2.957004E-07   1.919170E-06
             5.000000E-03     -1.021900E-06  -4.365575E-07  -9.822543E-07   -53.2959    2.957004E-07   -1.754158E-06   1.919170E-06
0       3   -5.000000E-03      0.0            0.0            0.0              0.0       0.0             0.0            0.0
             5.000000E-03      0.0            0.0            0.0              0.0       0.0             0.0            0.0
0       4   -5.000000E-03      0.0            0.0            0.0              0.0       0.0             0.0            0.0
             5.000000E-03      0.0            0.0            0.0              0.0       0.0             0.0            0.0
0       5   -5.000000E-03      0.0            0.0            0.0              0.0       0.0             0.0            0.0
             5.000000E-03      0.0            0.0            0.0              0.0       0.0             0.0            0.0
0       6   -5.000000E-03      0.0            0.0            0.0              0.0       0.0             0.0            0.0
             5.000000E-03      0.0            0.0            0.0              0.0       0.0             0.0            0.0
0       7   -5.000000E-03      0.0            0.0            0.0              0.0       0.0             0.0            0.0
             5.000000E-03      0.0            0.0            0.0              0.0       0.0             0.0            0.0
0       8   -5.000000E-03     -6.766641E-06   2.262079E-06   3.274181E-06    72.0237    3.324431E-06   -7.828992E-06   9.918260E-06
             5.000000E-03      6.766641E-06  -2.262079E-06  -3.274181E-06   -17.9763    7.828992E-06   -3.324431E-06   9.918260E-06
0       9   -5.000000E-03      0.0            0.0            0.0              0.0       0.0             0.0            0.0
             5.000000E-03      0.0            0.0            0.0              0.0       0.0             0.0            0.0
0      10   -5.000000E-03      0.0            0.0            0.0              0.0       0.0             0.0            0.0
             5.000000E-03      0.0            0.0            0.0              0.0       0.0             0.0            0.0
0      11   -5.000000E-03      0.0            0.0            0.0              0.0       0.0             0.0            0.0
             5.000000E-03      0.0            0.0            0.0              0.0       0.0             0.0            0.0
0      12   -5.000000E-03      0.0            0.0            0.0              0.0       0.0             0.0            0.0
             5.000000E-03      0.0            0.0            0.0              0.0       0.0             0.0            0.0
1                                                                              JUNE  20, 2025  MSC Nastran 11/21/24   PAGE    21
                                                                                                                                    
0                                                                                                                                   
      EIGENVALUE =  0.000000E+00
      CYCLES =  0.000000E+00
                   MODE               1
                                          G R I D   P O I N T   F O R C E   B A L A N C E
 
   POINT-ID    ELEMENT-ID     SOURCE             T1             T2             T3             R1             R2             R3
          1             1    TRIA3          0.0            0.0            0.0            0.0            0.0            0.0
          1             7    TRIA3          0.0            0.0            0.0            0.0            0.0            0.0
          1                  *TOTALS*       0.0            0.0            0.0            0.0            0.0            0.0
0         2             7    TRIA3          0.0            0.0            0.0            0.0            0.0            0.0
          2                  *TOTALS*       0.0            0.0            0.0            0.0            0.0            0.0
0         3             1    TRIA3          0.0            0.0            0.0            0.0            0.0            0.0
          3             7    TRIA3          0.0            0.0            0.0            0.0            0.0            0.0
          3                  *TOTALS*       0.0            0.0            0.0            0.0            0.0            0.0
0         4             1    TRIA3          0.0            0.0            0.0            0.0            0.0            0.0
          4                  *TOTALS*       0.0            0.0            0.0            0.0            0.0            0.0
0         5                  F-OF-SPC       0.0            0.0           -1.534665E-10  -6.218131E-11   0.0            0.0
          5             2    TRIA3          0.0            0.0            2.956566E-11   2.383216E-11  -1.377828E-11   0.0
          5             8    TRIA3          0.0            0.0            1.044582E-10   3.170556E-11   5.978538E-12   0.0
          5                  *TOTALS*       0.0            0.0           -1.944255E-11  -6.643598E-12  -7.799742E-12   0.0
0         6                  F-OF-SPC       0.0            0.0            0.0           -1.397596E-11   0.0            0.0
          6             8    TRIA3          0.0            0.0           -1.096841E-10  -1.825397E-12  -1.214775E-10   0.0
          6                  *TOTALS*       0.0            0.0           -1.096841E-10  -1.580136E-11  -1.214775E-10   0.0
0         7             2    TRIA3          0.0            0.0           -2.894518E-11   3.067451E-12  -2.902451E-11   0.0
          7             8    TRIA3          0.0            0.0           -5.298181E-11   7.640245E-12   2.013564E-11   0.0
          7                  *TOTALS*       0.0            0.0           -8.192699E-11   1.070770E-11  -8.888862E-12   0.0
0         8             2    TRIA3          0.0            0.0           -7.896442E-12   1.756559E-12   2.943670E-12   0.0
          8                  *TOTALS*       0.0            0.0           -7.896442E-12   1.756559E-12   2.943670E-12   0.0
0         9             3    TRIA3          0.0            0.0            0.0            0.0            0.0            0.0
          9             9    TRIA3          0.0            0.0            0.0            0.0            0.0            0.0
          9                  *TOTALS*       0.0            0.0            0.0            0.0            0.0            0.0
0        10             9    TRIA3          0.0            0.0            0.0            0.0            0.0            0.0
         10                  *TOTALS*       0.0            0.0            0.0            0.0            0.0            0.0
0        11             3    TRIA3          0.0            0.0            0.0            0.0            0.0            0.0
         11             9    TRIA3          0.0            0.0            0.0            0.0            0.0            0.0
         11                  *TOTALS*       0.0            0.0            0.0            0.0            0.0            0.0
0        12             3    TRIA3          0.0            0.0            0.0            0.0            0.0            0.0
         12                  *TOTALS*       0.0            0.0            0.0            0.0            0.0            0.0
0        13             4    TRIA3          0.0            0.0            0.0            0.0            0.0            0.0
         13            10    TRIA3          0.0            0.0            0.0            0.0            0.0            0.0
         13                  *TOTALS*       0.0            0.0            0.0            0.0            0.0            0.0
0        14            10    TRIA3          0.0            0.0            0.0            0.0            0.0            0.0
1                                                                              JUNE  20, 2025  MSC Nastran 11/21/24   PAGE    22
                                                                                                                                    
0                                                                                                                                   
      EIGENVALUE =  0.000000E+00
      CYCLES =  0.000000E+00
                   MODE               1
                                          G R I D   P O I N T   F O R C E   B A L A N C E
 
   POINT-ID    ELEMENT-ID     SOURCE             T1             T2             T3             R1             R2             R3
         14                  *TOTALS*       0.0            0.0            0.0            0.0            0.0            0.0
0        15             4    TRIA3          0.0            0.0            0.0            0.0            0.0            0.0
         15            10    TRIA3          0.0            0.0            0.0            0.0            0.0            0.0
         15                  *TOTALS*       0.0            0.0            0.0            0.0            0.0            0.0
0        16             4    TRIA3          0.0            0.0            0.0            0.0            0.0            0.0
         16                  *TOTALS*       0.0            0.0            0.0            0.0            0.0            0.0
0        17             5    TRIA3          0.0            0.0            0.0            0.0            0.0            0.0
         17            11    TRIA3          0.0            0.0            0.0            0.0            0.0            0.0
         17                  *TOTALS*       0.0            0.0            0.0            0.0            0.0            0.0
0        18            11    TRIA3          0.0            0.0            0.0            0.0            0.0            0.0
         18                  *TOTALS*       0.0            0.0            0.0            0.0            0.0            0.0
0        19             5    TRIA3          0.0            0.0            0.0            0.0            0.0            0.0
         19            11    TRIA3          0.0            0.0            0.0            0.0            0.0            0.0
         19                  *TOTALS*       0.0            0.0            0.0            0.0            0.0            0.0
0        20             5    TRIA3          0.0            0.0            0.0            0.0            0.0            0.0
         20                  *TOTALS*       0.0            0.0            0.0            0.0            0.0            0.0
0        21             6    TRIA3          0.0            0.0            0.0            0.0            0.0            0.0
         21            12    TRIA3          0.0            0.0            0.0            0.0            0.0            0.0
         21                  *TOTALS*       0.0            0.0            0.0            0.0            0.0            0.0
0        22            12    TRIA3          0.0            0.0            0.0            0.0            0.0            0.0
         22                  *TOTALS*       0.0            0.0            0.0            0.0            0.0            0.0
0        23             6    TRIA3          0.0            0.0            0.0            0.0            0.0            0.0
         23            12    TRIA3          0.0            0.0            0.0            0.0            0.0            0.0
         23                  *TOTALS*       0.0            0.0            0.0            0.0            0.0            0.0
0        24             6    TRIA3          0.0            0.0            0.0            0.0            0.0            0.0
         24                  *TOTALS*       0.0            0.0            0.0            0.0            0.0            0.0
 *** USER INFORMATION MESSAGE 4114 (OUTPX2)
     DATA BLOCK OGPFB1   WRITTEN ON FORTRAN UNIT    12 IN BINARY (LTLEND) FORMAT USING NDDL DESCRIPTION FOR OGPFB1, TRL =
                    101                 0                 1                 0                 0                 0                 3
     NAME OF DATA BLOCK WRITTEN ON FORTRAN UNIT IS OGPFB1  
        (MAXIMUM POSSIBLE FORTRAN RECORD SIZE =      131074 WORDS.)
     (MAXIMUM SIZE OF FORTRAN RECORDS WRITTEN =         620 WORDS.)
           (NUMBER OF FORTRAN RECORDS WRITTEN =          20 RECORDS.)
           (TOTAL DATA WRITTEN FOR DATA BLOCK =         794 WORDS.)
1                                                                              JUNE  20, 2025  MSC Nastran 11/21/24   PAGE    23
                                                                                                                                    
0                                                                                                                                   
0                                                                                                                                   
                                                                                                                                    
                                                                                                                                    
 *** USER INFORMATION MESSAGE 4114 (OUTPX2)
     DATA BLOCK OEF1X    WRITTEN ON FORTRAN UNIT    12 IN BINARY (LTLEND) FORMAT USING NDDL DESCRIPTION FOR OEF1X, TRL =
                    101                63                 6                20                25                 0                 3
     NAME OF DATA BLOCK WRITTEN ON FORTRAN UNIT IS OEF1X   
        (MAXIMUM POSSIBLE FORTRAN RECORD SIZE =      131074 WORDS.)
     (MAXIMUM SIZE OF FORTRAN RECORDS WRITTEN =         146 WORDS.)
           (NUMBER OF FORTRAN RECORDS WRITTEN =          20 RECORDS.)
           (TOTAL DATA WRITTEN FOR DATA BLOCK =         287 WORDS.)
 *** USER INFORMATION MESSAGE 4114 (OUTPX2)
     DATA BLOCK OES1X1   WRITTEN ON FORTRAN UNIT    12 IN BINARY (LTLEND) FORMAT USING NDDL DESCRIPTION FOR OES1X1, TRL =
                    101                63                 6                20                25                 0                 3
     NAME OF DATA BLOCK WRITTEN ON FORTRAN UNIT IS OES1X1  
        (MAXIMUM POSSIBLE FORTRAN RECORD SIZE =      131074 WORDS.)
     (MAXIMUM SIZE OF FORTRAN RECORDS WRITTEN =         204 WORDS.)
           (NUMBER OF FORTRAN RECORDS WRITTEN =          20 RECORDS.)
           (TOTAL DATA WRITTEN FOR DATA BLOCK =         383 WORDS.)
 *** USER INFORMATION MESSAGE 4114 (OUTPX2)
     DATA BLOCK OSTR1X   WRITTEN ON FORTRAN UNIT    12 IN BINARY (LTLEND) FORMAT USING NDDL DESCRIPTION FOR OSTR1X, TRL =
                    101                63                 6                20                25                 0                 3
     NAME OF DATA BLOCK WRITTEN ON FORTRAN UNIT IS OSTR1X  
        (MAXIMUM POSSIBLE FORTRAN RECORD SIZE =      131074 WORDS.)
     (MAXIMUM SIZE OF FORTRAN RECORDS WRITTEN =         204 WORDS.)
           (NUMBER OF FORTRAN RECORDS WRITTEN =          20 RECORDS.)
           (TOTAL DATA WRITTEN FOR DATA BLOCK =         383 WORDS.)
 ^^^     
 *** USER FATAL MESSAGE 10031 (SUBDMAP SESTATIC)
     THE PREVIOUS OUTPUT IS POTENTIAL MECHANISMS OR RIGID-BODY MODES IN YOUR MODEL
 ^^^     
 *** USER INFORMATION MESSAGE 4110 (OUTPX2)
                                 END-OF-DATA SIMULATION ON FORTRAN UNIT    12
                                 (MAXIMUM SIZE OF FORTRAN RECORDS WRITTEN =      1 WORDS.)
                                       (NUMBER OF FORTRAN RECORDS WRITTEN =      1 RECORDS.)
                                       (TOTAL DATA WRITTEN FOR EOF MARKER =      1 WORDS.)
1                                                                              JUNE  20, 2025  MSC Nastran 11/21/24   PAGE    24
                                                                                                                                    
0                                                                                                                                   
 * * * *  D B D I C T   P R I N T  * * * *      SUBDMAP = PRTSUM  ,  DMAP STATEMENT NO.     75



0                                   * * * *  A N A L Y S I S  S U M M A R Y  T A B L E  * * * *
0 SEID  PEID PROJ VERS APRCH      SEMG SEMR SEKR SELG SELR MODES DYNRED SOLLIN SOLNL LOOPID DESIGN CYCLE SENSITIVITY
 -------------------------------------------------------------------------------------------------------------------
     0     0    1    1 '        '    T    T    T    T    T     F      F      T     F     -1            0           F
0SEID = SUPERELEMENT ID.
 PEID = PRIMARY SUPERELEMENT ID OF IMAGE SUPERELEMENT.
 PROJ = PROJECT ID NUMBER.
 VERS = VERSION ID.
 APRCH = BLANK FOR STRUCTURAL ANALYSIS.  HEAT FOR HEAT TRANSFER ANALYSIS.
 SEMG = STIFFNESS AND MASS MATRIX GENERATION STEP.
 SEMR = MASS MATRIX REDUCTION STEP (INCLUDES EIGENVALUE SOLUTION FOR MODES).
 SEKR = STIFFNESS MATRIX REDUCTION STEP.
 SELG = LOAD MATRIX GENERATION STEP.
 SELR = LOAD MATRIX REDUCTION STEP. 
 MODES = T (TRUE) IF NORMAL MODES OR BUCKLING MODES CALCULATED.
 DYNRED = T (TRUE) MEANS GENERALIZED DYNAMIC AND/OR COMPONENT MODE REDUCTION PERFORMED.
 SOLLIN = T (TRUE) IF LINEAR SOLUTION EXISTS IN DATABASE.
 LOOPID = THE LAST LOOPID VALUE USED IN THE NONLINEAR ANALYSIS.  USEFUL FOR RESTARTS.
 SOLNL = T (TRUE) IF NONLINEAR SOLUTION EXISTS IN DATABASE.
 DESIGN CYCLE = THE LAST DESIGN CYCLE (ONLY VALID IN OPTIMIZATION).
 SENSITIVITY = SENSITIVITY MATRIX GENERATION FLAG.
 
 No PARAM values were set in the Control File.
 
1                                        * * * END OF JOB * * *
 
 
 No Symbolic Replacement variables or values were specified.

