   424093211

 MYSTRAN Version 14.01    Sep 19 2022 MYSTRAN developed by Dr Bill Case
*** Please report any problems to mystransolver@gmail.com ***                                                                                                                                                                                                   

 >> MYSTRAN BEGIN  :  4/24/2026 at  9:32:11.858 The input file is bush_04.DAT                                                                                                                                                                                                                                                     


 >> LINK  0 BEGIN


ID test,CONTN                                                                                                                                                                                                                                                   
SOL 101                                                                                                                                                                                                                                                         
CEND                                                                                                                                                                                                                                                            
  TITLE = Static                                                                                                                                                                                                                                                
  ECHO = NONE                                                                                                                                                                                                                                                   
  DISPLACEMENT(PRINT) = ALL                                                                                                                                                                                                                                     
  SPCFORCE(PRINT) = ALL                                                                                                                                                                                                                                         
  OLOAD(PRINT) = ALL                                                                                                                                                                                                                                            
  MPCFORCE(PRINT) = ALL                                                                                                                                                                                                                                         
  GPFORCE(PRINT) = ALL                                                                                                                                                                                                                                          
  FORCE(PRINT,CORNER) = ALL                                                                                                                                                                                                                                     
  STRESS(PRINT,CORNER) = ALL                                                                                                                                                                                                                                    
  SPC = 1                                                                                                                                                                                                                                                       
  LOAD = 1                                                                                                                                                                                                                                                      
BEGIN BULK                                                                                                                                                                                                                                                      


 *WARNING    : BANDIT DID NOT RUN SUCCESSFULLY. THIS IS A NON-CRITICAL OPTIMIZATION. IT QUIT WITH ERROR =        4
               CHECK FILE BANDIT.OUT IN THE DIRECTORY WHERE MYSTRAN.EXE RESIDES
               SINCE FIELD 4 OF PARAM GRIDSEQ = N, MYSTRAN WILL DEFAULT TO GRID SEQUENCING BASED ON GRID NUMERICAL ORDER.
               (THIS WAS EITHER ENTERED ON A BULK DATA PARAM GRIDSEQ ENTRY OR IS THE DEFAULT. SEE MYSTRAN DOCUMENTATION)



 >> LINK  0 END


 >> LINK  1 BEGIN

               DEALLOCATED  4.61E-03 MB MEMORY FROM ARRAY STF3

               DEALLOCATED  7.20E-05 MB MEMORY FROM ARRAY STFKEY
               DEALLOCATED  4.61E-03 MB MEMORY FROM ARRAY STF3

 >> LINK  1 END


 >> LINK  2 BEGIN




 *INFORMATION: AUTOSPC Summary, Overall: after identification of all AUTOSPC's                                                               

                                     AUTOSPC_RAT = 1.000000E-08

                       Number of DOF's identified for AUTOSPC in component  1         =            0
                       Number of DOF's identified for AUTOSPC in component  2         =            0
                       Number of DOF's identified for AUTOSPC in component  3         =            0
                       Number of DOF's identified for AUTOSPC in component  4         =            0
                       Number of DOF's identified for AUTOSPC in component  5         =            0
                       Number of DOF's identified for AUTOSPC in component  6         =            0
                                                                                        ------------
                       Total number of DOF's identified overall                       =            0


 >> LINK  2 END


 >> LINK  3 BEGIN

 SUPERLU FACTORIZATION OF MATRIX KLL SUCCEEDED IN SUBR SYM_MAT_DECOMP_SUPRLU          

 *INFORMATION: FOR INTERNAL SUBCASE NUMBER        1 EPSILON ERROR ESTIMATE            =  7.371332E-17 Based on U'*(K*U - P)/(U'*P)


 >> LINK  3 END


 >> LINK  5 BEGIN


 >> LINK  5 END


 >> LINK  9 BEGIN



 OUTPUT FOR SUBCASE        1
 Static                                                                                                                                                                                                                                                          

                                                       D I S P L A C E M E N T S
                                              (in global coordinate system at each grid)
           GRID     COORD      T1            T2            T3            R1            R2            R3
                     SYS
              1        0  0.0           0.0           0.0           0.0           0.0           0.0         
              2        0  6.732118E-02  1.413745E-01  2.120617E-01 -5.813014E-17 -4.082540E-17  4.194308E-17
              4        0  2.273212E-01  4.773745E-01  7.160617E-01 -2.411779E-17 -5.607000E-17  3.204017E-17
                         ------------- ------------- ------------- ------------- ------------- -------------
                MAX* :    2.273212E-01  4.773745E-01  7.160617E-01  0.0           0.0           4.194308E-17
                MIN* :    0.0           0.0           0.0          -5.813014E-17 -5.607000E-17  0.0         

                ABS* :    2.273212E-01  4.773745E-01  7.160617E-01  5.813014E-17  5.607000E-17  4.194308E-17
                *for output set


 OUTPUT FOR SUBCASE        1
 Static                                                                                                                                                                                                                                                          

                                                     A P P L I E D    F O R C E S
                                              (in global coordinate system at each grid)
           GRID     COORD      T1            T2            T3            R1            R2            R3
                     SYS
              4        0  1.200000E+03  2.520000E+03  3.780000E+03  0.0           0.0           0.0         


 OUTPUT FOR SUBCASE        1
 Static                                                                                                                                                                                                                                                          

                                                          S P C   F O R C E S
                                              (in global coordinate system at each grid)
           GRID     COORD      T1            T2            T3            R1            R2            R3
                     SYS
              1        0 -1.200000E+03 -2.520000E+03 -3.780000E+03  6.936341E-11  2.628396E-11 -3.738302E-11


 OUTPUT FOR SUBCASE        1
 Static                                                                                                                                                                                                                                                          



                                           G R I D   P O I N T   F O R C E   B A L A N C E
                                             (in global coordinate system at each grid)

                                FORCE BALANCE FOR GRID POINT        1 IN GLOBAL COORD SYSTEM        0

                               T1            T2            T3            R1            R2            R3

 APPLIED FORCE            0.000000E+00  0.000000E+00  0.000000E+00  0.000000E+00  0.000000E+00  0.000000E+00
 SPC FORCE               -1.200000E+03 -2.520000E+03 -3.780000E+03  6.936341E-11  2.628396E-11 -3.738302E-11
 MPC FORCE                0.000000E+00  0.000000E+00  0.000000E+00  0.000000E+00  0.000000E+00  0.000000E+00
 BUSH     ELEM         1  1.200000E+03  2.520000E+03  3.780000E+03 -6.936341E-11 -2.628396E-11  3.738302E-11
                         ------------- ------------- ------------- ------------- ------------- -------------
 TOTALS                :  0.000000E+00 -4.547474E-13 -4.547474E-13  0.000000E+00  0.000000E+00  6.462349E-27
 (should all be 0)


                                FORCE BALANCE FOR GRID POINT        2 IN GLOBAL COORD SYSTEM        0

                               T1            T2            T3            R1            R2            R3

 APPLIED FORCE            0.000000E+00  0.000000E+00  0.000000E+00  0.000000E+00  0.000000E+00  0.000000E+00
 SPC FORCE                0.000000E+00  0.000000E+00  0.000000E+00  0.000000E+00  0.000000E+00  0.000000E+00
 MPC FORCE                0.000000E+00  0.000000E+00  0.000000E+00  0.000000E+00  0.000000E+00  0.000000E+00
 BUSH     ELEM         1 -1.200000E+03 -2.520000E+03 -3.780000E+03 -2.145473E-11  5.275724E-12  4.240964E-12
 BUSH     ELEM         2  1.200000E+03  2.520000E+03  3.780000E+03  1.261096E-11 -9.101007E-12  2.027350E-12
                         ------------- ------------- ------------- ------------- ------------- -------------
 TOTALS                :  2.273737E-13 -2.273737E-12 -4.547474E-13 -8.843775E-12 -3.825283E-12  6.268315E-12
 (should all be 0)


                                FORCE BALANCE FOR GRID POINT        4 IN GLOBAL COORD SYSTEM        0

                               T1            T2            T3            R1            R2            R3

 APPLIED FORCE            1.200000E+03  2.520000E+03  3.780000E+03  0.000000E+00  0.000000E+00  0.000000E+00
 SPC FORCE                0.000000E+00  0.000000E+00  0.000000E+00  0.000000E+00  0.000000E+00  0.000000E+00
 MPC FORCE                0.000000E+00  0.000000E+00  0.000000E+00  0.000000E+00  0.000000E+00  0.000000E+00
 BUSH     ELEM         2 -1.200000E+03 -2.520000E+03 -3.780000E+03  3.418356E-12 -1.484473E-12  1.702209E-12
                         ------------- ------------- ------------- ------------- ------------- -------------
 TOTALS                :  0.000000E+00  4.547474E-13 -4.547474E-13  3.418356E-12 -1.484473E-12  1.702209E-12
 (should all be 0)




 OUTPUT FOR SUBCASE        1
 Static                                                                                                                                                                                                                                                          

                                        E L E M E N T   E N G I N E E R I N G   F O R C E S
                                             F O R   E L E M E N T   T Y P E   B U S H    
                 Element      Force         Force         Force        Moment        Moment        Moment
                    ID         XE            YE            ZE            XE            YE            ZE
                       1  4.698808E+03  0.000000E+00  1.023182E-12 -7.618932E-13 -1.103739E-11 -1.238859E-11
                       2  4.698808E+03 -1.136868E-13 -9.094947E-13 -1.446219E-12  7.530265E-12  1.010825E-12
                          ------------- ------------- ------------- ------------- ------------- ------------- 
                MAX* :    4.698808E+03  0.000000E+00  1.023182E-12 -7.618932E-13  7.530265E-12  1.010825E-12
                MIN* :    4.698808E+03 -1.136868E-13 -9.094947E-13 -1.446219E-12 -1.103739E-11 -1.238859E-11

                ABS* :    4.698808E+03  1.136868E-13  1.023182E-12  1.446219E-12  1.103739E-11  1.238859E-11
                *for output set


 OUTPUT FOR SUBCASE        1
 Static                                                                                                                                                                                                                                                          

           E L E M E N T   S T R E S S E S   I N   L O C A L   E L E M E N T   C O O R D I N A T E   S Y S T E M
                                        F O R   E L E M E N T   T Y P E   B U S H    
                     Element   Stress-1      Stress-2      Stress-3      Stress-4      Stress-5      Stress-6
                        ID
                          1  4.698808E+03  5.701550E-13  7.372149E-11 -2.225196E-12  1.693886E-09 -1.300477E-11
                          2  4.698808E+03 -7.251144E-12  6.765422E-12 -8.947258E-13  1.588600E-10  1.664755E-10

 >> LINK  9 END

    Total CPU time =  1.56E-02 seconds

 >> MYSTRAN END    :  4/24/2026 at  9:32:11.945
