   424093213

 MYSTRAN Version 14.01    Sep 19 2022 MYSTRAN developed by Dr Bill Case
*** Please report any problems to mystransolver@gmail.com ***                                                                                                                                                                                                   

 >> MYSTRAN BEGIN  :  4/24/2026 at  9:32:13.546 The input file is case_0001.DAT                                                                                                                                                                                                                                                   


 >> LINK  0 BEGIN


ID BEAM,CONTN                                                                                                                                                                                                                                                   
SOL 101                                                                                                                                                                                                                                                         
TIME 10000                                                                                                                                                                                                                                                      
CEND                                                                                                                                                                                                                                                            
  TITLE = ANALYSE                                                                                                                                                                                                                                               
  SUBTITLE = TEST                                                                                                                                                                                                                                               
  LABEL = TEST                                                                                                                                                                                                                                                  
  ECHO = NONE                                                                                                                                                                                                                                                   
  DISPLACEMENT(PRINT) = ALL                                                                                                                                                                                                                                     
  SPCFORCE(PRINT) = ALL                                                                                                                                                                                                                                         
  OLOAD(PRINT) = ALL                                                                                                                                                                                                                                            
  MPCFORCE(PRINT) = ALL                                                                                                                                                                                                                                         
  GPFORCE(PRINT) = ALL                                                                                                                                                                                                                                          
  FORCE(PRINT,CORNER) = ALL                                                                                                                                                                                                                                     
  STRESS(PRINT,CORNER) = ALL                                                                                                                                                                                                                                    
SUBCASE 1                                                                                                                                                                                                                                                       
  SUBTITLE = NASTRAN SPC 1 - LC1                                                                                                                                                                                                                                
  SPC = 1                                                                                                                                                                                                                                                       
  LOAD = 1                                                                                                                                                                                                                                                      
SUBCASE 2                                                                                                                                                                                                                                                       
  SUBTITLE = NASTRAN SPC 1 - LC2                                                                                                                                                                                                                                
  SPC = 1                                                                                                                                                                                                                                                       
  LOAD = 2                                                                                                                                                                                                                                                      
BEGIN BULK                                                                                                                                                                                                                                                      


 *WARNING    : BANDIT DID NOT RUN SUCCESSFULLY. THIS IS A NON-CRITICAL OPTIMIZATION. IT QUIT WITH ERROR =        4
               CHECK FILE BANDIT.OUT IN THE DIRECTORY WHERE MYSTRAN.EXE RESIDES
               SINCE FIELD 4 OF PARAM GRIDSEQ = N, MYSTRAN WILL DEFAULT TO GRID SEQUENCING BASED ON GRID NUMERICAL ORDER.
               (THIS WAS EITHER ENTERED ON A BULK DATA PARAM GRIDSEQ ENTRY OR IS THE DEFAULT. SEE MYSTRAN DOCUMENTATION)




 >> LINK  0 END


 >> LINK  1 BEGIN





               DEALLOCATED  2.53E-02 MB MEMORY FROM ARRAY STF3

               DEALLOCATED  2.88E-04 MB MEMORY FROM ARRAY STFKEY
               DEALLOCATED  2.53E-02 MB MEMORY FROM ARRAY STF3

 >> LINK  1 END


 >> LINK  2 BEGIN


 *INFORMATION: AUTOSPC Summary, Overall: after identification of all AUTOSPC's                                                               

                                     AUTOSPC_RAT = 1.000000E-08

                       Number of DOF's identified for AUTOSPC in component  1         =            0
                       Number of DOF's identified for AUTOSPC in component  2         =            0
                       Number of DOF's identified for AUTOSPC in component  3         =            0
                       Number of DOF's identified for AUTOSPC in component  4         =            0
                       Number of DOF's identified for AUTOSPC in component  5         =            0
                       Number of DOF's identified for AUTOSPC in component  6         =            0
                                                                                        ------------
                       Total number of DOF's identified overall                       =            0


 >> LINK  2 END


 >> LINK  3 BEGIN

 SUPERLU FACTORIZATION OF MATRIX KLL SUCCEEDED IN SUBR SYM_MAT_DECOMP_SUPRLU          

 *INFORMATION: FOR INTERNAL SUBCASE NUMBER        1 EPSILON ERROR ESTIMATE            = -6.702544E-14 Based on U'*(K*U - P)/(U'*P)

 *INFORMATION: FOR INTERNAL SUBCASE NUMBER        2 EPSILON ERROR ESTIMATE            = -1.724129E-12 Based on U'*(K*U - P)/(U'*P)


 >> LINK  3 END


 >> LINK  5 BEGIN


 >> LINK  5 END


 >> LINK  9 BEGIN



 OUTPUT FOR SUBCASE        1
 ANALYSE                                                                                                                                                                                                                                                         
 NASTRAN SPC 1 - LC1                                                                                                                                                                                                                                             
 TEST                                                                                                                                                                                                                                                            

                                                       D I S P L A C E M E N T S
                                              (in global coordinate system at each grid)
           GRID     COORD      T1            T2            T3            R1            R2            R3
                     SYS
              1        0  0.0           0.0           0.0          -4.316248E-04  8.922426E-03  4.699539E-03
              2        0 -1.871020E-01  1.621774E-21  0.0           4.316248E-04  8.922426E-03  4.666554E-03
              3        0  0.0           0.0           0.0          -1.600097E-02 -3.594734E-03 -2.959439E-04
              4        0  7.011201E-02  0.0           0.0           1.600097E-02 -3.594734E-03 -2.837522E-04
              5        0  0.0           0.0          -7.330153E-03  0.0           1.007176E-02  1.055781E-05
              6        0  0.0           0.0          -5.709092E-01  0.0           9.517652E-03 -2.536781E-06
              7        0  0.0           0.0          -1.300854E+00  0.0          -3.606188E-03 -1.177267E-06
              8        0 -9.377088E-02  1.621774E-21 -5.754997E-03  1.642166E-21  8.922426E-03  4.666554E-03
              9        0  3.555098E-02  0.0          -1.299279E+00  0.0          -3.594734E-03 -2.837522E-04
             10        0  0.0           0.0          -1.566059E+00  0.0           3.234319E-03 -3.281717E-07
             11        0  0.0           0.0          -9.576308E-01  0.0           8.363949E-03  9.363270E-07
             12        0  0.0           0.0          -1.604469E+00  0.0          -1.896076E-03  3.763597E-07
                         ------------- ------------- ------------- ------------- ------------- -------------
                MAX* :    7.011201E-02  1.621774E-21  0.0           1.600097E-02  1.007176E-02  4.699539E-03
                MIN* :   -1.871020E-01  0.0          -1.604469E+00 -1.600097E-02 -3.606188E-03 -2.959439E-04

                ABS* :    1.871020E-01  1.621774E-21  1.604469E+00  1.600097E-02  1.007176E-02  4.699539E-03
                *for output set


 OUTPUT FOR SUBCASE        1
 ANALYSE                                                                                                                                                                                                                                                         
 NASTRAN SPC 1 - LC1                                                                                                                                                                                                                                             
 TEST                                                                                                                                                                                                                                                            

                                                     A P P L I E D    F O R C E S
                                              (in global coordinate system at each grid)
           GRID     COORD      T1            T2            T3            R1            R2            R3
                     SYS
             10        0  0.0           0.0          -4.496180E+02  0.0           0.0           0.0         


 OUTPUT FOR SUBCASE        1
 ANALYSE                                                                                                                                                                                                                                                         
 NASTRAN SPC 1 - LC1                                                                                                                                                                                                                                             
 TEST                                                                                                                                                                                                                                                            

                                                          S P C   F O R C E S
                                              (in global coordinate system at each grid)
           GRID     COORD      T1            T2            T3            R1            R2            R3
                     SYS
              1        0  2.060452E+00 -8.517558E-14  1.124297E+02  0.0           0.0           0.0         
              2        0  0.0           0.0           1.124297E+02  0.0           0.0           0.0         
              3        0 -2.053366E-02  0.0           1.123793E+02  0.0           0.0           0.0         
              4        0  0.0           0.0           1.123793E+02  0.0           0.0           0.0         
              5        0 -2.060452E+00  9.363761E-01  0.0           0.0           0.0           0.0         
              6        0  0.0          -1.264680E+00  0.0           0.0           0.0           0.0         
              7        0  2.053366E-02  3.037754E-02  0.0           0.0           0.0           0.0         
             10        0  0.0          -2.123894E-02  0.0           0.0           0.0           0.0         
             11        0  0.0           3.513710E-01  0.0           0.0           0.0           0.0         
             12        0  0.0          -3.220525E-02  0.0           0.0           0.0           0.0         
                         ------------- ------------- ------------- ------------- ------------- -------------
                MAX* :    2.060452E+00  9.363761E-01  1.124297E+02  0.0           0.0           0.0         
                MIN* :   -2.060452E+00 -1.264680E+00  0.0           0.0           0.0           0.0         

                ABS* :    2.060452E+00  1.264680E+00  1.124297E+02  0.0           0.0           0.0         
                *for output set
                         ------------- ------------- ------------- ------------- ------------- -------------
     SPC FORCE TOTALS:    1.602096E-11 -6.245005E-17  4.496180E+02  0.0           0.0           0.0         
     (for output set)


 OUTPUT FOR SUBCASE        1
 ANALYSE                                                                                                                                                                                                                                                         
 NASTRAN SPC 1 - LC1                                                                                                                                                                                                                                             
 TEST                                                                                                                                                                                                                                                            



                                           G R I D   P O I N T   F O R C E   B A L A N C E
                                             (in global coordinate system at each grid)

                                FORCE BALANCE FOR GRID POINT        1 IN GLOBAL COORD SYSTEM        0

                               T1            T2            T3            R1            R2            R3

 APPLIED FORCE            0.000000E+00  0.000000E+00  0.000000E+00  0.000000E+00  0.000000E+00  0.000000E+00
 SPC FORCE                2.060452E+00 -8.517558E-14  1.124297E+02  0.000000E+00  0.000000E+00  0.000000E+00
 MPC FORCE                0.000000E+00  0.000000E+00  0.000000E+00  0.000000E+00  0.000000E+00  0.000000E+00
 BAR      ELEM         1 -2.060452E+00  8.517558E-14 -1.124297E+02 -9.180497E-13  0.000000E+00  1.818989E-12
                         ------------- ------------- ------------- ------------- ------------- -------------
 TOTALS                :  0.000000E+00  0.000000E+00  0.000000E+00 -9.180497E-13  0.000000E+00  1.818989E-12
 (should all be 0)


                                FORCE BALANCE FOR GRID POINT        2 IN GLOBAL COORD SYSTEM        0

                               T1            T2            T3            R1            R2            R3

 APPLIED FORCE            0.000000E+00  0.000000E+00  0.000000E+00  0.000000E+00  0.000000E+00  0.000000E+00
 SPC FORCE                0.000000E+00  0.000000E+00  1.124297E+02  0.000000E+00  0.000000E+00  0.000000E+00
 MPC FORCE                0.000000E+00  0.000000E+00  0.000000E+00  0.000000E+00  0.000000E+00  0.000000E+00
 BAR      ELEM         5 -2.273737E-13  0.000000E+00 -1.124297E+02  9.094947E-13  0.000000E+00 -5.456968E-12
                         ------------- ------------- ------------- ------------- ------------- -------------
 TOTALS                : -2.273737E-13  0.000000E+00  0.000000E+00  9.094947E-13  0.000000E+00 -5.456968E-12
 (should all be 0)


                                FORCE BALANCE FOR GRID POINT        3 IN GLOBAL COORD SYSTEM        0

                               T1            T2            T3            R1            R2            R3

 APPLIED FORCE            0.000000E+00  0.000000E+00  0.000000E+00  0.000000E+00  0.000000E+00  0.000000E+00
 SPC FORCE               -2.053366E-02  0.000000E+00  1.123793E+02  0.000000E+00  0.000000E+00  0.000000E+00
 MPC FORCE                0.000000E+00  0.000000E+00  0.000000E+00  0.000000E+00  0.000000E+00  0.000000E+00
 BAR      ELEM         2  2.053366E-02  0.000000E+00 -1.123793E+02  3.637979E-12  0.000000E+00  4.263256E-14
                         ------------- ------------- ------------- ------------- ------------- -------------
 TOTALS                :  0.000000E+00  0.000000E+00  0.000000E+00  3.637979E-12  0.000000E+00  4.263256E-14
 (should all be 0)


                                FORCE BALANCE FOR GRID POINT        4 IN GLOBAL COORD SYSTEM        0

                               T1            T2            T3            R1            R2            R3

 APPLIED FORCE            0.000000E+00  0.000000E+00  0.000000E+00  0.000000E+00  0.000000E+00  0.000000E+00
 SPC FORCE                0.000000E+00  0.000000E+00  1.123793E+02  0.000000E+00  0.000000E+00  0.000000E+00
 MPC FORCE                0.000000E+00  0.000000E+00  0.000000E+00  0.000000E+00  0.000000E+00  0.000000E+00
 BAR      ELEM         6  9.518608E-12  0.000000E+00 -1.123793E+02 -3.637979E-12  0.000000E+00  5.684342E-14
                         ------------- ------------- ------------- ------------- ------------- -------------
 TOTALS                :  9.518608E-12  0.000000E+00  0.000000E+00 -3.637979E-12  0.000000E+00  5.684342E-14
 (should all be 0)


                                FORCE BALANCE FOR GRID POINT        5 IN GLOBAL COORD SYSTEM        0

                               T1            T2            T3            R1            R2            R3

 APPLIED FORCE            0.000000E+00  0.000000E+00  0.000000E+00  0.000000E+00  0.000000E+00  0.000000E+00
 SPC FORCE               -2.060452E+00  9.363761E-01  0.000000E+00  0.000000E+00  0.000000E+00  0.000000E+00
 MPC FORCE                0.000000E+00  0.000000E+00  0.000000E+00  0.000000E+00  0.000000E+00  0.000000E+00
 BAR      ELEM         3  0.000000E+00 -9.363761E-01 -2.248594E+02  0.000000E+00  2.034494E+01 -4.120904E+01

 BUSH     ELEM         7  2.060452E+00 -8.517558E-14  2.248594E+02 -4.204982E-13 -2.034494E+01  4.120904E+01
                         ------------- ------------- ------------- ------------- ------------- -------------
 TOTALS                :  0.000000E+00 -2.147456E-17 -5.343281E-12 -4.204982E-13  2.910383E-11  0.000000E+00
 (should all be 0)


                                FORCE BALANCE FOR GRID POINT        6 IN GLOBAL COORD SYSTEM        0

                               T1            T2            T3            R1            R2            R3

 APPLIED FORCE            0.000000E+00  0.000000E+00  0.000000E+00  0.000000E+00  0.000000E+00  0.000000E+00
 SPC FORCE                0.000000E+00 -1.264680E+00  0.000000E+00  0.000000E+00  0.000000E+00  0.000000E+00
 MPC FORCE                0.000000E+00  0.000000E+00  0.000000E+00  0.000000E+00  0.000000E+00  0.000000E+00
 BAR      ELEM         3  0.000000E+00  9.363761E-01  2.248594E+02  0.000000E+00  1.279664E+04 -1.216440E+01
 BAR      ELEM         4  0.000000E+00  3.283043E-01 -2.248594E+02  0.000000E+00 -1.279664E+04  1.216440E+01
                         ------------- ------------- ------------- ------------- ------------- -------------
 TOTALS                :  0.000000E+00 -5.551115E-17 -9.094947E-12  0.000000E+00  3.201421E-10 -1.776357E-15
 (should all be 0)


                                FORCE BALANCE FOR GRID POINT        7 IN GLOBAL COORD SYSTEM        0

                               T1            T2            T3            R1            R2            R3

 APPLIED FORCE            0.000000E+00  0.000000E+00  0.000000E+00  0.000000E+00  0.000000E+00  0.000000E+00
 SPC FORCE                2.053366E-02  3.037754E-02  0.000000E+00  0.000000E+00  0.000000E+00  0.000000E+00
 MPC FORCE                0.000000E+00  0.000000E+00  0.000000E+00  0.000000E+00  0.000000E+00  0.000000E+00

 BUSH     ELEM         8 -2.053366E-02  0.000000E+00  2.247586E+02  0.000000E+00  2.027497E-01 -2.500999E+00
 BAR      ELEM        11  0.000000E+00 -3.037754E-02 -2.247586E+02  0.000000E+00 -2.027497E-01  2.500999E+00
                         ------------- ------------- ------------- ------------- ------------- -------------
 TOTALS                :  0.000000E+00  0.000000E+00 -4.138201E-11  0.000000E+00 -8.003553E-11  0.000000E+00
 (should all be 0)


                                FORCE BALANCE FOR GRID POINT        8 IN GLOBAL COORD SYSTEM        0

                               T1            T2            T3            R1            R2            R3

 APPLIED FORCE            0.000000E+00  0.000000E+00  0.000000E+00  0.000000E+00  0.000000E+00  0.000000E+00
 SPC FORCE                0.000000E+00  0.000000E+00  0.000000E+00  0.000000E+00  0.000000E+00  0.000000E+00
 MPC FORCE                0.000000E+00  0.000000E+00  0.000000E+00  0.000000E+00  0.000000E+00  0.000000E+00
 BAR      ELEM         1  2.060452E+00 -8.517558E-14  1.124297E+02 -2.248594E+03  0.000000E+00  4.120904E+01
 BAR      ELEM         5  2.273737E-13  0.000000E+00  1.124297E+02  2.248594E+03  0.000000E+00 -9.094947E-12

 BUSH     ELEM         7 -2.060452E+00  8.517558E-14 -2.248594E+02 -4.205272E-13  2.566958E-08 -4.120904E+01
                         ------------- ------------- ------------- ------------- ------------- -------------
 TOTALS                :  1.625722E-11  0.000000E+00  1.705303E-13  3.422012E-14  2.566958E-08 -5.542233E-13
 (should all be 0)


                                FORCE BALANCE FOR GRID POINT        9 IN GLOBAL COORD SYSTEM        0

                               T1            T2            T3            R1            R2            R3

 APPLIED FORCE            0.000000E+00  0.000000E+00  0.000000E+00  0.000000E+00  0.000000E+00  0.000000E+00
 SPC FORCE                0.000000E+00  0.000000E+00  0.000000E+00  0.000000E+00  0.000000E+00  0.000000E+00
 MPC FORCE                0.000000E+00  0.000000E+00  0.000000E+00  0.000000E+00  0.000000E+00  0.000000E+00
 BAR      ELEM         2 -2.053366E-02  0.000000E+00  1.123793E+02 -1.368780E+04  0.000000E+00 -2.500999E+00
 BAR      ELEM         6 -9.518608E-12  0.000000E+00  1.123793E+02  1.368780E+04  0.000000E+00  1.159286E-09

 BUSH     ELEM         8  2.053366E-02  0.000000E+00 -2.247586E+02  0.000000E+00  3.376044E-09  2.500999E+00
                         ------------- ------------- ------------- ------------- ------------- -------------
 TOTALS                : -9.527712E-12  0.000000E+00 -7.503331E-12  0.000000E+00  3.376044E-09 -2.797762E-14
 (should all be 0)


                                FORCE BALANCE FOR GRID POINT       10 IN GLOBAL COORD SYSTEM        0

                               T1            T2            T3            R1            R2            R3

 APPLIED FORCE            0.000000E+00  0.000000E+00 -4.496180E+02  0.000000E+00  0.000000E+00  0.000000E+00
 SPC FORCE                0.000000E+00 -2.123894E-02  0.000000E+00  0.000000E+00  0.000000E+00  0.000000E+00
 MPC FORCE                0.000000E+00  0.000000E+00  0.000000E+00  0.000000E+00  0.000000E+00  0.000000E+00
 BAR      ELEM         9  0.000000E+00 -1.827718E-03  2.247586E+02  0.000000E+00 -4.495153E+04  3.539824E-01
 BAR      ELEM        10  0.000000E+00  2.306666E-02  2.248594E+02  0.000000E+00  4.495153E+04 -3.539824E-01
                         ------------- ------------- ------------- ------------- ------------- -------------
 TOTALS                :  0.000000E+00  0.000000E+00 -2.444267E-12  0.000000E+00  1.164153E-10 -1.665335E-16
 (should all be 0)


                                FORCE BALANCE FOR GRID POINT       11 IN GLOBAL COORD SYSTEM        0

                               T1            T2            T3            R1            R2            R3

 APPLIED FORCE            0.000000E+00  0.000000E+00  0.000000E+00  0.000000E+00  0.000000E+00  0.000000E+00
 SPC FORCE                0.000000E+00  3.513710E-01  0.000000E+00  0.000000E+00  0.000000E+00  0.000000E+00
 MPC FORCE                0.000000E+00  0.000000E+00  0.000000E+00  0.000000E+00  0.000000E+00  0.000000E+00
 BAR      ELEM         4  0.000000E+00 -3.283043E-01  2.248594E+02  0.000000E+00  2.246559E+04  1.952684E+00
 BAR      ELEM        10  0.000000E+00 -2.306666E-02 -2.248594E+02  0.000000E+00 -2.246559E+04 -1.952684E+00
                         ------------- ------------- ------------- ------------- ------------- -------------
 TOTALS                :  0.000000E+00  6.938894E-18 -1.364242E-12  0.000000E+00  3.274181E-10 -1.332268E-15
 (should all be 0)


                                FORCE BALANCE FOR GRID POINT       12 IN GLOBAL COORD SYSTEM        0

                               T1            T2            T3            R1            R2            R3

 APPLIED FORCE            0.000000E+00  0.000000E+00  0.000000E+00  0.000000E+00  0.000000E+00  0.000000E+00
 SPC FORCE                0.000000E+00 -3.220525E-02  0.000000E+00  0.000000E+00  0.000000E+00  0.000000E+00
 MPC FORCE                0.000000E+00  0.000000E+00  0.000000E+00  0.000000E+00  0.000000E+00  0.000000E+00
 BAR      ELEM         9  0.000000E+00  1.827718E-03 -2.247586E+02  0.000000E+00  2.247566E+04 -5.367542E-01
 BAR      ELEM        11  0.000000E+00  3.037754E-02  2.247586E+02  0.000000E+00 -2.247566E+04  5.367542E-01
                         ------------- ------------- ------------- ------------- ------------- -------------
 TOTALS                :  0.000000E+00  0.000000E+00 -3.524292E-12  0.000000E+00  0.000000E+00  1.110223E-16
 (should all be 0)




 OUTPUT FOR SUBCASE        1
 ANALYSE                                                                                                                                                                                                                                                         
 NASTRAN SPC 1 - LC1                                                                                                                                                                                                                                             
 TEST                                                                                                                                                                                                                                                            

                                                       E L E M E N T   E N G I N E E R I N G   F O R C E S
                                                             F O R   E L E M E N T   T Y P E   B A R      
                 Element       Bend-Moment End A           Bend-Moment End B              - Shear -              Axial         Torque
                    ID       Plane 1       Plane 2       Plane 1       Plane 2      Plane 1       Plane 2        Force
                       1 -1.818989E-12  9.180497E-13  4.120904E+01 -2.248594E+03 -2.060452E+00  1.124297E+02  8.517558E-14  0.000000E+00
                       2 -4.263256E-14 -3.637979E-12 -2.500999E+00 -1.368780E+04  2.053366E-02  1.123793E+02  0.000000E+00  0.000000E+00
                       3 -4.120904E+01 -2.034494E+01  1.216440E+01  1.279664E+04 -9.363761E-01 -2.248594E+02  0.000000E+00  0.000000E+00
                       4  1.216440E+01  1.279664E+04 -1.952684E+00  2.246559E+04  3.283043E-01 -2.248594E+02  0.000000E+00  0.000000E+00
                       5  9.094947E-12 -2.248594E+03  4.547474E-12  4.547474E-13  2.273737E-13 -1.124297E+02  0.000000E+00  0.000000E+00
                       6 -1.159286E-09 -1.368780E+04  8.046896E-14  1.818989E-12 -9.518608E-12 -1.123793E+02  0.000000E+00  0.000000E+00
                       9  3.539824E-01  4.495153E+04  5.367542E-01  2.247566E+04 -1.827718E-03  2.247586E+02  0.000000E+00  0.000000E+00
                      10 -1.952684E+00  2.246559E+04  3.539824E-01  4.495153E+04 -2.306666E-02 -2.248594E+02  0.000000E+00  0.000000E+00
                      11  5.367542E-01  2.247566E+04 -2.500999E+00 -2.027497E-01  3.037754E-02  2.247586E+02  0.000000E+00  0.000000E+00
          ------------- ------------- ------------- ------------- ------------- ------------- ------------- -------------
                MAX* :    1.216440E+01  4.495153E+04  4.120904E+01  4.495153E+04  3.283043E-01  2.247586E+02  8.517558E-14  0.000000E+00
                MIN* :   -4.120904E+01 -1.368780E+04 -2.500999E+00 -1.368780E+04 -2.060452E+00 -2.248594E+02  0.000000E+00  0.000000E+00

                ABS* :    4.120904E+01  4.495153E+04  4.120904E+01  4.495153E+04  2.060452E+00  2.248594E+02  8.517558E-14  0.000000E+00
                *for output set




 OUTPUT FOR SUBCASE        1
 ANALYSE                                                                                                                                                                                                                                                         
 NASTRAN SPC 1 - LC1                                                                                                                                                                                                                                             
 TEST                                                                                                                                                                                                                                                            

                                        E L E M E N T   E N G I N E E R I N G   F O R C E S
                                             F O R   E L E M E N T   T Y P E   B U S H    
                 Element      Force         Force         Force        Moment        Moment        Moment
                    ID         XE            YE            ZE            XE            YE            ZE
                       7  8.517558E-14 -2.248594E+02 -2.060452E+00  1.017247E+01 -4.120904E+01 -1.453439E-17
                       8  0.000000E+00 -2.247586E+02  2.053366E-02 -1.013749E-01  2.500999E+00  0.000000E+00
                          ------------- ------------- ------------- ------------- ------------- ------------- 
                MAX* :    8.517558E-14 -2.247586E+02  2.053366E-02  1.017247E+01  2.500999E+00  0.000000E+00
                MIN* :    0.000000E+00 -2.248594E+02 -2.060452E+00 -1.013749E-01 -4.120904E+01 -1.453439E-17

                ABS* :    8.517558E-14  2.248594E+02  2.060452E+00  1.017247E+01  4.120904E+01  1.453439E-17
                *for output set




 OUTPUT FOR SUBCASE        1
 ANALYSE                                                                                                                                                                                                                                                         
 NASTRAN SPC 1 - LC1                                                                                                                                                                                                                                             
 TEST                                                                                                                                                                                                                                                            

             E L E M E N T   S T R E S S E S   I N   L O C A L   E L E M E N T   C O O R D I N A T E   S Y S T E M
                                          F O R   E L E M E N T   T Y P E   B A R      
  Element      SA1           SA2           SA3           SA4          Axial         SA-Max        SA-Min      M.S.-T
     ID        SB1           SB2           SB3           SB4          Stress        SB-Max        SB-Min      M.S.-C

        1  0.0           0.0           0.0           0.0           8.433226E-16  8.433226E-16  8.433226E-16                          
           0.0           0.0           0.0           0.0                         8.433226E-16  8.433226E-16                          

        2  0.0           0.0           0.0           0.0           0.0           0.0           0.0                                   
           0.0           0.0           0.0           0.0                         0.0           0.0                                   

        3  0.0           0.0           0.0           0.0           0.0           0.0           0.0                                   
           0.0           0.0           0.0           0.0                         0.0           0.0                                   

        4  0.0           0.0           0.0           0.0           0.0           0.0           0.0                                   
           0.0           0.0           0.0           0.0                         0.0           0.0                                   

        5  0.0           0.0           0.0           0.0           0.0           0.0           0.0                                   
           0.0           0.0           0.0           0.0                         0.0           0.0                                   

        6  0.0           0.0           0.0           0.0           0.0           0.0           0.0                                   
           0.0           0.0           0.0           0.0                         0.0           0.0                                   

        9  0.0           0.0           0.0           0.0           0.0           0.0           0.0                                   
           0.0           0.0           0.0           0.0                         0.0           0.0                                   

       10  0.0           0.0           0.0           0.0           0.0           0.0           0.0                                   
           0.0           0.0           0.0           0.0                         0.0           0.0                                   

       11  0.0           0.0           0.0           0.0           0.0           0.0           0.0                                   
           0.0           0.0           0.0           0.0                         0.0           0.0                                   
          ------------- ------------- ------------- ------------- ------------- ------------- ------------- ---------
 MAX* :    0.0           0.0           0.0           0.0           8.433226E-16  8.433226E-16  8.433226E-16  1.00E+10
 MAX* :    0.0           0.0           0.0           0.0           8.433226E-16  8.433226E-16  8.433226E-16  1.00E+10

 MIN* :    0.0           0.0           0.0           0.0           0.0           0.0           0.0           1.00E+10
 MIN* :    0.0           0.0           0.0           0.0           0.0           0.0           0.0           1.00E+10

 ABS* :    0.0           0.0           0.0           0.0           8.433226E-16  8.433226E-16  8.433226E-16  1.00E+10
 ABS* :    0.0           0.0           0.0           0.0           8.433226E-16  8.433226E-16  8.433226E-16  1.00E+10
 *for output set




 OUTPUT FOR SUBCASE        1
 ANALYSE                                                                                                                                                                                                                                                         
 NASTRAN SPC 1 - LC1                                                                                                                                                                                                                                             
 TEST                                                                                                                                                                                                                                                            

           E L E M E N T   S T R E S S E S   I N   L O C A L   E L E M E N T   C O O R D I N A T E   S Y S T E M
                                        F O R   E L E M E N T   T Y P E   B U S H    
                     Element   Stress-1      Stress-2      Stress-3      Stress-4      Stress-5      Stress-6
                        ID
                          7 -2.129876E-14 -2.248594E+02  5.354455E+04  1.017247E+01  2.643088E+05  1.110133E+03
                          8  0.000000E+00 -2.247586E+02 -2.030013E+04 -1.013749E-01 -1.002195E+05  1.109636E+03




 OUTPUT FOR SUBCASE        2
 ANALYSE                                                                                                                                                                                                                                                         
 NASTRAN SPC 1 - LC2                                                                                                                                                                                                                                             
 TEST                                                                                                                                                                                                                                                            

                                                       D I S P L A C E M E N T S
                                              (in global coordinate system at each grid)
           GRID     COORD      T1            T2            T3            R1            R2            R3
                     SYS
              1        0  0.0           0.0           0.0          -6.902839E-06  9.761806E-03  5.141650E-03
              2        0 -2.047036E-01  0.0           0.0           6.902839E-06  9.761806E-03  5.105562E-03
              3        0  0.0           0.0           0.0          -3.175310E-02  7.604512E-04  6.260643E-05
              4        0 -1.483177E-02  0.0           0.0           3.175310E-02  7.604512E-04  6.002540E-05
              5        0  0.0           0.0          -1.172288E-04  0.0           1.101927E-02  1.154823E-05
              6        0  0.0           0.0          -6.281015E-01  0.0           1.101231E-02 -2.769806E-06
              7        0  0.0           0.0          -2.581476E+00  0.0           7.628760E-04  2.028863E-07
              8        0 -1.025924E-01  0.0          -9.203785E-05  0.0           9.761806E-03  5.105562E-03
              9        0 -7.520674E-03  0.0          -2.578352E+00  0.0           7.604512E-04  6.002540E-05
             10        0  0.0           0.0          -1.917651E+00  0.0           5.892768E-03 -2.549531E-07
             11        0  0.0           0.0          -1.101301E+00  0.0           1.099529E-02  1.006796E-06
             12        0  0.0           0.0          -2.392066E+00  0.0           4.156571E-03  1.301670E-08
                         ------------- ------------- ------------- ------------- ------------- -------------
                MAX* :    0.0           0.0           0.0           3.175310E-02  1.101927E-02  5.141650E-03
                MIN* :   -2.047036E-01  0.0          -2.581476E+00 -3.175310E-02  7.604512E-04 -2.769806E-06

                ABS* :    2.047036E-01  0.0           2.581476E+00  3.175310E-02  1.101927E-02  5.141650E-03
                *for output set


 OUTPUT FOR SUBCASE        2
 ANALYSE                                                                                                                                                                                                                                                         
 NASTRAN SPC 1 - LC2                                                                                                                                                                                                                                             
 TEST                                                                                                                                                                                                                                                            

                                                     A P P L I E D    F O R C E S
                                              (in global coordinate system at each grid)
           GRID     COORD      T1            T2            T3            R1            R2            R3
                     SYS
             11        0  0.0           0.0          -2.248090E+02  0.0           4.425373E+04  0.0         
             12        0  0.0           0.0          -2.248090E+02  0.0           4.425373E+04  0.0         
                         ------------- ------------- ------------- ------------- ------------- -------------
 APPLIED FORCE TOTALS:    0.0           0.0          -4.496180E+02  0.0           8.850746E+04  0.0         
   (for output set)


 OUTPUT FOR SUBCASE        2
 ANALYSE                                                                                                                                                                                                                                                         
 NASTRAN SPC 1 - LC2                                                                                                                                                                                                                                             
 TEST                                                                                                                                                                                                                                                            

                                                          S P C   F O R C E S
                                              (in global coordinate system at each grid)
           GRID     COORD      T1            T2            T3            R1            R2            R3
                     SYS
              1        0  2.254291E+00  0.0           1.798052E+00  0.0           0.0           0.0         
              2        0  0.0           0.0           1.798052E+00  0.0           0.0           0.0         
              3        0  4.347076E-03  0.0           2.230109E+02  0.0           0.0           0.0         
              4        0  0.0           0.0           2.230109E+02  0.0           0.0           0.0         
              5        0 -2.254291E+00  1.024795E+00  0.0           0.0           0.0           0.0         
              6        0  0.0          -1.386445E+00  0.0           0.0           0.0           0.0         
              7        0 -4.347076E-03 -8.188963E-03  0.0           0.0           0.0           0.0         
             10        0  0.0          -3.769294E-02  0.0           0.0           0.0           0.0         
             11        0  0.0           3.901663E-01  0.0           0.0           0.0           0.0         
             12        0  0.0           1.736534E-02  0.0           0.0           0.0           0.0         
                         ------------- ------------- ------------- ------------- ------------- -------------
                MAX* :    2.254291E+00  1.024795E+00  2.230109E+02  0.0           0.0           0.0         
                MIN* :   -2.254291E+00 -1.386445E+00  0.0           0.0           0.0           0.0         

                ABS* :    2.254291E+00  1.386445E+00  2.230109E+02  0.0           0.0           0.0         
                *for output set
                         ------------- ------------- ------------- ------------- ------------- -------------
     SPC FORCE TOTALS:    2.430589E-11  3.122502E-17  4.496180E+02  0.0           0.0           0.0         
     (for output set)


 OUTPUT FOR SUBCASE        2
 ANALYSE                                                                                                                                                                                                                                                         
 NASTRAN SPC 1 - LC2                                                                                                                                                                                                                                             
 TEST                                                                                                                                                                                                                                                            



                                           G R I D   P O I N T   F O R C E   B A L A N C E
                                             (in global coordinate system at each grid)

                                FORCE BALANCE FOR GRID POINT        1 IN GLOBAL COORD SYSTEM        0

                               T1            T2            T3            R1            R2            R3

 APPLIED FORCE            0.000000E+00  0.000000E+00  0.000000E+00  0.000000E+00  0.000000E+00  0.000000E+00
 SPC FORCE                2.254291E+00  0.000000E+00  1.798052E+00  0.000000E+00  0.000000E+00  0.000000E+00
 MPC FORCE                0.000000E+00  0.000000E+00  0.000000E+00  0.000000E+00  0.000000E+00  0.000000E+00
 BAR      ELEM         1 -2.254291E+00  0.000000E+00 -1.798052E+00  0.000000E+00  0.000000E+00 -1.818989E-12
                         ------------- ------------- ------------- ------------- ------------- -------------
 TOTALS                :  0.000000E+00  0.000000E+00  0.000000E+00  0.000000E+00  0.000000E+00 -1.818989E-12
 (should all be 0)


                                FORCE BALANCE FOR GRID POINT        2 IN GLOBAL COORD SYSTEM        0

                               T1            T2            T3            R1            R2            R3

 APPLIED FORCE            0.000000E+00  0.000000E+00  0.000000E+00  0.000000E+00  0.000000E+00  0.000000E+00
 SPC FORCE                0.000000E+00  0.000000E+00  1.798052E+00  0.000000E+00  0.000000E+00  0.000000E+00
 MPC FORCE                0.000000E+00  0.000000E+00  0.000000E+00  0.000000E+00  0.000000E+00  0.000000E+00
 BAR      ELEM         5  1.148237E-11  0.000000E+00 -1.798052E+00  0.000000E+00  0.000000E+00  0.000000E+00
                         ------------- ------------- ------------- ------------- ------------- -------------
 TOTALS                :  1.148237E-11  0.000000E+00  0.000000E+00  0.000000E+00  0.000000E+00  0.000000E+00
 (should all be 0)


                                FORCE BALANCE FOR GRID POINT        3 IN GLOBAL COORD SYSTEM        0

                               T1            T2            T3            R1            R2            R3

 APPLIED FORCE            0.000000E+00  0.000000E+00  0.000000E+00  0.000000E+00  0.000000E+00  0.000000E+00
 SPC FORCE                4.347076E-03  0.000000E+00  2.230109E+02  0.000000E+00  0.000000E+00  0.000000E+00
 MPC FORCE                0.000000E+00  0.000000E+00  0.000000E+00  0.000000E+00  0.000000E+00  0.000000E+00
 BAR      ELEM         2 -4.347076E-03  0.000000E+00 -2.230109E+02  0.000000E+00  0.000000E+00 -5.329071E-15
                         ------------- ------------- ------------- ------------- ------------- -------------
 TOTALS                :  0.000000E+00  0.000000E+00  0.000000E+00  0.000000E+00  0.000000E+00 -5.329071E-15
 (should all be 0)


                                FORCE BALANCE FOR GRID POINT        4 IN GLOBAL COORD SYSTEM        0

                               T1            T2            T3            R1            R2            R3

 APPLIED FORCE            0.000000E+00  0.000000E+00  0.000000E+00  0.000000E+00  0.000000E+00  0.000000E+00
 SPC FORCE                0.000000E+00  0.000000E+00  2.230109E+02  0.000000E+00  0.000000E+00  0.000000E+00
 MPC FORCE                0.000000E+00  0.000000E+00  0.000000E+00  0.000000E+00  0.000000E+00  0.000000E+00
 BAR      ELEM         6 -1.028744E-11  0.000000E+00 -2.230109E+02  0.000000E+00  0.000000E+00  1.065814E-14
                         ------------- ------------- ------------- ------------- ------------- -------------
 TOTALS                : -1.028744E-11  0.000000E+00  0.000000E+00  0.000000E+00  0.000000E+00  1.065814E-14
 (should all be 0)


                                FORCE BALANCE FOR GRID POINT        5 IN GLOBAL COORD SYSTEM        0

                               T1            T2            T3            R1            R2            R3

 APPLIED FORCE            0.000000E+00  0.000000E+00  0.000000E+00  0.000000E+00  0.000000E+00  0.000000E+00
 SPC FORCE               -2.254291E+00  1.024795E+00  0.000000E+00  0.000000E+00  0.000000E+00  0.000000E+00
 MPC FORCE                0.000000E+00  0.000000E+00  0.000000E+00  0.000000E+00  0.000000E+00  0.000000E+00
 BAR      ELEM         3  0.000000E+00 -1.024795E+00 -3.596105E+00  0.000000E+00  2.225891E+01 -4.508582E+01

 BUSH     ELEM         7  2.254291E+00  0.000000E+00  3.596105E+00  0.000000E+00 -2.225891E+01  4.508582E+01
                         ------------- ------------- ------------- ------------- ------------- -------------
 TOTALS                :  0.000000E+00  0.000000E+00  5.069722E-12  0.000000E+00  5.820766E-11  0.000000E+00
 (should all be 0)


                                FORCE BALANCE FOR GRID POINT        6 IN GLOBAL COORD SYSTEM        0

                               T1            T2            T3            R1            R2            R3

 APPLIED FORCE            0.000000E+00  0.000000E+00  0.000000E+00  0.000000E+00  0.000000E+00  0.000000E+00
 SPC FORCE                0.000000E+00 -1.386445E+00  0.000000E+00  0.000000E+00  0.000000E+00  0.000000E+00
 MPC FORCE                0.000000E+00  0.000000E+00  0.000000E+00  0.000000E+00  0.000000E+00  0.000000E+00
 BAR      ELEM         3  0.000000E+00  1.024795E+00  3.596105E+00  0.000000E+00  1.827190E+02 -1.332750E+01
 BAR      ELEM         4  0.000000E+00  3.616497E-01 -3.596105E+00  0.000000E+00 -1.827190E+02  1.332750E+01
                         ------------- ------------- ------------- ------------- ------------- -------------
 TOTALS                :  0.000000E+00  0.000000E+00 -5.456968E-12  0.000000E+00  5.238689E-10  0.000000E+00
 (should all be 0)


                                FORCE BALANCE FOR GRID POINT        7 IN GLOBAL COORD SYSTEM        0

                               T1            T2            T3            R1            R2            R3

 APPLIED FORCE            0.000000E+00  0.000000E+00  0.000000E+00  0.000000E+00  0.000000E+00  0.000000E+00
 SPC FORCE               -4.347076E-03 -8.188963E-03  0.000000E+00  0.000000E+00  0.000000E+00  0.000000E+00
 MPC FORCE                0.000000E+00  0.000000E+00  0.000000E+00  0.000000E+00  0.000000E+00  0.000000E+00

 BUSH     ELEM         8  4.347076E-03  0.000000E+00  4.460219E+02  0.000000E+00 -4.292312E-02  5.294739E-01
 BAR      ELEM        11  0.000000E+00  8.188963E-03 -4.460219E+02  0.000000E+00  4.292312E-02 -5.294739E-01
                         ------------- ------------- ------------- ------------- ------------- -------------
 TOTALS                :  0.000000E+00  0.000000E+00 -1.585931E-11  0.000000E+00  1.091394E-10  0.000000E+00
 (should all be 0)


                                FORCE BALANCE FOR GRID POINT        8 IN GLOBAL COORD SYSTEM        0

                               T1            T2            T3            R1            R2            R3

 APPLIED FORCE            0.000000E+00  0.000000E+00  0.000000E+00  0.000000E+00  0.000000E+00  0.000000E+00
 SPC FORCE                0.000000E+00  0.000000E+00  0.000000E+00  0.000000E+00  0.000000E+00  0.000000E+00
 MPC FORCE                0.000000E+00  0.000000E+00  0.000000E+00  0.000000E+00  0.000000E+00  0.000000E+00
 BAR      ELEM         1  2.254291E+00  0.000000E+00  1.798052E+00 -3.596105E+01  0.000000E+00  4.508582E+01
 BAR      ELEM         5 -1.148237E-11  0.000000E+00  1.798052E+00  3.596105E+01  0.000000E+00  2.237357E-10

 BUSH     ELEM         7 -2.254291E+00  0.000000E+00 -3.596105E+00  0.000000E+00  2.808520E-08 -4.508582E+01
                         ------------- ------------- ------------- ------------- ------------- -------------
 TOTALS                :  1.170974E-11  0.000000E+00  2.664535E-15  0.000000E+00  2.808520E-08 -3.623768E-13
 (should all be 0)


                                FORCE BALANCE FOR GRID POINT        9 IN GLOBAL COORD SYSTEM        0

                               T1            T2            T3            R1            R2            R3

 APPLIED FORCE            0.000000E+00  0.000000E+00  0.000000E+00  0.000000E+00  0.000000E+00  0.000000E+00
 SPC FORCE                0.000000E+00  0.000000E+00  0.000000E+00  0.000000E+00  0.000000E+00  0.000000E+00
 MPC FORCE                0.000000E+00  0.000000E+00  0.000000E+00  0.000000E+00  0.000000E+00  0.000000E+00
 BAR      ELEM         2  4.347076E-03  0.000000E+00  2.230109E+02 -2.716273E+04  0.000000E+00  5.294739E-01
 BAR      ELEM         6  1.028744E-11  0.000000E+00  2.230109E+02  2.716273E+04  0.000000E+00 -1.253010E-09

 BUSH     ELEM         8 -4.347076E-03  0.000000E+00 -4.460219E+02  0.000000E+00 -7.148628E-10 -5.294739E-01
                         ------------- ------------- ------------- ------------- ------------- -------------
 TOTALS                :  1.140116E-11  0.000000E+00 -7.821654E-11  0.000000E+00 -7.148628E-10  1.276756E-14
 (should all be 0)


                                FORCE BALANCE FOR GRID POINT       10 IN GLOBAL COORD SYSTEM        0

                               T1            T2            T3            R1            R2            R3

 APPLIED FORCE            0.000000E+00  0.000000E+00  0.000000E+00  0.000000E+00  0.000000E+00  0.000000E+00
 SPC FORCE                0.000000E+00 -3.769294E-02  0.000000E+00  0.000000E+00  0.000000E+00  0.000000E+00
 MPC FORCE                0.000000E+00  0.000000E+00  0.000000E+00  0.000000E+00  0.000000E+00  0.000000E+00
 BAR      ELEM         9  0.000000E+00  9.176381E-03  2.212129E+02  0.000000E+00 -2.246979E+04  6.282157E-01
 BAR      ELEM        10  0.000000E+00  2.851656E-02 -2.212129E+02  0.000000E+00  2.246979E+04 -6.282157E-01
                         ------------- ------------- ------------- ------------- ------------- -------------
 TOTALS                :  0.000000E+00  0.000000E+00  6.821210E-13  0.000000E+00 -8.731149E-11 -2.220446E-16
 (should all be 0)


                                FORCE BALANCE FOR GRID POINT       11 IN GLOBAL COORD SYSTEM        0

                               T1            T2            T3            R1            R2            R3

 APPLIED FORCE            0.000000E+00  0.000000E+00 -2.248090E+02  0.000000E+00  4.425373E+04  0.000000E+00
 SPC FORCE                0.000000E+00  3.901663E-01  0.000000E+00  0.000000E+00  0.000000E+00  0.000000E+00
 MPC FORCE                0.000000E+00  0.000000E+00  0.000000E+00  0.000000E+00  0.000000E+00  0.000000E+00
 BAR      ELEM         4  0.000000E+00 -3.616497E-01  3.596105E+00  0.000000E+00  3.373515E+02  2.223441E+00
 BAR      ELEM        10  0.000000E+00 -2.851656E-02  2.212129E+02  0.000000E+00 -4.459108E+04 -2.223441E+00
                         ------------- ------------- ------------- ------------- ------------- -------------
 TOTALS                :  0.000000E+00  1.387779E-17 -1.116973E-11  0.000000E+00  4.147296E-10  0.000000E+00
 (should all be 0)


                                FORCE BALANCE FOR GRID POINT       12 IN GLOBAL COORD SYSTEM        0

                               T1            T2            T3            R1            R2            R3

 APPLIED FORCE            0.000000E+00  0.000000E+00 -2.248090E+02  0.000000E+00  4.425373E+04  0.000000E+00
 SPC FORCE                0.000000E+00  1.736534E-02  0.000000E+00  0.000000E+00  0.000000E+00  0.000000E+00
 MPC FORCE                0.000000E+00  0.000000E+00  0.000000E+00  0.000000E+00  0.000000E+00  0.000000E+00
 BAR      ELEM         9  0.000000E+00 -9.176381E-03 -2.212129E+02  0.000000E+00  3.485025E+02  2.894224E-01
 BAR      ELEM        11  0.000000E+00 -8.188963E-03  4.460219E+02  0.000000E+00 -4.460223E+04 -2.894224E-01
                         ------------- ------------- ------------- ------------- ------------- -------------
 TOTALS                :  0.000000E+00  0.000000E+00 -1.506351E-11  0.000000E+00  6.548362E-11  0.000000E+00
 (should all be 0)




 OUTPUT FOR SUBCASE        2
 ANALYSE                                                                                                                                                                                                                                                         
 NASTRAN SPC 1 - LC2                                                                                                                                                                                                                                             
 TEST                                                                                                                                                                                                                                                            

                                                       E L E M E N T   E N G I N E E R I N G   F O R C E S
                                                             F O R   E L E M E N T   T Y P E   B A R      
                 Element       Bend-Moment End A           Bend-Moment End B              - Shear -              Axial         Torque
                    ID       Plane 1       Plane 2       Plane 1       Plane 2      Plane 1       Plane 2        Force
                       1  1.818989E-12  0.000000E+00  4.508582E+01 -3.596105E+01 -2.254291E+00  1.798052E+00  0.000000E+00  0.000000E+00
                       2  5.329071E-15  0.000000E+00  5.294739E-01 -2.716273E+04 -4.347076E-03  2.230109E+02  0.000000E+00  0.000000E+00
                       3 -4.508582E+01 -2.225891E+01  1.332750E+01  1.827190E+02 -1.024795E+00 -3.596105E+00  0.000000E+00  0.000000E+00
                       4  1.332750E+01  1.827190E+02 -2.223441E+00  3.373515E+02  3.616497E-01 -3.596105E+00  0.000000E+00  0.000000E+00
                       5 -2.237357E-10 -3.596105E+01  5.911716E-12  7.105427E-15 -1.148237E-11 -1.798052E+00  0.000000E+00  0.000000E+00
                       6  1.253010E-09 -2.716273E+04  2.442491E-16 -3.637979E-12  1.028744E-11 -2.230109E+02  0.000000E+00  0.000000E+00
                       9  6.282157E-01  2.246979E+04 -2.894224E-01  3.485025E+02  9.176381E-03  2.212129E+02  0.000000E+00  0.000000E+00
                      10 -2.223441E+00  4.459108E+04  6.282157E-01  2.246979E+04 -2.851656E-02  2.212129E+02  0.000000E+00  0.000000E+00
                      11 -2.894224E-01  4.460223E+04  5.294739E-01  4.292312E-02 -8.188963E-03  4.460219E+02  0.000000E+00  0.000000E+00
          ------------- ------------- ------------- ------------- ------------- ------------- ------------- -------------
                MAX* :    1.332750E+01  4.460223E+04  4.508582E+01  2.246979E+04  3.616497E-01  4.460219E+02  0.000000E+00  0.000000E+00
                MIN* :   -4.508582E+01 -2.716273E+04 -2.223441E+00 -2.716273E+04 -2.254291E+00 -2.230109E+02  0.000000E+00  0.000000E+00

                ABS* :    4.508582E+01  4.460223E+04  4.508582E+01  2.716273E+04  2.254291E+00  4.460219E+02  0.000000E+00  0.000000E+00
                *for output set




 OUTPUT FOR SUBCASE        2
 ANALYSE                                                                                                                                                                                                                                                         
 NASTRAN SPC 1 - LC2                                                                                                                                                                                                                                             
 TEST                                                                                                                                                                                                                                                            

                                        E L E M E N T   E N G I N E E R I N G   F O R C E S
                                             F O R   E L E M E N T   T Y P E   B U S H    
                 Element      Force         Force         Force        Moment        Moment        Moment
                    ID         XE            YE            ZE            XE            YE            ZE
                       7  0.000000E+00 -3.596105E+00 -2.254291E+00  1.112946E+01 -4.508582E+01  0.000000E+00
                       8  0.000000E+00 -4.460219E+02 -4.347076E-03  2.146156E-02 -5.294739E-01  0.000000E+00
                          ------------- ------------- ------------- ------------- ------------- ------------- 
                MAX* :    0.000000E+00 -3.596105E+00 -4.347076E-03  1.112946E+01 -5.294739E-01  0.000000E+00
                MIN* :    0.000000E+00 -4.460219E+02 -2.254291E+00  2.146156E-02 -4.508582E+01  0.000000E+00

                ABS* :    0.000000E+00  4.460219E+02  2.254291E+00  1.112946E+01  4.508582E+01  0.000000E+00
                *for output set




 OUTPUT FOR SUBCASE        2
 ANALYSE                                                                                                                                                                                                                                                         
 NASTRAN SPC 1 - LC2                                                                                                                                                                                                                                             
 TEST                                                                                                                                                                                                                                                            

             E L E M E N T   S T R E S S E S   I N   L O C A L   E L E M E N T   C O O R D I N A T E   S Y S T E M
                                          F O R   E L E M E N T   T Y P E   B A R      
  Element      SA1           SA2           SA3           SA4          Axial         SA-Max        SA-Min      M.S.-T
     ID        SB1           SB2           SB3           SB4          Stress        SB-Max        SB-Min      M.S.-C

        1  0.0           0.0           0.0           0.0           0.0           0.0           0.0                                   
           0.0           0.0           0.0           0.0                         0.0           0.0                                   

        2  0.0           0.0           0.0           0.0           0.0           0.0           0.0                                   
           0.0           0.0           0.0           0.0                         0.0           0.0                                   

        3  0.0           0.0           0.0           0.0           0.0           0.0           0.0                                   
           0.0           0.0           0.0           0.0                         0.0           0.0                                   

        4  0.0           0.0           0.0           0.0           0.0           0.0           0.0                                   
           0.0           0.0           0.0           0.0                         0.0           0.0                                   

        5  0.0           0.0           0.0           0.0           0.0           0.0           0.0                                   
           0.0           0.0           0.0           0.0                         0.0           0.0                                   

        6  0.0           0.0           0.0           0.0           0.0           0.0           0.0                                   
           0.0           0.0           0.0           0.0                         0.0           0.0                                   

        9  0.0           0.0           0.0           0.0           0.0           0.0           0.0                                   
           0.0           0.0           0.0           0.0                         0.0           0.0                                   

       10  0.0           0.0           0.0           0.0           0.0           0.0           0.0                                   
           0.0           0.0           0.0           0.0                         0.0           0.0                                   

       11  0.0           0.0           0.0           0.0           0.0           0.0           0.0                                   
           0.0           0.0           0.0           0.0                         0.0           0.0                                   
          ------------- ------------- ------------- ------------- ------------- ------------- ------------- ---------
 MAX* :    0.0           0.0           0.0           0.0           0.0           0.0           0.0           1.00E+10
 MAX* :    0.0           0.0           0.0           0.0           0.0           0.0           0.0           1.00E+10

 MIN* :    0.0           0.0           0.0           0.0           0.0           0.0           0.0           1.00E+10
 MIN* :    0.0           0.0           0.0           0.0           0.0           0.0           0.0           1.00E+10

 ABS* :    0.0           0.0           0.0           0.0           0.0           0.0           0.0           1.00E+10
 ABS* :    0.0           0.0           0.0           0.0           0.0           0.0           0.0           1.00E+10
 *for output set




 OUTPUT FOR SUBCASE        2
 ANALYSE                                                                                                                                                                                                                                                         
 NASTRAN SPC 1 - LC2                                                                                                                                                                                                                                             
 TEST                                                                                                                                                                                                                                                            

           E L E M E N T   S T R E S S E S   I N   L O C A L   E L E M E N T   C O O R D I N A T E   S Y S T E M
                                        F O R   E L E M E N T   T Y P E   B U S H    
                     Element   Stress-1      Stress-2      Stress-3      Stress-4      Stress-5      Stress-6
                        ID
                          7  0.000000E+00 -3.596105E+00  5.858178E+04  1.112946E+01  2.891737E+05  1.775400E+01
                          8  0.000000E+00 -4.460219E+02  4.294415E+03  2.146156E-02  2.120104E+04  2.202015E+03



 >> LINK  9 END

    Total CPU time =  6.25E-02 seconds

 >> MYSTRAN END    :  4/24/2026 at  9:32:13.689
