   926064036

 MYSTRAN Version 19.0.0   JUN 28 2026 MYSTRAN developed by Dr Bill Case
*** Please report any problems to mystransolver@gmail.com ***                                                                                                                                                                                                   

 >> MYSTRAN BEGIN  :  9/26/2026 at  6:40:36.478 The input file is C:\Users\victo\Documents\Git\MYSTRAN_Validation\working\S30 mitc4 reaction force.bdf                                                                                                                                                                            


 >> LINK  0 BEGIN


SOL 101                                                                                                                                                                                                                                                         
CEND                                                                                                                                                                                                                                                            
DISPLACEMENT = ALL                                                                                                                                                                                                                                              
SPCFORCES = ALL                                                                                                                                                                                                                                                 
MPCFORCES = ALL                                                                                                                                                                                                                                                 
STRESS(CORNER) = ALL                                                                                                                                                                                                                                            
SPC = 1                                                                                                                                                                                                                                                         
LOAD = 1                                                                                                                                                                                                                                                        
BEGIN BULK                                                                                                                                                                                                                                                      
ECHO: loadb GRID*                  1               0 1.00332474709+0 8.43409538269-1*                                                                                                                                                                                       
ECHO: loadb *       -7.09372878075-1               0                                                                                                                                                                                                                        
ECHO: loadb GRID*                  2               0  1.9884595871+0 5.09418606758-1*                                                                                                                                                                                       
ECHO: loadb *       -2.64609664679-1               0                                                                                                                                                                                                                        
ECHO: loadb GRID*                  3               0  1.9884595871+0 1.50941860676+0*                                                                                                                                                                                       
ECHO: loadb *       -2.64609664679-1               0                                                                                                                                                                                                                        
ECHO: loadb GRID*                  4               0 1.00861418247+0 1.45908355713+0*                                                                                                                                                                                       
ECHO: loadb *       -2.47653096914-1               0                                                                                                                                                                                                                        
ECHO: loadb GRID           5       0   0.0+0   0.0+0   0.0+0       0                                                                                                                                                                                                        
ECHO: loadb GRID           6       0   0.0+0   1.0+0   0.0+0       1                                                                                                                                                                                                        
ECHO: loadb GRID*                  7               0 2.07090449333+0 1.30699515343+0*                                                                                                                                                                                       
ECHO: loadb *       -1.39908707142+0               0                                                                                                                                                                                                                        
ECHO: loadb GRID*                  8               0 2.56778120995+0 1.10144233704+0*                                                                                                                                                                                       
ECHO: loadb *        -1.2700291872+0               0                                                                                                                                                                                                                        
ECHO: loadb GRID*                  9               0  1.4793022871+0 1.56428301334+0*                                                                                                                                                                                       
ECHO: loadb *       -7.19708859921-1               0                                                                                                                                                                                                                        
ECHO: loadb PARAM   QUAD4TYP  MITC4+                                                                                                                                                                                                                                        
ECHO: loadb PARAM    STR_CID      -2                                                                                                                                                                                                                                        
ECHO: loadb MAT1*                  1          2.0+11 7.1428571429+10           4.0-1*                                                                                                                                                                                       
ECHO: loadb *                  0.0+0           0.0+0           0.0+0                                                                                                                                                                                                        
ECHO: loadb CORD2R*                1               0           0.0+0           0.0+0*                                                                                                                                                                                       
ECHO: loadb *                  0.0+0-7.07106781187-1           0.0+0 7.07106781187-1*                                                                                                                                                                                       
ECHO nextc2: *        7.07106781187-1           0.0+0 7.07106781187-1                *                                                                                                                                                                                       
ECHO nextc2: *                                                                                                                                                                                                                                                               
ECHO: loadb SPC            1       1       4   0.0+0                                                                                                                                                                                                                        
ECHO: loadb SPC            1       1       5   0.0+0                                                                                                                                                                                                                        
ECHO: loadb SPC            1       1       6   0.0+0                                                                                                                                                                                                                        
ECHO: loadb SPC            1       6       1   1.0-2                                                                                                                                                                                                                        
ECHO: loadb SPC            1       7       3   0.0+0                                                                                                                                                                                                                        
ECHO: loadb SPC            1       8       3   1.0-2                                                                                                                                                                                                                        
ECHO: loadb SPC            1       2     123   0.0+0                                                                                                                                                                                                                        
ECHO: loadb PSHELL         2       1   1.0-2       1               1           0.0+0                                                                                                                                                                                        
ECHO: loadb CQUAD4*                1               2               1               2*                                                                                                                                                                                       
ECHO: loadb *                      3               4-1.4841126344-15           0.0+0                                                                                                                                                                                        
ECHO: loadb CQUAD4*                2               2               5               1*                                                                                                                                                                                       
ECHO: loadb *                      4               6-2.5786982289-15           0.0+0                                                                                                                                                                                        
ECHO: loadb CQUAD4*                3               2               7               8*                                                                                                                                                                                       
ECHO: loadb *                      3               9 1.4865581936-15           0.0+0                                                                                                                                                                                        
ECHO: loadb FORCE*                 2               3               0           1.0+0*                                                                                                                                                                                       
ECHO: loadb *        2.31714876898+0 4.63429753796+0 6.95144630695+0                                                                                                                                                                                                        
ECHO: loadb FORCE          2       4       0   1.0+0   5.0+0   1.0+1   1.5+1                                                                                                                                                                                                
ECHO: loadb FORCE*                 2               6               0           1.0+0*                                                                                                                                                                                       
ECHO: loadb *        2.68285123102+0 5.36570246204+0 8.04855369305+0                                                                                                                                                                                                        
ECHO: loadb LOAD           1   1.0+0   1.0+0       2                                                                                                                                                                                                                        
ECHO: loadb ENDDATA                                                                                                                                                                                                                                                         




 >> LINK  0 END


 >> LINK  1 BEGIN

               DEALLOCATED  2.76E-02 MB MEMORY FROM ARRAY STF3


 *INFORMATION: AUTOSPC Summary, Stage 1 after identification of AUTOSPC's at the grid level                                                 

                                     AUTOSPC_RAT = 1.000000E-08

                       Number of DOF's identified for AUTOSPC in component  1         =            0
                       Number of DOF's identified for AUTOSPC in component  2         =            0
                       Number of DOF's identified for AUTOSPC in component  3         =            0
                       Number of DOF's identified for AUTOSPC in component  4         =            1
                       Number of DOF's identified for AUTOSPC in component  5         =            3
                       Number of DOF's identified for AUTOSPC in component  6         =            2
                                                                                        ------------
                       Total number of DOF's identified in this stage                 =            6

               DEALLOCATED  2.16E-04 MB MEMORY FROM ARRAY STFKEY
               DEALLOCATED  2.76E-02 MB MEMORY FROM ARRAY STF3

 >> LINK  1 END


 >> LINK  2 BEGIN



 *INFORMATION: AUTOSPC Summary, Overall: after identification of all AUTOSPC's                                                               

                                     AUTOSPC_RAT = 1.000000E-08

                       Number of DOF's identified for AUTOSPC in component  1         =            0
                       Number of DOF's identified for AUTOSPC in component  2         =            0
                       Number of DOF's identified for AUTOSPC in component  3         =            0
                       Number of DOF's identified for AUTOSPC in component  4         =            1
                       Number of DOF's identified for AUTOSPC in component  5         =            3
                       Number of DOF's identified for AUTOSPC in component  6         =            2
                                                                                        ------------
                       Total number of DOF's identified overall                       =            6


 >> LINK  2 END


 >> LINK  3 BEGIN

 SUPERLU FACTORIZATION OF MATRIX KLL SUCCEEDED IN SUBR SYM_MAT_DECOMP_SUPRLU          

 *INFORMATION: FOR INTERNAL SUBCASE NUMBER        1 EPSILON ERROR ESTIMATE            =  3.101904E-13 Based on U'*(K*U - P)/(U'*P)


 >> LINK  3 END


 >> LINK  5 BEGIN


 >> LINK  5 END


 >> LINK  9 BEGIN



 OUTPUT FOR SUBCASE        1

                                                       D I S P L A C E M E N T S
                                              (in global coordinate system at each grid)
           GRID     COORD      T1            T2            T3            R1            R2            R3
                     SYS
              1        0 -1.147407E-03  3.481949E-03  5.156895E-03  0.0           0.0           0.0         
              2        0  0.0           0.0           0.0          -6.420781E-04  7.146177E-03  0.0         
              3        0  3.136117E-03  6.453565E-08  1.451433E-03  2.773259E-02  2.021710E-03  1.479885E+00
              4        0  3.033862E-03  3.301149E-03  5.350086E-03 -2.748001E-03  1.569168E-02 -1.564324E-02
              5        0 -1.215496E-03  6.437731E-03  8.575022E-03  8.531032E-03  7.495964E-03  0.0         
              6        1  1.000000E-02  6.437742E-03  5.725006E-03  0.0           6.320163E-03 -1.216591E-03
              7        0  3.355735E-01  1.435328E-01  0.0           3.007850E-02  0.0           1.486226E+00
              8        0  6.375733E-01  8.798265E-01  1.000000E-02  3.102022E-02  0.0           1.482600E+00
              9        0 -6.578908E-02 -7.485249E-01 -1.167451E-02  2.545009E-02  0.0           1.482195E+00
                         ------------- ------------- ------------- ------------- ------------- -------------
                MAX* :    6.375733E-01  8.798265E-01  1.000000E-02  3.102022E-02  1.569168E-02  1.486226E+00
                MIN* :   -6.578908E-02 -7.485249E-01 -1.167451E-02 -2.748001E-03  0.0          -1.564324E-02

                ABS* :    6.375733E-01  8.798265E-01  1.167451E-02  3.102022E-02  1.569168E-02  1.486226E+00
                *for output set


 OUTPUT FOR SUBCASE        1

                                                          S P C   F O R C E S
                                              (in global coordinate system at each grid)
           GRID     COORD      T1            T2            T3            R1            R2            R3
                     SYS
              1        0  0.0           0.0           0.0          -5.400408E+01 -1.713364E+02  5.929817E+01
              2        0 -7.206636E+01 -2.000000E+01 -9.206633E+01  0.0           0.0          -1.823355E-08
              5        0  0.0           0.0           0.0           0.0           0.0           1.105946E-08
              6        1  8.777509E+01  0.0           0.0          -1.001172E-08  0.0           0.0         
              7        0  0.0           0.0          -4.234537E-05  0.0          -2.540219E-09  0.0         
              8        0  0.0           0.0           9.616837E-06  0.0          -2.615707E-09  0.0         
              9        0  0.0           0.0           0.0           0.0          -1.437002E-10  0.0         
                         ------------- ------------- ------------- ------------- ------------- -------------
                MAX* :    8.777509E+01  0.0           9.616837E-06  0.0           0.0           5.929817E+01
                MIN* :   -7.206636E+01 -2.000000E+01 -9.206633E+01 -5.400408E+01 -1.713364E+02 -1.823355E-08

                ABS* :    8.777509E+01  2.000000E+01  9.206633E+01  5.400408E+01  1.713364E+02  5.929817E+01
                *for output set
                         ------------- ------------- ------------- ------------- ------------- -------------
     SPC FORCE TOTALS: not printed since all grids do not have the same global coordinate system

                                                    SPC Force Summary on AUTOSPC'd DOF's
                                                 (in global coordinate system at each grid)
        For detailed information on the SPC forces for the AUTOSPC DOF's, set field 7 (AUTOSPC_SPCF) on the PARAM AUTOSPC entry to Y

                              T1             T2             T3             R1             R2             R3

 ABS AUTOSPC FORCES  :   0.000000E+00   0.000000E+00   0.000000E+00   1.001172E-08   2.615707E-09   1.823355E-08
                       -------------- -------------- -------------- -------------- -------------- --------------
 AUTOSPC FORCE TOTALS: not printed since all grids do not have the same global coordinate system


 OUTPUT FOR SUBCASE        1

                                          E L E M E N T   S T R E S S E S   I N   L O C A L   E L E M E N T   C O O R D I N A T E   S Y S T E M
                                                                       F O R   E L E M E N T   T Y P E   Q U A D 4  
    Elem  Location        Fiber      Stresses In Element Coord System     Principal Stresses (Zero Shear)                Transverse   Transverse   % Poly
     ID                  Distance   Normal-X     Normal-Y     Shear-XY     Angle     Major        Minor      von Mises    Shear-XZ     Shear-YZ    Fit Err
                                                                                                                         (max through thickness)

        1  CENTER      -5.000E-03 -9.57689E+05 -1.88835E+06  6.05186E+05   26.22 -6.59619E+05 -2.18642E+06  1.94251E+06 -6.49242E+02 -9.64296E+03
                        5.000E-03  9.35207E+05  1.90375E+06 -6.18959E+05  -64.02  2.20537E+06  6.33585E+05  1.96668E+06

           GRD       1 -5.000E-03 -6.92679E+06 -8.54641E+06 -2.25030E+06  -35.10 -5.34503E+06 -1.01282E+07  8.77576E+06 -3.15138E+04 -5.12690E+04 -0.2E+02(1)
                        5.000E-03  6.81604E+06  8.51408E+06  2.19568E+06   55.57  1.00192E+07  5.31095E+06  8.68209E+06

           GRD       2 -5.000E-03 -4.12567E+06  8.68190E+05  1.01122E+06   78.98  1.06518E+06 -4.32266E+06  4.94211E+06 -3.39397E+04  2.74502E+04  0.2E+02(1)
                        5.000E-03  4.00617E+06 -8.78262E+05 -9.93802E+05  -11.07  4.20064E+06 -1.07272E+06  4.82723E+06

           GRD       3 -5.000E-03  6.00490E+06  4.40847E+06  3.40767E+06   38.41  8.70660E+06  1.70678E+06  7.99111E+06  3.48160E+04  2.68204E+04  0.1E+02(1)
                        5.000E-03 -5.90946E+06 -4.34018E+06 -3.38485E+06  -51.53 -1.65022E+06 -8.59942E+06  7.90458E+06

           GRD       4 -5.000E-03  1.19900E+06 -4.74986E+06 -3.32915E+04   -0.32  1.19918E+06 -4.75005E+06  5.44951E+06  2.12039E+04 -4.28252E+04 -0.1E+02(1)
                        5.000E-03 -1.14508E+06  4.78045E+06 -8.98399E+03  -89.91  4.78046E+06 -1.14509E+06  5.44409E+06

        2  CENTER      -5.000E-03  2.67136E+06  3.67124E+06 -1.66325E+06  -53.36  4.90807E+06  1.43454E+06  4.37106E+06 -8.28863E+03  2.16183E+04
                        5.000E-03 -2.67375E+06 -3.66963E+06  1.65395E+06   36.62 -1.44441E+06 -4.89897E+06  4.36006E+06

           GRD       5 -5.000E-03 -2.31568E+05 -5.13504E+06 -2.83984E+06  -24.60  1.06846E+06 -6.43507E+06  7.03045E+06  1.56271E+04 -3.64607E+04 -0.8E+01(5)
                        5.000E-03  2.57649E+05  5.14240E+06  2.84569E+06   65.32  6.45011E+06 -1.05006E+06  7.03417E+06

           GRD       1 -5.000E-03  8.31547E+06  1.63799E+07 -3.98210E+06  -67.68  1.80147E+07  6.68059E+06  1.57738E+07 -3.51881E+02  6.82898E+04  0.9E+01(5)
                        5.000E-03 -8.27598E+06 -1.63562E+07  3.94985E+06   22.18 -6.66598E+06 -1.79662E+07  1.57308E+07

           GRD       4 -5.000E-03  4.87544E+06  1.06105E+07 -3.81628E+05  -86.21  1.06357E+07  4.85016E+06  9.22269E+06 -2.98827E+04  6.57224E+04  0.9E+01(5)
                        5.000E-03 -4.90565E+06 -1.06157E+07  3.61048E+05    3.60 -4.88292E+06 -1.06384E+07  9.22347E+06

           GRD       6 -5.000E-03 -2.16213E+06 -6.70684E+06  9.91350E+05   11.79 -1.95530E+06 -6.91367E+06  6.17282E+06 -2.16774E+04 -1.50769E+04 -0.1E+02(5)
                        5.000E-03  2.11202E+06  6.68514E+06 -9.81060E+05  -78.39  6.88672E+06  1.91044E+06  6.15792E+06

        3  CENTER      -5.000E-03 -8.24427E-02 -1.86428E-01 -8.88008E-02  -29.83 -3.15332E-02 -2.37337E-01  2.23247E-01  5.35317E-04  7.45993E-04
                        5.000E-03  8.67085E-02  1.94157E-01  9.45921E-02   59.80  2.49217E-01  3.16487E-02  2.34996E-01

           GRD       7 -5.000E-03  2.21847E-01  1.71763E-01  9.75831E-02   37.80  2.97550E-01  9.60599E-02  2.63022E-01  5.48481E-05  5.93086E-04 -0.2E+02(4)
                        5.000E-03 -2.13489E-01 -1.59296E-01 -8.93581E-02  -53.43 -9.30164E-02 -2.79769E-01  2.46778E-01

           GRD       8 -5.000E-03  6.46085E-02 -3.07328E-01  7.35495E-02   10.79  7.86246E-02 -3.21344E-01  3.67028E-01 -1.77572E-04  1.13933E-03  0.1E+02(4)
                        5.000E-03 -5.83312E-02  3.13480E-01 -6.56650E-02  -80.27  3.24737E-01 -6.95874E-02  3.64546E-01

           GRD       3 -5.000E-03 -4.54532E-01 -6.25429E-01 -3.15121E-01  -37.41 -2.13479E-01 -8.66482E-01  7.81913E-01  1.16054E-03  9.29524E-04  0.1E+02(4)
                        5.000E-03  4.53731E-01  6.27326E-01  3.17910E-01   52.64  8.70074E-01  2.10982E-01  7.86112E-01

           GRD       9 -5.000E-03 -9.37045E-02  9.64759E-02 -1.67564E-01  -59.79  1.94051E-01 -1.91280E-01  3.33709E-01  1.06492E-03  2.77460E-04 -0.1E+02(4)
                        5.000E-03  9.77403E-02 -8.50454E-02  1.72321E-01   31.03  2.01404E-01 -1.88709E-01  3.37908E-01
                                  ------------ ------------ ------------         ------------ ------------ ------------ ------------ ------------ --------
 MAX* :                            8.31547E+06  1.63799E+07  3.94985E+06          1.80147E+07  6.68059E+06  1.57738E+07  3.48160E+04  6.82898E+04  0.2E+02
 MIN* :                           -8.27598E+06 -1.63562E+07 -3.98210E+06         -6.66598E+06 -1.79662E+07  2.23247E-01 -3.39397E+04 -5.12690E+04 -0.2E+02

 ABS* :                            8.31547E+06  1.63799E+07  3.98210E+06          1.80147E+07  1.79662E+07  1.57738E+07  3.48160E+04  6.82898E+04  0.2E+02
 *for output set
 NOTE: Explanation of errors in the polynomial fit to extrapolate element corner point stresses from values at the Gauss points:
       (1): Polynomial fit error is in X  normal  stress
       (4): Polynomial fit error is in X  bending stress
       (5): Polynomial fit error is in Y  bending stress

 >> LINK  9 END

    Total CPU time =  7.81E-02 seconds

 >> MYSTRAN END    :  9/26/2026 at  6:40:36.584

                                          * * * END OF JOB * * *
