   627193351

 MYSTRAN Version 18.0.0   APR 20 2026 MYSTRAN developed by Dr Bill Case
*** Please report any problems to mystransolver@gmail.com ***                                                                                                                                                                                                   

 >> MYSTRAN BEGIN  :  6/27/2026 at 19:33:51.982 The input file is C:\Users\victo\Documents\Git\MYSTRAN_Validation\working\S30 mitc4 MacNeal spherical shell.bdf                                                                                                                                                                   


 >> LINK  0 BEGIN


SOL 101                                                                                                                                                                                                                                                         
CEND                                                                                                                                                                                                                                                            
DISPLACEMENT = ALL                                                                                                                                                                                                                                              
SPC = 1                                                                                                                                                                                                                                                         
LOAD = 1                                                                                                                                                                                                                                                        
BEGIN BULK                                                                                                                                                                                                                                                      
ECHO: loadb GRID           1       0   1.0+1   0.0+0   0.0+0       0                                                                                                                                                                                                        
ECHO: loadb GRID*                  2               0 5.43042764105+0 2.24935677841+0*                                                                                                                                                                                       
ECHO: loadb *        8.09016994375+0               0                                                                                                                                                                                                                        
ECHO: loadb GRID*                  3               0 5.72061402818+0 5.72061402818+0*                                                                                                                                                                                       
ECHO: loadb *        5.87785252292+0               0                                                                                                                                                                                                                        
ECHO: loadb GRID*                  4               0 2.18508012224+0 2.18508012224+0*                                                                                                                                                                                       
ECHO: loadb *        9.51056516295+0               0                                                                                                                                                                                                                        
ECHO: loadb GRID*                  5               0 9.51056516295+0           0.0+0*                                                                                                                                                                                       
ECHO: loadb *        3.09016994375+0               0                                                                                                                                                                                                                        
ECHO: loadb GRID*                  6               0 3.82683432365+0 9.23879532511+0*                                                                                                                                                                                       
ECHO: loadb *                  0.0+0               0                                                                                                                                                                                                                        
ECHO: loadb GRID*                  7               0 2.24935677841+0 5.43042764105+0*                                                                                                                                                                                       
ECHO: loadb *        8.09016994375+0               0                                                                                                                                                                                                                        
ECHO: loadb GRID*                  8               0 8.78661649667+0 3.63953572029+0*                                                                                                                                                                                       
ECHO: loadb *        3.09016994375+0               0                                                                                                                                                                                                                        
ECHO: loadb GRID*                  9               0 8.09016994375+0           0.0+0*                                                                                                                                                                                       
ECHO: loadb *        5.87785252292+0               0                                                                                                                                                                                                                        
ECHO: loadb GRID*                 10               0 2.85494476301+0 1.18255684067+0*                                                                                                                                                                                       
ECHO: loadb *        9.51056516295+0               0                                                                                                                                                                                                                        
ECHO: loadb GRID*                 11               0 5.8233492635-16 9.51056516295+0*                                                                                                                                                                                       
ECHO: loadb *        3.09016994375+0               0                                                                                                                                                                                                                        
ECHO: loadb GRID*                 12               0 6.1230317691-16           1.0+1*                                                                                                                                                                                       
ECHO: loadb *                  0.0+0               0                                                                                                                                                                                                                        
ECHO: loadb GRID*                 13               0 5.87785252292+0           0.0+0*                                                                                                                                                                                       
ECHO: loadb *        8.09016994375+0               0                                                                                                                                                                                                                        
ECHO: loadb GRID*                 14               0 3.09597400249+0 7.47434242557+0*                                                                                                                                                                                       
ECHO: loadb *        5.87785252292+0               0                                                                                                                                                                                                                        
ECHO: loadb GRID*                 15               0 4.15626937777+0 4.15626937777+0*                                                                                                                                                                                       
ECHO: loadb *        8.09016994375+0               0                                                                                                                                                                                                                        
ECHO: loadb GRID*                 16               0 6.72498511964+0 6.72498511964+0*                                                                                                                                                                                       
ECHO: loadb *        3.09016994375+0               0                                                                                                                                                                                                                        
ECHO: loadb GRID*                 17               0 3.09016994375+0           0.0+0*                                                                                                                                                                                       
ECHO: loadb *        9.51056516295+0               0                                                                                                                                                                                                                        
ECHO: loadb GRID*                 18               0 1.8921208738-16 3.09016994375+0*                                                                                                                                                                                       
ECHO: loadb *        9.51056516295+0               0                                                                                                                                                                                                                        
ECHO: loadb GRID*                 19               0 7.47434242557+0 3.09597400249+0*                                                                                                                                                                                       
ECHO: loadb *        5.87785252292+0               0                                                                                                                                                                                                                        
ECHO: loadb GRID*                 20               0 3.5990277732-16 5.87785252292+0*                                                                                                                                                                                       
ECHO: loadb *        8.09016994375+0               0                                                                                                                                                                                                                        
ECHO: loadb GRID*                 21               0 9.23879532511+0 3.82683432365+0*                                                                                                                                                                                       
ECHO: loadb *                  0.0+0               0                                                                                                                                                                                                                        
ECHO: loadb GRID*                 22               0 4.9536367583-16 8.09016994375+0*                                                                                                                                                                                       
ECHO: loadb *        5.87785252292+0               0                                                                                                                                                                                                                        
ECHO: loadb GRID*                 23               0 1.18255684067+0 2.85494476301+0*                                                                                                                                                                                       
ECHO: loadb *        9.51056516295+0               0                                                                                                                                                                                                                        
ECHO: loadb GRID*                 24               0 3.63953572029+0 8.78661649667+0*                                                                                                                                                                                       
ECHO: loadb *        3.09016994375+0               0                                                                                                                                                                                                                        
ECHO: loadb GRID*                 25               0 7.07106781187+0 7.07106781187+0*                                                                                                                                                                                       
ECHO: loadb *                  0.0+0               0                                                                                                                                                                                                                        
ECHO: loadb PARAM   QUAD4TYP  MITC4+                                                                                                                                                                                                                                        
ECHO: loadb PARAM    STR_CID      -2                                                                                                                                                                                                                                        
ECHO: loadb MAT1           1 6.825+7 2.625+7   3.0-1   0.0+0   0.0+0   0.0+0                                                                                                                                                                                                
ECHO: loadb SPC            1       1       2   0.0+0                                                                                                                                                                                                                        
ECHO: loadb SPC            1       1       6   0.0+0                                                                                                                                                                                                                        
ECHO: loadb SPC            1       1       4   0.0+0                                                                                                                                                                                                                        
ECHO: loadb SPC            1       4       3   0.0+0                                                                                                                                                                                                                        
ECHO: loadb SPC            1       5       2   0.0+0                                                                                                                                                                                                                        
ECHO: loadb SPC            1       5       6   0.0+0                                                                                                                                                                                                                        
ECHO: loadb SPC            1       5       4   0.0+0                                                                                                                                                                                                                        
ECHO: loadb SPC            1       9       2   0.0+0                                                                                                                                                                                                                        
ECHO: loadb SPC            1       9       6   0.0+0                                                                                                                                                                                                                        
ECHO: loadb SPC            1       9       4   0.0+0                                                                                                                                                                                                                        
ECHO: loadb SPC            1      11       1   0.0+0                                                                                                                                                                                                                        
ECHO: loadb SPC            1      11       5   0.0+0                                                                                                                                                                                                                        
ECHO: loadb SPC            1      11       6   0.0+0                                                                                                                                                                                                                        
ECHO: loadb SPC            1      12       1   0.0+0                                                                                                                                                                                                                        
ECHO: loadb SPC            1      12       5   0.0+0                                                                                                                                                                                                                        
ECHO: loadb SPC            1      12       6   0.0+0                                                                                                                                                                                                                        
ECHO: loadb SPC            1      13       2   0.0+0                                                                                                                                                                                                                        
ECHO: loadb SPC            1      13       6   0.0+0                                                                                                                                                                                                                        
ECHO: loadb SPC            1      13       4   0.0+0                                                                                                                                                                                                                        
ECHO: loadb SPC            1      17       2   0.0+0                                                                                                                                                                                                                        
ECHO: loadb SPC            1      17       6   0.0+0                                                                                                                                                                                                                        
ECHO: loadb SPC            1      17       4   0.0+0                                                                                                                                                                                                                        
ECHO: loadb SPC            1      18       1   0.0+0                                                                                                                                                                                                                        
ECHO: loadb SPC            1      18       5   0.0+0                                                                                                                                                                                                                        
ECHO: loadb SPC            1      18       6   0.0+0                                                                                                                                                                                                                        
ECHO: loadb SPC            1      20       1   0.0+0                                                                                                                                                                                                                        
ECHO: loadb SPC            1      20       5   0.0+0                                                                                                                                                                                                                        
ECHO: loadb SPC            1      20       6   0.0+0                                                                                                                                                                                                                        
ECHO: loadb SPC            1      22       1   0.0+0                                                                                                                                                                                                                        
ECHO: loadb SPC            1      22       5   0.0+0                                                                                                                                                                                                                        
ECHO: loadb SPC            1      22       6   0.0+0                                                                                                                                                                                                                        
ECHO: loadb PSHELL         1       1   4.0-2       1               1           0.0+0                                                                                                                                                                                        
ECHO: loadb CQUAD4*                1               1              17              13*                                                                                                                                                                                       
ECHO: loadb *                      2              10 5.6978913079-16           0.0+0                                                                                                                                                                                        
ECHO: loadb CQUAD4*                2               1              13               9*                                                                                                                                                                                       
ECHO: loadb *                     19               2 2.6739059448-16           0.0+0                                                                                                                                                                                        
ECHO: loadb CQUAD4*                3               1               2              15*                                                                                                                                                                                       
ECHO: loadb *                      4              10-1.2569506306-16           0.0+0                                                                                                                                                                                        
ECHO: loadb CQUAD4         4       1       2      19       3      15   0.0+0   0.0+0                                                                                                                                                                                        
ECHO: loadb CQUAD4*                5               1               9               5*                                                                                                                                                                                       
ECHO: loadb *                      8              19 3.6857140326-16           0.0+0                                                                                                                                                                                        
ECHO: loadb CQUAD4         6       1      19       8      16       3   0.0+0   0.0+0                                                                                                                                                                                        
ECHO: loadb CQUAD4*                7               1              15               7*                                                                                                                                                                                       
ECHO: loadb *                     23               4-3.1920384129-15           0.0+0                                                                                                                                                                                        
ECHO: loadb CQUAD4*                8               1              15               3*                                                                                                                                                                                       
ECHO: loadb *                     14               7 2.3750693817-15           0.0+0                                                                                                                                                                                        
ECHO: loadb CQUAD4*                9               1               3              16*                                                                                                                                                                                       
ECHO: loadb *                     24              14 4.6571259454-15           0.0+0                                                                                                                                                                                        
ECHO: loadb CQUAD4*               10               1               5               1*                                                                                                                                                                                       
ECHO: loadb *                     21               8 3.9873116892-17           0.0+0                                                                                                                                                                                        
ECHO: loadb CQUAD4*               11               1               8              21*                                                                                                                                                                                       
ECHO: loadb *                     25              16 7.6613242501-16           0.0+0                                                                                                                                                                                        
ECHO: loadb CQUAD4*               12               1              16              25*                                                                                                                                                                                       
ECHO: loadb *                      6              24-2.1677833232-16           0.0+0                                                                                                                                                                                        
ECHO: loadb CQUAD4*               13               1               7              20*                                                                                                                                                                                       
ECHO: loadb *                     18              23  4.491197992-16           0.0+0                                                                                                                                                                                        
ECHO: loadb CQUAD4*               14               1               7              14*                                                                                                                                                                                       
ECHO: loadb *                     22              20-2.2755152203-16           0.0+0                                                                                                                                                                                        
ECHO: loadb CQUAD4*               15               1              14              24*                                                                                                                                                                                       
ECHO: loadb *                     11              22 1.7506504094-15           0.0+0                                                                                                                                                                                        
ECHO: loadb CQUAD4        16       1      24       6      12      11   0.0+0   0.0+0                                                                                                                                                                                        
ECHO: loadb FORCE          2      12       0   1.0+0   0.0+0  -1.0+0   0.0+0                                                                                                                                                                                                
ECHO: loadb FORCE          2       1       0   1.0+0   1.0+0   0.0+0   0.0+0                                                                                                                                                                                                
ECHO: loadb LOAD           1   1.0+0   1.0+0       2                                                                                                                                                                                                                        
ECHO: loadb ENDDATA                                                                                                                                                                                                                                                         




 >> LINK  0 END


 >> LINK  1 BEGIN

               DEALLOCATED  1.47E-01 MB MEMORY FROM ARRAY STF3

               DEALLOCATED  6.00E-04 MB MEMORY FROM ARRAY STFKEY
               DEALLOCATED  1.47E-01 MB MEMORY FROM ARRAY STF3

 >> LINK  1 END


 >> LINK  2 BEGIN



 *INFORMATION: AUTOSPC Summary, Overall: after identification of all AUTOSPC's                                                               

                                     AUTOSPC_RAT = 1.000000E-08

                       Number of DOF's identified for AUTOSPC in component  1         =            0
                       Number of DOF's identified for AUTOSPC in component  2         =            0
                       Number of DOF's identified for AUTOSPC in component  3         =            0
                       Number of DOF's identified for AUTOSPC in component  4         =            0
                       Number of DOF's identified for AUTOSPC in component  5         =            0
                       Number of DOF's identified for AUTOSPC in component  6         =            0
                                                                                        ------------
                       Total number of DOF's identified overall                       =            0


 >> LINK  2 END


 >> LINK  3 BEGIN

 SUPERLU FACTORIZATION OF MATRIX KLL SUCCEEDED IN SUBR SYM_MAT_DECOMP_SUPRLU          

 *INFORMATION: FOR INTERNAL SUBCASE NUMBER        1 EPSILON ERROR ESTIMATE            =  2.695636E-11 Based on U'*(K*U - P)/(U'*P)


 >> LINK  3 END


 >> LINK  5 BEGIN


 >> LINK  5 END


 >> LINK  9 BEGIN



 OUTPUT FOR SUBCASE        1

                                                       D I S P L A C E M E N T S
                                              (in global coordinate system at each grid)
           GRID     COORD      T1            T2            T3            R1            R2            R3
                     SYS
              1        0  9.328767E-02  0.0           4.915966E-02  0.0          -1.772374E-02  0.0         
              2        0  4.630537E-03 -2.552865E-04  9.885192E-03 -1.711870E-03 -4.628114E-03  1.146476E-03
              3        0  6.730234E-03 -6.730234E-03 -1.017914E-14 -4.798763E-03 -4.798763E-03  3.859105E-03
              4        0  3.044422E-04 -3.044422E-04  0.0          -1.943359E-03 -1.943359E-03  4.536545E-04
              5        0  4.716963E-02  0.0           4.185518E-02  0.0          -1.212299E-02  0.0         
              6        0  4.346568E-03 -7.145172E-02 -3.433723E-02 -1.352586E-02 -1.542053E-03  1.140863E-02
              7        0  2.552865E-04 -4.630537E-03 -9.885192E-03 -4.628114E-03 -1.711870E-03  1.146476E-03
              8        0  3.657602E-02 -2.104485E-03  2.937013E-02 -2.438235E-03 -1.009278E-02  5.822418E-03
              9        0  1.986559E-02  0.0           2.794275E-02  0.0          -7.466903E-03  0.0         
             10        0  7.011808E-04 -3.892791E-05  2.923435E-03 -1.262729E-03 -2.010276E-03  3.139288E-04
             11        0  0.0          -4.716963E-02 -4.185518E-02 -1.212299E-02  0.0           0.0         
             12        0  0.0          -9.328767E-02 -4.915966E-02 -1.772374E-02  0.0           0.0         
             13        0  5.919569E-03  0.0           1.399650E-02  0.0          -5.140332E-03  0.0         
             14        0  8.710692E-04 -1.549734E-02 -1.968862E-02 -6.714235E-03 -2.512109E-03  2.821621E-03
             15        0  2.007460E-03 -2.007460E-03 -1.058209E-15 -3.334667E-03 -3.334667E-03  1.604792E-03
             16        0  1.591096E-02 -1.591096E-02 -2.768475E-14 -5.904424E-03 -5.904424E-03  7.574559E-03
             17        0  8.927532E-04  0.0           4.130945E-03  0.0          -1.937637E-03  0.0         
             18        0  0.0          -8.927532E-04 -4.130945E-03 -1.937637E-03  0.0           0.0         
             19        0  1.549734E-02 -8.710692E-04  1.968862E-02 -2.512109E-03 -6.714235E-03  2.821621E-03
             20        0  0.0          -5.919569E-03 -1.399650E-02 -5.140332E-03  0.0           0.0         
             21        0  7.145172E-02 -4.346568E-03  3.433723E-02 -1.542053E-03 -1.352586E-02  1.140863E-02
             22        0  0.0          -1.986559E-02 -2.794275E-02 -7.466903E-03  0.0           0.0         
             23        0  3.892791E-05 -7.011808E-04 -2.923435E-03 -2.010276E-03 -1.262729E-03  3.139288E-04
             24        0  2.104485E-03 -3.657602E-02 -2.937013E-02 -1.009278E-02 -2.438235E-03  5.822418E-03
             25        0  3.122621E-02 -3.122621E-02 -4.363182E-14 -6.362367E-03 -6.362367E-03  1.338475E-02
                         ------------- ------------- ------------- ------------- ------------- -------------
                MAX* :    9.328767E-02  0.0           4.915966E-02  0.0           0.0           1.338475E-02
                MIN* :    0.0          -9.328767E-02 -4.915966E-02 -1.772374E-02 -1.772374E-02  0.0         

                ABS* :    9.328767E-02  9.328767E-02  4.915966E-02  1.772374E-02  1.772374E-02  1.338475E-02
                *for output set

 >> LINK  9 END

    Total CPU time =  6.25E-02 seconds

 >> MYSTRAN END    :  6/27/2026 at 19:33:52. 70

                                          * * * END OF JOB * * *
