   604115557

 MYSTRAN Version 18.0.0   APR 20 2026 MYSTRAN developed by Dr Bill Case
*** Please report any problems to mystransolver@gmail.com ***                                                                                                                                                                                                   

 >> MYSTRAN BEGIN  :  6/ 4/2026 at 11:55:57.235 The input file is C:\Users\victo\Documents\Git\MYSTRAN_Validation\working\S30 mitc4 reaction moment easy.bdf                                                                                                                                                                      


 >> LINK  0 BEGIN


SOL 101                                                                                                                                                                                                                                                         
CEND                                                                                                                                                                                                                                                            
DISPLACEMENT = ALL                                                                                                                                                                                                                                              
SPCFORCES = ALL                                                                                                                                                                                                                                                 
MPCFORCES = ALL                                                                                                                                                                                                                                                 
STRESS(CORNER) = ALL                                                                                                                                                                                                                                            
SPC = 1                                                                                                                                                                                                                                                         
LOAD = 1                                                                                                                                                                                                                                                        
BEGIN BULK                                                                                                                                                                                                                                                      
ECHO: loadb GRID           1       0   0.0+0   0.0+0   0.0+0       0                                                                                                                                                                                                        
ECHO: loadb GRID           2       0   1.0+0   0.0+0   0.0+0       0                                                                                                                                                                                                        
ECHO: loadb GRID           3       0   1.0+0   1.5+0   0.0+0       0                                                                                                                                                                                                        
ECHO: loadb GRID           4       0   0.0+0   1.5+0   0.0+0       0                                                                                                                                                                                                        
ECHO: loadb GRID           5       0   2.0+0   0.0+0   0.0+0       0                                                                                                                                                                                                        
ECHO: loadb GRID           6       0   3.0+0   0.0+0   0.0+0       0                                                                                                                                                                                                        
ECHO: loadb GRID           7       0   3.0+0   1.5+0   0.0+0       0                                                                                                                                                                                                        
ECHO: loadb GRID           8       0   2.0+0   1.5+0   0.0+0       0                                                                                                                                                                                                        
ECHO: loadb PARAM   QUAD4TYP  MITC4+                                                                                                                                                                                                                                        
ECHO: loadb PARAM    STR_CID      -2                                                                                                                                                                                                                                        
ECHO: loadb MAT1*                  1          2.0+11 7.1428571429+10           4.0-1*                                                                                                                                                                                       
ECHO: loadb *                  0.0+0           0.0+0           0.0+0                                                                                                                                                                                                        
ECHO: loadb SPC            1       1       1   0.0+0                                                                                                                                                                                                                        
ECHO: loadb SPC            1       1       2   0.0+0                                                                                                                                                                                                                        
ECHO: loadb SPC            1       1       3   0.0+0                                                                                                                                                                                                                        
ECHO: loadb SPC            1       1       4   0.0+0                                                                                                                                                                                                                        
ECHO: loadb SPC            1       2       2   0.0+0                                                                                                                                                                                                                        
ECHO: loadb SPC            1       2       3   0.0+0                                                                                                                                                                                                                        
ECHO: loadb SPC            1       2       4   0.0+0                                                                                                                                                                                                                        
ECHO: loadb SPC            1       5       1   0.0+0                                                                                                                                                                                                                        
ECHO: loadb SPC            1       5       2   0.0+0                                                                                                                                                                                                                        
ECHO: loadb SPC            1       5       3   0.0+0                                                                                                                                                                                                                        
ECHO: loadb SPC            1       5       4   0.0+0                                                                                                                                                                                                                        
ECHO: loadb SPC            1       6       2   0.0+0                                                                                                                                                                                                                        
ECHO: loadb SPC            1       6       3   0.0+0                                                                                                                                                                                                                        
ECHO: loadb SPC            1       6       4   0.0+0                                                                                                                                                                                                                        
ECHO: loadb PSHELL         1       1   1.0-1       1               1           0.0+0                                                                                                                                                                                        
ECHO: loadb CQUAD4         1       1       1       2       3       4   0.0+0   0.0+0                                                                                                                                                                                        
ECHO: loadb CQUAD4         2       1       6       7       8       5   0.0+0   0.0+0                                                                                                                                                                                        
ECHO: loadb MOMENT         2       4       0   1.0+0   1.1+0   0.0+0   0.0+0                                                                                                                                                                                                
ECHO: loadb MOMENT         2       3       0   1.0+0   1.1+0   0.0+0   0.0+0                                                                                                                                                                                                
ECHO: loadb FORCE*                 2               7               0           1.0+0*                                                                                                                                                                                       
ECHO: loadb *                  0.0+0           0.0+0 7.33333333333-1                                                                                                                                                                                                        
ECHO: loadb FORCE*                 2               8               0           1.0+0*                                                                                                                                                                                       
ECHO: loadb *                  0.0+0           0.0+0 7.33333333333-1                                                                                                                                                                                                        
ECHO: loadb LOAD           1   1.0+0   1.0+0       2                                                                                                                                                                                                                        
ECHO: loadb ENDDATA                                                                                                                                                                                                                                                         




 >> LINK  0 END


 >> LINK  1 BEGIN

               DEALLOCATED  1.84E-02 MB MEMORY FROM ARRAY STF3


 *INFORMATION: AUTOSPC Summary, Stage 1 after identification of AUTOSPC's at the grid level                                                 

                                     AUTOSPC_RAT = 1.000000E-08

                       Number of DOF's identified for AUTOSPC in component  1         =            0
                       Number of DOF's identified for AUTOSPC in component  2         =            0
                       Number of DOF's identified for AUTOSPC in component  3         =            0
                       Number of DOF's identified for AUTOSPC in component  4         =            0
                       Number of DOF's identified for AUTOSPC in component  5         =            0
                       Number of DOF's identified for AUTOSPC in component  6         =            8
                                                                                        ------------
                       Total number of DOF's identified in this stage                 =            8

               DEALLOCATED  1.92E-04 MB MEMORY FROM ARRAY STFKEY
               DEALLOCATED  1.84E-02 MB MEMORY FROM ARRAY STF3

 >> LINK  1 END


 >> LINK  2 BEGIN



 *INFORMATION: AUTOSPC Summary, Overall: after identification of all AUTOSPC's                                                               

                                     AUTOSPC_RAT = 1.000000E-08

                       Number of DOF's identified for AUTOSPC in component  1         =            0
                       Number of DOF's identified for AUTOSPC in component  2         =            0
                       Number of DOF's identified for AUTOSPC in component  3         =            0
                       Number of DOF's identified for AUTOSPC in component  4         =            0
                       Number of DOF's identified for AUTOSPC in component  5         =            0
                       Number of DOF's identified for AUTOSPC in component  6         =            8
                                                                                        ------------
                       Total number of DOF's identified overall                       =            8


 >> LINK  2 END


 >> LINK  3 BEGIN

 SUPERLU FACTORIZATION OF MATRIX KLL SUCCEEDED IN SUBR SYM_MAT_DECOMP_SUPRLU          

 *INFORMATION: FOR INTERNAL SUBCASE NUMBER        1 EPSILON ERROR ESTIMATE            =  1.915337E-14 Based on U'*(K*U - P)/(U'*P)


 >> LINK  3 END


 >> LINK  5 BEGIN


 >> LINK  5 END


 >> LINK  9 BEGIN



 OUTPUT FOR SUBCASE        1

                                                       D I S P L A C E M E N T S
                                              (in global coordinate system at each grid)
           GRID     COORD      T1            T2            T3            R1            R2            R3
                     SYS
              1        0  0.0           0.0           0.0           0.0          -2.640000E-08  0.0         
              2        0  0.0           0.0           0.0           0.0           2.640000E-08  0.0         
              3        0  0.0           0.0           1.485000E-07  1.980000E-07  2.640000E-08  0.0         
              4        0  0.0           0.0           1.485000E-07  1.980000E-07 -2.640000E-08  0.0         
              5        0  0.0           0.0           0.0           0.0          -1.320000E-08  0.0         
              6        0  0.0           0.0           0.0           0.0           1.320000E-08  0.0         
              7        0  0.0           0.0           7.461960E-08  9.900000E-08  1.320000E-08  0.0         
              8        0  0.0           0.0           7.461960E-08  9.900000E-08 -1.320000E-08  0.0         
                         ------------- ------------- ------------- ------------- ------------- -------------
                MAX* :    0.0           0.0           1.485000E-07  1.980000E-07  2.640000E-08  0.0         
                MIN* :    0.0           0.0           0.0           0.0          -2.640000E-08  0.0         

                ABS* :    0.0           0.0           1.485000E-07  1.980000E-07  2.640000E-08  0.0         
                *for output set


 OUTPUT FOR SUBCASE        1

                                                          S P C   F O R C E S
                                              (in global coordinate system at each grid)
           GRID     COORD      T1            T2            T3            R1            R2            R3
                     SYS
              1        0  0.0           0.0          -2.842171E-14 -1.100000E+00  0.0           0.0         
              2        0  0.0           0.0          -2.842171E-14 -1.100000E+00  0.0           0.0         
              5        0  0.0           0.0          -7.333333E-01 -1.100000E+00  0.0           0.0         
              6        0  0.0           0.0          -7.333333E-01 -1.100000E+00  0.0           0.0         
                         ------------- ------------- ------------- ------------- ------------- -------------
                MAX* :    0.0           0.0           0.0           0.0           0.0           0.0         
                MIN* :    0.0           0.0          -7.333333E-01 -1.100000E+00  0.0           0.0         

                ABS* :    0.0           0.0           7.333333E-01  1.100000E+00  0.0           0.0         
                *for output set
                         ------------- ------------- ------------- ------------- ------------- -------------
     SPC FORCE TOTALS:    0.0           0.0          -1.466667E+00 -4.400000E+00  0.0           0.0         
     (for output set)

                                                    SPC Force Summary on AUTOSPC'd DOF's
                                                 (in global coordinate system at each grid)
        For detailed information on the SPC forces for the AUTOSPC DOF's, set field 7 (AUTOSPC_SPCF) on the PARAM AUTOSPC entry to Y

                              T1             T2             T3             R1             R2             R3

 ABS AUTOSPC FORCES  :   0.000000E+00   0.000000E+00   0.000000E+00   0.000000E+00   0.000000E+00   0.000000E+00
 AUTOSPC FORCE TOTALS:   0.000000E+00   0.000000E+00   0.000000E+00   0.000000E+00   0.000000E+00   0.000000E+00
     (for output set)


 OUTPUT FOR SUBCASE        1

                                          E L E M E N T   S T R E S S E S   I N   L O C A L   E L E M E N T   C O O R D I N A T E   S Y S T E M
                                                                       F O R   E L E M E N T   T Y P E   Q U A D 4  
    Elem  Location       Fibre       Stresses In Element Coord System     Principal Stresses (Zero Shear)               Transverse   Transverse   % Poly
     ID                 Distance    Normal-X     Normal-Y     Shear-XY     Angle     Major        Minor      von Mises    Shear-XZ     Shear-YZ    Fit Err
                                                                                                                         (max through thickness)

        1  CENTER      -5.000E-02 -2.27374E-12  1.32000E+03  1.14505E-11   90.00  1.32000E+03 -2.27374E-12  1.32000E+03  5.90843E-14  0.00000E+00
                        5.000E-02  2.27374E-12 -1.32000E+03 -1.14505E-11   -0.00  2.27374E-12 -1.32000E+03  1.32000E+03

           GRD       1 -5.000E-02  5.95077E-13  1.32000E+03  7.33393E-12   90.00  1.32000E+03  6.82121E-13  1.32000E+03  1.12374E-13  8.58844E-13 -0.9E-01(6)
                        5.000E-02 -5.95077E-13 -1.32000E+03 -7.33393E-12   -0.00 -6.82121E-13 -1.32000E+03  1.32000E+03

           GRD       2 -5.000E-02  1.06769E-11  1.32000E+03  4.20753E-12   90.00  1.32000E+03  1.06866E-11  1.32000E+03  1.12374E-13  1.26819E-12  0.9E-01(6)
                        5.000E-02 -1.06769E-11 -1.32000E+03 -4.20753E-12   -0.00 -1.06866E-11 -1.32000E+03  1.32000E+03

           GRD       3 -5.000E-02 -5.23350E-12  1.32000E+03  1.55465E-11   90.00  1.32000E+03 -5.22959E-12  1.32000E+03  4.19385E-13  1.26819E-12  0.9E-01(6)
                        5.000E-02  5.23350E-12 -1.32000E+03 -1.55465E-11   -0.00  5.22959E-12 -1.32000E+03  1.32000E+03

           GRD       4 -5.000E-02 -1.53154E-11  1.32000E+03  1.86729E-11   90.00  1.32000E+03 -1.52340E-11  1.32000E+03  4.19385E-13  8.58844E-13 -0.9E-01(6)
                        5.000E-02  1.53154E-11 -1.32000E+03 -1.86729E-11   -0.00  1.52340E-11 -1.32000E+03  1.32000E+03

        2  CENTER      -5.000E-02  6.60000E+02  1.50067E-12 -1.12851E-12   -0.00  6.60000E+02  1.47793E-12  6.60000E+02  1.76000E+01  2.95422E-14
                        5.000E-02 -6.60000E+02 -1.50067E-12  1.12851E-12   90.00 -1.47793E-12 -6.60000E+02  6.60000E+02

           GRD       6 -5.000E-02  6.60000E+02 -1.11075E-12 -1.23892E-12   -0.00  6.60000E+02 -1.13687E-12  6.60000E+02  1.76000E+01 -2.47927E-13  0.2E+00(6)
                        5.000E-02 -6.60000E+02  1.11075E-12  1.23892E-12   90.00  1.13687E-12 -6.60000E+02  6.60000E+02

           GRD       7 -5.000E-02  6.60000E+02  4.87536E-12 -2.21112E-12   -0.00  6.60000E+02  4.88853E-12  6.60000E+02  1.76000E+01  3.66096E-13 -0.2E+00(6)
                        5.000E-02 -6.60000E+02 -4.87536E-12  2.21112E-12   90.00 -4.88853E-12 -6.60000E+02  6.60000E+02

           GRD       8 -5.000E-02  6.60000E+02  3.93018E-12 -1.02401E-12   -0.00  6.60000E+02  3.97904E-12  6.60000E+02  1.76000E+01  3.66096E-13 -0.2E+00(6)
                        5.000E-02 -6.60000E+02 -3.93018E-12  1.02401E-12   90.00 -3.97904E-12 -6.60000E+02  6.60000E+02

           GRD       5 -5.000E-02  6.60000E+02 -2.05592E-12 -5.18089E-14   -0.00  6.60000E+02 -2.04636E-12  6.60000E+02  1.76000E+01 -2.47927E-13  0.2E+00(6)
                        5.000E-02 -6.60000E+02  2.05592E-12  5.18089E-14   90.00  2.04636E-12 -6.60000E+02  6.60000E+02
                                  ------------ ------------ ------------         ------------ ------------ ------------ ------------ ------------ --------
 MAX* :                            6.60000E+02  1.32000E+03  1.86729E-11          1.32000E+03  1.06866E-11  1.32000E+03  1.76000E+01  1.26819E-12  0.2E+00
 MIN* :                           -6.60000E+02 -1.32000E+03 -1.86729E-11         -1.06866E-11 -1.32000E+03  6.60000E+02  5.90843E-14 -2.47927E-13 -0.2E+00

 ABS* :                            6.60000E+02  1.32000E+03  1.86729E-11          1.32000E+03  1.32000E+03  1.32000E+03  1.76000E+01  1.26819E-12  0.2E+00
 *for output set
 NOTE: Explanation of errors in the polynomial fit to extrapolate element corner point stresses from values at the Gauss points:
       (6): Polynomial fit error is in XY twist   stress

 >> LINK  9 END

    Total CPU time =  4.69E-02 seconds

 >> MYSTRAN END    :  6/ 4/2026 at 11:55:57.306
