   627193352

 MYSTRAN Version 18.0.0   APR 20 2026 MYSTRAN developed by Dr Bill Case
*** Please report any problems to mystransolver@gmail.com ***                                                                                                                                                                                                   

 >> MYSTRAN BEGIN  :  6/27/2026 at 19:33:52.317 The input file is C:\Users\victo\Documents\Git\MYSTRAN_Validation\working\S30 mitc4 moment per length.bdf                                                                                                                                                                         


 >> LINK  0 BEGIN


SOL 101                                                                                                                                                                                                                                                         
CEND                                                                                                                                                                                                                                                            
DISPLACEMENT = ALL                                                                                                                                                                                                                                              
SPCFORCES = ALL                                                                                                                                                                                                                                                 
MPCFORCES = ALL                                                                                                                                                                                                                                                 
STRESS(CORNER) = ALL                                                                                                                                                                                                                                            
FORCE(CORNER) = ALL                                                                                                                                                                                                                                             
SPC = 1                                                                                                                                                                                                                                                         
LOAD = 1                                                                                                                                                                                                                                                        
BEGIN BULK                                                                                                                                                                                                                                                      
ECHO: loadb GRID           1       0   0.0+0   0.0+0   0.0+0       0                                                                                                                                                                                                        
ECHO: loadb GRID           2       0   1.5+0   0.0+0   0.0+0       0                                                                                                                                                                                                        
ECHO: loadb GRID           3       0   1.5+0   8.0-1   0.0+0       0                                                                                                                                                                                                        
ECHO: loadb GRID           4       0   0.0+0   8.0-1   0.0+0       0                                                                                                                                                                                                        
ECHO: loadb GRID           5       0   0.0+0   2.0+0   0.0+0       0                                                                                                                                                                                                        
ECHO: loadb GRID           6       0   1.5+0   2.0+0   0.0+0       0                                                                                                                                                                                                        
ECHO: loadb GRID           7       0   1.5+0   2.8+0   0.0+0       0                                                                                                                                                                                                        
ECHO: loadb GRID           8       0   0.0+0   2.8+0   0.0+0       0                                                                                                                                                                                                        
ECHO: loadb GRID           9       0   0.0+0   4.0+0   0.0+0       0                                                                                                                                                                                                        
ECHO: loadb GRID          10       0   1.5+0   4.0+0   0.0+0       0                                                                                                                                                                                                        
ECHO: loadb GRID          11       0   1.5+0   4.8+0   0.0+0       0                                                                                                                                                                                                        
ECHO: loadb GRID          12       0   0.0+0   4.8+0   0.0+0       0                                                                                                                                                                                                        
ECHO: loadb GRID          13       0   2.0+0   2.0+0   0.0+0       0                                                                                                                                                                                                        
ECHO: loadb GRID          14       0   3.5+0   2.0+0   0.0+0       0                                                                                                                                                                                                        
ECHO: loadb GRID          15       0   3.5+0   2.8+0   0.0+0       0                                                                                                                                                                                                        
ECHO: loadb GRID          16       0   2.0+0   2.8+0   0.0+0       0                                                                                                                                                                                                        
ECHO: loadb PARAM   QUAD4TYP  MITC4+                                                                                                                                                                                                                                        
ECHO: loadb PARAM    STR_CID      -2                                                                                                                                                                                                                                        
ECHO: loadb MAT1           1  2.0+11  1.0+11   0.0+0   0.0+0   0.0+0   0.0+0                                                                                                                                                                                                
ECHO: loadb SPC            1       1       1   0.0+0                                                                                                                                                                                                                        
ECHO: loadb SPC            1       1       2   0.0+0                                                                                                                                                                                                                        
ECHO: loadb SPC            1       1       3   0.0+0                                                                                                                                                                                                                        
ECHO: loadb SPC            1       1       4   0.0+0                                                                                                                                                                                                                        
ECHO: loadb SPC            1       1       5   0.0+0                                                                                                                                                                                                                        
ECHO: loadb SPC            1       1       6   0.0+0                                                                                                                                                                                                                        
ECHO: loadb SPC            1       4       1   0.0+0                                                                                                                                                                                                                        
ECHO: loadb SPC            1       4       2   0.0+0                                                                                                                                                                                                                        
ECHO: loadb SPC            1       4       3   0.0+0                                                                                                                                                                                                                        
ECHO: loadb SPC            1       4       4   0.0+0                                                                                                                                                                                                                        
ECHO: loadb SPC            1       4       5   0.0+0                                                                                                                                                                                                                        
ECHO: loadb SPC            1       4       6   0.0+0                                                                                                                                                                                                                        
ECHO: loadb SPC            1       5       5   0.0+0                                                                                                                                                                                                                        
ECHO: loadb SPC            1       8       5   0.0+0                                                                                                                                                                                                                        
ECHO: loadb SPC            1      10       5   0.0+0                                                                                                                                                                                                                        
ECHO: loadb SPC            1      13       1   0.0+0                                                                                                                                                                                                                        
ECHO: loadb SPC            1      13       2   0.0+0                                                                                                                                                                                                                        
ECHO: loadb SPC            1      13       3   0.0+0                                                                                                                                                                                                                        
ECHO: loadb SPC            1      13       4   0.0+0                                                                                                                                                                                                                        
ECHO: loadb SPC            1      13       5   0.0+0                                                                                                                                                                                                                        
ECHO: loadb SPC            1      13       6   0.0+0                                                                                                                                                                                                                        
ECHO: loadb SPC            1      16       1   0.0+0                                                                                                                                                                                                                        
ECHO: loadb SPC            1      16       2   0.0+0                                                                                                                                                                                                                        
ECHO: loadb SPC            1      16       3   0.0+0                                                                                                                                                                                                                        
ECHO: loadb SPC            1      16       4   0.0+0                                                                                                                                                                                                                        
ECHO: loadb SPC            1      16       5   0.0+0                                                                                                                                                                                                                        
ECHO: loadb SPC            1      16       6   0.0+0                                                                                                                                                                                                                        
ECHO: loadb SPC            1      12     123   0.0+0                                                                                                                                                                                                                        
ECHO: loadb SPC            1       9     123   0.0+0                                                                                                                                                                                                                        
ECHO: loadb SPC            1       8     123   0.0+0                                                                                                                                                                                                                        
ECHO: loadb SPC            1       5     123   0.0+0                                                                                                                                                                                                                        
ECHO: loadb PSHELL         1       1   1.0-2       1               1           0.0+0                                                                                                                                                                                        
ECHO: loadb CQUAD4         1       1       1       2       3       4  -9.0+1   0.0+0                                                                                                                                                                                        
ECHO: loadb CQUAD4         2       1       5       6       7       8   0.0+0   0.0+0                                                                                                                                                                                        
ECHO: loadb CQUAD4         3       1       9      10      11      12   0.0+0   0.0+0                                                                                                                                                                                        
ECHO: loadb CQUAD4         4       1      13      14      15      16  -4.5+1   0.0+0                                                                                                                                                                                        
ECHO: loadb FORCE          2      11       0   1.0+0   0.0+0   0.0+0   3.3+0                                                                                                                                                                                                
ECHO: loadb FORCE          2      10       0   1.0+0   0.0+0   0.0+0  -3.3+0                                                                                                                                                                                                
ECHO: loadb MOMENT         2       7       0   1.0+0   0.0+0   5.5-1   0.0+0                                                                                                                                                                                                
ECHO: loadb MOMENT         2       6       0   1.0+0   0.0+0   5.5-1   0.0+0                                                                                                                                                                                                
ECHO: loadb MOMENT         2       3       0   1.0+0   0.0+0   5.5-1   0.0+0                                                                                                                                                                                                
ECHO: loadb MOMENT         2       2       0   1.0+0   0.0+0   5.5-1   0.0+0                                                                                                                                                                                                
ECHO: loadb MOMENT         2      15       0   1.0+0   0.0+0   5.5-1   0.0+0                                                                                                                                                                                                
ECHO: loadb MOMENT         2      14       0   1.0+0   0.0+0   5.5-1   0.0+0                                                                                                                                                                                                
ECHO: loadb LOAD           1   1.0+0   1.0+0       2                                                                                                                                                                                                                        
ECHO: loadb ENDDATA                                                                                                                                                                                                                                                         




 >> LINK  0 END


 >> LINK  1 BEGIN

               DEALLOCATED  3.69E-02 MB MEMORY FROM ARRAY STF3


 *INFORMATION: AUTOSPC Summary, Stage 1 after identification of AUTOSPC's at the grid level                                                 

                                     AUTOSPC_RAT = 1.000000E-08

                       Number of DOF's identified for AUTOSPC in component  1         =            0
                       Number of DOF's identified for AUTOSPC in component  2         =            0
                       Number of DOF's identified for AUTOSPC in component  3         =            0
                       Number of DOF's identified for AUTOSPC in component  4         =            0
                       Number of DOF's identified for AUTOSPC in component  5         =            0
                       Number of DOF's identified for AUTOSPC in component  6         =           12
                                                                                        ------------
                       Total number of DOF's identified in this stage                 =           12

               DEALLOCATED  3.84E-04 MB MEMORY FROM ARRAY STFKEY
               DEALLOCATED  3.69E-02 MB MEMORY FROM ARRAY STF3

 >> LINK  1 END


 >> LINK  2 BEGIN



 *INFORMATION: AUTOSPC Summary, Overall: after identification of all AUTOSPC's                                                               

                                     AUTOSPC_RAT = 1.000000E-08

                       Number of DOF's identified for AUTOSPC in component  1         =            0
                       Number of DOF's identified for AUTOSPC in component  2         =            0
                       Number of DOF's identified for AUTOSPC in component  3         =            0
                       Number of DOF's identified for AUTOSPC in component  4         =            0
                       Number of DOF's identified for AUTOSPC in component  5         =            0
                       Number of DOF's identified for AUTOSPC in component  6         =           12
                                                                                        ------------
                       Total number of DOF's identified overall                       =           12


 >> LINK  2 END


 >> LINK  3 BEGIN

 SUPERLU FACTORIZATION OF MATRIX KLL SUCCEEDED IN SUBR SYM_MAT_DECOMP_SUPRLU          

 *INFORMATION: FOR INTERNAL SUBCASE NUMBER        1 EPSILON ERROR ESTIMATE            = -2.864169E-12 Based on U'*(K*U - P)/(U'*P)


 >> LINK  3 END


 >> LINK  5 BEGIN


 >> LINK  5 END


 >> LINK  9 BEGIN



 OUTPUT FOR SUBCASE        1

                                                       D I S P L A C E M E N T S
                                              (in global coordinate system at each grid)
           GRID     COORD      T1            T2            T3            R1            R2            R3
                     SYS
              1        0  0.0           0.0           0.0           0.0           0.0           0.0         
              2        0  0.0           0.0          -9.281250E-05 -3.922032E-17  1.237500E-04  0.0         
              3        0  0.0           0.0          -9.281250E-05 -4.278258E-17  1.237500E-04  0.0         
              4        0  0.0           0.0           0.0           0.0           0.0           0.0         
              5        0  0.0           0.0           0.0          -1.490152E-16  0.0           0.0         
              6        0  0.0           0.0          -9.281250E-05 -1.725221E-16  1.237500E-04  0.0         
              7        0  0.0           0.0          -9.281250E-05 -3.604545E-16  1.237500E-04  0.0         
              8        0  0.0           0.0           0.0           1.489883E-16  0.0           0.0         
              9        0  0.0           0.0           0.0           7.920000E-09  1.626971E-15  0.0         
             10        0  0.0           0.0          -2.227500E-08  1.485278E-04  0.0           0.0         
             11        0  0.0           0.0           1.188063E-04  1.485278E-04 -7.918937E-05  0.0         
             12        0  0.0           0.0           0.0           7.920000E-09 -7.918937E-05  0.0         
             13        0  0.0           0.0           0.0           0.0           0.0           0.0         
             14        0  0.0           0.0          -9.281250E-05 -6.553717E-16  1.237500E-04  0.0         
             15        0  0.0           0.0          -9.281250E-05 -6.811349E-16  1.237500E-04  0.0         
             16        0  0.0           0.0           0.0           0.0           0.0           0.0         
                         ------------- ------------- ------------- ------------- ------------- -------------
                MAX* :    0.0           0.0           1.188063E-04  1.485278E-04  1.237500E-04  0.0         
                MIN* :    0.0           0.0          -9.281250E-05 -6.811349E-16 -7.918937E-05  0.0         

                ABS* :    0.0           0.0           1.188063E-04  1.485278E-04  1.237500E-04  0.0         
                *for output set


 OUTPUT FOR SUBCASE        1

                                                          S P C   F O R C E S
                                              (in global coordinate system at each grid)
           GRID     COORD      T1            T2            T3            R1            R2            R3
                     SYS
              1        0  0.0           0.0           5.456968E-12  1.501355E-12 -5.500000E-01  0.0         
              4        0  0.0           0.0          -7.275958E-12  1.087408E-12 -5.500000E-01  0.0         
              5        0  0.0           0.0           7.275958E-12  0.0          -5.500000E-01  0.0         
              8        0  0.0           0.0           7.275958E-12  0.0          -5.500000E-01  0.0         
              9        0  0.0           0.0           3.300000E+00  0.0           0.0           0.0         
             10        0  0.0           0.0           0.0           0.0          -2.273737E-12  0.0         
             12        0  0.0           0.0          -3.300000E+00  0.0           0.0           0.0         
             13        0  0.0           0.0           9.094947E-13  3.477441E-12 -5.500000E-01  0.0         
             16        0  0.0           0.0           0.0           4.162781E-12 -5.500000E-01  0.0         
                         ------------- ------------- ------------- ------------- ------------- -------------
                MAX* :    0.0           0.0           3.300000E+00  4.162781E-12  0.0           0.0         
                MIN* :    0.0           0.0          -3.300000E+00  0.0          -5.500000E-01  0.0         

                ABS* :    0.0           0.0           3.300000E+00  4.162781E-12  5.500000E-01  0.0         
                *for output set
                         ------------- ------------- ------------- ------------- ------------- -------------
     SPC FORCE TOTALS:    0.0           0.0          -1.182343E-11  1.022898E-11 -3.300000E+00  0.0         
     (for output set)

                                                    SPC Force Summary on AUTOSPC'd DOF's
                                                 (in global coordinate system at each grid)
        For detailed information on the SPC forces for the AUTOSPC DOF's, set field 7 (AUTOSPC_SPCF) on the PARAM AUTOSPC entry to Y

                              T1             T2             T3             R1             R2             R3

 ABS AUTOSPC FORCES  :   0.000000E+00   0.000000E+00   0.000000E+00   0.000000E+00   0.000000E+00   0.000000E+00
 AUTOSPC FORCE TOTALS:   0.000000E+00   0.000000E+00   0.000000E+00   0.000000E+00   0.000000E+00   0.000000E+00
     (for output set)


 OUTPUT FOR SUBCASE        1

                                                       E L E M E N T   E N G I N E E R I N G   F O R C E S
                                                           F O R   E L E M E N T   T Y P E   Q U A D 4  
  Element Location               N o r m a l   F o r c e s                       M o m e n t s                   T r a n s v e r s e
     ID                                                                                                        S h e a r   F o r c e s
                              Nxx           Nyy           Nxy           Mxx           Myy           Mxy            Qx           Qy
        1                 0.000000E+00  0.000000E+00  0.000000E+00 -1.375000E+00 -3.710683E-14 -4.560425E-13 -1.694066E-11 -3.396404E-12
           GRD       1    0.000000E+00  0.000000E+00  0.000000E+00 -1.375000E+00  2.646978E-29 -2.178347E-13 -2.485534E-11 -8.338838E-12
           GRD       2    0.000000E+00  0.000000E+00  0.000000E+00 -1.375000E+00 -7.421367E-14 -6.746421E-13 -2.363276E-11 -1.491500E-11
           GRD       3    0.000000E+00  0.000000E+00  0.000000E+00 -1.375000E+00 -7.421367E-14 -6.944480E-13  1.426743E-11 -2.689135E-12
           GRD       4    0.000000E+00  0.000000E+00  0.000000E+00 -1.375000E+00  2.646978E-29 -2.376407E-13  1.304485E-11  3.887030E-12
        2                 0.000000E+00  0.000000E+00  0.000000E+00 -1.375000E+00  1.146575E-12 -2.961054E-12 -1.129377E-11 -1.557487E-12
           GRD       5    0.000000E+00  0.000000E+00  0.000000E+00 -1.375000E+00  6.208408E-12 -1.306391E-13 -3.856895E-12  1.260462E-11
           GRD       6    0.000000E+00  0.000000E+00  0.000000E+00 -1.375000E+00 -3.915257E-12 -3.091793E-12 -3.856895E-12 -2.418992E-11
           GRD       7    0.000000E+00  0.000000E+00  0.000000E+00 -1.375000E+00 -3.915257E-12 -5.791384E-12  1.033452E-12 -2.418992E-11
           GRD       8    0.000000E+00  0.000000E+00  0.000000E+00 -1.375000E+00  6.208408E-12 -2.830230E-12  1.033452E-12  1.260462E-11
        3                 0.000000E+00  0.000000E+00  0.000000E+00 -7.799705E-12  2.042585E-16  1.650000E+00  2.541099E-11 -7.472888E-12
           GRD       9    0.000000E+00  0.000000E+00  0.000000E+00  1.807740E-11 -2.045235E-16  1.650000E+00 -1.237500E+01 -6.600000E+00
           GRD      10    0.000000E+00  0.000000E+00  0.000000E+00  1.807750E-11  5.001234E-16  1.650000E+00 -1.237500E+01  6.600000E+00
           GRD      11    0.000000E+00  0.000000E+00  0.000000E+00 -3.367690E-11  5.001234E-16  1.650000E+00  1.237500E+01  6.600000E+00
           GRD      12    0.000000E+00  0.000000E+00  0.000000E+00 -3.367699E-11 -2.045235E-16  1.650000E+00  1.237500E+01 -6.600000E+00
        4                 0.000000E+00  0.000000E+00  0.000000E+00 -1.375000E+00 -2.683666E-13 -7.424978E-12  0.000000E+00  2.495194E-12
           GRD      13    0.000000E+00  0.000000E+00  0.000000E+00 -1.375000E+00  1.258898E-28 -3.641010E-12  1.322222E-11  2.869633E-12
           GRD      14    0.000000E+00  0.000000E+00  0.000000E+00 -1.375000E+00 -5.367331E-13 -1.106602E-11  1.322222E-11 -2.215767E-12
           GRD      15    0.000000E+00  0.000000E+00  0.000000E+00 -1.375000E+00 -5.367331E-13 -1.120912E-11  1.077705E-11 -1.199646E-11
           GRD      16    0.000000E+00  0.000000E+00  0.000000E+00 -1.375000E+00  1.564545E-28 -3.784101E-12  1.077705E-11 -6.911061E-12
                          ------------- ------------- ------------- ------------- ------------- ------------- ------------- -------------
                MAX* :    0.000000E+00  0.000000E+00  0.000000E+00  1.807750E-11  6.208408E-12  1.650000E+00  1.237500E+01  6.600000E+00
                MIN* :    0.000000E+00  0.000000E+00  0.000000E+00 -1.375000E+00 -3.915257E-12 -1.120912E-11 -1.237500E+01 -6.600000E+00

                ABS* :    0.000000E+00  0.000000E+00  0.000000E+00  1.375000E+00  6.208408E-12  1.650000E+00  1.237500E+01  6.600000E+00
                *for output set


 OUTPUT FOR SUBCASE        1

                                          E L E M E N T   S T R E S S E S   I N   L O C A L   E L E M E N T   C O O R D I N A T E   S Y S T E M
                                                                       F O R   E L E M E N T   T Y P E   Q U A D 4  
    Elem  Location        Fiber      Stresses In Element Coord System     Principal Stresses (Zero Shear)                Transverse   Transverse   % Poly
     ID                  Distance   Normal-X     Normal-Y     Shear-XY     Angle     Major        Minor      von Mises    Shear-XZ     Shear-YZ    Fit Err
                                                                                                                         (max through thickness)

        1  CENTER      -5.000E-03 -8.25000E+04 -2.22641E-09 -2.73626E-08  -90.00 -2.22644E-09 -8.25000E+04  8.25000E+04 -2.03288E-09 -4.07569E-10
                        5.000E-03  8.25000E+04  2.22641E-09  2.73626E-08    0.00  8.25000E+04  2.22644E-09  8.25000E+04

           GRD       1 -5.000E-03 -8.25000E+04  1.58819E-24 -1.30701E-08  -90.00  0.00000E+00 -8.25000E+04  8.25000E+04 -2.98264E-09 -1.00066E-09  0.1E+03(8)
                        5.000E-03  8.25000E+04 -1.58819E-24  1.30701E-08    0.00  8.25000E+04  0.00000E+00  8.25000E+04

           GRD       2 -5.000E-03 -8.25000E+04 -4.45282E-09 -4.04785E-08  -90.00 -4.45289E-09 -8.25000E+04  8.25000E+04 -2.83593E-09 -1.78980E-09 -0.1E+03(8)
                        5.000E-03  8.25000E+04  4.45282E-09  4.04785E-08    0.00  8.25000E+04  4.45289E-09  8.25000E+04

           GRD       3 -5.000E-03 -8.25000E+04 -4.45282E-09 -4.16669E-08  -90.00 -4.45289E-09 -8.25000E+04  8.25000E+04  1.71209E-09 -3.22696E-10 -0.1E+03(8)
                        5.000E-03  8.25000E+04  4.45282E-09  4.16669E-08    0.00  8.25000E+04  4.45289E-09  8.25000E+04

           GRD       4 -5.000E-03 -8.25000E+04  1.58819E-24 -1.42584E-08  -90.00  0.00000E+00 -8.25000E+04  8.25000E+04  1.56538E-09  4.66444E-10  0.1E+03(8)
                        5.000E-03  8.25000E+04 -1.58819E-24  1.42584E-08    0.00  8.25000E+04  0.00000E+00  8.25000E+04

        2  CENTER      -5.000E-03 -8.25000E+04  6.87945E-08 -1.77663E-07  -90.00  6.88015E-08 -8.25000E+04  8.25000E+04 -1.35525E-09 -1.86898E-10
                        5.000E-03  8.25000E+04 -6.87945E-08  1.77663E-07    0.00  8.25000E+04 -6.88015E-08  8.25000E+04

           GRD       5 -5.000E-03 -8.25000E+04  3.72504E-07 -7.83834E-09  -90.00  3.72500E-07 -8.25000E+04  8.25000E+04 -4.62827E-10  1.51255E-09 -0.3E-03
                        5.000E-03  8.25000E+04 -3.72504E-07  7.83834E-09    0.00  8.25000E+04 -3.72500E-07  8.25000E+04

           GRD       6 -5.000E-03 -8.25000E+04 -2.34915E-07 -1.85508E-07  -90.00 -2.34912E-07 -8.25000E+04  8.25000E+04 -4.62827E-10 -2.90279E-09  0.3E-03
                        5.000E-03  8.25000E+04  2.34915E-07  1.85508E-07    0.00  8.25000E+04  2.34912E-07  8.25000E+04

           GRD       7 -5.000E-03 -8.25000E+04 -2.34915E-07 -3.47483E-07  -90.00 -2.34912E-07 -8.25000E+04  8.25000E+04  1.24014E-10 -2.90279E-09  0.3E-03
                        5.000E-03  8.25000E+04  2.34915E-07  3.47483E-07    0.00  8.25000E+04  2.34912E-07  8.25000E+04

           GRD       8 -5.000E-03 -8.25000E+04  3.72504E-07 -1.69814E-07  -90.00  3.72500E-07 -8.25000E+04  8.25000E+04  1.24014E-10  1.51255E-09 -0.3E-03
                        5.000E-03  8.25000E+04 -3.72504E-07  1.69814E-07    0.00  8.25000E+04 -3.72500E-07  8.25000E+04

        3  CENTER      -5.000E-03 -4.67982E-07  1.22555E-11  9.90000E+04   45.00  9.90000E+04 -9.90000E+04  1.71473E+05  3.04932E-09 -8.96747E-10
                        5.000E-03  4.67982E-07 -1.22555E-11 -9.90000E+04  -45.00  9.90000E+04 -9.90000E+04  1.71473E+05

           GRD       9 -5.000E-03  1.08464E-06 -1.22714E-11  9.90000E+04   45.00  9.90000E+04 -9.90000E+04  1.71473E+05 -1.48500E+03 -7.92000E+02 -0.1E-03
                        5.000E-03 -1.08464E-06  1.22714E-11 -9.90000E+04  -45.00  9.90000E+04 -9.90000E+04  1.71473E+05

           GRD      10 -5.000E-03  1.08465E-06  3.00074E-11  9.90000E+04   45.00  9.90000E+04 -9.90000E+04  1.71473E+05 -1.48500E+03  7.92000E+02  0.1E-03
                        5.000E-03 -1.08465E-06 -3.00074E-11 -9.90000E+04  -45.00  9.90000E+04 -9.90000E+04  1.71473E+05

           GRD      11 -5.000E-03 -2.02061E-06  3.00074E-11  9.90000E+04   45.00  9.90000E+04 -9.90000E+04  1.71473E+05  1.48500E+03  7.92000E+02  0.1E-03
                        5.000E-03  2.02061E-06 -3.00074E-11 -9.90000E+04  -45.00  9.90000E+04 -9.90000E+04  1.71473E+05

           GRD      12 -5.000E-03 -2.02062E-06 -1.22714E-11  9.90000E+04   45.00  9.90000E+04 -9.90000E+04  1.71473E+05  1.48500E+03 -7.92000E+02 -0.1E-03
                        5.000E-03  2.02062E-06  1.22714E-11 -9.90000E+04  -45.00  9.90000E+04 -9.90000E+04  1.71473E+05

        4  CENTER      -5.000E-03 -8.25000E+04 -1.61020E-08 -4.45499E-07  -90.00 -1.61090E-08 -8.25000E+04  8.25000E+04  0.00000E+00  2.99423E-10
                        5.000E-03  8.25000E+04  1.61020E-08  4.45499E-07    0.00  8.25000E+04  1.61090E-08  8.25000E+04

           GRD      13 -5.000E-03 -8.25000E+04  7.55339E-24 -2.18461E-07  -90.00  0.00000E+00 -8.25000E+04  8.25000E+04  1.58667E-09  3.44356E-10 -0.2E+02(8)
                        5.000E-03  8.25000E+04 -7.55339E-24  2.18461E-07    0.00  8.25000E+04  0.00000E+00  8.25000E+04

           GRD      14 -5.000E-03 -8.25000E+04 -3.22040E-08 -6.63961E-07  -90.00 -3.22034E-08 -8.25000E+04  8.25000E+04  1.58667E-09 -2.65892E-10  0.2E+02(8)
                        5.000E-03  8.25000E+04  3.22040E-08  6.63961E-07    0.00  8.25000E+04  3.22034E-08  8.25000E+04

           GRD      15 -5.000E-03 -8.25000E+04 -3.22040E-08 -6.72547E-07  -90.00 -3.22034E-08 -8.25000E+04  8.25000E+04  1.29325E-09 -1.43958E-09  0.2E+02(8)
                        5.000E-03  8.25000E+04  3.22040E-08  6.72547E-07    0.00  8.25000E+04  3.22034E-08  8.25000E+04

           GRD      16 -5.000E-03 -8.25000E+04  9.38727E-24 -2.27046E-07  -90.00  0.00000E+00 -8.25000E+04  8.25000E+04  1.29325E-09 -8.29327E-10 -0.2E+02(8)
                        5.000E-03  8.25000E+04 -9.38727E-24  2.27046E-07    0.00  8.25000E+04  0.00000E+00  8.25000E+04
                                  ------------ ------------ ------------         ------------ ------------ ------------ ------------ ------------ --------
 MAX* :                            8.25000E+04  3.72504E-07  9.90000E+04          9.90000E+04  2.34912E-07  1.71473E+05  1.48500E+03  7.92000E+02  0.1E+03
 MIN* :                           -8.25000E+04 -3.72504E-07 -9.90000E+04         -2.34912E-07 -9.90000E+04  8.25000E+04 -1.48500E+03 -7.92000E+02 -0.1E+03

 ABS* :                            8.25000E+04  3.72504E-07  9.90000E+04          9.90000E+04  9.90000E+04  1.71473E+05  1.48500E+03  7.92000E+02  0.1E+03
 *for output set
 NOTE: Explanation of errors in the polynomial fit to extrapolate element corner point stresses from values at the Gauss points:
       (8): Polynomial fit error is in YZ shear   stress

 >> LINK  9 END

    Total CPU time =  4.69E-02 seconds

 >> MYSTRAN END    :  6/27/2026 at 19:33:52.409

                                          * * * END OF JOB * * *
