   627193354

 MYSTRAN Version 18.0.0   APR 20 2026 MYSTRAN developed by Dr Bill Case
*** Please report any problems to mystransolver@gmail.com ***                                                                                                                                                                                                   

 >> MYSTRAN BEGIN  :  6/27/2026 at 19:33:54.456 The input file is C:\Users\victo\Documents\Git\MYSTRAN_Validation\working\S30 mitc4 thermal stress linear temperature constrained deformed.bdf                                                                                                                                    


 >> LINK  0 BEGIN


SOL 101                                                                                                                                                                                                                                                         
CEND                                                                                                                                                                                                                                                            
DISPLACEMENT = ALL                                                                                                                                                                                                                                              
SPCFORCES = ALL                                                                                                                                                                                                                                                 
MPCFORCES = ALL                                                                                                                                                                                                                                                 
STRESS(CORNER) = ALL                                                                                                                                                                                                                                            
STRAIN(CORNER,FIBER) = ALL                                                                                                                                                                                                                                      
SPC = 1                                                                                                                                                                                                                                                         
TEMPERATURE = 1                                                                                                                                                                                                                                                 
BEGIN BULK                                                                                                                                                                                                                                                      
ECHO: loadb GRID           1       0   0.0+0   0.0+0   0.0+0       0                                                                                                                                                                                                        
ECHO: loadb GRID*                  2               0           0.0+0 6.66666666667-4*                                                                                                                                                                                       
ECHO: loadb *                  0.0+0               0                                                                                                                                                                                                                        
ECHO: loadb GRID*                  3               0           0.0+0 1.33333333333-3*                                                                                                                                                                                       
ECHO: loadb *                  2.0-3               0                                                                                                                                                                                                                        
ECHO: loadb GRID*                  4               0           0.0+0 6.66666666667-4*                                                                                                                                                                                       
ECHO: loadb *                  2.0-3               0                                                                                                                                                                                                                        
ECHO: loadb GRID*                  5               0           0.0+0           0.0+0*                                                                                                                                                                                       
ECHO: loadb *        1.33333333333-3               0                                                                                                                                                                                                                        
ECHO: loadb GRID*                  6               0           0.0+0 8.13635997474-4*                                                                                                                                                                                       
ECHO: loadb *        5.06729353219-4               0                                                                                                                                                                                                                        
ECHO: loadb GRID           7       0   0.0+0   0.0+0   2.0-3       0                                                                                                                                                                                                        
ECHO: loadb GRID*                  8               0           0.0+0 1.33333333333-3*                                                                                                                                                                                       
ECHO: loadb *                  0.0+0               0                                                                                                                                                                                                                        
ECHO: loadb GRID*                  9               0-5.4210102162-20 1.38088210952-3*                                                                                                                                                                                       
ECHO: loadb *        1.52785133105-3               0                                                                                                                                                                                                                        
ECHO: loadb GRID*                 10               0           0.0+0 1.57107762061-3*                                                                                                                                                                                       
ECHO: loadb *        8.56862287037-4               0                                                                                                                                                                                                                        
ECHO: loadb GRID*                 11               0           0.0+0           2.0-3*                                                                                                                                                                                       
ECHO: loadb *        1.33333333333-3               0                                                                                                                                                                                                                        
ECHO: loadb GRID          12       0   0.0+0   2.0-3   2.0-3       0                                                                                                                                                                                                        
ECHO: loadb GRID          13       0   0.0+0   2.0-3   0.0+0       0                                                                                                                                                                                                        
ECHO: loadb GRID*                 14               0           0.0+0           2.0-3*                                                                                                                                                                                       
ECHO: loadb *        6.66666666667-4               0                                                                                                                                                                                                                        
ECHO: loadb GRID*                 15               0           0.0+0           0.0+0*                                                                                                                                                                                       
ECHO: loadb *        6.66666666667-4               0                                                                                                                                                                                                                        
ECHO: loadb GRID*                 16               0-5.4210102162-20 4.67825710075-4*                                                                                                                                                                                       
ECHO: loadb *        1.28146179486-3               0                                                                                                                                                                                                                        
ECHO: loadb PARAM   QUAD4TYP  MITC4+                                                                                                                                                                                                                                        
ECHO: loadb PARAM    STR_CID      -2                                                                                                                                                                                                                                        
ECHO: loadb MAT8           1  1.0+11  5.0+10   0.0+0   1.0+0   1.0+0   1.0+0   0.0+0+                                                                                                                                                                                       
ECHO:  nextc +          1.0-5   3.0-5   0.0+0                                                                                                                                                                                                                                
ECHO: loadb SPC            1       1       2   0.0+0                                                                                                                                                                                                                        
ECHO: loadb SPC            1       1       3   0.0+0                                                                                                                                                                                                                        
ECHO: loadb SPC            1       1       5   0.0+0                                                                                                                                                                                                                        
ECHO: loadb SPC            1       1       6   0.0+0                                                                                                                                                                                                                        
ECHO: loadb SPC            1       1       4   0.0+0                                                                                                                                                                                                                        
ECHO: loadb SPC            1       2       3   0.0+0                                                                                                                                                                                                                        
ECHO: loadb SPC            1       2       5   0.0+0                                                                                                                                                                                                                        
ECHO: loadb SPC            1       2       4   0.0+0                                                                                                                                                                                                                        
ECHO: loadb SPC            1       3       3   0.0+0                                                                                                                                                                                                                        
ECHO: loadb SPC            1       3       5   0.0+0                                                                                                                                                                                                                        
ECHO: loadb SPC            1       3       4   0.0+0                                                                                                                                                                                                                        
ECHO: loadb SPC            1       4       3   0.0+0                                                                                                                                                                                                                        
ECHO: loadb SPC            1       4       5   0.0+0                                                                                                                                                                                                                        
ECHO: loadb SPC            1       4       4   0.0+0                                                                                                                                                                                                                        
ECHO: loadb SPC            1       5       2   0.0+0                                                                                                                                                                                                                        
ECHO: loadb SPC            1       5       6   0.0+0                                                                                                                                                                                                                        
ECHO: loadb SPC            1       5       4   0.0+0                                                                                                                                                                                                                        
ECHO: loadb SPC            1       7       2   0.0+0                                                                                                                                                                                                                        
ECHO: loadb SPC            1       7       3   0.0+0                                                                                                                                                                                                                        
ECHO: loadb SPC            1       7       5   0.0+0                                                                                                                                                                                                                        
ECHO: loadb SPC            1       7       6   0.0+0                                                                                                                                                                                                                        
ECHO: loadb SPC            1       7       4   0.0+0                                                                                                                                                                                                                        
ECHO: loadb SPC            1       8       3   0.0+0                                                                                                                                                                                                                        
ECHO: loadb SPC            1       8       5   0.0+0                                                                                                                                                                                                                        
ECHO: loadb SPC            1       8       4   0.0+0                                                                                                                                                                                                                        
ECHO: loadb SPC            1      11       2   0.0+0                                                                                                                                                                                                                        
ECHO: loadb SPC            1      11       6   0.0+0                                                                                                                                                                                                                        
ECHO: loadb SPC            1      11       4   0.0+0                                                                                                                                                                                                                        
ECHO: loadb SPC            1      12       2   0.0+0                                                                                                                                                                                                                        
ECHO: loadb SPC            1      12       3   0.0+0                                                                                                                                                                                                                        
ECHO: loadb SPC            1      12       5   0.0+0                                                                                                                                                                                                                        
ECHO: loadb SPC            1      12       6   0.0+0                                                                                                                                                                                                                        
ECHO: loadb SPC            1      12       4   0.0+0                                                                                                                                                                                                                        
ECHO: loadb SPC            1      13       1   0.0+0                                                                                                                                                                                                                        
ECHO: loadb SPC            1      13       2   0.0+0                                                                                                                                                                                                                        
ECHO: loadb SPC            1      13       3   0.0+0                                                                                                                                                                                                                        
ECHO: loadb SPC            1      13       4   0.0+0                                                                                                                                                                                                                        
ECHO: loadb SPC            1      13       5   0.0+0                                                                                                                                                                                                                        
ECHO: loadb SPC            1      13       6   0.0+0                                                                                                                                                                                                                        
ECHO: loadb SPC            1      14       2   0.0+0                                                                                                                                                                                                                        
ECHO: loadb SPC            1      14       6   0.0+0                                                                                                                                                                                                                        
ECHO: loadb SPC            1      14       4   0.0+0                                                                                                                                                                                                                        
ECHO: loadb SPC            1      15       2   0.0+0                                                                                                                                                                                                                        
ECHO: loadb SPC            1      15       6   0.0+0                                                                                                                                                                                                                        
ECHO: loadb SPC            1      15       4   0.0+0                                                                                                                                                                                                                        
ECHO: loadb PSHELL         1       1   3.0-4       1               1           0.0+0                                                                                                                                                                                        
ECHO: loadb CQUAD4*                1               1               9               3*                                                                                                                                                                                       
ECHO: loadb *                     12              11 5.75070940396+0           0.0+0                                                                                                                                                                                        
ECHO: loadb CQUAD4         2       1      15       5      16       6   0.0+0   0.0+0                                                                                                                                                                                        
ECHO: loadb CQUAD4*                3               1               2               6*                                                                                                                                                                                       
ECHO: loadb *                     10               8-1.61740174244+1           0.0+0                                                                                                                                                                                        
ECHO: loadb CQUAD4*                4               1               4              16*                                                                                                                                                                                       
ECHO: loadb *                      9               3-1.64531645874+2           0.0+0                                                                                                                                                                                        
ECHO: loadb CQUAD4*                5               1               8              10*                                                                                                                                                                                       
ECHO: loadb *                     14              13-1.55071616543+1           0.0+0                                                                                                                                                                                        
ECHO: loadb CQUAD4*                6               1              10               9*                                                                                                                                                                                       
ECHO: loadb *                     11              14 1.58256713297+1           0.0+0                                                                                                                                                                                        
ECHO: loadb CQUAD4*                7               1               6              16*                                                                                                                                                                                       
ECHO: loadb *                      9              10 2.40541174844+1           0.0+0                                                                                                                                                                                        
ECHO: loadb CQUAD4         8       1       7       5      16       4   1.8+2   0.0+0                                                                                                                                                                                        
ECHO: loadb CQUAD4         9       1       1      15       6       2   0.0+0   0.0+0                                                                                                                                                                                        
ECHO: loadb TEMP*                  1               9 1.52785133105+0                *                                                                                                                                                                                       
ECHO: loadb *                                                                                                                                                                                                                                                               
ECHO: loadb TEMP           1       3   2.0+0                                                                                                                                                                                                                                
ECHO: loadb TEMP           1      12   2.0+0                                                                                                                                                                                                                                
ECHO: loadb TEMP*                  1              11 1.33333333333+0                *                                                                                                                                                                                       
ECHO: loadb *                                                                                                                                                                                                                                                               
ECHO: loadb TEMP*                  1              15 6.66666666667-1                *                                                                                                                                                                                       
ECHO: loadb *                                                                                                                                                                                                                                                               
ECHO: loadb TEMP*                  1               5 1.33333333333+0                *                                                                                                                                                                                       
ECHO: loadb *                                                                                                                                                                                                                                                               
ECHO: loadb TEMP*                  1              16 1.28146179486+0                *                                                                                                                                                                                       
ECHO: loadb *                                                                                                                                                                                                                                                               
ECHO: loadb TEMP*                  1               6 5.06729353219-1                *                                                                                                                                                                                       
ECHO: loadb *                                                                                                                                                                                                                                                               
ECHO: loadb TEMP           1       2   0.0+0                                                                                                                                                                                                                                
ECHO: loadb TEMP*                  1              10 8.56862287037-1                *                                                                                                                                                                                       
ECHO: loadb *                                                                                                                                                                                                                                                               
ECHO: loadb TEMP           1       8   0.0+0                                                                                                                                                                                                                                
ECHO: loadb TEMP           1       7   2.0+0                                                                                                                                                                                                                                
ECHO: loadb TEMP           1       4   2.0+0                                                                                                                                                                                                                                
ECHO: loadb TEMP*                  1              14 6.66666666667-1                *                                                                                                                                                                                       
ECHO: loadb *                                                                                                                                                                                                                                                               
ECHO: loadb TEMP           1      13   0.0+0                                                                                                                                                                                                                                
ECHO: loadb TEMP           1       1   0.0+0                                                                                                                                                                                                                                
ECHO: loadb TEMPD          1   0.0+0                                                                                                                                                                                                                                        
ECHO: loadb ENDDATA                                                                                                                                                                                                                                                         




 >> LINK  0 END


 >> LINK  1 BEGIN

               DEALLOCATED  8.29E-02 MB MEMORY FROM ARRAY STF3


 *INFORMATION: AUTOSPC Summary, Stage 1 after identification of AUTOSPC's at the grid level                                                 

                                     AUTOSPC_RAT = 1.000000E-08

                       Number of DOF's identified for AUTOSPC in component  1         =           15
                       Number of DOF's identified for AUTOSPC in component  2         =            0
                       Number of DOF's identified for AUTOSPC in component  3         =            0
                       Number of DOF's identified for AUTOSPC in component  4         =            4
                       Number of DOF's identified for AUTOSPC in component  5         =            0
                       Number of DOF's identified for AUTOSPC in component  6         =            0
                                                                                        ------------
                       Total number of DOF's identified in this stage                 =           19

               DEALLOCATED  3.84E-04 MB MEMORY FROM ARRAY STFKEY
               DEALLOCATED  8.29E-02 MB MEMORY FROM ARRAY STF3

 >> LINK  1 END


 >> LINK  2 BEGIN



 *INFORMATION: AUTOSPC Summary, Overall: after identification of all AUTOSPC's                                                               

                                     AUTOSPC_RAT = 1.000000E-08

                       Number of DOF's identified for AUTOSPC in component  1         =           15
                       Number of DOF's identified for AUTOSPC in component  2         =            0
                       Number of DOF's identified for AUTOSPC in component  3         =            0
                       Number of DOF's identified for AUTOSPC in component  4         =            4
                       Number of DOF's identified for AUTOSPC in component  5         =            0
                       Number of DOF's identified for AUTOSPC in component  6         =            0
                                                                                        ------------
                       Total number of DOF's identified overall                       =           19


 >> LINK  2 END


 >> LINK  3 BEGIN

 SUPERLU FACTORIZATION OF MATRIX KLL SUCCEEDED IN SUBR SYM_MAT_DECOMP_SUPRLU          

 *INFORMATION: FOR INTERNAL SUBCASE NUMBER        1 EPSILON ERROR ESTIMATE            = -3.266841E-17 Based on U'*(K*U - P)/(U'*P)


 >> LINK  3 END


 >> LINK  5 BEGIN


 >> LINK  5 END


 >> LINK  9 BEGIN



 OUTPUT FOR SUBCASE        1

                                                       D I S P L A C E M E N T S
                                              (in global coordinate system at each grid)
           GRID     COORD      T1            T2            T3            R1            R2            R3
                     SYS
              1        0  0.0           0.0           0.0           0.0           0.0           0.0         
              2        0  0.0          -1.656664E-09  0.0           0.0           0.0           1.195442E-21
              3        0  0.0          -7.601929E-10  0.0           0.0           0.0          -1.612160E-21
              4        0  0.0          -1.230764E-09  0.0           0.0           0.0           4.732275E-22
              5        0  0.0           0.0          -4.636160E-09  0.0          -1.826625E-21  0.0         
              6        0  0.0           7.566423E-10 -3.869062E-09  0.0           7.884252E-22 -1.192534E-21
              7        0  0.0           0.0           0.0           0.0           0.0           0.0         
              8        0  0.0          -1.302566E-09  0.0           0.0           0.0           1.900967E-21
              9        0  0.0          -1.265000E-10 -3.691927E-09  0.0           2.127168E-21  3.524549E-21
             10        0  0.0           9.253003E-10 -4.789187E-09  0.0           1.061397E-21 -4.020668E-21
             11        0  0.0           0.0          -4.444343E-09  0.0           1.435212E-21  0.0         
             12        0  0.0           0.0           0.0           0.0           0.0           0.0         
             13        0  0.0           0.0           0.0           0.0           0.0           0.0         
             14        0  0.0           0.0          -4.655649E-09  0.0          -3.700542E-21  0.0         
             15        0  0.0           0.0          -4.439465E-09  0.0          -2.103544E-21  0.0         
             16        0  0.0           4.135996E-10 -4.461647E-09  0.0          -1.174299E-21  7.645694E-22
                         ------------- ------------- ------------- ------------- ------------- -------------
                MAX* :    0.0           9.253003E-10  0.0           0.0           2.127168E-21  3.524549E-21
                MIN* :    0.0          -1.656664E-09 -4.789187E-09  0.0          -3.700542E-21 -4.020668E-21

                ABS* :    0.0           1.656664E-09  4.789187E-09  0.0           3.700542E-21  4.020668E-21
                *for output set


 OUTPUT FOR SUBCASE        1

                                                          S P C   F O R C E S
                                              (in global coordinate system at each grid)
           GRID     COORD      T1            T2            T3            R1            R2            R3
                     SYS
              1        0 -6.608907E-29  4.869068E-02  9.810185E-02  0.0           1.579210E-22 -1.187109E-23
              2        0 -2.518800E-29  0.0           2.068945E-01  0.0          -3.518317E-23  0.0         
              3        0  1.734050E-17  0.0          -1.951822E-01  0.0          -4.397630E-22  0.0         
              4        0  1.105797E-17  0.0          -2.051711E-01  0.0           2.233466E-23  0.0         
              5        0  1.139384E-18  3.956945E-01  0.0           0.0           0.0          -8.915116E-23
              6        0 -3.321271E-19  0.0           0.0           0.0           0.0           0.0         
              7        0  5.728351E-19  2.538321E-01 -9.922477E-02  0.0           2.438926E-22  8.449300E-23
              8        0  2.802835E-29  0.0           1.951043E-01  0.0          -1.453959E-22  0.0         
              9        0 -2.057164E-17  0.0           0.0           0.0           0.0           0.0         
             10        0  1.348138E-18  0.0           0.0           0.0           0.0           0.0         
             11        0 -1.002823E-18 -3.985729E-01  0.0           0.0           0.0          -2.167325E-22
             12        0  1.486520E-18 -2.536080E-01 -1.013658E-01  0.0          -2.050467E-22  1.561102E-23
             13        0 -4.300251E-29 -5.112071E-02  1.008433E-01  0.0           1.577470E-22 -2.312336E-23
             14        0  1.311781E-19 -1.981144E-01  0.0           0.0           0.0           2.642916E-22
             15        0 -1.851865E-21  2.031986E-01  0.0           0.0           0.0          -6.742555E-23
             16        0 -1.116809E-17  0.0           0.0           0.0           0.0           0.0         
                         ------------- ------------- ------------- ------------- ------------- -------------
                MAX* :    1.734050E-17  3.956945E-01  2.068945E-01  0.0           2.438926E-22  2.642916E-22
                MIN* :   -2.057164E-17 -3.985729E-01 -2.051711E-01  0.0          -4.397630E-22 -2.167325E-22

                ABS* :    2.057164E-17  3.985729E-01  2.068945E-01  0.0           4.397630E-22  2.642916E-22
                *for output set
                         ------------- ------------- ------------- ------------- ------------- -------------
     SPC FORCE TOTALS:    3.081488E-33 -1.942890E-16 -1.387779E-17  0.0          -2.434935E-22 -4.390799E-23
     (for output set)

                                                    SPC Force Summary on AUTOSPC'd DOF's
                                                 (in global coordinate system at each grid)
        For detailed information on the SPC forces for the AUTOSPC DOF's, set field 7 (AUTOSPC_SPCF) on the PARAM AUTOSPC entry to Y

                              T1             T2             T3             R1             R2             R3

 ABS AUTOSPC FORCES  :   2.057164E-17   0.000000E+00   0.000000E+00   0.000000E+00   0.000000E+00   0.000000E+00
 AUTOSPC FORCE TOTALS:   4.300525E-29   0.000000E+00   0.000000E+00   0.000000E+00   0.000000E+00   0.000000E+00
     (for output set)


 OUTPUT FOR SUBCASE        1

                                          E L E M E N T   S T R E S S E S   I N   L O C A L   E L E M E N T   C O O R D I N A T E   S Y S T E M
                                                                       F O R   E L E M E N T   T Y P E   Q U A D 4  
    Elem  Location        Fiber      Stresses In Element Coord System     Principal Stresses (Zero Shear)                Transverse   Transverse   % Poly
     ID                  Distance   Normal-X     Normal-Y     Shear-XY     Angle     Major        Minor      von Mises    Shear-XZ     Shear-YZ    Fit Err
                                                                                                                         (max through thickness)

        1  CENTER      -1.500E-04 -1.00567E+06 -2.53557E+06 -1.03022E+05   -3.84 -9.98763E+05 -2.54248E+06  2.21865E+06  1.04040E-21 -6.15508E-22
                        1.500E-04 -1.00567E+06 -2.53557E+06 -1.03022E+05   -3.84 -9.98763E+05 -2.54248E+06  2.21865E+06

           GRD       9 -1.500E-04 -9.43955E+05 -2.56299E+06 -1.09024E+05   -3.84 -9.36646E+05 -2.57030E+06  2.25306E+06  6.33400E-22 -1.67340E-21 -0.7E+02(4)
                        1.500E-04 -9.43955E+05 -2.56299E+06 -1.09024E+05   -3.84 -9.36646E+05 -2.57030E+06  2.25306E+06

           GRD       3 -1.500E-04 -9.42126E+05 -2.51851E+06 -1.06152E+05   -3.84 -9.35010E+05 -2.52563E+06  2.21169E+06  9.34923E-22  7.08586E-22  0.6E+02(4)
                        1.500E-04 -9.42126E+05 -2.51851E+06 -1.06152E+05   -3.84 -9.35010E+05 -2.52563E+06  2.21169E+06

           GRD      12 -1.500E-04 -1.06615E+06 -2.49939E+06 -9.65128E+04   -3.84 -1.05968E+06 -2.50586E+06  2.17873E+06  1.55014E-21  9.79797E-22  0.7E+02(4)
                        1.500E-04 -1.06615E+06 -2.49939E+06 -9.65128E+04   -3.84 -1.05968E+06 -2.50586E+06  2.17873E+06

           GRD      11 -1.500E-04 -1.05624E+06 -2.56412E+06 -1.01539E+05   -3.84 -1.04944E+06 -2.57093E+06  2.23897E+06  1.06244E-21 -2.41084E-21 -0.5E+02(4)
                        1.500E-04 -1.05624E+06 -2.56412E+06 -1.01539E+05   -3.84 -1.04944E+06 -2.57093E+06  2.23897E+06

        2  CENTER      -1.500E-04 -9.91098E+05 -1.37352E+06  2.44197E+04    3.64 -9.89545E+05 -1.37507E+06  1.22855E+06 -9.71563E-22  1.17984E-22
                        1.500E-04 -9.91098E+05 -1.37352E+06  2.44197E+04    3.64 -9.89545E+05 -1.37507E+06  1.22855E+06

           GRD      15 -1.500E-04 -9.72553E+05 -1.37230E+06  2.55259E+04    3.64 -9.70929E+05 -1.37392E+06  1.22327E+06 -2.03970E-21  1.12334E-22  0.4E+02(5)
                        1.500E-04 -9.72553E+05 -1.37230E+06  2.55259E+04    3.64 -9.70929E+05 -1.37392E+06  1.22327E+06

           GRD       5 -1.500E-04 -9.85521E+05 -1.37452E+06  2.48398E+04    3.64 -9.83941E+05 -1.37610E+06  1.22792E+06 -1.72980E-21 -4.67830E-22 -0.4E+02(5)
                        1.500E-04 -9.85521E+05 -1.37452E+06  2.48398E+04    3.64 -9.83941E+05 -1.37610E+06  1.22792E+06

           GRD      16 -1.500E-04 -1.00383E+06 -1.37490E+06  2.36952E+04    3.64 -1.00232E+06 -1.37641E+06  1.23270E+06 -4.23291E-22 -1.26573E-22 -0.5E+02(5)
                        1.500E-04 -1.00383E+06 -1.37490E+06  2.36952E+04    3.64 -1.00232E+06 -1.37641E+06  1.23270E+06

           GRD       6 -1.500E-04 -1.00303E+06 -1.37273E+06  2.36069E+04    3.64 -1.00153E+06 -1.37423E+06  1.23095E+06  2.00159E-22  7.66520E-22  0.5E+02(5)
                        1.500E-04 -1.00303E+06 -1.37273E+06  2.36069E+04    3.64 -1.00153E+06 -1.37423E+06  1.23095E+06

        3  CENTER      -1.500E-04 -1.00357E+06 -5.36609E+05  3.35228E+03   89.59 -5.36585E+05 -1.00360E+06  8.69836E+05  4.50216E-22  7.76486E-22
                        1.500E-04 -1.00357E+06 -5.36609E+05  3.35228E+03   89.59 -5.36585E+05 -1.00360E+06  8.69836E+05

           GRD       2 -1.500E-04 -1.09877E+06 -5.13868E+05  4.19895E+03   89.59 -5.13838E+05 -1.09880E+06  9.52254E+05  6.69415E-22 -8.58683E-22 -0.2E+02(5)
                        1.500E-04 -1.09877E+06 -5.13868E+05  4.19895E+03   89.59 -5.13838E+05 -1.09880E+06  9.52254E+05

           GRD       6 -1.500E-04 -1.13799E+06 -5.89315E+05  3.93889E+03   89.59 -5.89286E+05 -1.13802E+06  9.85763E+05 -2.62239E-22  2.54583E-21  0.2E+02(5)
                        1.500E-04 -1.13799E+06 -5.89315E+05  3.93889E+03   89.59 -5.89286E+05 -1.13802E+06  9.85763E+05

           GRD      10 -1.500E-04 -9.42072E+05 -5.88433E+05  2.53873E+03   89.59 -5.88415E+05 -9.42090E+05  8.24273E+05 -1.38724E-22  3.61795E-21  0.2E+02(5)
                        1.500E-04 -9.42072E+05 -5.88433E+05  2.53873E+03   89.59 -5.88415E+05 -9.42090E+05  8.24273E+05

           GRD       8 -1.500E-04 -8.72087E+05 -4.59984E+05  2.95844E+03   89.59 -4.59963E+05 -8.72108E+05  7.55646E+05  1.44928E-21 -2.16001E-21 -0.2E+02(5)
                        1.500E-04 -8.72087E+05 -4.59984E+05  2.95844E+03   89.59 -4.59963E+05 -8.72108E+05  7.55646E+05

        4  CENTER      -1.500E-04 -1.01454E+06 -2.53599E+06 -8.30657E+04   -3.12 -1.01002E+06 -2.54052E+06  2.21549E+06  8.11771E-22  9.43617E-22
                        1.500E-04 -1.01454E+06 -2.53599E+06 -8.30657E+04   -3.12 -1.01002E+06 -2.54052E+06  2.21549E+06

           GRD       4 -1.500E-04 -1.07659E+06 -2.50959E+06 -7.82368E+04   -3.12 -1.07233E+06 -2.51385E+06  2.18487E+06  9.27899E-24 -7.19446E-22  0.3E+02(6)
                        1.500E-04 -1.07659E+06 -2.50959E+06 -7.82368E+04   -3.12 -1.07233E+06 -2.51385E+06  2.18487E+06

           GRD      16 -1.500E-04 -1.08041E+06 -2.55347E+06 -8.04235E+04   -3.12 -1.07603E+06 -2.55784E+06  2.22443E+06  2.80466E-22  2.36915E-21 -0.3E+02(6)
                        1.500E-04 -1.08041E+06 -2.55347E+06 -8.04235E+04   -3.12 -1.07603E+06 -2.55784E+06  2.22443E+06

           GRD       9 -1.500E-04 -9.28289E+05 -2.55527E+06 -8.88273E+04   -3.12 -9.23454E+05 -2.56011E+06  2.24561E+06  1.81444E-21  2.05341E-21 -0.2E+02(6)
                        1.500E-04 -9.28289E+05 -2.55527E+06 -8.88273E+04   -3.12 -9.23454E+05 -2.56011E+06  2.24561E+06

           GRD       3 -1.500E-04 -9.57586E+05 -2.52289E+06 -8.54596E+04   -3.12 -9.52934E+05 -2.52754E+06  2.21087E+06  1.29307E-21 -1.32883E-22  0.3E+02(6)
                        1.500E-04 -9.57586E+05 -2.52289E+06 -8.54596E+04   -3.12 -9.52934E+05 -2.52754E+06  2.21087E+06

        5  CENTER      -1.500E-04 -9.74952E+05 -5.53565E+05  7.01238E+04   80.80 -5.42202E+05 -9.86315E+05  8.55580E+05 -3.39151E-22  4.27517E-22
                        1.500E-04 -9.74952E+05 -5.53565E+05  7.01238E+04   80.80 -5.42202E+05 -9.86315E+05  8.55580E+05

           GRD       8 -1.500E-04 -9.03497E+05 -4.54327E+05  7.47472E+04   80.80 -4.42215E+05 -9.15609E+05  7.93094E+05  1.06598E-21 -1.28101E-21 -0.1E+02(4)
                        1.500E-04 -9.03497E+05 -4.54327E+05  7.47472E+04   80.80 -4.42215E+05 -9.15609E+05  7.93094E+05

           GRD      10 -1.500E-04 -8.98277E+05 -6.40296E+05  4.29311E+04   80.80 -6.33339E+05 -9.05234E+05  8.04516E+05  6.26345E-22  2.35813E-21  0.1E+02(4)
                        1.500E-04 -8.98277E+05 -6.40296E+05  4.29311E+04   80.80 -6.33339E+05 -9.05234E+05  8.04516E+05

           GRD      14 -1.500E-04 -1.02833E+06 -6.36275E+05  6.52426E+04   80.80 -6.25703E+05 -1.03890E+06  9.05967E+05 -1.40813E-21  1.86565E-21  0.1E+02(4)
                        1.500E-04 -1.02833E+06 -6.36275E+05  6.52426E+04   80.80 -6.25703E+05 -1.03890E+06  9.05967E+05

           GRD      13 -1.500E-04 -1.08189E+06 -5.05892E+05  9.58524E+04   80.80 -4.90360E+05 -1.09742E+06  9.52182E+05 -1.88480E-21 -8.44649E-22 -0.1E+02(4)
                        1.500E-04 -1.08189E+06 -5.05892E+05  9.58524E+04   80.80 -4.90360E+05 -1.09742E+06  9.52182E+05

        6  CENTER      -1.500E-04 -1.00392E+06 -1.69761E+06 -3.81747E+04   -3.14 -1.00182E+06 -1.69970E+06  1.47981E+06  7.33766E-23 -2.62616E-22
                        1.500E-04 -1.00392E+06 -1.69761E+06 -3.81747E+04   -3.14 -1.00182E+06 -1.69970E+06  1.47981E+06

           GRD      10 -1.500E-04 -9.38199E+05 -1.77693E+06 -4.61568E+04   -3.14 -9.35666E+05 -1.77947E+06  1.54175E+06  1.67783E-21  2.32572E-21 -0.1E+03(5)
                        1.500E-04 -9.38199E+05 -1.77693E+06 -4.61568E+04   -3.14 -9.35666E+05 -1.77947E+06  1.54175E+06

           GRD       9 -1.500E-04 -9.35948E+05 -1.66261E+06 -3.99895E+04   -3.14 -9.33753E+05 -1.66481E+06  1.44532E+06  1.31917E-21 -2.02530E-21  0.1E+03(5)
                        1.500E-04 -9.35948E+05 -1.66261E+06 -3.99895E+04   -3.14 -9.33753E+05 -1.66481E+06  1.44532E+06

           GRD      11 -1.500E-04 -1.09178E+06 -1.61370E+06 -2.87217E+04   -3.14 -1.09021E+06 -1.61527E+06  1.42712E+06 -1.93698E-21 -2.98969E-21  0.1E+03(5)
                        1.500E-04 -1.09178E+06 -1.61370E+06 -2.87217E+04   -3.14 -1.09021E+06 -1.61527E+06  1.42712E+06

           GRD      14 -1.500E-04 -1.04202E+06 -1.75477E+06 -3.92237E+04   -3.14 -1.03987E+06 -1.75693E+06  1.53008E+06 -4.54772E-22  2.07907E-21 -0.1E+03(5)
                        1.500E-04 -1.04202E+06 -1.75477E+06 -3.92237E+04   -3.14 -1.03987E+06 -1.75693E+06  1.53008E+06

        7  CENTER      -1.500E-04 -1.07868E+06 -1.49611E+06  1.74496E+05   19.95 -1.01535E+06 -1.55944E+06  1.37092E+06  4.69179E-22  2.60940E-22
                        1.500E-04 -1.07868E+06 -1.49611E+06  1.74496E+05   19.95 -1.01535E+06 -1.55944E+06  1.37092E+06

           GRD       6 -1.500E-04 -1.19620E+06 -1.49761E+06  1.25997E+05   19.95 -1.15047E+06 -1.54334E+06  1.38921E+06 -1.86246E-22  2.92206E-21  0.1E+02(6)
                        1.500E-04 -1.19620E+06 -1.49761E+06  1.25997E+05   19.95 -1.15047E+06 -1.54334E+06  1.38921E+06

           GRD      16 -1.500E-04 -1.14725E+06 -1.53342E+06  1.61429E+05   19.95 -1.08866E+06 -1.59201E+06  1.40944E+06 -3.28736E-22 -2.29957E-21 -0.1E+02(6)
                        1.500E-04 -1.14725E+06 -1.53342E+06  1.61429E+05   19.95 -1.08866E+06 -1.59201E+06  1.40944E+06

           GRD       9 -1.500E-04 -9.49642E+05 -1.48717E+06  2.24703E+05   19.95 -8.68085E+05 -1.56873E+06  1.36114E+06  1.28793E-21 -1.83984E-21 -0.1E+02(6)
                        1.500E-04 -9.49642E+05 -1.48717E+06  2.24703E+05   19.95 -8.68085E+05 -1.56873E+06  1.36114E+06

           GRD      10 -1.500E-04 -1.01148E+06 -1.46231E+06  1.88459E+05   19.95 -9.43081E+05 -1.53071E+06  1.33750E+06  1.23376E-21  2.45602E-21  0.1E+02(6)
                        1.500E-04 -1.01148E+06 -1.46231E+06  1.88459E+05   19.95 -9.43081E+05 -1.53071E+06  1.33750E+06

        8  CENTER      -1.500E-04 -1.01977E+06 -2.50265E+06  1.56688E+05    5.97 -1.00339E+06 -2.51902E+06  2.19652E+06 -4.65659E-22  2.48179E-22
                        1.500E-04 -1.01977E+06 -2.50265E+06  1.56688E+05    5.97 -1.00339E+06 -2.51902E+06  2.19652E+06

           GRD       7 -1.500E-04 -9.63523E+05 -2.55577E+06  1.68243E+05    5.97 -9.45940E+05 -2.57335E+06  2.25448E+06 -1.73803E-22  1.79592E-22  0.3E+02(4)
                        1.500E-04 -9.63523E+05 -2.55577E+06  1.68243E+05    5.97 -9.45940E+05 -2.57335E+06  2.25448E+06

           GRD       5 -1.500E-04 -9.90828E+05 -2.43689E+06  1.52797E+05    5.97 -9.74860E+05 -2.45286E+06  2.13908E+06 -4.52941E-22  3.17210E-22 -0.3E+02(4)
                        1.500E-04 -9.90828E+05 -2.43689E+06  1.52797E+05    5.97 -9.74860E+05 -2.45286E+06  2.13908E+06

           GRD      16 -1.500E-04 -1.06191E+06 -2.43602E+06  1.45195E+05    5.97 -1.04673E+06 -2.45120E+06  2.13032E+06 -6.81638E-22  2.27151E-22 -0.4E+02(4)
                        1.500E-04 -1.06191E+06 -2.43602E+06  1.45195E+05    5.97 -1.04673E+06 -2.45120E+06  2.13032E+06

           GRD       4 -1.500E-04 -1.06178E+06 -2.56771E+06  1.59123E+05    5.97 -1.04515E+06 -2.58434E+06  2.25170E+06 -4.68753E-22  3.59964E-23  0.4E+02(4)
                        1.500E-04 -1.06178E+06 -2.56771E+06  1.59123E+05    5.97 -1.04515E+06 -2.58434E+06  2.25170E+06

        9  CENTER      -1.500E-04 -9.89751E+05 -4.66036E+05  6.08663E+04   83.46 -4.59055E+05 -9.96732E+05  8.64090E+05 -4.25587E-22  1.31637E-22
                        1.500E-04 -9.89751E+05 -4.66036E+05  6.08663E+04   83.46 -4.59055E+05 -9.96732E+05  8.64090E+05

           GRD       1 -1.500E-04 -9.60898E+05 -5.83191E+05  4.38972E+04   83.46 -5.78157E+05 -9.65933E+05  8.41921E+05 -1.00549E-21 -5.69776E-22 -0.2E+03(7)
                        1.500E-04 -9.60898E+05 -5.83191E+05  4.38972E+04   83.46 -5.78157E+05 -9.65933E+05  8.41921E+05

           GRD      15 -1.500E-04 -9.39749E+05 -3.78949E+05  6.51764E+04   83.46 -3.71473E+05 -9.47224E+05  8.26654E+05 -1.17407E-21  7.95866E-22  0.2E+03(7)
                        1.500E-04 -9.39749E+05 -3.78949E+05  6.51764E+04   83.46 -3.71473E+05 -9.47224E+05  8.26654E+05

           GRD       6 -1.500E-04 -1.03289E+06 -3.74553E+05  7.65123E+04   83.46 -3.65778E+05 -1.04167E+06  9.15338E+05  3.67540E-22  6.38200E-22  0.2E+03(7)
                        1.500E-04 -1.03289E+06 -3.74553E+05  7.65123E+04   83.46 -3.65778E+05 -1.04167E+06  9.15338E+05

           GRD       2 -1.500E-04 -1.03306E+06 -5.39442E+05  5.73684E+04   83.46 -5.32862E+05 -1.03964E+06  9.00448E+05  2.24518E-22 -4.30516E-22 -0.2E+03(7)
                        1.500E-04 -1.03306E+06 -5.39442E+05  5.73684E+04   83.46 -5.32862E+05 -1.03964E+06  9.00448E+05
                                  ------------ ------------ ------------         ------------ ------------ ------------ ------------ ------------ --------
 MAX* :                           -8.72087E+05 -3.74553E+05  2.24703E+05         -3.65778E+05 -8.72108E+05  2.25448E+06  1.81444E-21  3.61795E-21  0.2E+03
 MIN* :                           -1.19620E+06 -2.56771E+06 -1.09024E+05         -1.15047E+06 -2.58434E+06  7.55646E+05 -2.03970E-21 -2.98969E-21 -0.2E+03

 ABS* :                            1.19620E+06  2.56771E+06  2.24703E+05          1.15047E+06  2.58434E+06  2.25448E+06  2.03970E-21  3.61795E-21  0.2E+03
 *for output set
 NOTE: Explanation of errors in the polynomial fit to extrapolate element corner point stresses from values at the Gauss points:
       (4): Polynomial fit error is in X  bending stress
       (5): Polynomial fit error is in Y  bending stress
       (6): Polynomial fit error is in XY twist   stress
       (7): Polynomial fit error is in XZ shear   stress


 OUTPUT FOR SUBCASE        1

                                           E L E M E N T   S T R A I N S   I N   L O C A L   E L E M E N T   C O O R D I N A T E   S Y S T E M
                                                                       F O R   E L E M E N T   T Y P E   Q U A D 4  
    Elem  Location       Fiber        Strains In Element Coord System     Principal  Strains (Zero Shear)                Transverse   Transverse   % Poly
     ID                 Distance    Normal-X     Normal-Y     Shear-XY     Angle     Major        Minor      von Mises    Shear-XZ     Shear-YZ    Fit Err

        1  CENTER      -1.500E-04  7.13385E-06  6.40758E-07 -9.06960E-07   -3.98  7.16537E-06  6.09240E-07  4.58734E-06  1.04040E-21 -6.15508E-22
                        1.500E-04  7.13385E-06  6.40758E-07 -9.06960E-07   -3.98  7.16537E-06  6.09240E-07  4.58734E-06

           GRD       9 -1.500E-04  7.74050E-06  9.88722E-08 -1.20149E-06   -4.47  7.78744E-06  5.19334E-08  5.17440E-06  6.33400E-22 -1.67340E-21 -0.8E+02(4)
                        1.500E-04  7.74050E-06  9.88722E-08 -1.20149E-06   -4.47  7.78744E-06  5.19334E-08  5.17440E-06

           GRD       3 -1.500E-04  7.70361E-06  1.04557E-06 -1.93345E-06   -8.10  7.84114E-06  9.08047E-07  4.95257E-06  9.34923E-22  7.08586E-22  0.6E+02(4)
                        1.500E-04  7.70361E-06  1.04557E-06 -1.93345E-06   -8.10  7.84114E-06  9.08047E-07  4.95257E-06

           GRD      12 -1.500E-04  6.52803E-06  1.36972E-06 -7.66964E-07   -4.23  6.55638E-06  1.34137E-06  3.99949E-06  1.55014E-21  9.79797E-22  0.7E+02(4)
                        1.500E-04  6.52803E-06  1.36972E-06 -7.66964E-07   -4.23  6.55638E-06  1.34137E-06  3.99949E-06

           GRD      11 -1.500E-04  6.69850E-06  3.50448E-10  1.49082E-07    0.64  6.69933E-06 -4.78980E-10  4.46638E-06  1.06244E-21 -2.41084E-21 -0.6E+02(4)
                        1.500E-04  6.69850E-06  3.50448E-10  1.49082E-07    0.64  6.69933E-06 -4.78980E-10  4.46638E-06

        2  CENTER      -1.500E-04 -4.50716E-07  9.35702E-07  3.18308E-07   83.53  9.53737E-07 -4.68752E-07  8.37034E-07 -9.71563E-22  1.17984E-22
                        1.500E-04 -4.50716E-07  9.35702E-07  3.18308E-07   83.53  9.53737E-07 -4.68752E-07  8.37034E-07

           GRD      15 -1.500E-04 -2.76627E-07  9.70784E-07  5.17651E-07   78.73  1.02236E-06 -3.28199E-07  8.13350E-07 -2.03970E-21  1.12334E-22  0.3E+02(5)
                        1.500E-04 -2.76627E-07  9.70784E-07  5.17651E-07   78.73  1.02236E-06 -3.28199E-07  8.13350E-07

           GRD       5 -1.500E-04 -3.86918E-07  9.07353E-07  2.01632E-07   85.57  9.15159E-07 -3.94724E-07  7.75903E-07 -1.72980E-21 -4.67830E-22 -0.3E+02(5)
                        1.500E-04 -3.86918E-07  9.07353E-07  2.01632E-07   85.57  9.15159E-07 -3.94724E-07  7.75903E-07

           GRD      16 -1.500E-04 -5.65653E-07  8.96164E-07  1.11294E-07   87.82  8.98279E-07 -5.67768E-07  8.53563E-07 -4.23291E-22 -1.26573E-22 -0.5E+02(5)
                        1.500E-04 -5.65653E-07  8.96164E-07  1.11294E-07   87.82  8.98279E-07 -5.67768E-07  8.53563E-07

           GRD       6 -1.500E-04 -5.75946E-07  9.57958E-07  3.93587E-07   82.80  9.82803E-07 -6.00791E-07  9.23114E-07  2.00159E-22  7.66520E-22  0.4E+02(5)
                        1.500E-04 -5.75946E-07  9.57958E-07  3.93587E-07   82.80  9.82803E-07 -6.00791E-07  9.23114E-07

        3  CENTER      -1.500E-04 -6.59416E-06 -5.37586E-07  4.61669E-06   71.34  2.41878E-07 -7.37362E-06  4.99833E-06  4.50216E-22  7.76486E-22
                        1.500E-04 -6.59416E-06 -5.37586E-07  4.61669E-06   71.34  2.41878E-07 -7.37362E-06  4.99833E-06

           GRD       2 -1.500E-04 -7.54203E-06 -8.68196E-08  5.20809E-06   72.53  7.32673E-07 -8.36152E-06  5.83393E-06  6.69415E-22 -8.58683E-22 -0.2E+02(5)
                        1.500E-04 -7.54203E-06 -8.68196E-08  5.20809E-06   72.53  7.32673E-07 -8.36152E-06  5.83393E-06

           GRD       6 -1.500E-04 -7.92103E-06 -1.60898E-06  7.03730E-06   65.95 -3.83396E-08 -9.49167E-06  6.31504E-06 -2.62239E-22  2.54583E-21  0.2E+02(5)
                        1.500E-04 -7.92103E-06 -1.60898E-06  7.03730E-06   65.95 -3.83396E-08 -9.49167E-06  6.31504E-06

           GRD      10 -1.500E-04 -5.97677E-06 -1.57651E-06  4.92878E-06   65.88 -4.73036E-07 -7.08025E-06  4.57065E-06 -1.38724E-22  3.61795E-21  0.2E+02(5)
                        1.500E-04 -5.97677E-06 -1.57651E-06  4.92878E-06   65.88 -4.73036E-07 -7.08025E-06  4.57065E-06

           GRD       8 -1.500E-04 -5.29965E-06  1.01523E-06  1.78026E-06   82.13  1.13830E-06 -5.42272E-06  4.04828E-06  1.44928E-21 -2.16001E-21 -0.2E+02(5)
                        1.500E-04 -5.29965E-06  1.01523E-06  1.78026E-06   82.13  1.13830E-06 -5.42272E-06  4.04828E-06

        4  CENTER      -1.500E-04  7.04118E-06  1.41436E-07  1.80044E-06    7.31  7.15670E-06  2.59171E-08  4.76252E-06  8.11771E-22  9.43617E-22
                        1.500E-04  7.04118E-06  1.41436E-07  1.80044E-06    7.31  7.15670E-06  2.59171E-08  4.76252E-06

           GRD       4 -1.500E-04  6.40856E-06  6.84310E-07  1.68863E-06    8.22  6.53050E-06  5.62374E-07  4.17884E-06  9.27899E-24 -7.19446E-22  0.1E+02(5)
                        1.500E-04  6.40856E-06  6.84310E-07  1.68863E-06    8.22  6.53050E-06  5.62374E-07  4.17884E-06

           GRD      16 -1.500E-04  6.43393E-06 -2.58037E-07  2.78618E-06   11.30  6.71235E-06 -5.36457E-07  4.66402E-06  2.80466E-22  2.36915E-21 -0.1E+02(5)
                        1.500E-04  6.43393E-06 -2.58037E-07  2.78618E-06   11.30  6.71235E-06 -5.36457E-07  4.66402E-06

           GRD       9 -1.500E-04  7.89597E-06 -2.39495E-07  1.53284E-06    5.34  7.96755E-06 -3.11068E-07  5.41837E-06  1.81444E-21  2.05341E-21 -0.1E+02(5)
                        1.500E-04  7.89597E-06 -2.39495E-07  1.53284E-06    5.34  7.96755E-06 -3.11068E-07  5.41837E-06

           GRD       3 -1.500E-04  7.56909E-06  4.43964E-07  9.96624E-07    3.98  7.60377E-06  4.09283E-07  4.93841E-06  1.29307E-21 -1.32883E-22  0.1E+02(5)
                        1.500E-04  7.56909E-06  4.43964E-07  9.96624E-07    3.98  7.60377E-06  4.09283E-07  4.93841E-06

        5  CENTER      -1.500E-04 -5.81468E-06  3.42790E-07  2.51547E-06   78.89  5.89790E-07 -6.06168E-06  4.25138E-06 -3.39151E-22  4.27517E-22
                        1.500E-04 -5.81468E-06  3.42790E-07  2.51547E-06   78.89  5.89790E-07 -6.06168E-06  4.25138E-06

           GRD       8 -1.500E-04 -4.69585E-06  1.93075E-06  5.19941E-06   70.94  2.82891E-06 -5.59401E-06  4.94955E-06  1.06598E-21 -1.28101E-21 -0.1E+02(6)
                        1.500E-04 -4.69585E-06  1.93075E-06  5.19941E-06   70.94  2.82891E-06 -5.59401E-06  4.94955E-06

           GRD      10 -1.500E-04 -5.07729E-06 -1.40655E-06  1.64759E-06   77.91 -1.23015E-06 -5.25369E-06  3.17292E-06  6.26345E-22  2.35813E-21  0.1E+02(6)
                        1.500E-04 -5.07729E-06 -1.40655E-06  1.64759E-06   77.91 -1.23015E-06 -5.25369E-06  3.17292E-06

           GRD      14 -1.500E-04 -6.67104E-06 -9.96745E-07  3.44144E-07   88.26 -9.91531E-07 -6.67625E-06  4.15990E-06 -1.40813E-21  1.86565E-21  0.1E+02(6)
                        1.500E-04 -6.67104E-06 -9.96745E-07  3.44144E-07   88.26 -9.91531E-07 -6.67625E-06  4.15990E-06

           GRD      13 -1.500E-04 -7.01879E-06  1.47268E-06  2.30430E-06   82.41  1.62623E-06 -7.17234E-06  5.40580E-06 -1.88480E-21 -8.44649E-22 -0.2E+02(6)
                        1.500E-04 -7.01879E-06  1.47268E-06  2.30430E-06   82.41  1.62623E-06 -7.17234E-06  5.40580E-06

        6  CENTER      -1.500E-04  8.72388E-07 -1.03754E-06 -1.40548E-06  -18.17  1.10309E-06 -1.26824E-06  1.37019E-06  7.33766E-23 -2.62616E-22
                        1.500E-04  8.72388E-07 -1.03754E-06 -1.40548E-06  -18.17  1.10309E-06 -1.26824E-06  1.37019E-06

           GRD      10 -1.500E-04  1.53060E-06 -2.62946E-06 -1.59050E-06  -10.46  1.67744E-06 -2.77630E-06  2.59733E-06  1.67783E-21  2.32572E-21 -0.1E+03(6)
                        1.500E-04  1.53060E-06 -2.62946E-06 -1.59050E-06  -10.46  1.67744E-06 -2.77630E-06  2.59733E-06

           GRD       9 -1.500E-04  1.47172E-06 -2.58284E-07 -2.88340E-06  -29.52  2.28800E-06 -1.07457E-06  1.98307E-06  1.31917E-21 -2.02530E-21  0.1E+03(6)
                        1.500E-04  1.47172E-06 -2.58284E-07 -2.88340E-06  -29.52  2.28800E-06 -1.07457E-06  1.98307E-06

           GRD      11 -1.500E-04  7.80813E-09  6.31808E-07 -9.14714E-07  -62.15  8.73450E-07 -2.33834E-07  6.73906E-07 -1.93698E-21 -2.98969E-21  0.1E+03(6)
                        1.500E-04  7.80813E-09  6.31808E-07 -9.14714E-07  -62.15  8.73450E-07 -2.33834E-07  6.73906E-07

           GRD      14 -1.500E-04  5.62541E-07 -2.25265E-06 -1.64193E-07   -1.67  5.64933E-07 -2.25505E-06  1.72283E-06 -4.54772E-22  2.07907E-21 -0.1E+03(6)
                        1.500E-04  5.62541E-07 -2.25265E-06 -1.64193E-07   -1.67  5.64933E-07 -2.25505E-06  1.72283E-06

        7  CENTER      -1.500E-04  6.16293E-07 -2.29614E-07 -7.45339E-07  -20.69  7.57053E-07 -3.70374E-07  6.63559E-07  4.69179E-22  2.60940E-22
                        1.500E-04  6.16293E-07 -2.29614E-07 -7.45339E-07  -20.69  7.57053E-07 -3.70374E-07  6.63559E-07

           GRD       6 -1.500E-04 -5.23873E-07 -1.18503E-07 -1.85752E-06  -51.16  6.29430E-07 -1.27181E-06  1.11837E-06 -1.86246E-22  2.92206E-21  0.4E+02(3)
                        1.500E-04 -5.23873E-07 -1.18503E-07 -1.85752E-06  -51.16  6.29430E-07 -1.27181E-06  1.11837E-06

           GRD      16 -1.500E-04 -6.62408E-07 -3.35449E-07  5.30039E-07   60.83 -1.87543E-07 -8.10314E-07  4.89813E-07 -3.28736E-22 -2.29957E-21 -0.5E+02(3)
                        1.500E-04 -6.62408E-07 -3.35449E-07  5.30039E-07   60.83 -1.87543E-07 -8.10314E-07  4.89813E-07

           GRD       9 -1.500E-04  1.99105E-06 -3.17457E-07  9.06889E-08    1.12  1.99194E-06 -3.18347E-07  1.44580E-06  1.28793E-21 -1.83984E-21 -0.4E+02(3)
                        1.500E-04  1.99105E-06 -3.17457E-07  9.06889E-08    1.12  1.99194E-06 -3.18347E-07  1.44580E-06

           GRD      10 -1.500E-04  1.82281E-06 -1.38856E-07 -1.84908E-06  -21.65  2.18987E-06 -5.05913E-07  1.65454E-06  1.23376E-21  2.45602E-21  0.5E+02(3)
                        1.500E-04  1.82281E-06 -1.38856E-07 -1.84908E-06  -21.65  2.18987E-06 -5.05913E-07  1.65454E-06

        8  CENTER      -1.500E-04  6.35984E-06 -6.26279E-07  2.11565E-06    8.42  6.51650E-06 -7.82940E-07  4.62745E-06 -4.65659E-22  2.48179E-22
                        1.500E-04  6.35984E-06 -6.26279E-07  2.11565E-06    8.42  6.51650E-06 -7.82940E-07  4.62745E-06

           GRD       7 -1.500E-04  7.01107E-06 -1.78949E-06  1.56318E-06    5.04  7.07994E-06 -1.85837E-06  5.44615E-06 -1.73803E-22  1.79592E-22  0.3E+02(4)
                        1.500E-04  7.01107E-06 -1.78949E-06  1.56318E-06    5.04  7.07994E-06 -1.85837E-06  5.44615E-06

           GRD       5 -1.500E-04  6.78409E-06  5.58113E-07  6.92330E-07    3.17  6.80327E-06  5.38925E-07  4.36697E-06 -4.52941E-22  3.17210E-22 -0.3E+02(4)
                        1.500E-04  6.78409E-06  5.58113E-07  6.92330E-07    3.17  6.80327E-06  5.38925E-07  4.36697E-06

           GRD      16 -1.500E-04  5.89762E-06  7.59054E-07  2.20131E-06   11.59  6.12345E-06  5.33224E-07  3.91668E-06 -6.81638E-22  2.27151E-22 -0.4E+02(4)
                        1.500E-04  5.89762E-06  7.59054E-07  2.20131E-06   11.59  6.12345E-06  5.33224E-07  3.91668E-06

           GRD       4 -1.500E-04  5.77300E-06 -1.76344E-06  3.81008E-06   13.41  6.22718E-06 -2.21762E-06  5.05547E-06 -4.68753E-22  3.59964E-23  0.4E+02(4)
                        1.500E-04  5.77300E-06 -1.76344E-06  3.81008E-06   13.41  6.22718E-06 -2.21762E-06  5.05547E-06

        9  CENTER      -1.500E-04 -6.75164E-06 -6.62826E-07  3.19113E-06   76.17 -2.70048E-07 -7.14442E-06  4.67553E-06 -4.25587E-22  1.31637E-22
                        1.500E-04 -6.75164E-06 -6.62826E-07  3.19113E-06   76.17 -2.70048E-07 -7.14442E-06  4.67553E-06

           GRD       1 -1.500E-04 -6.62641E-06 -2.86209E-06  1.31005E-06   80.41 -2.75137E-06 -6.73714E-06  3.91139E-06 -1.00549E-21 -5.69776E-22 -0.2E+03(7)
                        1.500E-04 -6.62641E-06 -2.86209E-06  1.31005E-06   80.41 -2.75137E-06 -6.73714E-06  3.91139E-06

           GRD      15 -1.500E-04 -6.59035E-06  1.42261E-06  4.63149E-07   88.35  1.42929E-06 -6.59704E-06  4.94381E-06 -1.17407E-21  7.95866E-22  0.2E+03(7)
                        1.500E-04 -6.59035E-06  1.42261E-06  4.63149E-07   88.35  1.42929E-06 -6.59704E-06  4.94381E-06

           GRD       6 -1.500E-04 -6.92280E-06  9.24540E-07  5.85022E-06   71.65  1.89489E-06 -7.89315E-06  5.99441E-06  3.67540E-22  6.38200E-22  0.2E+03(7)
                        1.500E-04 -6.92280E-06  9.24540E-07  5.85022E-06   71.65  1.89489E-06 -7.89315E-06  5.99441E-06

           GRD       2 -1.500E-04 -6.89172E-06 -2.42794E-06  5.55757E-06   64.39 -1.09571E-06 -8.22395E-06  5.15635E-06  2.24518E-22 -4.30516E-22 -0.2E+03(7)
                        1.500E-04 -6.89172E-06 -2.42794E-06  5.55757E-06   64.39 -1.09571E-06 -8.22395E-06  5.15635E-06
                                  ------------ ------------ ------------         ------------ ------------ ------------ ------------ ------------ --------
 MAX* :                            7.89597E-06  1.93075E-06  7.03730E-06          7.96755E-06  1.34137E-06  6.31504E-06  1.81444E-21  3.61795E-21  0.2E+03
 MIN* :                           -7.92103E-06 -2.86209E-06 -2.88340E-06         -2.75137E-06 -9.49167E-06  4.89813E-07 -2.03970E-21 -2.98969E-21 -0.2E+03

 ABS* :                            7.92103E-06  2.86209E-06  7.03730E-06          7.96755E-06  9.49167E-06  6.31504E-06  2.03970E-21  3.61795E-21  0.2E+03
 *for output set
 NOTE: Explanation of errors in the polynomial fit to extrapolate element corner point strains from values at the Gauss points:
       (3): Polynomial fit error is in XY shear   strain
       (4): Polynomial fit error is in X  bending strain
       (5): Polynomial fit error is in Y  bending strain
       (6): Polynomial fit error is in XY twist   strain
       (7): Polynomial fit error is in XZ shear   strain

 >> LINK  9 END

    Total CPU time =  7.81E-02 seconds

 >> MYSTRAN END    :  6/27/2026 at 19:33:54.565

                                          * * * END OF JOB * * *
