   924180134

 MYSTRAN Version 19.0.0   JUN 28 2026 MYSTRAN developed by Dr Bill Case
*** Please report any problems to mystransolver@gmail.com ***                                                                                                                                                                                                   

 >> MYSTRAN BEGIN  :  9/24/2026 at 18: 1:34.527 The input file is C:\Users\victo\Documents\Git\MYSTRAN_Validation\working\S30 mitc4 reaction moment complex shape.bdf                                                                                                                                                             


 >> LINK  0 BEGIN


SOL 101                                                                                                                                                                                                                                                         
CEND                                                                                                                                                                                                                                                            
DISPLACEMENT = ALL                                                                                                                                                                                                                                              
SPCFORCES = ALL                                                                                                                                                                                                                                                 
MPCFORCES = ALL                                                                                                                                                                                                                                                 
STRESS(CORNER) = ALL                                                                                                                                                                                                                                            
SPC = 1                                                                                                                                                                                                                                                         
LOAD = 1                                                                                                                                                                                                                                                        
BEGIN BULK                                                                                                                                                                                                                                                      
ECHO: loadb GRID*                  1               0 4.57288312912+0-1.93422758579+0*                                                                                                                                                                                       
ECHO: loadb *       -1.69990742207+0               0                                                                                                                                                                                                                        
ECHO: loadb GRID*                  2               0  4.0408873558+0-1.43147540092+0*                                                                                                                                                                                       
ECHO: loadb *        -1.8557497263+0               0                                                                                                                                                                                                                        
ECHO: loadb GRID*                  3               0 3.66326355934+0-1.55069482327+0*                                                                                                                                                                                       
ECHO: loadb *       -1.36021947861+0               0                                                                                                                                                                                                                        
ECHO: loadb GRID*                  4               0 4.46993398666+0-1.48930215836+0*                                                                                                                                                                                       
ECHO: loadb *       -2.17267346382+0               0                                                                                                                                                                                                                        
ECHO: loadb GRID*                  5               0 4.07874488831+0-9.39786612988-1*                                                                                                                                                                                       
ECHO: loadb *       -2.51622796059+0               0                                                                                                                                                                                                                        
ECHO: loadb GRID*                  6               0 2.03489637375+0-7.19697833061-1*                                                                                                                                                                                       
ECHO: loadb *       -2.44356513023+0               0                                                                                                                                                                                                                        
ECHO: loadb GRID*                  7               0 2.77731776237+0-3.19759398699-1*                                                                                                                                                                                       
ECHO: loadb *       -3.28582835197+0               0                                                                                                                                                                                                                        
ECHO: loadb GRID*                  8               0 3.08246541023+0-7.05722033978-1*                                                                                                                                                                                       
ECHO: loadb *       -3.73440265656+0               0                                                                                                                                                                                                                        
ECHO: loadb GRID*                  9               0  2.3825917244+0-9.82232391834-1*                                                                                                                                                                                       
ECHO: loadb *       -3.48294448853+0               0                                                                                                                                                                                                                        
ECHO: loadb GRID*                 10               0  3.1962044239+0 -1.8483080864+0*                                                                                                                                                                                       
ECHO: loadb *        -5.5614823103-1               0                                                                                                                                                                                                                        
ECHO: loadb PARAM   QUAD4TYP  MITC4+                                                                                                                                                                                                                                        
ECHO: loadb PARAM    STR_CID      -2                                                                                                                                                                                                                                        
ECHO: loadb MAT1*                  1          2.0+11 7.1428571429+10           4.0-1*                                                                                                                                                                                       
ECHO: loadb *                  0.0+0           0.0+0           0.0+0                                                                                                                                                                                                        
ECHO: loadb SPC*                   1               6               6-3.49065850399-2*                                                                                                                                                                                       
ECHO: loadb *                                                                                                                                                                                                                                                               
ECHO: loadb SPC            1       7       5   0.0+0                                                                                                                                                                                                                        
ECHO: loadb SPC            1       8       4   1.0-2                                                                                                                                                                                                                        
ECHO: loadb SPC            1      10     123   0.0+0                                                                                                                                                                                                                        
ECHO: loadb PSHELL         1       1   1.0-2       1               1           0.0+0                                                                                                                                                                                        
ECHO: loadb CQUAD4*                1               1               3               6*                                                                                                                                                                                       
ECHO: loadb *                      7               2-3.0133707733-15           0.0+0                                                                                                                                                                                        
ECHO: loadb CQUAD4*                2               1               5               8*                                                                                                                                                                                       
ECHO: loadb *                      7               2-6.4891229925-15           0.0+0                                                                                                                                                                                        
ECHO: loadb CQUAD4*                3               1               8               9*                                                                                                                                                                                       
ECHO: loadb *                      6               7-1.0394624065-15           0.0+0                                                                                                                                                                                        
ECHO: loadb CQUAD4*                4               1              10               1*                                                                                                                                                                                       
ECHO: loadb *                      2               3-3.8350280718-15           0.0+0                                                                                                                                                                                        
ECHO: loadb CQUAD4         5       1       1       4       5       2   0.0+0   0.0+0                                                                                                                                                                                        
ECHO: loadb FORCE*                 2               1               0           1.0+0*                                                                                                                                                                                       
ECHO: loadb *        2.36252660586+0 6.27918796633-1-8.64412304311-1                                                                                                                                                                                                        
ECHO: loadb MOMENT*                2               1               0           1.0+0*                                                                                                                                                                                       
ECHO: loadb *       -4.65318345656-3 8.47829740615-3-6.55889054062-3                                                                                                                                                                                                        
ECHO: loadb FORCE*                 2               4               0           1.0+0*                                                                                                                                                                                       
ECHO: loadb *        3.31001847927-1 1.39045746006+0 1.38031164408-1                                                                                                                                                                                                        
ECHO: loadb MOMENT*                2               4               0           1.0+0*                                                                                                                                                                                       
ECHO: loadb *        -3.2700869208-3 5.52832303338-4 2.27279709689-3                                                                                                                                                                                                        
ECHO: loadb FORCE*                 2               5               0           1.0+0*                                                                                                                                                                                       
ECHO: loadb *        -2.3804450681+0-2.10408689661-1 9.54982983775-1                                                                                                                                                                                                        
ECHO: loadb MOMENT*                2               5               0           1.0+0*                                                                                                                                                                                       
ECHO: loadb *        3.83965379809-3  -8.748472813-3 7.64341523029-3                                                                                                                                                                                                        
ECHO: loadb FORCE*                 2               2               0           1.0+0*                                                                                                                                                                                       
ECHO: loadb *       -3.13083385685-1-1.80796756704+0-2.28601843872-1                                                                                                                                                                                                        
ECHO: loadb MOMENT*                2               2               0           1.0+0*                                                                                                                                                                                       
ECHO: loadb *        4.08360890508-3-2.82646968248-4-3.35732744159-3                                                                                                                                                                                                        
ECHO: loadb LOAD           1   1.0+0   1.0+0       2                                                                                                                                                                                                                        
ECHO: loadb ENDDATA                                                                                                                                                                                                                                                         




 >> LINK  0 END


 >> LINK  1 BEGIN

               DEALLOCATED  4.61E-02 MB MEMORY FROM ARRAY STF3


 *INFORMATION: AUTOSPC Summary, Stage 1 after identification of AUTOSPC's at the grid level                                                 

                                     AUTOSPC_RAT = 1.000000E-08

                       Number of DOF's identified for AUTOSPC in component  1         =            0
                       Number of DOF's identified for AUTOSPC in component  2         =            0
                       Number of DOF's identified for AUTOSPC in component  3         =            0
                       Number of DOF's identified for AUTOSPC in component  4         =            0
                       Number of DOF's identified for AUTOSPC in component  5         =            4
                       Number of DOF's identified for AUTOSPC in component  6         =            0
                                                                                        ------------
                       Total number of DOF's identified in this stage                 =            4

               DEALLOCATED  2.40E-04 MB MEMORY FROM ARRAY STFKEY
               DEALLOCATED  4.61E-02 MB MEMORY FROM ARRAY STF3

 >> LINK  1 END


 >> LINK  2 BEGIN



 *INFORMATION: AUTOSPC Summary, Overall: after identification of all AUTOSPC's                                                               

                                     AUTOSPC_RAT = 1.000000E-08

                       Number of DOF's identified for AUTOSPC in component  1         =            0
                       Number of DOF's identified for AUTOSPC in component  2         =            0
                       Number of DOF's identified for AUTOSPC in component  3         =            0
                       Number of DOF's identified for AUTOSPC in component  4         =            0
                       Number of DOF's identified for AUTOSPC in component  5         =            4
                       Number of DOF's identified for AUTOSPC in component  6         =            0
                                                                                        ------------
                       Total number of DOF's identified overall                       =            4


 >> LINK  2 END


 >> LINK  3 BEGIN

 SUPERLU FACTORIZATION OF MATRIX KLL SUCCEEDED IN SUBR SYM_MAT_DECOMP_SUPRLU          

 *INFORMATION: FOR INTERNAL SUBCASE NUMBER        1 EPSILON ERROR ESTIMATE            = -1.213168E-14 Based on U'*(K*U - P)/(U'*P)


 >> LINK  3 END


 >> LINK  5 BEGIN


 >> LINK  5 END


 >> LINK  9 BEGIN



 OUTPUT FOR SUBCASE        1

                                                       D I S P L A C E M E N T S
                                              (in global coordinate system at each grid)
           GRID     COORD      T1            T2            T3            R1            R2            R3
                     SYS
              1        0 -2.874599E-03 -3.610730E-02 -7.476175E-04  1.019898E-02  0.0          -3.456503E-02
              2        0  1.456081E-02 -1.609233E-02  4.302438E-03  1.011416E-02 -1.006589E-04 -3.469134E-02
              3        0  1.038847E-02 -8.026758E-03  3.063355E-03  1.016695E-02 -6.351254E-05 -3.464988E-02
              4        0  1.258119E-02 -2.775208E-02  3.749934E-03  1.018302E-02  0.0          -3.458882E-02
              5        0  3.164276E-02 -1.072854E-02  9.274589E-03  1.008561E-02 -5.134556E-05 -3.463173E-02
              6        0  3.931761E-02  5.960704E-02  1.145975E-02  1.011950E-02  7.136980E-05 -3.490659E-02
              7        0  5.322890E-02  4.221493E-02  1.546357E-02  1.003127E-02  0.0          -3.480577E-02
              8        0  3.979728E-02  3.608548E-02  1.160047E-02  1.000000E-02 -8.267037E-06 -3.480509E-02
              9        0  3.015585E-02  5.795357E-02  8.812592E-03  9.989082E-03  0.0          -3.489871E-02
             10        0  0.0           0.0           0.0           1.022667E-02  0.0          -3.461135E-02
                         ------------- ------------- ------------- ------------- ------------- -------------
                MAX* :    5.322890E-02  5.960704E-02  1.546357E-02  1.022667E-02  7.136980E-05 -3.456503E-02
                MIN* :   -2.874599E-03 -3.610730E-02 -7.476175E-04  9.989082E-03 -1.006589E-04 -3.490659E-02

                ABS* :    5.322890E-02  5.960704E-02  1.546357E-02  1.022667E-02  1.006589E-04  3.490659E-02
                *for output set


 OUTPUT FOR SUBCASE        1

                                                          S P C   F O R C E S
                                              (in global coordinate system at each grid)
           GRID     COORD      T1            T2            T3            R1            R2            R3
                     SYS
              1        0  0.0           0.0           0.0           0.0           4.514931E-08  0.0         
              4        0  0.0           0.0           0.0           0.0          -1.077727E-08  0.0         
              6        0  0.0           0.0           0.0           0.0           0.0          -3.300000E+00
              7        0  0.0           0.0           0.0           0.0          -2.200000E+00  0.0         
              8        0  0.0           0.0           0.0          -1.100000E+00  0.0           0.0         
              9        0  0.0           0.0           0.0           0.0           1.641456E-08  0.0         
             10        0  5.966285E-08  1.915032E-08  8.894131E-08  0.0          -9.778887E-09  0.0         
                         ------------- ------------- ------------- ------------- ------------- -------------
                MAX* :    5.966285E-08  1.915032E-08  8.894131E-08  0.0           4.514931E-08  0.0         
                MIN* :    0.0           0.0           0.0          -1.100000E+00 -2.200000E+00 -3.300000E+00

                ABS* :    5.966285E-08  1.915032E-08  8.894131E-08  1.100000E+00  2.200000E+00  3.300000E+00
                *for output set
                         ------------- ------------- ------------- ------------- ------------- -------------
     SPC FORCE TOTALS:    5.966285E-08  1.915032E-08  8.894131E-08 -1.100000E+00 -2.200000E+00 -3.300000E+00
     (for output set)

                                                    SPC Force Summary on AUTOSPC'd DOF's
                                                 (in global coordinate system at each grid)
        For detailed information on the SPC forces for the AUTOSPC DOF's, set field 7 (AUTOSPC_SPCF) on the PARAM AUTOSPC entry to Y

                              T1             T2             T3             R1             R2             R3

 ABS AUTOSPC FORCES  :   0.000000E+00   0.000000E+00   0.000000E+00   0.000000E+00   4.514931E-08   0.000000E+00
 AUTOSPC FORCE TOTALS:   0.000000E+00   0.000000E+00   0.000000E+00   0.000000E+00   4.100772E-08   0.000000E+00
     (for output set)


 OUTPUT FOR SUBCASE        1

                                          E L E M E N T   S T R E S S E S   I N   L O C A L   E L E M E N T   C O O R D I N A T E   S Y S T E M
                                                                       F O R   E L E M E N T   T Y P E   Q U A D 4  
    Elem  Location        Fiber      Stresses In Element Coord System     Principal Stresses (Zero Shear)                Transverse   Transverse   % Poly
     ID                  Distance   Normal-X     Normal-Y     Shear-XY     Angle     Major        Minor      von Mises    Shear-XZ     Shear-YZ    Fit Err
                                                                                                                         (max through thickness)

        1  CENTER      -5.000E-03 -6.22595E+04 -2.83755E+04  6.73277E+04   52.06  2.41091E+04 -1.14744E+05  1.28506E+05 -5.15620E+00 -6.52010E+01
                        5.000E-03  6.26238E+04  2.82022E+04 -6.72437E+04  -37.82  1.14824E+05 -2.39983E+04  1.28515E+05

           GRD       3 -5.000E-03 -5.47997E+04  2.06679E+04  5.23868E+04   62.88  4.74958E+04 -8.16276E+04  1.13119E+05 -3.61933E+02 -2.24765E+02  0.3E+02(1)
                        5.000E-03  5.57248E+04 -2.15718E+04 -5.10839E+04  -26.45  8.11331E+04 -4.69802E+04  1.12256E+05

           GRD       6 -5.000E-03 -1.13208E+05 -9.04796E+04  9.22311E+04   48.51 -8.91537E+03 -1.94773E+05  1.90471E+05 -6.89236E+02  1.86475E+02 -0.3E+02(1)
                        5.000E-03  1.16159E+05  9.21995E+04 -9.34898E+04  -41.35  1.98433E+05  9.92491E+03  1.93662E+05

           GRD       7 -5.000E-03 -5.06760E+04 -6.00327E+04  7.40863E+04   43.19  1.88795E+04 -1.29588E+05  1.39986E+05  6.71682E+02  1.91200E+01 -0.2E+02(1)
                        5.000E-03  4.93819E+04  5.99510E+04 -7.48620E+04  -47.02  1.29715E+05 -2.03818E+04  1.41015E+05

           GRD       2 -5.000E-03 -2.15914E+04  3.69357E+04  4.27236E+04   62.20  5.94569E+04 -4.41126E+04  9.00213E+04  3.59669E+02 -3.13945E+02  0.2E+02(1)
                        5.000E-03  2.02647E+04 -3.87974E+04 -4.11616E+04  -27.17  4.13929E+04 -5.99256E+04  8.82324E+04

        2  CENTER      -5.000E-03  2.69971E+03 -4.09320E+04  2.69109E+04   25.48  1.55267E+04 -5.37589E+04  6.29746E+04  2.19661E+01 -9.88946E+01
                        5.000E-03 -3.35755E+03  4.09866E+04 -2.68126E+04  -64.79  5.36070E+04 -1.59780E+04  6.31311E+04

           GRD       5 -5.000E-03  3.28675E+04  2.04924E+04  3.19958E+04   39.53  5.92685E+04 -5.90867E+03  6.24329E+04 -3.84094E+02 -1.19806E+02 -0.4E+02(8)
                        5.000E-03 -3.33336E+04 -2.04109E+04 -3.17009E+04  -50.76  5.48044E+03 -5.92250E+04  6.21467E+04

           GRD       8 -5.000E-03  1.52976E+04 -2.92967E+04  1.83810E+04   19.75  2.18972E+04 -3.58963E+04  5.05378E+04 -6.15557E+02 -3.15640E+02  0.3E+02(8)
                        5.000E-03 -1.58185E+04  2.91725E+04 -1.84347E+04  -70.33  3.57611E+04 -2.24072E+04  5.08157E+04

           GRD       7 -5.000E-03 -1.51864E+04 -6.55361E+04  1.12609E+04   12.05 -1.27826E+04 -6.79398E+04  6.25361E+04  5.27365E+02  5.14038E+01  0.4E+02(8)
                        5.000E-03  1.42047E+04  6.52929E+04 -1.14675E+04  -77.91  6.77489E+04  1.17487E+04  6.27055E+04

           GRD       2 -5.000E-03  1.93368E+04  1.60805E+04  3.26769E+04   43.57  5.04261E+04 -1.50087E+04  5.93707E+04  4.82745E+02  2.07648E+02 -0.3E+02(8)
                        5.000E-03 -2.00927E+04 -1.59964E+04 -3.23447E+04  -46.81  1.43649E+04 -5.04541E+04  5.89639E+04

        3  CENTER      -5.000E-03  4.74239E+04 -8.00522E+04 -3.47127E+04  -14.29  5.62635E+04 -8.88918E+04  1.26762E+05 -5.94783E+02 -3.59216E+02
                        5.000E-03 -4.72860E+04  7.99680E+04  3.46951E+04   75.70  8.88127E+04 -5.61307E+04  1.26584E+05

           GRD       8 -5.000E-03  7.95817E+04 -2.37093E+04 -1.71140E+04   -9.17  8.23435E+04 -2.64710E+04  9.82898E+04  1.45324E+03 -1.91322E+03 -0.3E+02(4)
                        5.000E-03 -7.94022E+04  2.37896E+04  1.71221E+04   80.82  2.65564E+04 -8.21690E+04  9.81789E+04

           GRD       9 -5.000E-03  6.60953E+04 -1.36207E+05 -2.35177E+04   -6.54  6.87933E+04 -1.38905E+05  1.83256E+05  1.65042E+03 -5.05374E+02  0.3E+02(4)
                        5.000E-03 -6.61169E+04  1.35817E+05  2.36041E+04   83.42  1.38540E+05 -6.88393E+04  1.82946E+05

           GRD       6 -5.000E-03  2.28988E+03 -1.31413E+05 -5.53669E+04  -19.82  2.22406E+04 -1.51364E+05  1.63622E+05 -3.30859E+03  1.58250E+03  0.2E+02(4)
                        5.000E-03 -2.19291E+03  1.31182E+05  5.53066E+04   70.16  1.51132E+05 -2.21429E+04  1.63333E+05

           GRD       7 -5.000E-03  4.15501E+04 -1.22958E+03 -3.61546E+04  -29.70  6.21684E+04 -2.18478E+04  7.55015E+04 -1.71790E+03 -8.35812E+02 -0.2E+02(4)
                        5.000E-03 -4.12608E+04  1.49106E+03  3.60564E+04   60.33  2.20317E+04 -6.18014E+04  7.52755E+04

        4  CENTER      -5.000E-03  9.40910E+03  1.68824E+04 -2.03306E+04  -50.21  3.38169E+04 -7.52542E+03  3.81406E+04  7.96916E+01 -1.08032E+02
                        5.000E-03 -7.87146E+03 -1.73219E+04  1.94448E+04   38.17  7.41405E+03 -3.26074E+04  3.68777E+04

           GRD      10 -5.000E-03  1.15683E+04  1.61747E+04 -8.11999E+03  -52.92  2.23118E+04  5.43118E+03  2.01528E+04  7.49561E+01  1.50930E+02 -0.2E+03(4)
                        5.000E-03 -8.53124E+03 -1.31836E+04  7.94409E+03   36.84 -2.57977E+03 -1.91351E+04  1.79845E+04

           GRD       1 -5.000E-03  2.99703E+04  2.68398E+04 -3.41116E+04  -43.69  6.25526E+04 -5.74241E+03  6.56125E+04  1.53029E+02 -3.63551E+02  0.3E+03(4)
                        5.000E-03 -2.88915E+04 -3.05846E+04  3.30109E+04   44.27  3.28372E+03 -6.27598E+04  6.44644E+04

           GRD       2 -5.000E-03 -1.18165E+04  8.28445E+03 -1.91998E+04  -58.82  1.99052E+04 -2.34373E+04  3.75773E+04  1.51566E+01 -1.23153E+02  0.1E+03(4)
                        5.000E-03  1.23440E+04 -8.93393E+03  1.78335E+04   29.59  2.24709E+04 -1.90608E+04  3.60079E+04

           GRD       3 -5.000E-03 -6.31956E+03  9.74830E+03 -1.35505E+04  -60.33  1.74675E+04 -1.40388E+04  2.73390E+04  2.64927E+01  5.32381E+00 -0.3E+03(4)
                        5.000E-03  7.78194E+03 -8.69984E+03  1.26273E+04   28.44  1.46196E+04 -1.55375E+04  2.61208E+04

        5  CENTER      -5.000E-03 -3.01034E+04  1.39394E+04 -1.99741E+04  -68.90  2.16485E+04 -3.78126E+04  5.21252E+04 -6.36179E+01 -2.54753E+02
                        5.000E-03  2.95940E+04 -1.45622E+04  2.07395E+04   21.60  3.78073E+04 -2.27755E+04  5.30018E+04

           GRD       1 -5.000E-03  8.82747E+03  3.48373E+04 -4.70201E+03  -80.06  3.56613E+04  8.00355E+03  3.24093E+04  2.50131E+02 -3.89669E+02 -0.4E+02(5)
                        5.000E-03 -7.15702E+03 -3.47306E+04  5.19261E+03   10.32 -6.21157E+03 -3.56760E+04  3.30115E+04

           GRD       4 -5.000E-03 -4.54485E+03 -2.40330E+04 -1.52848E+04  -28.74  3.83768E+03 -3.24155E+04  3.44948E+04  1.66954E+02 -3.57025E+02  0.3E+02(5)
                        5.000E-03  7.64482E+03  2.61424E+04  1.47165E+04   61.07  3.42751E+04 -4.87834E+02  3.45216E+04

           GRD       5 -5.000E-03 -5.52139E+04 -3.39090E+04 -3.33731E+04  -53.85 -9.52948E+03 -7.95934E+04  7.52824E+04 -2.49843E+02 -1.77371E+02  0.4E+02(5)
                        5.000E-03  5.47467E+04  3.43138E+04  3.35489E+04   36.53  7.96002E+04  9.46030E+03  7.53170E+04

           GRD       2 -5.000E-03 -6.00489E+04  6.72315E+04 -2.45594E+04  -79.45  7.18060E+04 -6.46234E+04  1.18206E+05 -3.38279E+02 -1.33429E+02 -0.3E+02(5)
                        5.000E-03  5.49397E+04 -7.14393E+04  2.70838E+04   11.60  6.04993E+04 -7.69989E+04  1.19362E+05
                                  ------------ ------------ ------------         ------------ ------------ ------------ ------------ ------------ --------
 MAX* :                            1.16159E+05  1.35817E+05  9.22311E+04          1.98433E+05  1.17487E+04  1.93662E+05  1.65042E+03  1.58250E+03  0.3E+03
 MIN* :                           -1.13208E+05 -1.36207E+05 -9.34898E+04         -1.27826E+04 -1.94773E+05  1.79845E+04 -3.30859E+03 -1.91322E+03 -0.3E+03

 ABS* :                            1.16159E+05  1.36207E+05  9.34898E+04          1.98433E+05  1.94773E+05  1.93662E+05  3.30859E+03  1.91322E+03  0.3E+03
 *for output set
 NOTE: Explanation of errors in the polynomial fit to extrapolate element corner point stresses from values at the Gauss points:
       (1): Polynomial fit error is in X  normal  stress
       (4): Polynomial fit error is in X  bending stress
       (5): Polynomial fit error is in Y  bending stress
       (8): Polynomial fit error is in YZ shear   stress

 >> LINK  9 END

    Total CPU time =  7.81E-02 seconds

 >> MYSTRAN END    :  9/24/2026 at 18: 1:34.634

                                          * * * END OF JOB * * *
