   604115557

 MYSTRAN Version 18.0.0   APR 20 2026 MYSTRAN developed by Dr Bill Case
*** Please report any problems to mystransolver@gmail.com ***                                                                                                                                                                                                   

 >> MYSTRAN BEGIN  :  6/ 4/2026 at 11:55:57.323 The input file is C:\Users\victo\Documents\Git\MYSTRAN_Validation\working\S30 mitc4 reaction moment nonzero rotation.bdf                                                                                                                                                          


 >> LINK  0 BEGIN


SOL 101                                                                                                                                                                                                                                                         
CEND                                                                                                                                                                                                                                                            
DISPLACEMENT = ALL                                                                                                                                                                                                                                              
SPCFORCES = ALL                                                                                                                                                                                                                                                 
MPCFORCES = ALL                                                                                                                                                                                                                                                 
STRESS(CORNER) = ALL                                                                                                                                                                                                                                            
SPC = 1                                                                                                                                                                                                                                                         
LOAD = 1                                                                                                                                                                                                                                                        
BEGIN BULK                                                                                                                                                                                                                                                      
ECHO: loadb GRID           1       0   0.0+0   0.0+0   0.0+0       0                                                                                                                                                                                                        
ECHO: loadb GRID*                  2               0 9.33218836784-1-3.81607085466-1*                                                                                                                                                                                       
ECHO: loadb *                  0.0+0               0                                                                                                                                                                                                                        
ECHO: loadb GRID*                  3               0 1.00000011921+0 1.68126308918+0*                                                                                                                                                                                       
ECHO: loadb *                  0.0+0               0                                                                                                                                                                                                                        
ECHO: loadb GRID*                  4               0-1.52642637491-1 1.30919611454+0*                                                                                                                                                                                       
ECHO: loadb *                  0.0+0               0                                                                                                                                                                                                                        
ECHO: loadb GRID           5       0   2.0+0   0.0+0   0.0+0       0                                                                                                                                                                                                        
ECHO: loadb GRID           6       0   3.0+0   0.0+0   0.0+0       0                                                                                                                                                                                                        
ECHO: loadb GRID           7       0   3.0+0   1.5+0   0.0+0       0                                                                                                                                                                                                        
ECHO: loadb GRID           8       0   2.0+0   1.5+0   0.0+0       0                                                                                                                                                                                                        
ECHO: loadb GRID*                  9               0  5.0201100111-1-1.28850460052-1*                                                                                                                                                                                       
ECHO: loadb *                  0.0+0               0                                                                                                                                                                                                                        
ECHO: loadb GRID*                 10               0 9.66609477997-1 6.49828001857-1*                                                                                                                                                                                       
ECHO: loadb *                  0.0+0               0                                                                                                                                                                                                                        
ECHO: loadb GRID*                 11               0 4.23678740859-1 1.49522960186+0*                                                                                                                                                                                       
ECHO: loadb *                  0.0+0               0                                                                                                                                                                                                                        
ECHO: loadb GRID*                 12               0-7.63213187456-2  6.5459805727-1*                                                                                                                                                                                       
ECHO: loadb *                  0.0+0               0                                                                                                                                                                                                                        
ECHO: loadb GRID*                 13               0  5.5134922266-1   7.053155303-1*                                                                                                                                                                                       
ECHO: loadb *                  0.0+0               0                                                                                                                                                                                                                        
ECHO: loadb PARAM   QUAD4TYP  MITC4+                                                                                                                                                                                                                                        
ECHO: loadb PARAM    STR_CID      -2                                                                                                                                                                                                                                        
ECHO: loadb MAT1*                  1          2.0+11 7.1428571429+10           4.0-1*                                                                                                                                                                                       
ECHO: loadb *                  0.0+0           0.0+0           0.0+0                                                                                                                                                                                                        
ECHO: loadb SPC            1       1       1   0.0+0                                                                                                                                                                                                                        
ECHO: loadb SPC            1       1       2   0.0+0                                                                                                                                                                                                                        
ECHO: loadb SPC            1       1       3   0.0+0                                                                                                                                                                                                                        
ECHO: loadb SPC*                   1               1               4 8.72664625997-2*                                                                                                                                                                                       
ECHO: loadb *                                                                                                                                                                                                                                                               
ECHO: loadb SPC            1       2       2   0.0+0                                                                                                                                                                                                                        
ECHO: loadb SPC            1       2       3   0.0+0                                                                                                                                                                                                                        
ECHO: loadb SPC*                   1               2               4 8.72664625997-2*                                                                                                                                                                                       
ECHO: loadb *                                                                                                                                                                                                                                                               
ECHO: loadb SPC            1       5       1   0.0+0                                                                                                                                                                                                                        
ECHO: loadb SPC            1       5       2   0.0+0                                                                                                                                                                                                                        
ECHO: loadb SPC            1       5       3   0.0+0                                                                                                                                                                                                                        
ECHO: loadb SPC*                   1               5               4 8.72664625997-2*                                                                                                                                                                                       
ECHO: loadb *                                                                                                                                                                                                                                                               
ECHO: loadb SPC            1       6       2   0.0+0                                                                                                                                                                                                                        
ECHO: loadb SPC            1       6       3   0.0+0                                                                                                                                                                                                                        
ECHO: loadb SPC*                   1               6               4 8.72664625997-2*                                                                                                                                                                                       
ECHO: loadb *                                                                                                                                                                                                                                                               
ECHO: loadb SPC*                   1               9               4 8.72664625997-2*                                                                                                                                                                                       
ECHO: loadb *                                                                                                                                                                                                                                                               
ECHO: loadb PSHELL         1       1   1.0-1       1               1           0.0+0                                                                                                                                                                                        
ECHO: loadb CQUAD4         1       1      12      13      11       4   0.0+0   0.0+0                                                                                                                                                                                        
ECHO: loadb CQUAD4         2       1       6       7       8       5   0.0+0   0.0+0                                                                                                                                                                                        
ECHO: loadb CQUAD4         3       1       1       9      13      12   0.0+0   0.0+0                                                                                                                                                                                        
ECHO: loadb CQUAD4         4       1       9       2      10      13   0.0+0   0.0+0                                                                                                                                                                                        
ECHO: loadb CQUAD4         5       1      13      10       3      11   0.0+0   0.0+0                                                                                                                                                                                        
ECHO: loadb MOMENT         2       4       0   1.0+0   1.1+0   0.0+0   0.0+0                                                                                                                                                                                                
ECHO: loadb MOMENT         2       3       0   1.0+0   1.1+0   0.0+0   0.0+0                                                                                                                                                                                                
ECHO: loadb FORCE*                 2               7               0           1.0+0*                                                                                                                                                                                       
ECHO: loadb *                  0.0+0           0.0+0 7.33333333333-1                                                                                                                                                                                                        
ECHO: loadb FORCE*                 2               8               0           1.0+0*                                                                                                                                                                                       
ECHO: loadb *                  0.0+0           0.0+0 7.33333333333-1                                                                                                                                                                                                        
ECHO: loadb LOAD           1   1.0+0   1.0+0       2                                                                                                                                                                                                                        
ECHO: loadb ENDDATA                                                                                                                                                                                                                                                         




 >> LINK  0 END


 >> LINK  1 BEGIN

               DEALLOCATED  4.61E-02 MB MEMORY FROM ARRAY STF3


 *INFORMATION: AUTOSPC Summary, Stage 1 after identification of AUTOSPC's at the grid level                                                 

                                     AUTOSPC_RAT = 1.000000E-08

                       Number of DOF's identified for AUTOSPC in component  1         =            0
                       Number of DOF's identified for AUTOSPC in component  2         =            0
                       Number of DOF's identified for AUTOSPC in component  3         =            0
                       Number of DOF's identified for AUTOSPC in component  4         =            0
                       Number of DOF's identified for AUTOSPC in component  5         =            0
                       Number of DOF's identified for AUTOSPC in component  6         =           13
                                                                                        ------------
                       Total number of DOF's identified in this stage                 =           13

               DEALLOCATED  3.12E-04 MB MEMORY FROM ARRAY STFKEY
               DEALLOCATED  4.61E-02 MB MEMORY FROM ARRAY STF3

 >> LINK  1 END


 >> LINK  2 BEGIN



 *INFORMATION: AUTOSPC Summary, Overall: after identification of all AUTOSPC's                                                               

                                     AUTOSPC_RAT = 1.000000E-08

                       Number of DOF's identified for AUTOSPC in component  1         =            0
                       Number of DOF's identified for AUTOSPC in component  2         =            0
                       Number of DOF's identified for AUTOSPC in component  3         =            0
                       Number of DOF's identified for AUTOSPC in component  4         =            0
                       Number of DOF's identified for AUTOSPC in component  5         =            0
                       Number of DOF's identified for AUTOSPC in component  6         =           13
                                                                                        ------------
                       Total number of DOF's identified overall                       =           13


 >> LINK  2 END


 >> LINK  3 BEGIN

 SUPERLU FACTORIZATION OF MATRIX KLL SUCCEEDED IN SUBR SYM_MAT_DECOMP_SUPRLU          

 *INFORMATION: FOR INTERNAL SUBCASE NUMBER        1 EPSILON ERROR ESTIMATE            = -2.804243E-15 Based on U'*(K*U - P)/(U'*P)


 >> LINK  3 END


 >> LINK  5 BEGIN


 >> LINK  5 END


 >> LINK  9 BEGIN



 OUTPUT FOR SUBCASE        1

                                                       D I S P L A C E M E N T S
                                              (in global coordinate system at each grid)
           GRID     COORD      T1            T2            T3            R1            R2            R3
                     SYS
              1        0  0.0           0.0           0.0           8.726646E-02 -3.568458E-02  0.0         
              2        0  0.0           0.0           0.0           8.726646E-02 -3.568454E-02  0.0         
              3        0  0.0           0.0           1.824027E-01  8.726672E-02 -3.568456E-02  0.0         
              4        0  0.0           0.0           1.088021E-01  8.726667E-02 -3.568457E-02  0.0         
              5        0  0.0           0.0           0.0           8.726646E-02 -1.320000E-08  0.0         
              6        0  0.0           0.0           0.0           8.726646E-02  1.320000E-08  0.0         
              7        0  0.0           0.0           1.308998E-01  8.726656E-02  1.320000E-08  0.0         
              8        0  0.0           0.0           1.308998E-01  8.726656E-02 -1.320000E-08  0.0         
              9        0  0.0           0.0           6.669720E-03  8.726646E-02 -3.568455E-02  0.0         
             10        0  0.0           0.0           9.120127E-02  8.726655E-02 -3.568453E-02  0.0         
             11        0  0.0           0.0           1.456024E-01  8.726664E-02 -3.568457E-02  0.0         
             12        0  0.0           0.0           5.440100E-02  8.726656E-02 -3.568461E-02  0.0         
             13        0  0.0           0.0           8.122510E-02  8.726659E-02 -3.568456E-02  0.0         
                         ------------- ------------- ------------- ------------- ------------- -------------
                MAX* :    0.0           0.0           1.824027E-01  8.726672E-02  1.320000E-08  0.0         
                MIN* :    0.0           0.0           0.0           8.726646E-02 -3.568461E-02  0.0         

                ABS* :    0.0           0.0           1.824027E-01  8.726672E-02  3.568461E-02  0.0         
                *for output set


 OUTPUT FOR SUBCASE        1

                                                          S P C   F O R C E S
                                              (in global coordinate system at each grid)
           GRID     COORD      T1            T2            T3            R1            R2            R3
                     SYS
              1        0  0.0           0.0          -1.832843E-06 -1.039232E+00  0.0           0.0         
              2        0  0.0           0.0           1.519918E-06 -3.930531E-01  0.0           0.0         
              5        0  0.0           0.0          -7.333333E-01 -1.100000E+00  0.0           0.0         
              6        0  0.0           0.0          -7.333334E-01 -1.100000E+00  0.0           0.0         
              9        0  0.0           0.0           0.0          -7.677143E-01  0.0           0.0         
                         ------------- ------------- ------------- ------------- ------------- -------------
                MAX* :    0.0           0.0           1.519918E-06  0.0           0.0           0.0         
                MIN* :    0.0           0.0          -7.333334E-01 -1.100000E+00  0.0           0.0         

                ABS* :    0.0           0.0           7.333334E-01  1.100000E+00  0.0           0.0         
                *for output set
                         ------------- ------------- ------------- ------------- ------------- -------------
     SPC FORCE TOTALS:    0.0           0.0          -1.466667E+00 -4.399999E+00  0.0           0.0         
     (for output set)

                                                    SPC Force Summary on AUTOSPC'd DOF's
                                                 (in global coordinate system at each grid)
        For detailed information on the SPC forces for the AUTOSPC DOF's, set field 7 (AUTOSPC_SPCF) on the PARAM AUTOSPC entry to Y

                              T1             T2             T3             R1             R2             R3

 ABS AUTOSPC FORCES  :   0.000000E+00   0.000000E+00   0.000000E+00   0.000000E+00   0.000000E+00   0.000000E+00
 AUTOSPC FORCE TOTALS:   0.000000E+00   0.000000E+00   0.000000E+00   0.000000E+00   0.000000E+00   0.000000E+00
     (for output set)


 OUTPUT FOR SUBCASE        1

                                          E L E M E N T   S T R E S S E S   I N   L O C A L   E L E M E N T   C O O R D I N A T E   S Y S T E M
                                                                       F O R   E L E M E N T   T Y P E   Q U A D 4  
    Elem  Location       Fibre       Stresses In Element Coord System     Principal Stresses (Zero Shear)               Transverse   Transverse   % Poly
     ID                 Distance    Normal-X     Normal-Y     Shear-XY     Angle     Major        Minor      von Mises    Shear-XZ     Shear-YZ    Fit Err
                                                                                                                         (max through thickness)

        1  CENTER      -5.000E-02 -3.47150E+01  1.11870E+03 -2.17207E+01  -88.92  1.11911E+03 -3.51239E+01  1.13707E+03 -5.41530E+00  3.92286E+00
                        5.000E-02  3.47150E+01 -1.11870E+03  2.17207E+01    1.08  3.51239E+01 -1.11911E+03  1.13707E+03

           GRD      12 -5.000E-02 -3.51229E+01  1.67589E+03  9.41773E+01   86.86  1.68106E+03 -4.02910E+01  1.70156E+03  5.62427E+01 -1.09025E+02 -0.8E+01(6)
                        5.000E-02  3.51229E+01 -1.67589E+03 -9.41773E+01   -3.14  4.02910E+01 -1.68106E+03  1.70156E+03

           GRD      13 -5.000E-02 -6.39635E+02  3.26400E+02  3.11609E+02   73.59  4.18192E+02 -7.31427E+02  1.00784E+03  6.21574E+01  1.07103E+02  0.8E+01(6)
                        5.000E-02  6.39635E+02 -3.26400E+02 -3.11609E+02  -16.41  7.31427E+02 -4.18192E+02  1.00784E+03

           GRD      11 -5.000E-02  6.38240E+01  6.67037E+02 -1.96461E+02  -73.46  7.25380E+02  5.48108E+00  7.22655E+02 -8.05523E+01  1.04797E+02  0.7E+01(6)
                        5.000E-02 -6.38240E+01 -6.67037E+02  1.96461E+02   16.54 -5.48108E+00 -7.25380E+02  7.22655E+02

           GRD       4 -5.000E-02  5.17712E+02  1.89460E+03 -3.15266E+02  -77.70  1.96335E+03  4.48958E+02  1.78181E+03 -6.13212E+01 -1.00910E+02 -0.7E+01(6)
                        5.000E-02 -5.17712E+02 -1.89460E+03  3.15266E+02   12.30 -4.48958E+02 -1.96335E+03  1.78181E+03

        2  CENTER      -5.000E-02  6.60000E+02  1.01283E-06  1.31343E-06    0.00  6.60000E+02  1.01283E-06  6.60000E+02  1.76000E+01  4.34444E-07
                        5.000E-02 -6.60000E+02 -1.01283E-06 -1.31343E-06  -90.00 -1.01283E-06 -6.60000E+02  6.60000E+02

           GRD       6 -5.000E-02  6.60000E+02 -2.44893E-06  2.52904E-08    0.00  6.60000E+02 -2.44893E-06  6.60000E+02  1.76000E+01 -1.14770E-07  0.3E+00(6)
                        5.000E-02 -6.60000E+02  2.44893E-06 -2.52904E-08  -90.00  2.44893E-06 -6.60000E+02  6.60000E+02

           GRD       7 -5.000E-02  6.60000E+02  3.29531E-06  1.42030E-06    0.00  6.60000E+02  3.29531E-06  6.60000E+02  1.76000E+01 -7.51066E-07 -0.3E+00(6)
                        5.000E-02 -6.60000E+02 -3.29531E-06 -1.42030E-06  -90.00 -3.29531E-06 -6.60000E+02  6.60000E+02

           GRD       8 -5.000E-02  6.60000E+02  4.48285E-06  2.51484E-06    0.00  6.60000E+02  4.48285E-06  6.60000E+02  1.76000E+01 -7.51066E-07 -0.3E+00(6)
                        5.000E-02 -6.60000E+02 -4.48285E-06 -2.51484E-06  -90.00 -4.48285E-06 -6.60000E+02  6.60000E+02

           GRD       5 -5.000E-02  6.60000E+02 -1.26139E-06  1.11983E-06    0.00  6.60000E+02 -1.26139E-06  6.60000E+02  1.76000E+01 -1.14770E-07  0.3E+00(6)
                        5.000E-02 -6.60000E+02  1.26139E-06 -1.11983E-06  -90.00  1.26139E-06 -6.60000E+02  6.60000E+02

        3  CENTER      -5.000E-02 -6.05093E+01  1.49114E+03  1.71277E+02   83.78  1.50982E+03 -7.91908E+01  1.55093E+03  5.89836E+00  3.48568E+00
                        5.000E-02  6.05093E+01 -1.49114E+03 -1.71277E+02   -6.22  7.91908E+01 -1.50982E+03  1.55093E+03

           GRD       1 -5.000E-02  1.83572E+02  1.65282E+03  2.50416E+02   80.59  1.69433E+03  1.42064E+02  1.62795E+03 -4.40923E+01  4.56467E+01 -0.1E+02(4)
                        5.000E-02 -1.83572E+02 -1.65282E+03 -2.50416E+02   -9.41 -1.42064E+02 -1.69433E+03  1.62795E+03

           GRD       9 -5.000E-02  1.68091E+02  1.53000E+03  1.65698E+02   83.16  1.54987E+03  1.48221E+02  1.48133E+03 -6.32841E+01 -3.84971E+01  0.1E+02(4)
                        5.000E-02 -1.68091E+02 -1.53000E+03 -1.65698E+02   -6.84 -1.48221E+02 -1.54987E+03  1.48133E+03

           GRD      13 -5.000E-02 -3.50047E+02  1.30134E+03  7.88116E+01   87.27  1.30509E+03 -3.53800E+02  1.51333E+03  6.56984E+01 -4.51547E+01  0.1E+02(4)
                        5.000E-02  3.50047E+02 -1.30134E+03 -7.88116E+01   -2.73  3.53800E+02 -1.30509E+03  1.51333E+03

           GRD      12 -5.000E-02 -2.01467E+02  1.50908E+03  2.04387E+02   83.28  1.53316E+03 -2.25549E+02  1.65748E+03  5.69594E+01  5.96480E+01 -0.1E+02(4)
                        5.000E-02  2.01467E+02 -1.50908E+03 -2.04387E+02   -6.72  2.25549E+02 -1.53316E+03  1.65748E+03

        4  CENTER      -5.000E-02 -4.43944E+01  1.07784E+03 -1.27075E+02  -83.62  1.09205E+03 -5.86036E+01  1.12250E+03 -6.20533E+00 -2.87011E+00
                        5.000E-02  4.43944E+01 -1.07784E+03  1.27075E+02    6.38  5.86036E+01 -1.09205E+03  1.12250E+03

           GRD       9 -5.000E-02  3.19493E+02  1.61105E+03  1.57868E+02   83.13  1.63006E+03  3.00477E+02  1.50253E+03  1.25677E+01 -3.58156E+01 -0.6E+01(7)
                        5.000E-02 -3.19493E+02 -1.61105E+03 -1.57868E+02   -6.87 -3.00477E+02 -1.63006E+03  1.50253E+03

           GRD       2 -5.000E-02 -9.84792E+00  8.04233E+02  9.59420E+01   83.37  8.15387E+02 -2.10022E+01  8.26088E+02  3.58158E+01  3.13120E+01  0.6E+01(7)
                        5.000E-02  9.84792E+00 -8.04233E+02 -9.59420E+01   -6.63  2.10022E+01 -8.15387E+02  8.26088E+02

           GRD      10 -5.000E-02 -4.29097E+02  5.69039E+02 -4.61506E+02  -68.62  7.49719E+02 -6.09776E+02  1.17943E+03 -3.28522E+01  2.56437E+01  0.5E+01(7)
                        5.000E-02  4.29097E+02 -5.69039E+02  4.61506E+02   21.38  6.09776E+02 -7.49719E+02  1.17943E+03

           GRD      13 -5.000E-02 -4.15338E+01  1.37690E+03 -3.03055E+02  -78.43  1.43893E+03 -1.03570E+02  1.49341E+03 -4.26407E+01 -3.70583E+01 -0.5E+01(7)
                        5.000E-02  4.15338E+01 -1.37690E+03  3.03055E+02   11.57  1.03570E+02 -1.43893E+03  1.49341E+03

        5  CENTER      -5.000E-02  1.27596E+02  1.24357E+03  2.33782E+02   78.63  1.29056E+03  8.06006E+01  1.25221E+03  5.78404E+00 -4.53052E+00
                        5.000E-02 -1.27596E+02 -1.24357E+03 -2.33782E+02  -11.37 -8.06006E+01 -1.29056E+03  1.25221E+03

           GRD      13 -5.000E-02 -3.68548E+02  6.82617E+02 -7.46363E+01  -85.96  6.87890E+02 -3.73821E+02  9.32782E+02 -3.42882E+01  7.54517E+01  0.2E+02(7)
                        5.000E-02  3.68548E+02 -6.82617E+02  7.46363E+01    4.04  3.73821E+02 -6.87890E+02  9.32782E+02

           GRD      10 -5.000E-02 -1.30611E+02  1.49735E+03 -6.29302E+01  -87.79  1.49978E+03 -1.33040E+02  1.57053E+03 -3.41300E+01 -7.55921E+01 -0.1E+02(7)
                        5.000E-02  1.30611E+02 -1.49735E+03  6.29302E+01    2.21  1.33040E+02 -1.49978E+03  1.57053E+03

           GRD       3 -5.000E-02  7.17756E+02  1.95491E+03  5.89638E+02   68.19  2.19091E+03  4.81751E+02  1.99417E+03  5.21720E+01 -1.08977E+02 -0.2E+02(7)
                        5.000E-02 -7.17756E+02 -1.95491E+03 -5.89638E+02  -21.81 -4.81751E+02 -2.19091E+03  1.99417E+03

           GRD      11 -5.000E-02  1.76969E+02  7.24622E+02  4.07926E+02   61.94  9.42105E+02 -4.05134E+01  9.63001E+02  3.00413E+01  1.06043E+02  0.1E+02(7)
                        5.000E-02 -1.76969E+02 -7.24622E+02 -4.07926E+02  -28.06  4.05134E+01 -9.42105E+02  9.63001E+02
                                  ------------ ------------ ------------         ------------ ------------ ------------ ------------ ------------ --------
 MAX* :                            7.17756E+02  1.95491E+03  5.89638E+02          2.19091E+03  4.81751E+02  1.99417E+03  6.56984E+01  1.07103E+02  0.2E+02
 MIN* :                           -7.17756E+02 -1.95491E+03 -5.89638E+02         -4.81751E+02 -2.19091E+03  6.60000E+02 -8.05523E+01 -1.09025E+02 -0.2E+02

 ABS* :                            7.17756E+02  1.95491E+03  5.89638E+02          2.19091E+03  2.19091E+03  1.99417E+03  8.05523E+01  1.09025E+02  0.2E+02
 *for output set
 NOTE: Explanation of errors in the polynomial fit to extrapolate element corner point stresses from values at the Gauss points:
       (4): Polynomial fit error is in X  bending stress
       (6): Polynomial fit error is in XY twist   stress
       (7): Polynomial fit error is in XZ shear   stress

 >> LINK  9 END

    Total CPU time =  6.25E-02 seconds

 >> MYSTRAN END    :  6/ 4/2026 at 11:55:57.414
