   627193424

 MYSTRAN Version 18.0.0   APR 20 2026 MYSTRAN developed by Dr Bill Case
*** Please report any problems to mystransolver@gmail.com ***                                                                                                                                                                                                   

 >> MYSTRAN BEGIN  :  6/27/2026 at 19:34:24.835 The input file is C:\Users\victo\Documents\Git\MYSTRAN_Validation\working\B21 Constraint equations isolated node.bdf                                                                                                                                                              


 >> LINK  0 BEGIN


SOL 105                                                                                                                                                                                                                                                         
CEND                                                                                                                                                                                                                                                            
DISPLACEMENT = ALL                                                                                                                                                                                                                                              
SPC = 1                                                                                                                                                                                                                                                         
MPC = 1                                                                                                                                                                                                                                                         
SUBCASE 1                                                                                                                                                                                                                                                       
LOAD = 1                                                                                                                                                                                                                                                        
SUBCASE 2                                                                                                                                                                                                                                                       
METHOD = 1                                                                                                                                                                                                                                                      
BEGIN BULK                                                                                                                                                                                                                                                      
ECHO: loadb GRID           1       0   0.0+0   0.0+0   0.0+0       0                                                                                                                                                                                                        
ECHO: loadb GRID           2       0   1.0-1  8.75-1   0.0+0       0                                                                                                                                                                                                        
ECHO: loadb GRID           3       0   1.0-1 8.125-1   0.0+0       0                                                                                                                                                                                                        
ECHO: loadb GRID           4       0   1.0-1   1.0+0   0.0+0       0                                                                                                                                                                                                        
ECHO: loadb GRID           5       0   0.0+0 1.875-1   0.0+0       0                                                                                                                                                                                                        
ECHO: loadb GRID           6       0   1.0-1  6.25-1   0.0+0       0                                                                                                                                                                                                        
ECHO: loadb GRID           7       0   1.0-1 4.375-1   0.0+0       0                                                                                                                                                                                                        
ECHO: loadb GRID           8       0   1.0-1   5.0-1   0.0+0       0                                                                                                                                                                                                        
ECHO: loadb GRID           9       0   0.0+0  3.75-1   0.0+0       0                                                                                                                                                                                                        
ECHO: loadb GRID          10       0   0.0+0  1.25-1   0.0+0       0                                                                                                                                                                                                        
ECHO: loadb GRID          11       0   1.0-1 6.875-1   0.0+0       0                                                                                                                                                                                                        
ECHO: loadb GRID          12       0   1.0-1 9.375-1   0.0+0       0                                                                                                                                                                                                        
ECHO: loadb GRID          13       0   1.0-1   7.5-1   0.0+0       0                                                                                                                                                                                                        
ECHO: loadb GRID          14       0   0.0+0  6.25-2   0.0+0       0                                                                                                                                                                                                        
ECHO: loadb GRID          15       0   0.0+0 3.125-1   0.0+0       0                                                                                                                                                                                                        
ECHO: loadb GRID          16       0   1.0-1 5.625-1   0.0+0       0                                                                                                                                                                                                        
ECHO: loadb GRID          17       0   0.0+0   2.5-1   0.0+0       0                                                                                                                                                                                                        
ECHO: loadb GRID          18       0   1.0-1  3.75-1   0.0+0       0                                                                                                                                                                                                        
ECHO: loadb GRID*                 19               0 2.46898457408-2 3.91433358192-1*                                                                                                                                                                                       
ECHO: loadb *                  0.0+0               0                                                                                                                                                                                                                        
ECHO: loadb PARAM    STR_CID      -2                                                                                                                                                                                                                                        
ECHO: loadb MAT1           1   1.0+0   5.0-1   0.0+0   0.0+0   0.0+0   0.0+0                                                                                                                                                                                                
ECHO: loadb SPC            1       1       1   0.0+0                                                                                                                                                                                                                        
ECHO: loadb SPC            1       1       2   0.0+0                                                                                                                                                                                                                        
ECHO: loadb SPC            1       1       3   0.0+0                                                                                                                                                                                                                        
ECHO: loadb SPC            1       1       4   0.0+0                                                                                                                                                                                                                        
ECHO: loadb SPC            1       1       5   0.0+0                                                                                                                                                                                                                        
ECHO: loadb SPC            1       1       6   0.0+0                                                                                                                                                                                                                        
ECHO: loadb SPC            1       2       3   0.0+0                                                                                                                                                                                                                        
ECHO: loadb SPC            1       2       4   0.0+0                                                                                                                                                                                                                        
ECHO: loadb SPC            1       2       5   0.0+0                                                                                                                                                                                                                        
ECHO: loadb SPC            1       3       3   0.0+0                                                                                                                                                                                                                        
ECHO: loadb SPC            1       3       4   0.0+0                                                                                                                                                                                                                        
ECHO: loadb SPC            1       3       5   0.0+0                                                                                                                                                                                                                        
ECHO: loadb SPC            1       4       3   0.0+0                                                                                                                                                                                                                        
ECHO: loadb SPC            1       4       4   0.0+0                                                                                                                                                                                                                        
ECHO: loadb SPC            1       4       5   0.0+0                                                                                                                                                                                                                        
ECHO: loadb SPC            1       5       3   0.0+0                                                                                                                                                                                                                        
ECHO: loadb SPC            1       5       4   0.0+0                                                                                                                                                                                                                        
ECHO: loadb SPC            1       5       5   0.0+0                                                                                                                                                                                                                        
ECHO: loadb SPC            1       6       3   0.0+0                                                                                                                                                                                                                        
ECHO: loadb SPC            1       6       4   0.0+0                                                                                                                                                                                                                        
ECHO: loadb SPC            1       6       5   0.0+0                                                                                                                                                                                                                        
ECHO: loadb SPC            1       7       3   0.0+0                                                                                                                                                                                                                        
ECHO: loadb SPC            1       7       4   0.0+0                                                                                                                                                                                                                        
ECHO: loadb SPC            1       7       5   0.0+0                                                                                                                                                                                                                        
ECHO: loadb SPC            1       8       3   0.0+0                                                                                                                                                                                                                        
ECHO: loadb SPC            1       8       4   0.0+0                                                                                                                                                                                                                        
ECHO: loadb SPC            1       8       5   0.0+0                                                                                                                                                                                                                        
ECHO: loadb SPC            1       9       3   0.0+0                                                                                                                                                                                                                        
ECHO: loadb SPC            1       9       4   0.0+0                                                                                                                                                                                                                        
ECHO: loadb SPC            1       9       5   0.0+0                                                                                                                                                                                                                        
ECHO: loadb SPC            1      10       3   0.0+0                                                                                                                                                                                                                        
ECHO: loadb SPC            1      10       4   0.0+0                                                                                                                                                                                                                        
ECHO: loadb SPC            1      10       5   0.0+0                                                                                                                                                                                                                        
ECHO: loadb SPC            1      11       3   0.0+0                                                                                                                                                                                                                        
ECHO: loadb SPC            1      11       4   0.0+0                                                                                                                                                                                                                        
ECHO: loadb SPC            1      11       5   0.0+0                                                                                                                                                                                                                        
ECHO: loadb SPC            1      12       3   0.0+0                                                                                                                                                                                                                        
ECHO: loadb SPC            1      12       4   0.0+0                                                                                                                                                                                                                        
ECHO: loadb SPC            1      12       5   0.0+0                                                                                                                                                                                                                        
ECHO: loadb SPC            1      13       3   0.0+0                                                                                                                                                                                                                        
ECHO: loadb SPC            1      13       4   0.0+0                                                                                                                                                                                                                        
ECHO: loadb SPC            1      13       5   0.0+0                                                                                                                                                                                                                        
ECHO: loadb SPC            1      14       3   0.0+0                                                                                                                                                                                                                        
ECHO: loadb SPC            1      14       4   0.0+0                                                                                                                                                                                                                        
ECHO: loadb SPC            1      14       5   0.0+0                                                                                                                                                                                                                        
ECHO: loadb SPC            1      15       3   0.0+0                                                                                                                                                                                                                        
ECHO: loadb SPC            1      15       4   0.0+0                                                                                                                                                                                                                        
ECHO: loadb SPC            1      15       5   0.0+0                                                                                                                                                                                                                        
ECHO: loadb SPC            1      16       3   0.0+0                                                                                                                                                                                                                        
ECHO: loadb SPC            1      16       4   0.0+0                                                                                                                                                                                                                        
ECHO: loadb SPC            1      16       5   0.0+0                                                                                                                                                                                                                        
ECHO: loadb SPC            1      17       3   0.0+0                                                                                                                                                                                                                        
ECHO: loadb SPC            1      17       4   0.0+0                                                                                                                                                                                                                        
ECHO: loadb SPC            1      17       5   0.0+0                                                                                                                                                                                                                        
ECHO: loadb SPC            1      18       3   0.0+0                                                                                                                                                                                                                        
ECHO: loadb SPC            1      18       4   0.0+0                                                                                                                                                                                                                        
ECHO: loadb SPC            1      18       5   0.0+0                                                                                                                                                                                                                        
ECHO: loadb MPC            1       9       1   1.0+0      19       1  -1.0+0                                                                                                                                                                                                
ECHO: loadb MPC            1       9       2   1.0+0      19       2  -1.0+0                                                                                                                                                                                                
ECHO: loadb MPC            1       9       6   1.0+0      19       6  -1.0+0                                                                                                                                                                                                
ECHO: loadb MPC            1      18       1   1.0+0      19       1  -1.0+0                                                                                                                                                                                                
ECHO: loadb MPC            1      18       2   1.0+0      19       2  -1.0+0                                                                                                                                                                                                
ECHO: loadb MPC            1      18       6   1.0+0      19       6  -1.0+0                                                                                                                                                                                                
ECHO: loadb PBAR           1       1   1.0-3   1.0-5   0.0+0   0.0+0   0.0+0                                                                                                                                                                                                
ECHO: loadb CBAR           1       1       1      14  -1.0+0   0.0+0   0.0+0                                                                                                                                                                                                
ECHO: loadb CBAR           2       1      14      10  -1.0+0   0.0+0   0.0+0                                                                                                                                                                                                
ECHO: loadb CBAR           3       1      10       5  -1.0+0   0.0+0   0.0+0                                                                                                                                                                                                
ECHO: loadb CBAR           4       1       5      17  -1.0+0   0.0+0   0.0+0                                                                                                                                                                                                
ECHO: loadb CBAR           5       1      17      15  -1.0+0   0.0+0   0.0+0                                                                                                                                                                                                
ECHO: loadb CBAR           6       1      15       9  -1.0+0   0.0+0   0.0+0                                                                                                                                                                                                
ECHO: loadb CBAR           7       1      18       7  -1.0+0   0.0+0   0.0+0                                                                                                                                                                                                
ECHO: loadb CBAR           8       1       7       8  -1.0+0   0.0+0   0.0+0                                                                                                                                                                                                
ECHO: loadb CBAR           9       1       8      16  -1.0+0   0.0+0   0.0+0                                                                                                                                                                                                
ECHO: loadb CBAR          10       1      16       6  -1.0+0   0.0+0   0.0+0                                                                                                                                                                                                
ECHO: loadb CBAR          11       1       6      11  -1.0+0   0.0+0   0.0+0                                                                                                                                                                                                
ECHO: loadb CBAR          12       1      11      13  -1.0+0   0.0+0   0.0+0                                                                                                                                                                                                
ECHO: loadb CBAR          13       1      13       3  -1.0+0   0.0+0   0.0+0                                                                                                                                                                                                
ECHO: loadb CBAR          14       1       3       2  -1.0+0   0.0+0   0.0+0                                                                                                                                                                                                
ECHO: loadb CBAR          15       1       2      12  -1.0+0   0.0+0   0.0+0                                                                                                                                                                                                
ECHO: loadb CBAR          16       1      12       4  -1.0+0   0.0+0   0.0+0                                                                                                                                                                                                
ECHO: loadb FORCE          2       4       0   1.0+0   0.0+0  -1.0+0   0.0+0                                                                                                                                                                                                
ECHO: loadb EIGRL          1                       4       0           1.0-6    MASS                                                                                                                                                                                        
ECHO: loadb LOAD           1   1.0+0   1.0+0       2                                                                                                                                                                                                                        
ECHO: loadb ENDDATA                                                                                                                                                                                                                                                         





 >> LINK  0 END


 >> LINK  1 BEGIN

               DEALLOCATED  3.69E-02 MB MEMORY FROM ARRAY STF3

               DEALLOCATED  4.56E-04 MB MEMORY FROM ARRAY STFKEY
               DEALLOCATED  3.69E-02 MB MEMORY FROM ARRAY STF3

 >> LINK  1 END


 >> LINK  2 BEGIN



 *INFORMATION: AUTOSPC Summary, Stage 2 after identification of AUTOSPC's to eliminate null rows in the N-set stiffness matrix              

                       Number of DOF's identified for AUTOSPC in component  1         =            0
                       Number of DOF's identified for AUTOSPC in component  2         =            0
                       Number of DOF's identified for AUTOSPC in component  3         =            1
                       Number of DOF's identified for AUTOSPC in component  4         =            1
                       Number of DOF's identified for AUTOSPC in component  5         =            1
                       Number of DOF's identified for AUTOSPC in component  6         =            0
                                                                                        ------------
                       Total number of DOF's identified in this stage                 =            3


 *INFORMATION: AUTOSPC Summary, Overall: after identification of all AUTOSPC's                                                               

                                     AUTOSPC_RAT = 1.000000E-08

                       Number of DOF's identified for AUTOSPC in component  1         =            0
                       Number of DOF's identified for AUTOSPC in component  2         =            0
                       Number of DOF's identified for AUTOSPC in component  3         =            1
                       Number of DOF's identified for AUTOSPC in component  4         =            1
                       Number of DOF's identified for AUTOSPC in component  5         =            1
                       Number of DOF's identified for AUTOSPC in component  6         =            0
                                                                                        ------------
                       Total number of DOF's identified overall                       =            3


 >> LINK  2 END


 >> LINK  3 BEGIN

 SUPERLU FACTORIZATION OF MATRIX KLL SUCCEEDED IN SUBR SYM_MAT_DECOMP_SUPRLU          

 *INFORMATION: FOR INTERNAL SUBCASE NUMBER        1 EPSILON ERROR ESTIMATE            =  4.163336E-17 Based on U'*(K*U - P)/(U'*P)

 *WARNING    : CANNOT CALCULATE EPSILON ERROR ESTIMATE FOR INTERNAL SUBCASE NUMBER        2
               THE DOT PRODUCT OF DISPL AND LOAD VECTORS                     =    0.000000E+00 CANNOT BE INVERTED.
               IT IS TOO SMALL COMPARED TO MACHINE SAFE MINIMUM (MACH_SFMIN) =    2.225074-308


 >> LINK  3 END


 >> LINK  5 BEGIN


 >> LINK  5 END


 >> LINK  9 BEGIN



 OUTPUT FOR SUBCASE        1

                                                       D I S P L A C E M E N T S
                                              (in global coordinate system at each grid)
           GRID     COORD      T1            T2            T3            R1            R2            R3
                     SYS
              1        0  0.0           0.0           0.0           0.0           0.0           0.0         
              2        0  0.0          -8.750000E+02  0.0           0.0           0.0           0.0         
              3        0  0.0          -8.125000E+02  0.0           0.0           0.0           0.0         
              4        0  0.0          -1.000000E+03  0.0           0.0           0.0           0.0         
              5        0  0.0          -1.875000E+02  0.0           0.0           0.0           0.0         
              6        0  0.0          -6.250000E+02  0.0           0.0           0.0           0.0         
              7        0  0.0          -4.375000E+02  0.0           0.0           0.0           0.0         
              8        0  0.0          -5.000000E+02  0.0           0.0           0.0           0.0         
              9        0  0.0          -3.750000E+02  0.0           0.0           0.0           0.0         
             10        0  0.0          -1.250000E+02  0.0           0.0           0.0           0.0         
             11        0  0.0          -6.875000E+02  0.0           0.0           0.0           0.0         
             12        0  0.0          -9.375000E+02  0.0           0.0           0.0           0.0         
             13        0  0.0          -7.500000E+02  0.0           0.0           0.0           0.0         
             14        0  0.0          -6.250000E+01  0.0           0.0           0.0           0.0         
             15        0  0.0          -3.125000E+02  0.0           0.0           0.0           0.0         
             16        0  0.0          -5.625000E+02  0.0           0.0           0.0           0.0         
             17        0  0.0          -2.500000E+02  0.0           0.0           0.0           0.0         
             18        0  0.0          -3.750000E+02  0.0           0.0           0.0           0.0         
             19        0  0.0          -3.750000E+02  0.0           0.0           0.0           0.0         
                         ------------- ------------- ------------- ------------- ------------- -------------
                MAX* :    0.0           0.0           0.0           0.0           0.0           0.0         
                MIN* :    0.0          -1.000000E+03  0.0           0.0           0.0           0.0         

                ABS* :    0.0           1.000000E+03  0.0           0.0           0.0           0.0         
                *for output set

                                                    SPC Force Summary on AUTOSPC'd DOF's
                                                 (in global coordinate system at each grid)
        For detailed information on the SPC forces for the AUTOSPC DOF's, set field 7 (AUTOSPC_SPCF) on the PARAM AUTOSPC entry to Y

                              T1             T2             T3             R1             R2             R3

 ABS AUTOSPC FORCES  :   0.000000E+00   0.000000E+00   0.000000E+00   0.000000E+00   0.000000E+00   0.000000E+00
 AUTOSPC FORCE TOTALS:   0.000000E+00   0.000000E+00   0.000000E+00   0.000000E+00   0.000000E+00   0.000000E+00
     (for output set)

 >> LINK  9 END

 >> LINK  1 BEGIN

               DEALLOCATED  3.69E-02 MB MEMORY FROM ARRAY STF3
               DEALLOCATED  4.56E-04 MB MEMORY FROM ARRAY STFKEY
               DEALLOCATED  3.69E-02 MB MEMORY FROM ARRAY STF3

 >> LINK  1 END


 >> LINK  2 BEGIN

 *INFORMATION: MAX DIAGONAL TERM IN THE KGGD MATRIX IS =  0.00E+00 WHICH IS TOO SMALL FOR CALCULATION OF MATRIX STATS
               IN SUBR GET_MATRIX_DIAG_STATS          
 *INFORMATION: MAX DIAGONAL TERM IN THE KNND MATRIX IS =  0.00E+00 WHICH IS TOO SMALL FOR CALCULATION OF MATRIX STATS
               IN SUBR GET_MATRIX_DIAG_STATS          
 *INFORMATION: MAX DIAGONAL TERM IN THE KAAD MATRIX IS =  0.00E+00 WHICH IS TOO SMALL FOR CALCULATION OF MATRIX STATS
               IN SUBR GET_MATRIX_DIAG_STATS          
 *INFORMATION: MAX DIAGONAL TERM IN THE KLLD MATRIX IS =  0.00E+00 WHICH IS TOO SMALL FOR CALCULATION OF MATRIX STATS
               IN SUBR GET_MATRIX_DIAG_STATS          

 >> LINK  2 END


 >> LINK  4 BEGIN

 SUPERLU FACTORIZATION OF MATRIX KMSM SUCCEEDED IN SUBR SYM_MAT_DECOMP_SUPRLU          

 OUTPUT FOR SUBCASE        2


                           E I G E N V A L U E   A N A L Y S I S   S U M M A R Y   (LANCZOS  Mode 2 DGB, Shift eigen =  1.00E-06)
                                                                      (SPARSE solution)

                                NUMBER OF EIGENVALUES EXTRACTED  . . . . . .         4

                                LARGEST OFF-DIAGONAL GENERALIZED MASS TERM     2.6E-16 (Vecs renormed to 1.0 for gen masses)

                                                                       . . .         2
                                          MODE PAIR . . . . . . . . . .
                                                                       . . .         1

                                NUMBER OF OFF DIAGONAL GENERALIZED MASS
                                TERMS FAILING CRITERION OF  1.0E-04. . . . .         0



 OUTPUT FOR SUBCASE        2


                                            R E A L   E I G E N V A L U E S
                                      (subcase       2 buckling load factors)

                                         MODE  EXTRACTION      EIGENVALUE
                                        NUMBER   ORDER

                                             1       1        2.467401E-05
                                             2       2        2.220684E-04
                                             3       3        6.168994E-04
                                             4       4        1.209392E-03



 >> LINK  4 END


 >> LINK  5 BEGIN


 >> LINK  5 END


 >> LINK  9 BEGIN



 OUTPUT FOR SUBCASE        2
 OUTPUT FOR EIGENVECTOR        1

                                                         E I G E N V E C T O R
                                              (in global coordinate system at each grid)
           GRID     COORD      T1            T2            T3            R1            R2            R3
                     SYS
              1        0  0.0           0.0           0.0           0.0           0.0           0.0         
              2        0  7.246734E-01  0.0           0.0           0.0           0.0          -1.387040E+00
              3        0  6.389684E-01  0.0           0.0           0.0           0.0          -1.353318E+00
              4        0  9.003164E-01  0.0           0.0           0.0           0.0          -1.414214E+00
              5        0  3.876732E-02  0.0           0.0           0.0           0.0          -4.105246E-01
              6        0  4.001274E-01  0.0           0.0           0.0           0.0          -1.175876E+00
              7        0  2.043624E-01  0.0           0.0           0.0           0.0          -8.971677E-01
              8        0  2.636966E-01  0.0           0.0           0.0           0.0          -1.000000E+00
              9        0  1.517307E-01  0.0           0.0           0.0           0.0          -7.856951E-01
             10        0  1.729933E-02  0.0           0.0           0.0           0.0          -2.758994E-01
             11        0  4.759102E-01  0.0           0.0           0.0           0.0          -1.247225E+00
             12        0  8.120700E-01  0.0           0.0           0.0           0.0          -1.407404E+00
             13        0  5.557802E-01  0.0           0.0           0.0           0.0          -1.306563E+00
             14        0  4.335270E-03  0.0           0.0           0.0           0.0          -1.386172E-01
             15        0  1.063082E-01  0.0           0.0           0.0           0.0          -6.666557E-01
             16        0  3.291617E-01  0.0           0.0           0.0           0.0          -1.093202E+00
             17        0  6.853251E-02  0.0           0.0           0.0           0.0          -5.411962E-01
             18        0  1.517307E-01  0.0           0.0           0.0           0.0          -7.856951E-01
             19        0  1.517307E-01  0.0           0.0           0.0           0.0          -7.856951E-01
                         ------------- ------------- ------------- ------------- ------------- -------------
                MAX* :    9.003164E-01  0.0           0.0           0.0           0.0           0.0         
                MIN* :    0.0           0.0           0.0           0.0           0.0          -1.414214E+00

                ABS* :    9.003164E-01  0.0           0.0           0.0           0.0           1.414214E+00
                *for output set

                                                    SPC Force Summary on AUTOSPC'd DOF's
                                                 (in global coordinate system at each grid)
        For detailed information on the SPC forces for the AUTOSPC DOF's, set field 7 (AUTOSPC_SPCF) on the PARAM AUTOSPC entry to Y

                              T1             T2             T3             R1             R2             R3

 ABS AUTOSPC FORCES  :   0.000000E+00   0.000000E+00   0.000000E+00   0.000000E+00   0.000000E+00   0.000000E+00
 AUTOSPC FORCE TOTALS:   0.000000E+00   0.000000E+00   0.000000E+00   0.000000E+00   0.000000E+00   0.000000E+00
     (for output set)


 OUTPUT FOR SUBCASE        2
 OUTPUT FOR EIGENVECTOR        2

                                                         E I G E N V E C T O R
                                              (in global coordinate system at each grid)
           GRID     COORD      T1            T2            T3            R1            R2            R3
                     SYS
              1        0  0.0           0.0           0.0           0.0           0.0           0.0         
              2        0  4.668399E-01  0.0           0.0           0.0           0.0           1.175888E+00
              3        0  5.320956E-01  0.0           0.0           0.0           0.0           8.971769E-01
              4        0  3.001086E-01  0.0           0.0           0.0           0.0           1.414228E+00
              5        0  1.097217E-01  0.0           0.0           0.0           0.0          -1.093213E+00
              6        0  5.944506E-01  0.0           0.0           0.0           0.0          -2.759022E-01
              7        0  4.415788E-01  0.0           0.0           0.0           0.0          -1.247238E+00
              8        0  5.123174E-01  0.0           0.0           0.0           0.0          -1.000010E+00
              9        0  3.586568E-01  0.0           0.0           0.0           0.0          -1.387054E+00
             10        0  5.057741E-02  0.0           0.0           0.0           0.0          -7.857031E-01
             11        0  5.987720E-01  0.0           0.0           0.0           0.0           1.386186E-01
             12        0  3.872255E-01  0.0           0.0           0.0           0.0           1.353332E+00
             13        0  5.773727E-01  0.0           0.0           0.0           0.0           5.412017E-01
             14        0  1.292257E-02  0.0           0.0           0.0           0.0          -4.105288E-01
             15        0  2.706928E-01  0.0           0.0           0.0           0.0          -1.407418E+00
             16        0  5.647807E-01  0.0           0.0           0.0           0.0          -6.666626E-01
             17        0  1.852620E-01  0.0           0.0           0.0           0.0          -1.306576E+00
             18        0  3.586568E-01  0.0           0.0           0.0           0.0          -1.387054E+00
             19        0  3.586568E-01  0.0           0.0           0.0           0.0          -1.387054E+00
                         ------------- ------------- ------------- ------------- ------------- -------------
                MAX* :    5.987720E-01  0.0           0.0           0.0           0.0           1.414228E+00
                MIN* :    0.0           0.0           0.0           0.0           0.0          -1.407418E+00

                ABS* :    5.987720E-01  0.0           0.0           0.0           0.0           1.414228E+00
                *for output set

                                                    SPC Force Summary on AUTOSPC'd DOF's
                                                 (in global coordinate system at each grid)
        For detailed information on the SPC forces for the AUTOSPC DOF's, set field 7 (AUTOSPC_SPCF) on the PARAM AUTOSPC entry to Y

                              T1             T2             T3             R1             R2             R3

 ABS AUTOSPC FORCES  :   0.000000E+00   0.000000E+00   0.000000E+00   0.000000E+00   0.000000E+00   0.000000E+00
 AUTOSPC FORCE TOTALS:   0.000000E+00   0.000000E+00   0.000000E+00   0.000000E+00   0.000000E+00   0.000000E+00
     (for output set)


 OUTPUT FOR SUBCASE        2
 OUTPUT FOR EIGENVECTOR        3

                                                         E I G E N V E C T O R
                                              (in global coordinate system at each grid)
           GRID     COORD      T1            T2            T3            R1            R2            R3
                     SYS
              1        0  0.0           0.0           0.0           0.0           0.0           0.0         
              2        0 -3.034856E-02  0.0           0.0           0.0           0.0           7.857565E-01
              3        0 -8.671231E-04  0.0           0.0           0.0           0.0           1.386280E-01
              4        0 -1.800776E-01  0.0           0.0           0.0           0.0           1.414324E+00
              5        0 -1.624270E-01  0.0           0.0           0.0           0.0           1.407514E+00
              6        0 -1.449462E-01  0.0           0.0           0.0           0.0          -1.387149E+00
              7        0 -3.524012E-01  0.0           0.0           0.0           0.0          -4.105567E-01
              8        0 -3.074118E-01  0.0           0.0           0.0           0.0          -1.000078E+00
              9        0 -3.566952E-01  0.0           0.0           0.0           0.0           2.759210E-01
             10        0 -8.003187E-02  0.0           0.0           0.0           0.0           1.175968E+00
             11        0 -6.583760E-02  0.0           0.0           0.0           0.0          -1.093288E+00
             12        0 -9.518963E-02  0.0           0.0           0.0           0.0           1.247323E+00
             13        0 -1.370759E-02  0.0           0.0           0.0           0.0          -5.412385E-01
             14        0 -2.126334E-02  0.0           0.0           0.0           0.0           6.667079E-01
             15        0 -3.192796E-01  0.0           0.0           0.0           0.0           8.972379E-01
             16        0 -2.323514E-01  0.0           0.0           0.0           0.0          -1.353424E+00
             17        0 -2.489904E-01  0.0           0.0           0.0           0.0           1.306665E+00
             18        0 -3.566952E-01  0.0           0.0           0.0           0.0           2.759210E-01
             19        0 -3.566952E-01  0.0           0.0           0.0           0.0           2.759210E-01
                         ------------- ------------- ------------- ------------- ------------- -------------
                MAX* :    0.0           0.0           0.0           0.0           0.0           1.414324E+00
                MIN* :   -3.566952E-01  0.0           0.0           0.0           0.0          -1.387149E+00

                ABS* :    3.566952E-01  0.0           0.0           0.0           0.0           1.414324E+00
                *for output set

                                                    SPC Force Summary on AUTOSPC'd DOF's
                                                 (in global coordinate system at each grid)
        For detailed information on the SPC forces for the AUTOSPC DOF's, set field 7 (AUTOSPC_SPCF) on the PARAM AUTOSPC entry to Y

                              T1             T2             T3             R1             R2             R3

 ABS AUTOSPC FORCES  :   0.000000E+00   0.000000E+00   0.000000E+00   0.000000E+00   0.000000E+00   0.000000E+00
 AUTOSPC FORCE TOTALS:   0.000000E+00   0.000000E+00   0.000000E+00   0.000000E+00   0.000000E+00   0.000000E+00
     (for output set)


 OUTPUT FOR SUBCASE        2
 OUTPUT FOR EIGENVECTOR        4

                                                         E I G E N V E C T O R
                                              (in global coordinate system at each grid)
           GRID     COORD      T1            T2            T3            R1            R2            R3
                     SYS
              1        0  0.0           0.0           0.0           0.0           0.0           0.0         
              2        0  2.548395E-01  0.0           0.0           0.0           0.0           2.759802E-01
              3        0  2.421200E-01  0.0           0.0           0.0           0.0          -6.668509E-01
              4        0  1.286558E-01  0.0           0.0           0.0           0.0           1.414628E+00
              5        0  1.893037E-01  0.0           0.0           0.0           0.0          -1.247590E+00
              6        0  2.168241E-02  0.0           0.0           0.0           0.0          -7.859251E-01
              7        0  1.160453E-01  0.0           0.0           0.0           0.0           1.407816E+00
              8        0  3.768240E-02  0.0           0.0           0.0           0.0           1.000293E+00
              9        0  2.001331E-01  0.0           0.0           0.0           0.0           1.176220E+00
             10        0  1.035563E-01  0.0           0.0           0.0           0.0          -1.387446E+00
             11        0  9.130897E-02  0.0           0.0           0.0           0.0          -1.353714E+00
             12        0  2.102741E-01  0.0           0.0           0.0           0.0           1.093522E+00
             13        0  1.778902E-01  0.0           0.0           0.0           0.0          -1.306946E+00
             14        0  2.920351E-02  0.0           0.0           0.0           0.0          -8.974304E-01
             15        0  2.517717E-01  0.0           0.0           0.0           0.0           4.106448E-01
             16        0  6.195127E-04  0.0           0.0           0.0           0.0           1.386578E-01
             17        0  2.475182E-01  0.0           0.0           0.0           0.0          -5.413546E-01
             18        0  2.001331E-01  0.0           0.0           0.0           0.0           1.176220E+00
             19        0  2.001331E-01  0.0           0.0           0.0           0.0           1.176220E+00
                         ------------- ------------- ------------- ------------- ------------- -------------
                MAX* :    2.548395E-01  0.0           0.0           0.0           0.0           1.414628E+00
                MIN* :    0.0           0.0           0.0           0.0           0.0          -1.387446E+00

                ABS* :    2.548395E-01  0.0           0.0           0.0           0.0           1.414628E+00
                *for output set

                                                    SPC Force Summary on AUTOSPC'd DOF's
                                                 (in global coordinate system at each grid)
        For detailed information on the SPC forces for the AUTOSPC DOF's, set field 7 (AUTOSPC_SPCF) on the PARAM AUTOSPC entry to Y

                              T1             T2             T3             R1             R2             R3

 ABS AUTOSPC FORCES  :   0.000000E+00   0.000000E+00   0.000000E+00   0.000000E+00   0.000000E+00   0.000000E+00
 AUTOSPC FORCE TOTALS:   0.000000E+00   0.000000E+00   0.000000E+00   0.000000E+00   0.000000E+00   0.000000E+00
     (for output set)

 >> LINK  9 END

    Total CPU time =  3.12E-02 seconds

 >> MYSTRAN END    :  6/27/2026 at 19:34:24.986

                                          * * * END OF JOB * * *
