   604115629

 MYSTRAN Version 18.0.0   APR 20 2026 MYSTRAN developed by Dr Bill Case
*** Please report any problems to mystransolver@gmail.com ***                                                                                                                                                                                                   

 >> MYSTRAN BEGIN  :  6/ 4/2026 at 11:56:29.928 The input file is C:\Users\victo\Documents\Git\MYSTRAN_Validation\working\NAS S30 gravity node order.bdf                                                                                                                                                                          


 >> LINK  0 BEGIN


SOL 101                                                                                                                                                                                                                                                         
CEND                                                                                                                                                                                                                                                            
DISPLACEMENT = ALL                                                                                                                                                                                                                                              
SPC = 1                                                                                                                                                                                                                                                         
LOAD = 1                                                                                                                                                                                                                                                        
BEGIN BULK                                                                                                                                                                                                                                                      
ECHO: loadb PARAM    STR_CID      -2                                                                                                                                                                                                                                        
ECHO: loadb MAT1           1  1.0+11  5.0+10   0.0+0   1.0+3   0.0+0   0.0+0                                                                                                                                                                                                
ECHO: loadb SPC            1       1       1   0.0+0                                                                                                                                                                                                                        
ECHO: loadb SPC            1       1       3   0.0+0                                                                                                                                                                                                                        
ECHO: loadb SPC            1       2       3   0.0+0                                                                                                                                                                                                                        
ECHO: loadb SPC            1       3       2   0.0+0                                                                                                                                                                                                                        
ECHO: loadb SPC            1       3       3   0.0+0                                                                                                                                                                                                                        
ECHO: loadb SPC            1       4       1   0.0+0                                                                                                                                                                                                                        
ECHO: loadb SPC            1       4       2   0.0+0                                                                                                                                                                                                                        
ECHO: loadb SPC            1       4       3   0.0+0                                                                                                                                                                                                                        
ECHO: loadb SPC            1       5       1   0.0+0                                                                                                                                                                                                                        
ECHO: loadb SPC            1       7       2   0.0+0                                                                                                                                                                                                                        
ECHO: loadb SPC            1       8       2   0.0+0                                                                                                                                                                                                                        
ECHO: loadb SPC            1       8       1   0.0+0                                                                                                                                                                                                                        
ECHO: loadb SPC            1       9       1   0.0+0                                                                                                                                                                                                                        
ECHO: loadb SPC            1       9       3   0.0+0                                                                                                                                                                                                                        
ECHO: loadb SPC            1      10       3   0.0+0                                                                                                                                                                                                                        
ECHO: loadb SPC            1      11       2   0.0+0                                                                                                                                                                                                                        
ECHO: loadb SPC            1      11       3   0.0+0                                                                                                                                                                                                                        
ECHO: loadb SPC            1      12       1   0.0+0                                                                                                                                                                                                                        
ECHO: loadb SPC            1      12       2   0.0+0                                                                                                                                                                                                                        
ECHO: loadb SPC            1      12       3   0.0+0                                                                                                                                                                                                                        
ECHO: loadb SPC            1      13       1   0.0+0                                                                                                                                                                                                                        
ECHO: loadb SPC            1      15       2   0.0+0                                                                                                                                                                                                                        
ECHO: loadb SPC            1      16       2   0.0+0                                                                                                                                                                                                                        
ECHO: loadb SPC            1      16       1   0.0+0                                                                                                                                                                                                                        
ECHO: loadb PSOLID         1       1       0       2               1                                                                                                                                                                                                        
ECHO: loadb CHEXA          1       1       1       2       3       4       5       6+                                                                                                                                                                                       
ECHO:  nextc +              7       8                                                                                                                                                                                                                                        
ECHO: loadb CHEXA          2       1       9      10      11      12      13      14+                                                                                                                                                                                       
ECHO:  nextc +             15      16                                                                                                                                                                                                                                        
ECHO: loadb GRAV           3       0   1.0+0   0.0+0  -1.0+1   0.0+0                                                                                                                                                                                                        
ECHO: loadb LOAD           1   1.0+0   1.0+0       3                                                                                                                                                                                                                        
ECHO: loadb GRID           9       0   0.0+0   0.0+0   0.0+0       0                                                                                                                                                                                                        
ECHO: loadb GRID          10       0   5.0-1   0.0+0   0.0+0       0                                                                                                                                                                                                        
ECHO: loadb GRID           3       0  -1.0+0   1.0+0   0.0+0       0                                                                                                                                                                                                        
ECHO: loadb GRID           4       0  -2.0+0   1.0+0   0.0+0       0                                                                                                                                                                                                        
ECHO: loadb GRID           5       0  -2.0+0   0.0+0   1.0+0       0                                                                                                                                                                                                        
ECHO: loadb GRID           6       0  -1.0+0   0.0+0   1.0+0       0                                                                                                                                                                                                        
ECHO: loadb GRID           7       0  -1.0+0   1.0+0   1.0+0       0                                                                                                                                                                                                        
ECHO: loadb GRID           8       0  -2.0+0   1.0+0   1.0+0       0                                                                                                                                                                                                        
ECHO: loadb GRID           1       0  -2.0+0   0.0+0   0.0+0       0                                                                                                                                                                                                        
ECHO: loadb GRID           2       0  -1.0+0   0.0+0   0.0+0       0                                                                                                                                                                                                        
ECHO: loadb GRID          11       0   5.0-1   5.0-1   0.0+0       0                                                                                                                                                                                                        
ECHO: loadb GRID          12       0   0.0+0   5.0-1   0.0+0       0                                                                                                                                                                                                        
ECHO: loadb GRID          13       0   0.0+0   0.0+0   5.0-1       0                                                                                                                                                                                                        
ECHO: loadb GRID          14       0   5.0-1   0.0+0   5.0-1       0                                                                                                                                                                                                        
ECHO: loadb GRID          15       0   5.0-1   5.0-1   5.0-1       0                                                                                                                                                                                                        
ECHO: loadb GRID          16       0   0.0+0   5.0-1   5.0-1       0                                                                                                                                                                                                        
ECHO: loadb ENDDATA                                                                                                                                                                                                                                                         




 >> LINK  0 END


 >> LINK  1 BEGIN

               DEALLOCATED  7.37E-02 MB MEMORY FROM ARRAY STF3


 *INFORMATION: AUTOSPC Summary, Stage 1 after identification of AUTOSPC's at the grid level                                                 

                                     AUTOSPC_RAT = 1.000000E-08

                       Number of DOF's identified for AUTOSPC in component  1         =            0
                       Number of DOF's identified for AUTOSPC in component  2         =            0
                       Number of DOF's identified for AUTOSPC in component  3         =            0
                       Number of DOF's identified for AUTOSPC in component  4         =           16
                       Number of DOF's identified for AUTOSPC in component  5         =           16
                       Number of DOF's identified for AUTOSPC in component  6         =           16
                                                                                        ------------
                       Total number of DOF's identified in this stage                 =           48

               DEALLOCATED  3.84E-04 MB MEMORY FROM ARRAY STFKEY
               DEALLOCATED  7.37E-02 MB MEMORY FROM ARRAY STF3

 >> LINK  1 END


 >> LINK  2 BEGIN



 *INFORMATION: AUTOSPC Summary, Overall: after identification of all AUTOSPC's                                                               

                                     AUTOSPC_RAT = 1.000000E-08

                       Number of DOF's identified for AUTOSPC in component  1         =            0
                       Number of DOF's identified for AUTOSPC in component  2         =            0
                       Number of DOF's identified for AUTOSPC in component  3         =            0
                       Number of DOF's identified for AUTOSPC in component  4         =           16
                       Number of DOF's identified for AUTOSPC in component  5         =           16
                       Number of DOF's identified for AUTOSPC in component  6         =           16
                                                                                        ------------
                       Total number of DOF's identified overall                       =           48


 >> LINK  2 END


 >> LINK  3 BEGIN

 SUPERLU FACTORIZATION OF MATRIX KLL SUCCEEDED IN SUBR SYM_MAT_DECOMP_SUPRLU          

 *INFORMATION: FOR INTERNAL SUBCASE NUMBER        1 EPSILON ERROR ESTIMATE            =  2.299960E-32 Based on U'*(K*U - P)/(U'*P)


 >> LINK  3 END


 >> LINK  5 BEGIN


 >> LINK  5 END


 >> LINK  9 BEGIN



 OUTPUT FOR SUBCASE        1

                                                       D I S P L A C E M E N T S
                                              (in global coordinate system at each grid)
           GRID     COORD      T1            T2            T3            R1            R2            R3
                     SYS
              1        0  0.0          -5.000000E-08  0.0           0.0           0.0           0.0         
              2        0  3.141546E-24 -5.000000E-08  0.0           0.0           0.0           0.0         
              3        0 -4.476419E-24  0.0           0.0           0.0           0.0           0.0         
              4        0  0.0           0.0           0.0           0.0           0.0           0.0         
              5        0  0.0          -5.000000E-08  6.826664E-24  0.0           0.0           0.0         
              6        0  5.491808E-24 -5.000000E-08  5.639938E-25  0.0           0.0           0.0         
              7        0 -2.346596E-24  0.0          -1.541042E-24  0.0           0.0           0.0         
              8        0  0.0           0.0          -3.124945E-24  0.0           0.0           0.0         
              9        0  0.0          -1.250000E-08  0.0           0.0           0.0           0.0         
             10        0 -3.313948E-25 -1.250000E-08  0.0           0.0           0.0           0.0         
             11        0 -9.148238E-26  0.0           0.0           0.0           0.0           0.0         
             12        0  0.0           0.0           0.0           0.0           0.0           0.0         
             13        0  0.0          -1.250000E-08 -5.454304E-25  0.0           0.0           0.0         
             14        0  0.0          -1.250000E-08  6.200331E-25  0.0           0.0           0.0         
             15        0 -5.861978E-25  0.0          -8.095112E-25  0.0           0.0           0.0         
             16        0  0.0           0.0           4.305551E-25  0.0           0.0           0.0         
                         ------------- ------------- ------------- ------------- ------------- -------------
                MAX* :    5.491808E-24  0.0           6.826664E-24  0.0           0.0           0.0         
                MIN* :   -4.476419E-24 -5.000000E-08 -3.124945E-24  0.0           0.0           0.0         

                ABS* :    5.491808E-24  5.000000E-08  6.826664E-24  0.0           0.0           0.0         
                *for output set

                                                    SPC Force Summary on AUTOSPC'd DOF's
                                                 (in global coordinate system at each grid)
        For detailed information on the SPC forces for the AUTOSPC DOF's, set field 7 (AUTOSPC_SPCF) on the PARAM AUTOSPC entry to Y

                              T1             T2             T3             R1             R2             R3

 ABS AUTOSPC FORCES  :   0.000000E+00   0.000000E+00   0.000000E+00   0.000000E+00   0.000000E+00   0.000000E+00
 AUTOSPC FORCE TOTALS:   0.000000E+00   0.000000E+00   0.000000E+00   0.000000E+00   0.000000E+00   0.000000E+00
     (for output set)

 >> LINK  9 END

    Total CPU time =  1.56E-02 seconds

 >> MYSTRAN END    :  6/ 4/2026 at 11:56:30. 13
