   604115630

 MYSTRAN Version 18.0.0   APR 20 2026 MYSTRAN developed by Dr Bill Case
*** Please report any problems to mystransolver@gmail.com ***                                                                                                                                                                                                   

 >> MYSTRAN BEGIN  :  6/ 4/2026 at 11:56:30.446 The input file is C:\Users\victo\Documents\Git\MYSTRAN_Validation\working\S30 Beam MPC nonhomogenous.bdf                                                                                                                                                                          


 >> LINK  0 BEGIN


SOL 101                                                                                                                                                                                                                                                         
CEND                                                                                                                                                                                                                                                            
DISPLACEMENT = ALL                                                                                                                                                                                                                                              
SPCFORCES = ALL                                                                                                                                                                                                                                                 
MPCFORCES = ALL                                                                                                                                                                                                                                                 
STRESS(CORNER) = ALL                                                                                                                                                                                                                                            
STRAIN(CORNER) = ALL                                                                                                                                                                                                                                            
SPC = 1                                                                                                                                                                                                                                                         
MPC = 1                                                                                                                                                                                                                                                         
LOAD = 1                                                                                                                                                                                                                                                        
BEGIN BULK                                                                                                                                                                                                                                                      
ECHO: loadb GRID           1       0  -5.0-1   0.0+0   0.0+0       0                                                                                                                                                                                                        
ECHO: loadb GRID           2       0   5.0-1   0.0+0   0.0+0       0                                                                                                                                                                                                        
ECHO: loadb GRID           3       0   1.5+0   0.0+0   0.0+0       0                                                                                                                                                                                                        
ECHO: loadb GRID           4       0   1.0+0   0.0+0   0.0+0       0                                                                                                                                                                                                        
ECHO: loadb SPOINT         5                                                                                                                                                                                                                                                
ECHO: loadb PARAM    STR_CID      -2                                                                                                                                                                                                                                        
ECHO: loadb MAT1           1   1.0+4   5.0+3   0.0+0   0.0+0   0.0+0   0.0+0                                                                                                                                                                                                
ECHO: loadb SPC            1       1       1   0.0+0                                                                                                                                                                                                                        
ECHO: loadb SPC            1       1       2   0.0+0                                                                                                                                                                                                                        
ECHO: loadb SPC            1       1       3   0.0+0                                                                                                                                                                                                                        
ECHO: loadb SPC            1       1       4   0.0+0                                                                                                                                                                                                                        
ECHO: loadb SPC            1       1       5   0.0+0                                                                                                                                                                                                                        
ECHO: loadb SPC            1       1       6   0.0+0                                                                                                                                                                                                                        
ECHO: loadb SPC            1       3       2   0.0+0                                                                                                                                                                                                                        
ECHO: loadb SPC            1       3       3   0.0+0                                                                                                                                                                                                                        
ECHO: loadb SPC            1       3       5   0.0+0                                                                                                                                                                                                                        
ECHO: loadb SPC            1       3       6   0.0+0                                                                                                                                                                                                                        
ECHO: loadb SPC            1       3       4   0.0+0                                                                                                                                                                                                                        
ECHO: loadb SPC            1       5       1   2.0-1                                                                                                                                                                                                                        
ECHO: loadb MPC            1       2       1  -1.0+0       4       1   1.0+0        +                                                                                                                                                                                       
ECHO:  nextc +                      5       1  -1.0+0                                                                                                                                                                                                                        
ECHO: loadb PBAR*                  1               1           8.0-3 6.66666666667-6*                                                                                                                                                                                       
ECHO: loadb *        4.26666666667-6 8.75866794667-6           0.0+0                                                                                                                                                                                                        
ECHO: loadb CBAR           1       1       1       2   0.0+0   1.0+0   0.0+0                                                                                                                                                                                                
ECHO: loadb CBAR           2       1       4       3   0.0+0   1.0+0   0.0+0                                                                                                                                                                                                
ECHO: loadb FORCE          2       3       0   1.0+0   4.0+0   0.0+0   0.0+0                                                                                                                                                                                                
ECHO: loadb LOAD           1   1.0+0   1.0+0       2                                                                                                                                                                                                                        
ECHO: loadb ENDDATA                                                                                                                                                                                                                                                         




 >> LINK  0 END


 >> LINK  1 BEGIN

               DEALLOCATED  4.61E-03 MB MEMORY FROM ARRAY STF3

               DEALLOCATED  1.00E-04 MB MEMORY FROM ARRAY STFKEY
               DEALLOCATED  4.61E-03 MB MEMORY FROM ARRAY STF3

 >> LINK  1 END


 >> LINK  2 BEGIN



 *INFORMATION: AUTOSPC Summary, Overall: after identification of all AUTOSPC's                                                               

                                     AUTOSPC_RAT = 1.000000E-08

                       Number of DOF's identified for AUTOSPC in component  1         =            0
                       Number of DOF's identified for AUTOSPC in component  2         =            0
                       Number of DOF's identified for AUTOSPC in component  3         =            0
                       Number of DOF's identified for AUTOSPC in component  4         =            0
                       Number of DOF's identified for AUTOSPC in component  5         =            0
                       Number of DOF's identified for AUTOSPC in component  6         =            0
                                                                                        ------------
                       Total number of DOF's identified overall                       =            0


 >> LINK  2 END


 >> LINK  3 BEGIN

 SUPERLU FACTORIZATION OF MATRIX KLL SUCCEEDED IN SUBR SYM_MAT_DECOMP_SUPRLU          

 *INFORMATION: FOR INTERNAL SUBCASE NUMBER        1 EPSILON ERROR ESTIMATE            =  0.000000E+00 Based on U'*(K*U - P)/(U'*P)


 >> LINK  3 END


 >> LINK  5 BEGIN


 >> LINK  5 END


 >> LINK  9 BEGIN



 OUTPUT FOR SUBCASE        1

                                                       D I S P L A C E M E N T S
                                              (in global coordinate system at each grid)
           GRID     COORD      T1            T2            T3            R1            R2            R3
                     SYS
              1        0  0.0           0.0           0.0           0.0           0.0           0.0         
              2        0  5.000000E-02  0.0           0.0           0.0           0.0           0.0         
              3        0  2.750000E-01  0.0           0.0           0.0           0.0           0.0         
              4        0  2.500000E-01  0.0           0.0           0.0           0.0           0.0         
              5        0  2.000000E-01  0.0           0.0           0.0           0.0           0.0         
                         ------------- ------------- ------------- ------------- ------------- -------------
                MAX* :    2.750000E-01  0.0           0.0           0.0           0.0           0.0         
                MIN* :    0.0           0.0           0.0           0.0           0.0           0.0         

                ABS* :    2.750000E-01  0.0           0.0           0.0           0.0           0.0         
                *for output set


 OUTPUT FOR SUBCASE        1

                                                          S P C   F O R C E S
                                              (in global coordinate system at each grid)
           GRID     COORD      T1            T2            T3            R1            R2            R3
                     SYS
              1        0 -4.000000E+00  0.0           0.0           0.0           0.0           0.0         
              5        0 -4.000000E+00  0.0           0.0           0.0           0.0           0.0         
                         ------------- ------------- ------------- ------------- ------------- -------------
     SPC FORCE TOTALS:   -8.000000E+00  0.0           0.0           0.0           0.0           0.0         
     (for output set)


 OUTPUT FOR SUBCASE        1

                                                          M P C   F O R C E S
                                              (in global coordinate system at each grid)
           GRID     COORD      T1            T2            T3            R1            R2            R3
                     SYS
              2        0  4.000000E+00  0.0           0.0           0.0           0.0           0.0         
              4        0 -4.000000E+00  0.0           0.0           0.0           0.0           0.0         
              5        0  4.000000E+00  0.0           0.0           0.0           0.0           0.0         
                         ------------- ------------- ------------- ------------- ------------- -------------
                MAX* :    4.000000E+00  0.0           0.0           0.0           0.0           0.0         
                MIN* :   -4.000000E+00  0.0           0.0           0.0           0.0           0.0         

                ABS* :    4.000000E+00  0.0           0.0           0.0           0.0           0.0         
                *for output set
                         ------------- ------------- ------------- ------------- ------------- -------------
     MPC FORCE TOTALS:    4.000000E+00  0.0           0.0           0.0           0.0           0.0         
     (for output set)


 OUTPUT FOR SUBCASE        1

             E L E M E N T   S T R E S S E S   I N   L O C A L   E L E M E N T   C O O R D I N A T E   S Y S T E M
                                          F O R   E L E M E N T   T Y P E   B A R      
  Element      SA1           SA2           SA3           SA4          Axial         SA-Max        SA-Min      M.S.-T
     ID        SB1           SB2           SB3           SB4          Stress        SB-Max        SB-Min      M.S.-C

        1  0.0           0.0           0.0           0.0           5.000000E+02  5.000000E+02  5.000000E+02                          
           0.0           0.0           0.0           0.0                         5.000000E+02  5.000000E+02                          

        2  0.0           0.0           0.0           0.0           5.000000E+02  5.000000E+02  5.000000E+02                          
           0.0           0.0           0.0           0.0                         5.000000E+02  5.000000E+02                          
          ------------- ------------- ------------- ------------- ------------- ------------- ------------- ---------
 MAX* :    0.0           0.0           0.0           0.0           5.000000E+02  5.000000E+02  5.000000E+02 -1.00E+00
 MAX* :    0.0           0.0           0.0           0.0           5.000000E+02  5.000000E+02  5.000000E+02 -1.00E+00

 MIN* :    0.0           0.0           0.0           0.0           5.000000E+02  5.000000E+02  5.000000E+02 -1.00E+00
 MIN* :    0.0           0.0           0.0           0.0           5.000000E+02  5.000000E+02  5.000000E+02 -1.00E+00

 ABS* :    0.0           0.0           0.0           0.0           5.000000E+02  5.000000E+02  5.000000E+02  1.00E+00
 ABS* :    0.0           0.0           0.0           0.0           5.000000E+02  5.000000E+02  5.000000E+02  1.00E+00
 *for output set

 >> LINK  9 END

    Total CPU time =  1.56E-02 seconds

 >> MYSTRAN END    :  6/ 4/2026 at 11:56:30.541
