   627193356

 MYSTRAN Version 18.0.0   APR 20 2026 MYSTRAN developed by Dr Bill Case
*** Please report any problems to mystransolver@gmail.com ***                                                                                                                                                                                                   

 >> MYSTRAN BEGIN  :  6/27/2026 at 19:33:56.995 The input file is C:\Users\victo\Documents\Git\MYSTRAN_Validation\working\NAS S30 PLOAD2 PLOAD4 MITC4+.bdf                                                                                                                                                                        


 >> LINK  0 BEGIN


SOL 101                                                                                                                                                                                                                                                         
CEND                                                                                                                                                                                                                                                            
DISPLACEMENT = ALL                                                                                                                                                                                                                                              
SPCFORCES = ALL                                                                                                                                                                                                                                                 
MPCFORCES = ALL                                                                                                                                                                                                                                                 
SPC = 1                                                                                                                                                                                                                                                         
LOAD = 1                                                                                                                                                                                                                                                        
BEGIN BULK                                                                                                                                                                                                                                                      
ECHO: loadb GRID           1       0   0.0+0   0.0+0   0.0+0       0                                                                                                                                                                                                        
ECHO: loadb GRID           2       0   7.5-1   5.0-1   0.0+0       0                                                                                                                                                                                                        
ECHO: loadb GRID           3       0   7.5-1   2.5-1   0.0+0       0                                                                                                                                                                                                        
ECHO: loadb GRID           4       0   0.0+0   2.5-1   0.0+0       0                                                                                                                                                                                                        
ECHO: loadb GRID           5       0   5.0-1   0.0+0   0.0+0       0                                                                                                                                                                                                        
ECHO: loadb GRID           6       0   7.5-1   7.5-1   0.0+0       0                                                                                                                                                                                                        
ECHO: loadb GRID*                  7               0 3.45096189432-1 1.95096189432-1*                                                                                                                                                                                       
ECHO: loadb *                  0.0+0               0                                                                                                                                                                                                                        
ECHO: loadb GRID           8       0   0.0+0   5.0-1   0.0+0       0                                                                                                                                                                                                        
ECHO: loadb GRID*                  9               0 4.36602540378-1 5.36602540378-1*                                                                                                                                                                                       
ECHO: loadb *                  0.0+0               0                                                                                                                                                                                                                        
ECHO: loadb GRID*                 10               0 2.20096189432-1 4.11602540378-1*                                                                                                                                                                                       
ECHO: loadb *                  0.0+0               0                                                                                                                                                                                                                        
ECHO: loadb GRID          11       0   5.0-1   7.5-1   0.0+0       0                                                                                                                                                                                                        
ECHO: loadb GRID          12       0   7.5-1   0.0+0   0.0+0       0                                                                                                                                                                                                        
ECHO: loadb GRID          13       0   0.0+0   7.5-1   0.0+0       0                                                                                                                                                                                                        
ECHO: loadb GRID          14       0   2.5-1   7.5-1   0.0+0       0                                                                                                                                                                                                        
ECHO: loadb GRID          15       0   2.5-1   0.0+0   0.0+0       0                                                                                                                                                                                                        
ECHO: loadb GRID*                 16               0 5.61602540378-1 3.20096189432-1*                                                                                                                                                                                       
ECHO: loadb *                  0.0+0               0                                                                                                                                                                                                                        
ECHO: loadb GRID          17       0   2.0+0   0.0+0   0.0+0       0                                                                                                                                                                                                        
ECHO: loadb GRID*                 18               0          2.75+0 3.0615158846-17*                                                                                                                                                                                       
ECHO: loadb *                  5.0-1               0                                                                                                                                                                                                                        
ECHO: loadb GRID*                 19               0          2.75+0 1.5307579423-17*                                                                                                                                                                                       
ECHO: loadb *                  2.5-1               0                                                                                                                                                                                                                        
ECHO: loadb GRID*                 20               0           2.0+0 1.5307579423-17*                                                                                                                                                                                       
ECHO: loadb *                  2.5-1               0                                                                                                                                                                                                                        
ECHO: loadb GRID          21       0   2.5+0   0.0+0   0.0+0       0                                                                                                                                                                                                        
ECHO: loadb GRID*                 22               0          2.75+0 4.5922738268-17*                                                                                                                                                                                       
ECHO: loadb *                  7.5-1               0                                                                                                                                                                                                                        
ECHO: loadb GRID*                 23               0 2.34509618943+0 1.1945801659-17*                                                                                                                                                                                       
ECHO: loadb *        1.95096189432-1               0                                                                                                                                                                                                                        
ECHO: loadb GRID*                 24               0           2.0+0 3.0615158846-17*                                                                                                                                                                                       
ECHO: loadb *                  5.0-1               0                                                                                                                                                                                                                        
ECHO: loadb GRID*                 25               0 2.43660254038+0 3.2856344021-17*                                                                                                                                                                                       
ECHO: loadb *        5.36602540378-1               0                                                                                                                                                                                                                        
ECHO: loadb GRID*                 26               0 2.22009618943+0  2.520255431-17*                                                                                                                                                                                       
ECHO: loadb *        4.11602540378-1               0                                                                                                                                                                                                                        
ECHO: loadb GRID*                 27               0           2.5+0 4.5922738268-17*                                                                                                                                                                                       
ECHO: loadb *                  7.5-1               0                                                                                                                                                                                                                        
ECHO: loadb GRID          28       0  2.75+0   0.0+0   0.0+0       0                                                                                                                                                                                                        
ECHO: loadb GRID*                 29               0           2.0+0 4.5922738268-17*                                                                                                                                                                                       
ECHO: loadb *                  7.5-1               0                                                                                                                                                                                                                        
ECHO: loadb GRID*                 30               0          2.25+0 4.5922738268-17*                                                                                                                                                                                       
ECHO: loadb *                  7.5-1               0                                                                                                                                                                                                                        
ECHO: loadb GRID          31       0  2.25+0   0.0+0   0.0+0       0                                                                                                                                                                                                        
ECHO: loadb GRID*                 32               0 2.56160254038+0 1.9599591371-17*                                                                                                                                                                                       
ECHO: loadb *        3.20096189432-1               0                                                                                                                                                                                                                        
ECHO: loadb PARAM    STR_CID      -2                                                                                                                                                                                                                                        
ECHO: loadb MAT1*                  1          2.0+11 7.4074074074+10           3.5-1*                                                                                                                                                                                       
ECHO: loadb *                  0.0+0           0.0+0           0.0+0                                                                                                                                                                                                        
ECHO: loadb SPC            1       1       1   0.0+0                                                                                                                                                                                                                        
ECHO: loadb SPC            1       1       2   0.0+0                                                                                                                                                                                                                        
ECHO: loadb SPC            1       1       3   0.0+0                                                                                                                                                                                                                        
ECHO: loadb SPC            1       6       3   0.0+0                                                                                                                                                                                                                        
ECHO: loadb SPC            1      12       3   0.0+0                                                                                                                                                                                                                        
ECHO: loadb SPC            1      13       3   0.0+0                                                                                                                                                                                                                        
ECHO: loadb SPC            1      13       1   0.0+0                                                                                                                                                                                                                        
ECHO: loadb SPC            1      17       1   0.0+0                                                                                                                                                                                                                        
ECHO: loadb SPC            1      17       2   0.0+0                                                                                                                                                                                                                        
ECHO: loadb SPC            1      17       3   0.0+0                                                                                                                                                                                                                        
ECHO: loadb SPC            1      22       2   0.0+0                                                                                                                                                                                                                        
ECHO: loadb SPC            1      28       2   0.0+0                                                                                                                                                                                                                        
ECHO: loadb SPC            1      29       1   0.0+0                                                                                                                                                                                                                        
ECHO: loadb SPC            1      29       2   0.0+0                                                                                                                                                                                                                        
ECHO: loadb PSHELL         1       1   1.0-2       1               1           0.0+0                                                                                                                                                                                        
ECHO: loadb CQUAD4         1       1       9       2       6      11   0.0+0   0.0+0                                                                                                                                                                                        
ECHO: loadb CQUAD4         2       1       5      12       3      16   0.0+0   0.0+0                                                                                                                                                                                        
ECHO: loadb CQUAD4         3       1      16       3       2       9   0.0+0   0.0+0                                                                                                                                                                                        
ECHO: loadb CQUAD4         4       1       4       7      10       8   0.0+0   0.0+0                                                                                                                                                                                        
ECHO: loadb CQUAD4         5       1       8      10      14      13   0.0+0   0.0+0                                                                                                                                                                                        
ECHO: loadb CQUAD4         6       1      10       9      11      14   0.0+0   0.0+0                                                                                                                                                                                        
ECHO: loadb CQUAD4         7       1       7      16       9      10   0.0+0   0.0+0                                                                                                                                                                                        
ECHO: loadb CQUAD4         8       1      15       5      16       7   0.0+0   0.0+0                                                                                                                                                                                        
ECHO: loadb CQUAD4         9       1       1      15       7       4   0.0+0   0.0+0                                                                                                                                                                                        
ECHO: loadb CQUAD4        10       1      25      18      22      27   0.0+0   0.0+0                                                                                                                                                                                        
ECHO: loadb CQUAD4        11       1      21      28      19      32   0.0+0   0.0+0                                                                                                                                                                                        
ECHO: loadb CQUAD4        12       1      32      19      18      25   0.0+0   0.0+0                                                                                                                                                                                        
ECHO: loadb CQUAD4        13       1      20      23      26      24   0.0+0   0.0+0                                                                                                                                                                                        
ECHO: loadb CQUAD4        14       1      24      26      30      29   0.0+0   0.0+0                                                                                                                                                                                        
ECHO: loadb CQUAD4        15       1      26      25      27      30   0.0+0   0.0+0                                                                                                                                                                                        
ECHO: loadb CQUAD4        16       1      23      32      25      26   0.0+0   0.0+0                                                                                                                                                                                        
ECHO: loadb CQUAD4        17       1      31      21      32      23   0.0+0   0.0+0                                                                                                                                                                                        
ECHO: loadb CQUAD4        18       1      17      31      23      20   0.0+0   0.0+0                                                                                                                                                                                        
ECHO: loadb FORCE          2       1       0   1.0+0  5.0-10   0.0+0   0.0+0                                                                                                                                                                                                
ECHO: loadb FORCE          2      17       0   1.0+0  5.0-10   0.0+0   0.0+0                                                                                                                                                                                                
ECHO: loadb LOAD           1   1.0+0   1.0+0       2                                                                                                                                                                                                                        
ECHO: loadb PARAM,QUAD4TYP,MITC4+                                                                                                                                                                                                                                           
ECHO: loadb                                                                                                                                                                                                                                                                 
ECHO: loadb PLOAD2,1,44.0,1,2,3,4,5,6                                                                                                                                                                                                                                       
ECHO: loadb PLOAD2,1,44.0,7,8,9                                                                                                                                                                                                                                             
ECHO: loadb                                                                                                                                                                                                                                                                 
ECHO: loadb PLOAD4,1,10,-80.0,-80.0,-80.0,-80.0                                                                                                                                                                                                                             
ECHO: loadb PLOAD4,1,11,-80.0,-80.0,-80.0                                                                                                                                                                                                                                   
ECHO: loadb PLOAD4,1,12,-80.0,-80.0                                                                                                                                                                                                                                         
ECHO: loadb PLOAD4,1,13,-80.0                                                                                                                                                                                                                                               
ECHO: loadb PLOAD4,1,14,-80.0,-80.0,-80.0,-80.0,THRU,18                                                                                                                                                                                                                     
ECHO: loadb                                                                                                                                                                                                                                                                 
ECHO: loadb ENDDATA                                                                                                                                                                                                                                                         




 >> LINK  0 END


 >> LINK  1 BEGIN

               DEALLOCATED  1.66E-01 MB MEMORY FROM ARRAY STF3


 *INFORMATION: AUTOSPC Summary, Stage 1 after identification of AUTOSPC's at the grid level                                                 

                                     AUTOSPC_RAT = 1.000000E-08

                       Number of DOF's identified for AUTOSPC in component  1         =            0
                       Number of DOF's identified for AUTOSPC in component  2         =            0
                       Number of DOF's identified for AUTOSPC in component  3         =            0
                       Number of DOF's identified for AUTOSPC in component  4         =            0
                       Number of DOF's identified for AUTOSPC in component  5         =           16
                       Number of DOF's identified for AUTOSPC in component  6         =           16
                                                                                        ------------
                       Total number of DOF's identified in this stage                 =           32

               DEALLOCATED  7.68E-04 MB MEMORY FROM ARRAY STFKEY
               DEALLOCATED  1.66E-01 MB MEMORY FROM ARRAY STF3

 >> LINK  1 END


 >> LINK  2 BEGIN



 *INFORMATION: AUTOSPC Summary, Overall: after identification of all AUTOSPC's                                                               

                                     AUTOSPC_RAT = 1.000000E-08

                       Number of DOF's identified for AUTOSPC in component  1         =            0
                       Number of DOF's identified for AUTOSPC in component  2         =            0
                       Number of DOF's identified for AUTOSPC in component  3         =            0
                       Number of DOF's identified for AUTOSPC in component  4         =            0
                       Number of DOF's identified for AUTOSPC in component  5         =           16
                       Number of DOF's identified for AUTOSPC in component  6         =           16
                                                                                        ------------
                       Total number of DOF's identified overall                       =           32


 >> LINK  2 END


 >> LINK  3 BEGIN

 SUPERLU FACTORIZATION OF MATRIX KLL SUCCEEDED IN SUBR SYM_MAT_DECOMP_SUPRLU          

 *INFORMATION: FOR INTERNAL SUBCASE NUMBER        1 EPSILON ERROR ESTIMATE            = -7.098036E-13 Based on U'*(K*U - P)/(U'*P)


 >> LINK  3 END


 >> LINK  5 BEGIN


 >> LINK  5 END


 >> LINK  9 BEGIN



 OUTPUT FOR SUBCASE        1

                                                       D I S P L A C E M E N T S
                                              (in global coordinate system at each grid)
           GRID     COORD      T1            T2            T3            R1            R2            R3
                     SYS
              1        0  0.0           0.0           0.0           4.922752E-05 -3.918119E-05  0.0         
              2        0  0.0           0.0           8.737376E-06 -2.092452E-05  2.046488E-05  0.0         
              3        0  0.0           0.0           8.159460E-06  2.551829E-05  1.294932E-05  0.0         
              4        0  0.0           0.0           8.683764E-06  2.013662E-05 -2.163875E-05  0.0         
              5        0  0.0           0.0           8.680375E-06  2.104413E-05  1.999542E-05  0.0         
              6        0  0.0           0.0           0.0          -4.886626E-05  4.111496E-05  0.0         
              7        0  0.0           0.0           1.193938E-05  1.290489E-05 -2.481626E-06  0.0         
              8        0  0.0           0.0           8.150500E-06 -2.437303E-05 -1.408149E-05  0.0         
              9        0  0.0           0.0           1.202866E-05 -1.332301E-05  4.535044E-06  0.0         
             10        0  0.0           0.0           1.219322E-05 -2.279317E-06 -1.196526E-05  0.0         
             11        0  0.0           0.0           8.246184E-06 -1.344345E-05  2.474432E-05  0.0         
             12        0  0.0           0.0           0.0           3.964453E-05  4.934262E-05  0.0         
             13        0  0.0           0.0           0.0          -4.072162E-05 -4.877566E-05  0.0         
             14        0  0.0           0.0           8.726702E-06 -2.111092E-05 -2.092921E-05  0.0         
             15        0  0.0           0.0           8.043794E-06  1.362267E-05 -2.505789E-05  0.0         
             16        0  0.0           0.0           1.177881E-05  4.887931E-06  1.417565E-05  0.0         
             17        0  0.0           0.0           0.0          -8.950458E-05  0.0           7.123852E-05
             18        0  1.425098E-25  1.588614E-05 -9.729449E-22  3.804459E-05  0.0          -3.720888E-05
             19        0 -1.646226E-25  1.483538E-05 -9.085895E-22 -4.639690E-05  0.0          -2.354421E-05
             20        0 -1.399255E-25  1.578866E-05 -9.660994E-22 -3.661205E-05  0.0           3.934317E-05
             21        0 -5.748893E-25  1.578250E-05 -9.659157E-22 -3.826205E-05  0.0          -3.635531E-05
             22        0  8.910636E-25  0.0          -8.913266E-25  8.884775E-05  0.0          -7.475448E-05
             23        0 -2.260741E-25  2.170797E-05 -1.328477E-21 -2.346343E-05  0.0           4.512047E-06
             24        0  1.147923E-25  1.481909E-05 -9.067296E-22  4.431461E-05  0.0           2.560270E-05
             25        0  1.570000E-25  2.187029E-05 -1.338542E-21  2.422366E-05  0.0          -8.245535E-06
             26        0  6.373964E-26  2.216950E-05 -1.356733E-21  4.144214E-06  0.0           2.175502E-05
             27        0  6.176732E-25  1.499306E-05 -9.175151E-22  2.444263E-05  0.0          -4.498968E-05
             28        0 -8.971045E-25  0.0          -8.750160E-25 -7.208097E-05  0.0          -8.971386E-05
             29        0  0.0           0.0           6.346627E-27  7.403930E-05  0.0           8.868303E-05
             30        0  2.910694E-25  1.586673E-05 -9.707824E-22  3.838348E-05  0.0           3.805310E-05
             31        0 -2.478537E-25  1.462508E-05 -8.946976E-22 -2.476849E-05  0.0           4.555981E-05
             32        0 -4.347288E-26  2.141601E-05 -1.311032E-21 -8.887148E-06  0.0          -2.577391E-05
                         ------------- ------------- ------------- ------------- ------------- -------------
                MAX* :    8.910636E-25  2.216950E-05  1.219322E-05  8.884775E-05  4.934262E-05  8.868303E-05
                MIN* :   -8.971045E-25  0.0          -1.356733E-21 -8.950458E-05 -4.877566E-05 -8.971386E-05

                ABS* :    8.971045E-25  2.216950E-05  1.219322E-05  8.950458E-05  4.934262E-05  8.971386E-05
                *for output set


 OUTPUT FOR SUBCASE        1

                                                          S P C   F O R C E S
                                              (in global coordinate system at each grid)
           GRID     COORD      T1            T2            T3            R1            R2            R3
                     SYS
              1        0 -5.000000E-10  0.0          -6.185642E+00  0.0           0.0           0.0         
              6        0  0.0           0.0          -6.185642E+00  0.0           0.0           0.0         
             12        0  0.0           0.0          -6.189358E+00  0.0           0.0           0.0         
             13        0  0.0           0.0          -6.189358E+00  0.0           0.0           0.0         
             17        0 -5.000000E-10 -1.124662E+01 -9.592549E-28  0.0          -9.781875E-29  0.0         
             18        0  0.0           0.0           0.0           0.0          -7.302880E-28  0.0         
             19        0  0.0           0.0           0.0           0.0           3.944305E-30  0.0         
             20        0  0.0           0.0           0.0           0.0           1.191180E-28  0.0         
             21        0  0.0           0.0           0.0           0.0           2.287697E-29  0.0         
             22        0  0.0          -1.124662E+01  0.0           0.0           2.003707E-28  0.0         
             23        0  0.0           0.0           0.0           0.0          -1.961108E-27  0.0         
             24        0  0.0           0.0           0.0           0.0           1.546167E-27  0.0         
             25        0  0.0           0.0           0.0           0.0          -9.158675E-28  0.0         
             26        0  0.0           0.0           0.0           0.0           1.269277E-27  0.0         
             27        0  0.0           0.0           0.0           0.0           6.153115E-29  0.0         
             28        0  0.0          -1.125338E+01  0.0           0.0           1.613221E-28  0.0         
             29        0 -2.090633E-24 -1.125338E+01  0.0           0.0           4.733165E-29  0.0         
             30        0  0.0           0.0           0.0           0.0           3.691869E-28  0.0         
             31        0  0.0           0.0           0.0           0.0          -1.045241E-29  0.0         
             32        0  0.0           0.0           0.0           0.0           9.182341E-28  0.0         
                         ------------- ------------- ------------- ------------- ------------- -------------
                MAX* :    0.0           0.0           0.0           0.0           1.546167E-27  0.0         
                MIN* :   -5.000000E-10 -1.125338E+01 -6.189358E+00  0.0          -1.961108E-27  0.0         

                ABS* :    5.000000E-10  1.125338E+01  6.189358E+00  0.0           1.961108E-27  0.0         
                *for output set
                         ------------- ------------- ------------- ------------- ------------- -------------
     SPC FORCE TOTALS:   -1.000000E-09 -4.500000E+01 -2.475000E+01  0.0           1.003826E-27  0.0         
     (for output set)

                                                    SPC Force Summary on AUTOSPC'd DOF's
                                                 (in global coordinate system at each grid)
        For detailed information on the SPC forces for the AUTOSPC DOF's, set field 7 (AUTOSPC_SPCF) on the PARAM AUTOSPC entry to Y

                              T1             T2             T3             R1             R2             R3

 ABS AUTOSPC FORCES  :   0.000000E+00   0.000000E+00   0.000000E+00   0.000000E+00   1.961108E-27   0.000000E+00
 AUTOSPC FORCE TOTALS:   0.000000E+00   0.000000E+00   0.000000E+00   0.000000E+00   1.003826E-27   0.000000E+00
     (for output set)

 >> LINK  9 END

    Total CPU time =  3.12E-02 seconds

 >> MYSTRAN END    :  6/27/2026 at 19:33:57. 75

                                          * * * END OF JOB * * *
