   604115600

 MYSTRAN Version 18.0.0   APR 20 2026 MYSTRAN developed by Dr Bill Case
*** Please report any problems to mystransolver@gmail.com ***                                                                                                                                                                                                   

 >> MYSTRAN BEGIN  :  6/ 4/2026 at 11:56: 0.718 The input file is C:\Users\victo\Documents\Git\MYSTRAN_Validation\working\NAS S30 mitc4+ gravity bending.bdf                                                                                                                                                                      


 >> LINK  0 BEGIN


SOL 101                                                                                                                                                                                                                                                         
CEND                                                                                                                                                                                                                                                            
DISPLACEMENT = ALL                                                                                                                                                                                                                                              
SPC = 1                                                                                                                                                                                                                                                         
LOAD = 1                                                                                                                                                                                                                                                        
BEGIN BULK                                                                                                                                                                                                                                                      
ECHO: loadb GRID*                  1               0 1.46446609407-2           0.0+0*                                                                                                                                                                                       
ECHO: loadb *        3.53553390593-2               0                                                                                                                                                                                                                        
ECHO: loadb GRID           2       0   5.0-2   0.0+0   0.0+0       0                                                                                                                                                                                                        
ECHO: loadb GRID           3       0   5.0-2   1.0+0   0.0+0       0                                                                                                                                                                                                        
ECHO: loadb GRID*                  4               0 1.46446609407-2           1.0+0*                                                                                                                                                                                       
ECHO: loadb *        3.53553390593-2               0                                                                                                                                                                                                                        
ECHO: loadb GRID*                  5               0 1.46446609407-2           7.6-1*                                                                                                                                                                                       
ECHO: loadb *        3.53553390593-2               0                                                                                                                                                                                                                        
ECHO: loadb GRID           6       0   5.0-2   7.4-1   0.0+0       0                                                                                                                                                                                                        
ECHO: loadb GRID*                  7               0 1.46446609407-2           8.6-1*                                                                                                                                                                                       
ECHO: loadb *        3.53553390593-2               0                                                                                                                                                                                                                        
ECHO: loadb GRID           8       0   5.0-2   5.4-1   0.0+0       0                                                                                                                                                                                                        
ECHO: loadb GRID*                  9               0 1.46446609407-2           6.0-2*                                                                                                                                                                                       
ECHO: loadb *        3.53553390593-2               0                                                                                                                                                                                                                        
ECHO: loadb GRID          10       0   5.0-2   1.4-1   0.0+0       0                                                                                                                                                                                                        
ECHO: loadb GRID*                 11               0 1.46446609407-2           1.6-1*                                                                                                                                                                                       
ECHO: loadb *        3.53553390593-2               0                                                                                                                                                                                                                        
ECHO: loadb GRID          12       0   5.0-2   9.4-1   0.0+0       0                                                                                                                                                                                                        
ECHO: loadb GRID*                 13               0 1.46446609407-2           2.6-1*                                                                                                                                                                                       
ECHO: loadb *        3.53553390593-2               0                                                                                                                                                                                                                        
ECHO: loadb GRID          14       0   5.0-2   2.4-1   0.0+0       0                                                                                                                                                                                                        
ECHO: loadb GRID*                 15               0 1.46446609407-2           3.6-1*                                                                                                                                                                                       
ECHO: loadb *        3.53553390593-2               0                                                                                                                                                                                                                        
ECHO: loadb GRID          16       0   5.0-2   6.4-1   0.0+0       0                                                                                                                                                                                                        
ECHO: loadb GRID*                 17               0 1.46446609407-2           4.6-1*                                                                                                                                                                                       
ECHO: loadb *        3.53553390593-2               0                                                                                                                                                                                                                        
ECHO: loadb GRID          18       0   5.0-2   3.4-1   0.0+0       0                                                                                                                                                                                                        
ECHO: loadb GRID*                 19               0 1.46446609407-2           5.6-1*                                                                                                                                                                                       
ECHO: loadb *        3.53553390593-2               0                                                                                                                                                                                                                        
ECHO: loadb GRID          20       0   5.0-2   8.4-1   0.0+0       0                                                                                                                                                                                                        
ECHO: loadb GRID*                 21               0 1.46446609407-2           6.6-1*                                                                                                                                                                                       
ECHO: loadb *        3.53553390593-2               0                                                                                                                                                                                                                        
ECHO: loadb GRID          22       0   5.0-2   4.4-1   0.0+0       0                                                                                                                                                                                                        
ECHO: loadb PARAM    STR_CID      -2                                                                                                                                                                                                                                        
ECHO: loadb MAT1*                  1          2.1+11 7.7777777778+10           3.5-1*                                                                                                                                                                                       
ECHO: loadb *                 3.33+2           0.0+0           0.0+0                                                                                                                                                                                                        
ECHO: loadb SPC            1       1       1   0.0+0                                                                                                                                                                                                                        
ECHO: loadb SPC            1       1       2   0.0+0                                                                                                                                                                                                                        
ECHO: loadb SPC            1       1       3   0.0+0                                                                                                                                                                                                                        
ECHO: loadb SPC            1       1       4   0.0+0                                                                                                                                                                                                                        
ECHO: loadb SPC            1       1       5   0.0+0                                                                                                                                                                                                                        
ECHO: loadb SPC            1       1       6   0.0+0                                                                                                                                                                                                                        
ECHO: loadb SPC            1       2       1   0.0+0                                                                                                                                                                                                                        
ECHO: loadb SPC            1       2       2   0.0+0                                                                                                                                                                                                                        
ECHO: loadb SPC            1       2       3   0.0+0                                                                                                                                                                                                                        
ECHO: loadb SPC            1       2       4   0.0+0                                                                                                                                                                                                                        
ECHO: loadb SPC            1       2       5   0.0+0                                                                                                                                                                                                                        
ECHO: loadb SPC            1       2       6   0.0+0                                                                                                                                                                                                                        
ECHO: loadb PSHELL         1       1   5.0-2       1               1           0.0+0                                                                                                                                                                                        
ECHO: loadb CQUAD4         1       1       4       7      12       3   0.0+0   0.0+0                                                                                                                                                                                        
ECHO: loadb CQUAD4         2       1       9       1       2      10   0.0+0   0.0+0                                                                                                                                                                                        
ECHO: loadb CQUAD4         3       1      11       9      10      14   0.0+0   0.0+0                                                                                                                                                                                        
ECHO: loadb CQUAD4*                4               1              11              14*                                                                                                                                                                                       
ECHO: loadb *                     18              13-2.2489917832-15           0.0+0                                                                                                                                                                                        
ECHO: loadb CQUAD4*                5               1              13              18*                                                                                                                                                                                       
ECHO: loadb *                     22              15-2.2489917832-15           0.0+0                                                                                                                                                                                        
ECHO: loadb CQUAD4*                6               1              15              22*                                                                                                                                                                                       
ECHO: loadb *                      8              17-2.2489917832-15           0.0+0                                                                                                                                                                                        
ECHO: loadb CQUAD4*                7               1              17               8*                                                                                                                                                                                       
ECHO: loadb *                     16              19-2.2489917832-15           0.0+0                                                                                                                                                                                        
ECHO: loadb CQUAD4         8       1      21      19      16       6   0.0+0   0.0+0                                                                                                                                                                                        
ECHO: loadb CQUAD4         9       1       5      21       6      20   0.0+0   0.0+0                                                                                                                                                                                        
ECHO: loadb CQUAD4        10       1       7       5      20      12   0.0+0   0.0+0                                                                                                                                                                                        
ECHO: loadb GRAV           3       0   1.0+0   2.0+1   0.0+0   2.0+1                                                                                                                                                                                                        
ECHO: loadb LOAD           1   1.0+0   1.0+0       3                                                                                                                                                                                                                        
ECHO: loadb PARAM,QUAD4TYP,MITC4+                                                                                                                                                                                                                                           
ECHO: loadb ENDDATA                                                                                                                                                                                                                                                         




 >> LINK  0 END


 >> LINK  1 BEGIN

               DEALLOCATED  9.22E-02 MB MEMORY FROM ARRAY STF3


 *INFORMATION: AUTOSPC Summary, Stage 1 after identification of AUTOSPC's at the grid level                                                 

                                     AUTOSPC_RAT = 1.000000E-08

                       Number of DOF's identified for AUTOSPC in component  1         =            0
                       Number of DOF's identified for AUTOSPC in component  2         =            0
                       Number of DOF's identified for AUTOSPC in component  3         =            0
                       Number of DOF's identified for AUTOSPC in component  4         =            8
                       Number of DOF's identified for AUTOSPC in component  5         =            0
                       Number of DOF's identified for AUTOSPC in component  6         =           12
                                                                                        ------------
                       Total number of DOF's identified in this stage                 =           20

               DEALLOCATED  5.28E-04 MB MEMORY FROM ARRAY STFKEY
               DEALLOCATED  9.22E-02 MB MEMORY FROM ARRAY STF3

 >> LINK  1 END


 >> LINK  2 BEGIN



 *INFORMATION: AUTOSPC Summary, Overall: after identification of all AUTOSPC's                                                               

                                     AUTOSPC_RAT = 1.000000E-08

                       Number of DOF's identified for AUTOSPC in component  1         =            0
                       Number of DOF's identified for AUTOSPC in component  2         =            0
                       Number of DOF's identified for AUTOSPC in component  3         =            0
                       Number of DOF's identified for AUTOSPC in component  4         =            8
                       Number of DOF's identified for AUTOSPC in component  5         =            0
                       Number of DOF's identified for AUTOSPC in component  6         =           12
                                                                                        ------------
                       Total number of DOF's identified overall                       =           20


 >> LINK  2 END


 >> LINK  3 BEGIN

 SUPERLU FACTORIZATION OF MATRIX KLL SUCCEEDED IN SUBR SYM_MAT_DECOMP_SUPRLU          

 *INFORMATION: FOR INTERNAL SUBCASE NUMBER        1 EPSILON ERROR ESTIMATE            = -1.041378E-11 Based on U'*(K*U - P)/(U'*P)


 >> LINK  3 END


 >> LINK  5 BEGIN


 >> LINK  5 END


 >> LINK  9 BEGIN



 OUTPUT FOR SUBCASE        1

                                                       D I S P L A C E M E N T S
                                              (in global coordinate system at each grid)
           GRID     COORD      T1            T2            T3            R1            R2            R3
                     SYS
              1        0  0.0           0.0           0.0           0.0           0.0           0.0         
              2        0  0.0           0.0           0.0           0.0           0.0           0.0         
              3        0  1.878411E-05 -3.106289E-19  1.878411E-05  5.053673E-05 -1.174774E-07  0.0         
              4        0  1.877971E-05  3.402041E-19  1.877971E-05  0.0          -1.293875E-07 -5.060147E-05
              5        0  1.274050E-05  3.384057E-19  1.274050E-05  4.972039E-05 -2.220298E-07  0.0         
              6        0  1.225161E-05 -3.202321E-19  1.225161E-05  4.950535E-05 -8.457349E-08  0.0         
              7        0  1.524445E-05  3.402889E-19  1.524445E-05  5.034967E-05 -1.788351E-07  0.0         
              8        0  7.475523E-06 -3.225917E-19  7.475523E-06  0.0           3.953761E-08 -4.532636E-05
              9        0  1.141361E-07  2.300318E-19  1.141361E-07  0.0          -1.172176E-06 -7.857624E-06
             10        0  6.433178E-07 -2.810178E-19  6.433178E-07  0.0           4.852560E-07 -1.770356E-05
             11        0  8.176318E-07  2.299725E-19  8.176318E-07  0.0          -8.904484E-07 -1.993101E-05
             12        0  1.726826E-05 -3.099941E-19  1.726826E-05  0.0          -1.219909E-07 -5.052725E-05
             13        0  2.062479E-06  2.739216E-19  2.062479E-06  0.0          -7.161011E-07 -2.952700E-05
             14        0  1.787820E-06 -2.961376E-19  1.787820E-06  2.778674E-05  3.655131E-07  0.0         
             15        0  3.729337E-06  3.071345E-19  3.729337E-06  3.685584E-05 -5.765411E-07  0.0         
             16        0  9.811848E-06 -3.210098E-19  9.811848E-06  4.796378E-05 -3.211741E-08  0.0         
             17        0  5.712790E-06  3.296061E-19  5.712790E-06  4.223368E-05 -4.592350E-07  0.0         
             18        0  3.378126E-06 -3.122037E-19  3.378126E-06  3.554395E-05  2.394133E-07  0.0         
             19        0  7.922988E-06  3.413411E-19  7.922988E-06  4.596713E-05 -3.613289E-07  0.0         
             20        0  1.474766E-05 -3.175282E-19  1.474766E-05  5.025682E-05 -1.163224E-07  0.0         
             21        0  1.028534E-05  3.414562E-19  1.028534E-05  4.836107E-05 -2.823319E-07  0.0         
             22        0  5.305056E-06 -3.179105E-19  5.305056E-06  0.0           1.301048E-07 -4.128823E-05
                         ------------- ------------- ------------- ------------- ------------- -------------
                MAX* :    1.878411E-05  3.414562E-19  1.878411E-05  5.053673E-05  4.852560E-07  0.0         
                MIN* :    0.0          -3.225917E-19  0.0           0.0          -1.172176E-06 -5.060147E-05

                ABS* :    1.878411E-05  3.414562E-19  1.878411E-05  5.053673E-05  1.172176E-06  5.060147E-05
                *for output set

                                                    SPC Force Summary on AUTOSPC'd DOF's
                                                 (in global coordinate system at each grid)
        For detailed information on the SPC forces for the AUTOSPC DOF's, set field 7 (AUTOSPC_SPCF) on the PARAM AUTOSPC entry to Y

                              T1             T2             T3             R1             R2             R3

 ABS AUTOSPC FORCES  :   0.000000E+00   0.000000E+00   0.000000E+00   3.930722E-11   0.000000E+00   3.483297E-11
 AUTOSPC FORCE TOTALS:   0.000000E+00   0.000000E+00   0.000000E+00   2.051313E-12   0.000000E+00   1.516804E-11
     (for output set)

 >> LINK  9 END

    Total CPU time =  4.69E-02 seconds

 >> MYSTRAN END    :  6/ 4/2026 at 11:56: 0.806
