   604115603

 MYSTRAN Version 18.0.0   APR 20 2026 MYSTRAN developed by Dr Bill Case
*** Please report any problems to mystransolver@gmail.com ***                                                                                                                                                                                                   

 >> MYSTRAN BEGIN  :  6/ 4/2026 at 11:56: 3. 53 The input file is C:\Users\victo\Documents\Git\MYSTRAN_Validation\working\S30 node-surface coupling surface rot dof.bdf                                                                                                                                                           


 >> LINK  0 BEGIN


SOL 101                                                                                                                                                                                                                                                         
CEND                                                                                                                                                                                                                                                            
DISPLACEMENT = ALL                                                                                                                                                                                                                                              
SPCFORCES = ALL                                                                                                                                                                                                                                                 
MPCFORCES = ALL                                                                                                                                                                                                                                                 
STRESS(CORNER) = ALL                                                                                                                                                                                                                                            
SPC = 1                                                                                                                                                                                                                                                         
BEGIN BULK                                                                                                                                                                                                                                                      
ECHO: loadb GRID           1       0   0.0+0   0.0+0   0.0+0       0                                                                                                                                                                                                        
ECHO: loadb GRID           2       0   1.0+0   0.0+0   0.0+0       0                                                                                                                                                                                                        
ECHO: loadb GRID           3       0   1.0+0   1.0+0   0.0+0       0                                                                                                                                                                                                        
ECHO: loadb GRID           4       0   0.0+0   1.0+0   0.0+0       0                                                                                                                                                                                                        
ECHO: loadb GRID           5       0   5.0-1   1.5+0   0.0+0       0                                                                                                                                                                                                        
ECHO: loadb GRID           6       0   2.0+0   0.0+0   0.0+0       0                                                                                                                                                                                                        
ECHO: loadb GRID           7       0   3.0+0   0.0+0   0.0+0       0                                                                                                                                                                                                        
ECHO: loadb GRID           8       0   3.0+0   1.0+0   0.0+0       0                                                                                                                                                                                                        
ECHO: loadb GRID           9       0   2.0+0   1.0+0   0.0+0       0                                                                                                                                                                                                        
ECHO: loadb GRID          10       0   2.5+0   1.5+0   0.0+0       0                                                                                                                                                                                                        
ECHO: loadb PARAM   QUAD4TYP  MITC4+                                                                                                                                                                                                                                        
ECHO: loadb PARAM    STR_CID      -2                                                                                                                                                                                                                                        
ECHO: loadb MAT1           1  2.0+11  1.0+11   0.0+0   0.0+0   0.0+0   0.0+0                                                                                                                                                                                                
ECHO: loadb SPC            1       1       1   0.0+0                                                                                                                                                                                                                        
ECHO: loadb SPC            1       1       2   0.0+0                                                                                                                                                                                                                        
ECHO: loadb SPC            1       1       3   0.0+0                                                                                                                                                                                                                        
ECHO: loadb SPC            1       1       4   0.0+0                                                                                                                                                                                                                        
ECHO: loadb SPC            1       1       5   0.0+0                                                                                                                                                                                                                        
ECHO: loadb SPC            1       1       6   0.0+0                                                                                                                                                                                                                        
ECHO: loadb SPC            1       2       1   0.0+0                                                                                                                                                                                                                        
ECHO: loadb SPC            1       2       2   0.0+0                                                                                                                                                                                                                        
ECHO: loadb SPC            1       2       3   0.0+0                                                                                                                                                                                                                        
ECHO: loadb SPC            1       2       4   0.0+0                                                                                                                                                                                                                        
ECHO: loadb SPC            1       2       5   0.0+0                                                                                                                                                                                                                        
ECHO: loadb SPC            1       2       6   0.0+0                                                                                                                                                                                                                        
ECHO: loadb SPC            1       5       3   1.0-2                                                                                                                                                                                                                        
ECHO: loadb SPC            1       6       1   0.0+0                                                                                                                                                                                                                        
ECHO: loadb SPC            1       6       2   0.0+0                                                                                                                                                                                                                        
ECHO: loadb SPC            1       6       3   0.0+0                                                                                                                                                                                                                        
ECHO: loadb SPC            1       6       4   0.0+0                                                                                                                                                                                                                        
ECHO: loadb SPC            1       6       5   0.0+0                                                                                                                                                                                                                        
ECHO: loadb SPC            1       6       6   0.0+0                                                                                                                                                                                                                        
ECHO: loadb SPC            1       7       1   0.0+0                                                                                                                                                                                                                        
ECHO: loadb SPC            1       7       2   0.0+0                                                                                                                                                                                                                        
ECHO: loadb SPC            1       7       3   0.0+0                                                                                                                                                                                                                        
ECHO: loadb SPC            1       7       4   0.0+0                                                                                                                                                                                                                        
ECHO: loadb SPC            1       7       5   0.0+0                                                                                                                                                                                                                        
ECHO: loadb SPC            1       7       6   0.0+0                                                                                                                                                                                                                        
ECHO: loadb SPC            1      10       3   1.0-2                                                                                                                                                                                                                        
ECHO: loadb PSHELL         1       1   1.0-1       1               1           0.0+0                                                                                                                                                                                        
ECHO: loadb CQUAD4         1       1       1       2       3       4   0.0+0   0.0+0                                                                                                                                                                                        
ECHO: loadb CQUAD4         2       1       6       7       8       9   0.0+0   0.0+0                                                                                                                                                                                        
ECHO: loadb RBE2           3       5     123       3       4                                                                                                                                                                                                                
ECHO: loadb RBE2           4      10     123       8       9                                                                                                                                                                                                                
ECHO: loadb RBE2           5      10     456       8       9                                                                                                                                                                                                                
ECHO: loadb ENDDATA                                                                                                                                                                                                                                                         




 >> LINK  0 END


 >> LINK  1 BEGIN

               DEALLOCATED  1.84E-02 MB MEMORY FROM ARRAY STF3


 *INFORMATION: AUTOSPC Summary, Stage 1 after identification of AUTOSPC's at the grid level                                                 

                                     AUTOSPC_RAT = 1.000000E-08

                       Number of DOF's identified for AUTOSPC in component  1         =            0
                       Number of DOF's identified for AUTOSPC in component  2         =            0
                       Number of DOF's identified for AUTOSPC in component  3         =            0
                       Number of DOF's identified for AUTOSPC in component  4         =            0
                       Number of DOF's identified for AUTOSPC in component  5         =            0
                       Number of DOF's identified for AUTOSPC in component  6         =            2
                                                                                        ------------
                       Total number of DOF's identified in this stage                 =            2

               DEALLOCATED  2.40E-04 MB MEMORY FROM ARRAY STFKEY
               DEALLOCATED  1.84E-02 MB MEMORY FROM ARRAY STF3

 >> LINK  1 END


 >> LINK  2 BEGIN



 *INFORMATION: AUTOSPC Summary, Overall: after identification of all AUTOSPC's                                                               

                                     AUTOSPC_RAT = 1.000000E-08

                       Number of DOF's identified for AUTOSPC in component  1         =            0
                       Number of DOF's identified for AUTOSPC in component  2         =            0
                       Number of DOF's identified for AUTOSPC in component  3         =            0
                       Number of DOF's identified for AUTOSPC in component  4         =            0
                       Number of DOF's identified for AUTOSPC in component  5         =            0
                       Number of DOF's identified for AUTOSPC in component  6         =            2
                                                                                        ------------
                       Total number of DOF's identified overall                       =            2


 >> LINK  2 END


 >> LINK  3 BEGIN

 SUPERLU FACTORIZATION OF MATRIX KLL SUCCEEDED IN SUBR SYM_MAT_DECOMP_SUPRLU          

 *INFORMATION: FOR INTERNAL SUBCASE NUMBER        1 EPSILON ERROR ESTIMATE            = -6.263950E-31 Based on U'*(K*U - P)/(U'*P)


 >> LINK  3 END


 >> LINK  5 BEGIN


 >> LINK  5 END


 >> LINK  9 BEGIN



 OUTPUT FOR SUBCASE        1

                                                       D I S P L A C E M E N T S
                                              (in global coordinate system at each grid)
           GRID     COORD      T1            T2            T3            R1            R2            R3
                     SYS
              1        0  0.0           0.0           0.0           0.0           0.0           0.0         
              2        0  0.0           0.0           0.0           0.0           0.0           0.0         
              3        0  0.0           0.0          -6.477545E-17 -1.276392E-16 -1.385675E-16  0.0         
              4        0  0.0           0.0          -1.884942E-16 -3.730398E-16 -1.094304E-16  0.0         
              5        0  0.0           0.0           1.000000E-02  2.000000E-02 -1.237187E-16  0.0         
              6        0  0.0           0.0           0.0           0.0           0.0           0.0         
              7        0  0.0           0.0           0.0           0.0           0.0           0.0         
              8        0  0.0           0.0           5.009980E-03  9.980040E-03 -8.599794E-19  0.0         
              9        0  0.0           0.0           5.009980E-03  9.980040E-03 -8.599794E-19  0.0         
             10        0  0.0           0.0           1.000000E-02  9.980040E-03 -8.599794E-19  0.0         
                         ------------- ------------- ------------- ------------- ------------- -------------
                MAX* :    0.0           0.0           1.000000E-02  2.000000E-02  0.0           0.0         
                MIN* :    0.0           0.0          -1.884942E-16 -3.730398E-16 -1.385675E-16  0.0         

                ABS* :    0.0           0.0           1.000000E-02  2.000000E-02  1.385675E-16  0.0         
                *for output set


 OUTPUT FOR SUBCASE        1

                                                          S P C   F O R C E S
                                              (in global coordinate system at each grid)
           GRID     COORD      T1            T2            T3            R1            R2            R3
                     SYS
              1        0  0.0           0.0           7.450581E-09  7.450581E-09  8.940050E-10  0.0         
              2        0  0.0           0.0           7.450581E-09  3.725290E-09  7.726003E-10  0.0         
              6        0  0.0           0.0          -8.316700E+04 -1.247505E+05 -2.125171E-10  0.0         
              7        0  0.0           0.0          -8.316700E+04 -1.247505E+05 -2.101934E-10  0.0         
             10        0  0.0           0.0           1.663340E+05  0.0           0.0           0.0         
                         ------------- ------------- ------------- ------------- ------------- -------------
                MAX* :    0.0           0.0           1.663340E+05  7.450581E-09  8.940050E-10  0.0         
                MIN* :    0.0           0.0          -8.316700E+04 -1.247505E+05 -2.125171E-10  0.0         

                ABS* :    0.0           0.0           1.663340E+05  1.247505E+05  8.940050E-10  0.0         
                *for output set
                         ------------- ------------- ------------- ------------- ------------- -------------
     SPC FORCE TOTALS:    0.0           0.0           7.450581E-09 -2.495010E+05  1.243895E-09  0.0         
     (for output set)

                                                    SPC Force Summary on AUTOSPC'd DOF's
                                                 (in global coordinate system at each grid)
        For detailed information on the SPC forces for the AUTOSPC DOF's, set field 7 (AUTOSPC_SPCF) on the PARAM AUTOSPC entry to Y

                              T1             T2             T3             R1             R2             R3

 ABS AUTOSPC FORCES  :   0.000000E+00   0.000000E+00   0.000000E+00   0.000000E+00   0.000000E+00   0.000000E+00
 AUTOSPC FORCE TOTALS:   0.000000E+00   0.000000E+00   0.000000E+00   0.000000E+00   0.000000E+00   0.000000E+00
     (for output set)


 OUTPUT FOR SUBCASE        1

                                                          M P C   F O R C E S
                                              (in global coordinate system at each grid)
           GRID     COORD      T1            T2            T3            R1            R2            R3
                     SYS
              3        0  0.0           0.0          -1.000533E-08  0.0           0.0           0.0         
              4        0  0.0           0.0          -4.895827E-09  0.0           0.0           0.0         
              5        0  0.0           0.0           1.490116E-08 -7.450581E-09 -2.554753E-09  0.0         
              8        0  0.0           0.0           8.316700E+04  4.158350E+04 -3.846633E-10  0.0         
              9        0  0.0           0.0           8.316700E+04  4.158350E+04 -3.823397E-10  0.0         
             10        0  0.0           0.0          -1.663340E+05 -7.450581E-09  1.364594E-09  0.0         
                         ------------- ------------- ------------- ------------- ------------- -------------
                MAX* :    0.0           0.0           8.316700E+04  4.158350E+04  1.364594E-09  0.0         
                MIN* :    0.0           0.0          -1.663340E+05 -7.450581E-09 -2.554753E-09  0.0         

                ABS* :    0.0           0.0           1.663340E+05  4.158350E+04  2.554753E-09  0.0         
                *for output set
                         ------------- ------------- ------------- ------------- ------------- -------------
     MPC FORCE TOTALS:    0.0           0.0           0.0           8.316700E+04 -1.957162E-09  0.0         
     (for output set)


 OUTPUT FOR SUBCASE        1

                                          E L E M E N T   S T R E S S E S   I N   L O C A L   E L E M E N T   C O O R D I N A T E   S Y S T E M
                                                                       F O R   E L E M E N T   T Y P E   Q U A D 4  
    Elem  Location       Fibre       Stresses In Element Coord System     Principal Stresses (Zero Shear)               Transverse   Transverse   % Poly
     ID                 Distance    Normal-X     Normal-Y     Shear-XY     Angle     Major        Minor      von Mises    Shear-XZ     Shear-YZ    Fit Err
                                                                                                                         (max through thickness)

        1  CENTER      -5.000E-02  1.45686E-07 -2.50340E-06  1.23350E-06   21.48  6.31096E-07 -2.98881E-06  3.34925E-06 -1.40120E-08 -1.46506E-07
                        5.000E-02 -1.45686E-07  2.50340E-06 -1.23350E-06  -68.52  2.98881E-06 -6.31096E-07  3.34925E-06

           GRD       1 -5.000E-02 -2.11758E-23 -3.73040E-06  5.47152E-07    8.17  7.85969E-08 -3.80900E-06  3.84890E-06  8.27181E-23 -1.97426E-07 -0.2E-13
                        5.000E-02  2.11758E-23  3.73040E-06 -5.47152E-07  -81.83  3.80900E-06 -7.85969E-08  3.84890E-06

           GRD       2 -5.000E-02  0.00000E+00 -1.27639E-06  6.92838E-07   23.68  3.03780E-07 -1.58017E-06  1.75193E-06  8.43724E-23 -9.55863E-08 -0.2E-13
                        5.000E-02  0.00000E+00  1.27639E-06 -6.92838E-07  -66.32  1.58017E-06 -3.03780E-07  1.75193E-06

           GRD       3 -5.000E-02  2.91371E-07 -1.27639E-06  1.91984E-06   33.89  1.58120E-06 -2.56622E-06  3.62538E-06 -2.80240E-08 -9.55863E-08 -0.2E-13
                        5.000E-02 -2.91371E-07  1.27639E-06 -1.91984E-06  -56.11  2.56622E-06 -1.58120E-06  3.62538E-06

           GRD       4 -5.000E-02  2.91371E-07 -3.73040E-06  1.77416E-06   20.71  9.62144E-07 -4.40117E-06  4.95284E-06 -2.80240E-08 -1.97426E-07 -0.2E-13
                        5.000E-02 -2.91371E-07  3.73040E-06 -1.77416E-06  -69.29  4.40117E-06 -9.62144E-07  4.95284E-06

        2  CENTER      -5.000E-02  0.00000E+00  9.98004E+07  2.14995E-09   90.00  9.98004E+07  0.00000E+00  9.98004E+07 -2.14995E-08  1.99601E+06
                        5.000E-02  0.00000E+00 -9.98004E+07 -2.14995E-09   -0.00  0.00000E+00 -9.98004E+07  9.98004E+07

           GRD       6 -5.000E-02  0.00000E+00  9.98004E+07  5.38410E-09   90.00  9.98004E+07  0.00000E+00  9.98004E+07  0.00000E+00  1.99601E+06  0.1E+03(6)
                        5.000E-02  0.00000E+00 -9.98004E+07 -5.38410E-09   -0.00  0.00000E+00 -9.98004E+07  9.98004E+07

           GRD       7 -5.000E-02  0.00000E+00  9.98004E+07  4.83999E-09   90.00  9.98004E+07  0.00000E+00  9.98004E+07 -1.65436E-24  1.99601E+06 -0.1E+03(6)
                        5.000E-02  0.00000E+00 -9.98004E+07 -4.83999E-09   -0.00  0.00000E+00 -9.98004E+07  9.98004E+07

           GRD       8 -5.000E-02  0.00000E+00  9.98004E+07  1.08420E-09   90.00  9.98004E+07  0.00000E+00  9.98004E+07 -4.29990E-08  1.99601E+06 -0.1E+03(6)
                        5.000E-02  0.00000E+00 -9.98004E+07 -1.08420E-09   -0.00  0.00000E+00 -9.98004E+07  9.98004E+07

           GRD       9 -5.000E-02  0.00000E+00  9.98004E+07  1.62831E-09   90.00  9.98004E+07  0.00000E+00  9.98004E+07 -4.29990E-08  1.99601E+06  0.1E+03(6)
                        5.000E-02  0.00000E+00 -9.98004E+07 -1.62831E-09   -0.00  0.00000E+00 -9.98004E+07  9.98004E+07
                                  ------------ ------------ ------------         ------------ ------------ ------------ ------------ ------------ --------
 MAX* :                            2.91371E-07  9.98004E+07  1.91984E-06          9.98004E+07  0.00000E+00  9.98004E+07  8.43724E-23  1.99601E+06  0.1E+03
 MIN* :                           -2.91371E-07 -9.98004E+07 -1.91984E-06          0.00000E+00 -9.98004E+07  1.75193E-06 -4.29990E-08 -1.97426E-07 -0.1E+03

 ABS* :                            2.91371E-07  9.98004E+07  1.91984E-06          9.98004E+07  9.98004E+07  9.98004E+07  4.29990E-08  1.99601E+06  0.1E+03
 *for output set
 NOTE: Explanation of errors in the polynomial fit to extrapolate element corner point stresses from values at the Gauss points:
       (6): Polynomial fit error is in XY twist   stress

 >> LINK  9 END

    Total CPU time =  7.81E-02 seconds

 >> MYSTRAN END    :  6/ 4/2026 at 11:56: 3.154
