   627193358

 MYSTRAN Version 18.0.0   APR 20 2026 MYSTRAN developed by Dr Bill Case
*** Please report any problems to mystransolver@gmail.com ***                                                                                                                                                                                                   

 >> MYSTRAN BEGIN  :  6/27/2026 at 19:33:58.399 The input file is C:\Users\victo\Documents\Git\MYSTRAN_Validation\working\S30 RBE2 chained rot release.bdf                                                                                                                                                                        


 >> LINK  0 BEGIN


SOL 101                                                                                                                                                                                                                                                         
CEND                                                                                                                                                                                                                                                            
DISPLACEMENT = ALL                                                                                                                                                                                                                                              
SPC = 1                                                                                                                                                                                                                                                         
BEGIN BULK                                                                                                                                                                                                                                                      
ECHO: loadb GRID           1       0   0.0+0   0.0+0   0.0+0       0                                                                                                                                                                                                        
ECHO: loadb GRID           2       0   1.0+0   0.0+0   0.0+0       0                                                                                                                                                                                                        
ECHO: loadb GRID           3       0   1.0+0   1.0+0   0.0+0       0                                                                                                                                                                                                        
ECHO: loadb GRID           4       0   0.0+0   1.0+0   0.0+0       0                                                                                                                                                                                                        
ECHO: loadb GRID           5       0   0.0+0   0.0+0   1.0+0       0                                                                                                                                                                                                        
ECHO: loadb GRID           6       0   1.0+0   0.0+0   1.0+0       0                                                                                                                                                                                                        
ECHO: loadb GRID           7       0   1.0+0   1.0+0   1.0+0       0                                                                                                                                                                                                        
ECHO: loadb GRID           8       0   0.0+0   1.0+0   1.0+0       0                                                                                                                                                                                                        
ECHO: loadb GRID           9       0   3.0+0   5.0-1   5.0-1       0                                                                                                                                                                                                        
ECHO: loadb GRID          10       0   1.0+0   2.0+0   1.0+0       0                                                                                                                                                                                                        
ECHO: loadb GRID          11       0   1.0+0   2.0+0   0.0+0       0                                                                                                                                                                                                        
ECHO: loadb GRID          12       0   1.0+0   3.0+0   0.0+0       0                                                                                                                                                                                                        
ECHO: loadb GRID          13       0   1.0+0   3.0+0   1.0+0       0                                                                                                                                                                                                        
ECHO: loadb GRID          14       0   3.0+0   2.5+0   5.0-1       0                                                                                                                                                                                                        
ECHO: loadb GRID          15       0   5.0-1   5.0-1   4.0+0       0                                                                                                                                                                                                        
ECHO: loadb GRID          16       0   5.0-1   5.0-1   3.0+0       0                                                                                                                                                                                                        
ECHO: loadb GRID          17       0   5.0-1   1.5+0   3.0+0       0                                                                                                                                                                                                        
ECHO: loadb GRID          18       0   5.0-1   1.5+0   4.0+0       0                                                                                                                                                                                                        
ECHO: loadb GRID          19       0   1.5+0   5.0-1   4.0+0       0                                                                                                                                                                                                        
ECHO: loadb GRID          20       0   1.5+0   5.0-1   3.0+0       0                                                                                                                                                                                                        
ECHO: loadb GRID          21       0   1.5+0   1.5+0   3.0+0       0                                                                                                                                                                                                        
ECHO: loadb GRID          22       0   1.5+0   1.5+0   4.0+0       0                                                                                                                                                                                                        
ECHO: loadb GRID          23       0   5.0-1   2.5+0   4.0+0       0                                                                                                                                                                                                        
ECHO: loadb GRID          24       0   5.0-1   2.5+0   3.0+0       0                                                                                                                                                                                                        
ECHO: loadb GRID          25       0   5.0-1   3.5+0   3.0+0       0                                                                                                                                                                                                        
ECHO: loadb GRID          26       0   5.0-1   3.5+0   4.0+0       0                                                                                                                                                                                                        
ECHO: loadb GRID          27       0   1.5+0   2.5+0   4.0+0       0                                                                                                                                                                                                        
ECHO: loadb GRID          28       0   1.5+0   2.5+0   3.0+0       0                                                                                                                                                                                                        
ECHO: loadb GRID          29       0   1.5+0   3.5+0   3.0+0       0                                                                                                                                                                                                        
ECHO: loadb GRID          30       0   1.5+0   3.5+0   4.0+0       0                                                                                                                                                                                                        
ECHO: loadb PARAM    STR_CID      -2                                                                                                                                                                                                                                        
ECHO: loadb MAT1           1  4.0+10  2.0+10   0.0+0   1.2+3   0.0+0   0.0+0                                                                                                                                                                                                
ECHO: loadb MAT1*                  2          4.0+10 1.5384615385+10           3.0-1*                                                                                                                                                                                       
ECHO: loadb *                  1.2+3           0.0+0           0.0+0                                                                                                                                                                                                        
ECHO: loadb SPC            1       9       1   0.0+0                                                                                                                                                                                                                        
ECHO: loadb SPC            1       9       3   0.0+0                                                                                                                                                                                                                        
ECHO: loadb SPC*                   1               9               4-1.5317422308-18*                                                                                                                                                                                       
ECHO: loadb *                                                                                                                                                                                                                                                               
ECHO: loadb SPC*                   1               9               5 1.74532925199-2*                                                                                                                                                                                       
ECHO: loadb *                                                                                                                                                                                                                                                               
ECHO: loadb SPC            1       9       6   0.0+0                                                                                                                                                                                                                        
ECHO: loadb SPC            1      14       1   0.0+0                                                                                                                                                                                                                        
ECHO: loadb SPC            1      14       3   0.0+0                                                                                                                                                                                                                        
ECHO: loadb SPC*                   1              14               4-1.5317422308-18*                                                                                                                                                                                       
ECHO: loadb *                                                                                                                                                                                                                                                               
ECHO: loadb SPC*                   1              14               5 1.74532925199-2*                                                                                                                                                                                       
ECHO: loadb *                                                                                                                                                                                                                                                               
ECHO: loadb SPC            1      14       6   0.0+0                                                                                                                                                                                                                        
ECHO: loadb SPC            1      15       3   0.0+0                                                                                                                                                                                                                        
ECHO: loadb SPC            1      15       2   0.0+0                                                                                                                                                                                                                        
ECHO: loadb SPC            1      18       3   0.0+0                                                                                                                                                                                                                        
ECHO: loadb SPC            1      19       3   0.0+0                                                                                                                                                                                                                        
ECHO: loadb SPC            1      19       2   0.0+0                                                                                                                                                                                                                        
ECHO: loadb SPC            1      22       3   0.0+0                                                                                                                                                                                                                        
ECHO: loadb SPC            1      23       3   0.0+0                                                                                                                                                                                                                        
ECHO: loadb SPC            1      23       2   0.0+0                                                                                                                                                                                                                        
ECHO: loadb SPC            1      26       3   0.0+0                                                                                                                                                                                                                        
ECHO: loadb SPC            1      27       3   0.0+0                                                                                                                                                                                                                        
ECHO: loadb SPC            1      27       2   0.0+0                                                                                                                                                                                                                        
ECHO: loadb SPC            1      30       3   0.0+0                                                                                                                                                                                                                        
ECHO: loadb PSOLID         1       1       0       2               1                                                                                                                                                                                                        
ECHO: loadb CHEXA          1       1       1       2       3       4       5       6+                                                                                                                                                                                       
ECHO:  nextc +              7       8                                                                                                                                                                                                                                        
ECHO: loadb CHEXA          3       1      15      16      17      18      19      20+                                                                                                                                                                                       
ECHO:  nextc +             21      22                                                                                                                                                                                                                                        
ECHO: loadb CHEXA          4       1      23      24      25      26      27      28+                                                                                                                                                                                       
ECHO:  nextc +             29      30                                                                                                                                                                                                                                        
ECHO: loadb PSHELL         2       2   1.0+0       2               2           0.0+0                                                                                                                                                                                        
ECHO: loadb CQUAD4         2       2      11      10      13      12   0.0+0   0.0+0                                                                                                                                                                                        
ECHO: loadb RBE2           5       9     123       2       3       7       6                                                                                                                                                                                                
ECHO: loadb RBE2           6      14     123      12      13      10      11                                                                                                                                                                                                
ECHO: loadb RBE2           7      14     456      12      13      10      11                                                                                                                                                                                                
ECHO: loadb RBE2           8      13     123      24      25      29      28                                                                                                                                                                                                
ECHO: loadb RBE2           9       7     123      16      17      21      20                                                                                                                                                                                                
ECHO: loadb ENDDATA                                                                                                                                                                                                                                                         




 >> LINK  0 END


 >> LINK  1 BEGIN

               DEALLOCATED  1.20E-01 MB MEMORY FROM ARRAY STF3


 *INFORMATION: AUTOSPC Summary, Stage 1 after identification of AUTOSPC's at the grid level                                                 

                                     AUTOSPC_RAT = 1.000000E-08

                       Number of DOF's identified for AUTOSPC in component  1         =            0
                       Number of DOF's identified for AUTOSPC in component  2         =            0
                       Number of DOF's identified for AUTOSPC in component  3         =            0
                       Number of DOF's identified for AUTOSPC in component  4         =           23
                       Number of DOF's identified for AUTOSPC in component  5         =           23
                       Number of DOF's identified for AUTOSPC in component  6         =           23
                                                                                        ------------
                       Total number of DOF's identified in this stage                 =           69

               DEALLOCATED  7.20E-04 MB MEMORY FROM ARRAY STFKEY
               DEALLOCATED  1.20E-01 MB MEMORY FROM ARRAY STF3

 >> LINK  1 END


 >> LINK  2 BEGIN

 SUPERLU FACTORIZATION OF MATRIX RMM SUCCEEDED IN SUBR SYM_MAT_DECOMP_SUPRLU          


 *INFORMATION: AUTOSPC Summary, Overall: after identification of all AUTOSPC's                                                               

                                     AUTOSPC_RAT = 1.000000E-08

                       Number of DOF's identified for AUTOSPC in component  1         =            0
                       Number of DOF's identified for AUTOSPC in component  2         =            0
                       Number of DOF's identified for AUTOSPC in component  3         =            0
                       Number of DOF's identified for AUTOSPC in component  4         =           23
                       Number of DOF's identified for AUTOSPC in component  5         =           23
                       Number of DOF's identified for AUTOSPC in component  6         =           23
                                                                                        ------------
                       Total number of DOF's identified overall                       =           69


 >> LINK  2 END


 >> LINK  3 BEGIN

 SUPERLU FACTORIZATION OF MATRIX KLL SUCCEEDED IN SUBR SYM_MAT_DECOMP_SUPRLU          

 *INFORMATION: FOR INTERNAL SUBCASE NUMBER        1 EPSILON ERROR ESTIMATE            = -5.895104E-17 Based on U'*(K*U - P)/(U'*P)


 >> LINK  3 END


 >> LINK  5 BEGIN


 >> LINK  5 END


 >> LINK  9 BEGIN



 OUTPUT FOR SUBCASE        1

                                                       D I S P L A C E M E N T S
                                              (in global coordinate system at each grid)
           GRID     COORD      T1            T2            T3            R1            R2            R3
                     SYS
              1        0 -8.726646E-03  8.039479E-17  5.235988E-02  0.0           0.0           0.0         
              2        0 -8.726646E-03  6.293615E-17  3.490659E-02  0.0           0.0           0.0         
              3        0 -8.726646E-03  6.293615E-17  3.490659E-02  0.0           0.0           0.0         
              4        0 -8.726646E-03  7.649024E-17  5.235988E-02  0.0           0.0           0.0         
              5        0  8.726646E-03  6.422593E-17  5.235988E-02  0.0           0.0           0.0         
              6        0  8.726646E-03  6.293615E-17  3.490659E-02  0.0           0.0           0.0         
              7        0  8.726646E-03  6.293615E-17  3.490659E-02  2.375834E-17  3.725290E-17 -2.479037E-18
              8        0  8.726646E-03  6.736174E-17  5.235988E-02  0.0           0.0           0.0         
              9        0  0.0           6.293615E-17  0.0           0.0           1.745329E-02  0.0         
             10        0  8.726646E-03 -8.282818E-18  3.490659E-02  0.0           1.745329E-02  0.0         
             11        0 -8.726646E-03 -8.282818E-18  3.490659E-02  0.0           1.745329E-02  0.0         
             12        0 -8.726646E-03 -8.282818E-18  3.490659E-02  0.0           1.745329E-02  0.0         
             13        0  8.726646E-03 -8.282818E-18  3.490659E-02  0.0           1.745329E-02  0.0         
             14        0  0.0          -8.282818E-18  0.0           0.0           1.745329E-02  0.0         
             15        0  8.726646E-03  0.0           0.0           0.0           0.0           0.0         
             16        0  8.726646E-03  1.665900E-17  3.490659E-02  0.0           0.0           0.0         
             17        0  8.726646E-03  1.665900E-17  3.490659E-02  0.0           0.0           0.0         
             18        0  8.726646E-03  7.577603E-19  0.0           0.0           0.0           0.0         
             19        0  8.726646E-03  0.0           0.0           0.0           0.0           0.0         
             20        0  8.726646E-03  1.417996E-17  3.490659E-02  0.0           0.0           0.0         
             21        0  8.726646E-03  1.417996E-17  3.490659E-02  0.0           0.0           0.0         
             22        0  8.726646E-03  1.236973E-18  0.0           0.0           0.0           0.0         
             23        0  5.235988E-02  0.0           0.0           0.0           0.0           0.0         
             24        0  4.363323E-02 -8.282818E-18  4.363323E-02  0.0           0.0           0.0         
             25        0  4.363323E-02 -8.282818E-18  4.363323E-02  0.0           0.0           0.0         
             26        0  5.235988E-02 -3.837049E-18  0.0           0.0           0.0           0.0         
             27        0  5.235988E-02  0.0           0.0           0.0           0.0           0.0         
             28        0  4.363323E-02 -8.282818E-18  2.617994E-02  0.0           0.0           0.0         
             29        0  4.363323E-02 -8.282818E-18  2.617994E-02  0.0           0.0           0.0         
             30        0  5.235988E-02 -8.381903E-18  0.0           0.0           0.0           0.0         
                         ------------- ------------- ------------- ------------- ------------- -------------
                MAX* :    5.235988E-02  8.039479E-17  5.235988E-02  2.375834E-17  1.745329E-02  0.0         
                MIN* :   -8.726646E-03 -8.381903E-18  0.0           0.0           0.0          -2.479037E-18

                ABS* :    5.235988E-02  8.039479E-17  5.235988E-02  2.375834E-17  1.745329E-02  2.479037E-18
                *for output set

                                                    SPC Force Summary on AUTOSPC'd DOF's
                                                 (in global coordinate system at each grid)
        For detailed information on the SPC forces for the AUTOSPC DOF's, set field 7 (AUTOSPC_SPCF) on the PARAM AUTOSPC entry to Y

                              T1             T2             T3             R1             R2             R3

 ABS AUTOSPC FORCES  :   0.000000E+00   0.000000E+00   0.000000E+00   0.000000E+00   0.000000E+00   0.000000E+00
 AUTOSPC FORCE TOTALS:   0.000000E+00   0.000000E+00   0.000000E+00   0.000000E+00   0.000000E+00   0.000000E+00
     (for output set)

 >> LINK  9 END

    Total CPU time =  4.69E-02 seconds

 >> MYSTRAN END    :  6/27/2026 at 19:33:58.499

                                          * * * END OF JOB * * *
