   627193357

 MYSTRAN Version 18.0.0   APR 20 2026 MYSTRAN developed by Dr Bill Case
*** Please report any problems to mystransolver@gmail.com ***                                                                                                                                                                                                   

 >> MYSTRAN BEGIN  :  6/27/2026 at 19:33:57.561 The input file is C:\Users\victo\Documents\Git\MYSTRAN_Validation\working\S30 node-surface coupling 1 rotated constraint.bdf                                                                                                                                                      


 >> LINK  0 BEGIN


SOL 101                                                                                                                                                                                                                                                         
CEND                                                                                                                                                                                                                                                            
DISPLACEMENT = ALL                                                                                                                                                                                                                                              
SPCFORCES = ALL                                                                                                                                                                                                                                                 
MPCFORCES = ALL                                                                                                                                                                                                                                                 
STRESS(CORNER) = ALL                                                                                                                                                                                                                                            
SPC = 1                                                                                                                                                                                                                                                         
LOAD = 1                                                                                                                                                                                                                                                        
BEGIN BULK                                                                                                                                                                                                                                                      
ECHO: loadb GRID           1       0   0.0+0   0.0+0   0.0+0       0                                                                                                                                                                                                        
ECHO: loadb GRID           2       0   1.0+0   0.0+0   0.0+0       0                                                                                                                                                                                                        
ECHO: loadb GRID           3       0   1.0+0   1.0+0   0.0+0       0                                                                                                                                                                                                        
ECHO: loadb GRID           4       0   0.0+0   1.0+0   0.0+0       0                                                                                                                                                                                                        
ECHO: loadb GRID           5       0   0.0+0   0.0+0   1.0+0       1                                                                                                                                                                                                        
ECHO: loadb GRID           6       0   0.0+0   1.0+0  -1.0+0       0                                                                                                                                                                                                        
ECHO: loadb GRID           7       0   1.0+0   1.0+0  -1.0+0       0                                                                                                                                                                                                        
ECHO: loadb GRID           8       0   1.0+0   0.0+0  -1.0+0       0                                                                                                                                                                                                        
ECHO: loadb GRID           9       0   0.0+0   0.0+0  -1.0+0       0                                                                                                                                                                                                        
ECHO: loadb GRID          10       0   2.0+0   0.0+0   0.0+0       0                                                                                                                                                                                                        
ECHO: loadb GRID          11       0   3.0+0   0.0+0   0.0+0       0                                                                                                                                                                                                        
ECHO: loadb GRID          12       0   3.0+0   1.0+0   0.0+0       0                                                                                                                                                                                                        
ECHO: loadb GRID          13       0   2.0+0   1.0+0   0.0+0       0                                                                                                                                                                                                        
ECHO: loadb GRID          14       0   2.0+0   0.0+0   1.0+0       1                                                                                                                                                                                                        
ECHO: loadb GRID          15       0   2.0+0   1.0+0  -1.0+0       0                                                                                                                                                                                                        
ECHO: loadb GRID          16       0   3.0+0   1.0+0  -1.0+0       0                                                                                                                                                                                                        
ECHO: loadb GRID          17       0   3.0+0   0.0+0  -1.0+0       0                                                                                                                                                                                                        
ECHO: loadb GRID          18       0   2.0+0   0.0+0  -1.0+0       0                                                                                                                                                                                                        
ECHO: loadb GRID          19       0   2.0+0   1.0+0   1.0+0       0                                                                                                                                                                                                        
ECHO: loadb GRID          20       0   3.0+0   1.0+0   1.0+0       0                                                                                                                                                                                                        
ECHO: loadb GRID          21       0   3.0+0   0.0+0   1.0+0       0                                                                                                                                                                                                        
ECHO: loadb PARAM    STR_CID      -2                                                                                                                                                                                                                                        
ECHO: loadb MAT1           1  2.0+11  1.0+11   0.0+0   0.0+0   0.0+0   0.0+0                                                                                                                                                                                                
ECHO: loadb MAT1           2  2.0+17  1.0+17   0.0+0   0.0+0   0.0+0   0.0+0                                                                                                                                                                                                
ECHO: loadb CORD2R*                1               0           0.0+0           0.0+0*                                                                                                                                                                                       
ECHO: loadb *                  0.0+0           0.0+0           0.0+0           1.0+0*                                                                                                                                                                                       
ECHO nextc2: *        7.07106781187-1 7.07106781187-1           0.0+0                *                                                                                                                                                                                       
ECHO nextc2: *                                                                                                                                                                                                                                                               
ECHO: loadb SPC            1       5       1   1.0-1                                                                                                                                                                                                                        
ECHO: loadb SPC            1       6       1   0.0+0                                                                                                                                                                                                                        
ECHO: loadb SPC            1       6       2   0.0+0                                                                                                                                                                                                                        
ECHO: loadb SPC            1       6       3   0.0+0                                                                                                                                                                                                                        
ECHO: loadb SPC            1       7       1   0.0+0                                                                                                                                                                                                                        
ECHO: loadb SPC            1       7       2   0.0+0                                                                                                                                                                                                                        
ECHO: loadb SPC            1       7       3   0.0+0                                                                                                                                                                                                                        
ECHO: loadb SPC            1       8       1   0.0+0                                                                                                                                                                                                                        
ECHO: loadb SPC            1       8       2   0.0+0                                                                                                                                                                                                                        
ECHO: loadb SPC            1       8       3   0.0+0                                                                                                                                                                                                                        
ECHO: loadb SPC            1       9       1   0.0+0                                                                                                                                                                                                                        
ECHO: loadb SPC            1       9       2   0.0+0                                                                                                                                                                                                                        
ECHO: loadb SPC            1       9       3   0.0+0                                                                                                                                                                                                                        
ECHO: loadb SPC            1      14       1   1.0-1                                                                                                                                                                                                                        
ECHO: loadb SPC            1      15       1   0.0+0                                                                                                                                                                                                                        
ECHO: loadb SPC            1      15       2   0.0+0                                                                                                                                                                                                                        
ECHO: loadb SPC            1      15       3   0.0+0                                                                                                                                                                                                                        
ECHO: loadb SPC            1      16       1   0.0+0                                                                                                                                                                                                                        
ECHO: loadb SPC            1      16       2   0.0+0                                                                                                                                                                                                                        
ECHO: loadb SPC            1      16       3   0.0+0                                                                                                                                                                                                                        
ECHO: loadb SPC            1      17       1   0.0+0                                                                                                                                                                                                                        
ECHO: loadb SPC            1      17       2   0.0+0                                                                                                                                                                                                                        
ECHO: loadb SPC            1      17       3   0.0+0                                                                                                                                                                                                                        
ECHO: loadb SPC            1      18       1   0.0+0                                                                                                                                                                                                                        
ECHO: loadb SPC            1      18       2   0.0+0                                                                                                                                                                                                                        
ECHO: loadb SPC            1      18       3   0.0+0                                                                                                                                                                                                                        
ECHO: loadb PSOLID         2       1       0       2               1                                                                                                                                                                                                        
ECHO: loadb CHEXA          1       2       4       3       2       1       6       7+                                                                                                                                                                                       
ECHO:  nextc +              8       9                                                                                                                                                                                                                                        
ECHO: loadb CHEXA          2       2      13      12      11      10      15      16+                                                                                                                                                                                       
ECHO:  nextc +             17      18                                                                                                                                                                                                                                        
ECHO: loadb PSOLID         3       2       0       2               1                                                                                                                                                                                                        
ECHO: loadb CHEXA          3       3      13      10      11      12      19      14+                                                                                                                                                                                       
ECHO:  nextc +             21      20                                                                                                                                                                                                                                        
ECHO: loadb FORCE          2       4       0   1.0+0  -2.5+8   2.5+8   0.0+0                                                                                                                                                                                                
ECHO: loadb FORCE          2       3       0   1.0+0  -2.5+8   2.5+8   0.0+0                                                                                                                                                                                                
ECHO: loadb FORCE          2       2       0   1.0+0  -2.5+8   2.5+8   0.0+0                                                                                                                                                                                                
ECHO: loadb FORCE          2       1       0   1.0+0  -2.5+8   2.5+8   0.0+0                                                                                                                                                                                                
ECHO: loadb FORCE          2      13       0   1.0+0  -2.5+8   2.5+8   0.0+0                                                                                                                                                                                                
ECHO: loadb FORCE          2      12       0   1.0+0  -2.5+8   2.5+8   0.0+0                                                                                                                                                                                                
ECHO: loadb FORCE          2      11       0   1.0+0  -2.5+8   2.5+8   0.0+0                                                                                                                                                                                                
ECHO: loadb FORCE          2      10       0   1.0+0  -2.5+8   2.5+8   0.0+0                                                                                                                                                                                                
ECHO: loadb RBE2           4       5     123       4       1       2       3                                                                                                                                                                                                
ECHO: loadb LOAD           1   1.0+0   1.0+0       2                                                                                                                                                                                                                        
ECHO: loadb ENDDATA                                                                                                                                                                                                                                                         




 >> LINK  0 END


 >> LINK  1 BEGIN

               DEALLOCATED  1.11E-01 MB MEMORY FROM ARRAY STF3


 *INFORMATION: AUTOSPC Summary, Stage 1 after identification of AUTOSPC's at the grid level                                                 

                                     AUTOSPC_RAT = 1.000000E-08

                       Number of DOF's identified for AUTOSPC in component  1         =            0
                       Number of DOF's identified for AUTOSPC in component  2         =            0
                       Number of DOF's identified for AUTOSPC in component  3         =            0
                       Number of DOF's identified for AUTOSPC in component  4         =           20
                       Number of DOF's identified for AUTOSPC in component  5         =           20
                       Number of DOF's identified for AUTOSPC in component  6         =           20
                                                                                        ------------
                       Total number of DOF's identified in this stage                 =           60

               DEALLOCATED  5.04E-04 MB MEMORY FROM ARRAY STFKEY
               DEALLOCATED  1.11E-01 MB MEMORY FROM ARRAY STF3

 >> LINK  1 END


 >> LINK  2 BEGIN



 *INFORMATION: AUTOSPC Summary, Overall: after identification of all AUTOSPC's                                                               

                                     AUTOSPC_RAT = 1.000000E-08

                       Number of DOF's identified for AUTOSPC in component  1         =            0
                       Number of DOF's identified for AUTOSPC in component  2         =            0
                       Number of DOF's identified for AUTOSPC in component  3         =            0
                       Number of DOF's identified for AUTOSPC in component  4         =           20
                       Number of DOF's identified for AUTOSPC in component  5         =           20
                       Number of DOF's identified for AUTOSPC in component  6         =           20
                                                                                        ------------
                       Total number of DOF's identified overall                       =           60


 >> LINK  2 END


 >> LINK  3 BEGIN

 SUPERLU FACTORIZATION OF MATRIX KLL SUCCEEDED IN SUBR SYM_MAT_DECOMP_SUPRLU          

 *INFORMATION: FOR INTERNAL SUBCASE NUMBER        1 EPSILON ERROR ESTIMATE            =  1.036842E-18 Based on U'*(K*U - P)/(U'*P)


 >> LINK  3 END


 >> LINK  5 BEGIN


 >> LINK  5 END


 >> LINK  9 BEGIN



 OUTPUT FOR SUBCASE        1

                                                       D I S P L A C E M E N T S
                                              (in global coordinate system at each grid)
           GRID     COORD      T1            T2            T3            R1            R2            R3
                     SYS
              1        0  8.284271E-03  4.828427E-02  4.242641E-02  0.0           0.0           0.0         
              2        0  8.284271E-03  4.828427E-02  2.000000E-02  0.0           0.0           0.0         
              3        0  8.284271E-03  4.828427E-02 -4.242641E-02  0.0           0.0           0.0         
              4        0  8.284271E-03  4.828427E-02 -2.000000E-02  0.0           0.0           0.0         
              5        1  1.000000E-01  5.656854E-02  4.242641E-02 -2.828427E-02  6.000000E-02  6.051340E-17
              6        0  0.0           0.0           0.0           0.0           0.0           0.0         
              7        0  0.0           0.0           0.0           0.0           0.0           0.0         
              8        0  0.0           0.0           0.0           0.0           0.0           0.0         
              9        0  0.0           0.0           0.0           0.0           0.0           0.0         
             10        0  8.284256E-03  4.828426E-02  4.242639E-02  0.0           0.0           0.0         
             11        0  8.284262E-03  4.828426E-02  2.000000E-02  0.0           0.0           0.0         
             12        0  8.284261E-03  4.828426E-02 -4.242639E-02  0.0           0.0           0.0         
             13        0  8.284264E-03  4.828426E-02 -2.000000E-02  0.0           0.0           0.0         
             14        1  1.000000E-01  5.656854E-02  4.242641E-02  0.0           0.0           0.0         
             15        0  0.0           0.0           0.0           0.0           0.0           0.0         
             16        0  0.0           0.0           0.0           0.0           0.0           0.0         
             17        0  0.0           0.0           0.0           0.0           0.0           0.0         
             18        0  0.0           0.0           0.0           0.0           0.0           0.0         
             19        0  3.071066E-02  1.107107E-01 -2.000000E-02  0.0           0.0           0.0         
             20        0  3.071067E-02  1.107107E-01 -4.242640E-02  0.0           0.0           0.0         
             21        0  3.071066E-02  1.107107E-01  2.000000E-02  0.0           0.0           0.0         
                         ------------- ------------- ------------- ------------- ------------- -------------
                MAX* :    1.000000E-01  1.107107E-01  4.242641E-02  0.0           6.000000E-02  6.051340E-17
                MIN* :    0.0           0.0          -4.242641E-02 -2.828427E-02  0.0           0.0         

                ABS* :    1.000000E-01  1.107107E-01  4.242641E-02  2.828427E-02  6.000000E-02  6.051340E-17
                *for output set


 OUTPUT FOR SUBCASE        1

                                                          S P C   F O R C E S
                                              (in global coordinate system at each grid)
           GRID     COORD      T1            T2            T3            R1            R2            R3
                     SYS
              5        1  1.000000E+09  0.0           0.0           0.0           0.0           0.0         
              6        0  7.322330E+07 -4.267767E+08  1.000000E+09  0.0           0.0           0.0         
              7        0  7.322330E+07 -4.267767E+08  1.414214E+09  0.0           0.0           0.0         
              8        0  7.322330E+07 -4.267767E+08 -1.000000E+09  0.0           0.0           0.0         
              9        0  7.322330E+07 -4.267767E+08 -1.414214E+09  0.0           0.0           0.0         
             14        1  9.999996E+08  0.0           0.0           0.0           0.0           0.0         
             15        0  7.322340E+07 -4.267766E+08  1.000000E+09  0.0           0.0           0.0         
             16        0  7.322338E+07 -4.267766E+08  1.414213E+09  0.0           0.0           0.0         
             17        0  7.322340E+07 -4.267766E+08 -1.000000E+09  0.0           0.0           0.0         
             18        0  7.322329E+07 -4.267767E+08 -1.414213E+09  0.0           0.0           0.0         
                         ------------- ------------- ------------- ------------- ------------- -------------
                MAX* :    1.000000E+09  0.0           1.414214E+09  0.0           0.0           0.0         
                MIN* :    0.0          -4.267767E+08 -1.414214E+09  0.0           0.0           0.0         

                ABS* :    1.000000E+09  4.267767E+08  1.414214E+09  0.0           0.0           0.0         
                *for output set
                         ------------- ------------- ------------- ------------- ------------- -------------
     SPC FORCE TOTALS: not printed since all grids do not have the same global coordinate system

                                                    SPC Force Summary on AUTOSPC'd DOF's
                                                 (in global coordinate system at each grid)
        For detailed information on the SPC forces for the AUTOSPC DOF's, set field 7 (AUTOSPC_SPCF) on the PARAM AUTOSPC entry to Y

                              T1             T2             T3             R1             R2             R3

 ABS AUTOSPC FORCES  :   0.000000E+00   0.000000E+00   0.000000E+00   0.000000E+00   0.000000E+00   0.000000E+00
                       -------------- -------------- -------------- -------------- -------------- --------------
 AUTOSPC FORCE TOTALS: not printed since all grids do not have the same global coordinate system


 OUTPUT FOR SUBCASE        1

                                                          M P C   F O R C E S
                                              (in global coordinate system at each grid)
           GRID     COORD      T1            T2            T3            R1            R2            R3
                     SYS
              1        0  1.767767E+08  1.767767E+08  7.071068E+08  0.0           0.0           0.0         
              2        0  1.767767E+08  1.767767E+08  6.329322E-07  0.0           0.0           0.0         
              3        0  1.767767E+08  1.767767E+08 -7.071068E+08  0.0           0.0           0.0         
              4        0  1.767767E+08  1.767767E+08  8.232356E-08  0.0           0.0           0.0         
              5        1 -1.000000E+09 -1.937151E-07 -1.155207E-06  1.951082E-07  7.255472E-06 -1.668930E-06
                         ------------- ------------- ------------- ------------- ------------- -------------
                MAX* :    1.767767E+08  1.767767E+08  7.071068E+08  1.951082E-07  7.255472E-06  0.0         
                MIN* :   -1.000000E+09 -1.937151E-07 -7.071068E+08  0.0           0.0          -1.668930E-06

                ABS* :    1.000000E+09  1.767767E+08  7.071068E+08  1.951082E-07  7.255472E-06  1.668930E-06
                *for output set
                         ------------- ------------- ------------- ------------- ------------- -------------
     MPC FORCE TOTALS: not printed since all grids do not have the same global coordinate system


 OUTPUT FOR SUBCASE        1

                                E L E M E N T   S T R E S S E S   I N   M A T E R I A L   C O O R D I N A T E   S Y S T E M
                                                       F O R   E L E M E N T   T Y P E   H E X A  8 
    Elem  Location            Sigma-xx      Sigma-yy      Sigma-zz       Tau-xy        Tau-yz        Tau-zx       von Mises
     ID
        1  CENTER            8.673617E-08  3.469447E-07  0.000000E+00  0.000000E+00  1.707107E+09 -2.928932E+08  3.000000E+09
           GRD       4       3.469447E-07  0.000000E+00 -4.000000E+09  0.000000E+00 -1.414214E+09 -1.414214E+09  5.291503E+09
           GRD       3       3.469447E-07  0.000000E+00 -8.485281E+09  0.000000E+00 -1.414214E+09 -1.414214E+09  9.165151E+09
           GRD       2       0.000000E+00  0.000000E+00  4.000000E+09  0.000000E+00 -1.414214E+09 -1.414214E+09  5.291503E+09
           GRD       1       0.000000E+00  0.000000E+00  8.485281E+09  0.000000E+00 -1.414214E+09 -1.414214E+09  9.165151E+09
           GRD       6       0.000000E+00  0.000000E+00 -4.000000E+09  0.000000E+00  4.828427E+09  8.284271E+08  9.380832E+09
           GRD       7       0.000000E+00  0.000000E+00 -8.485281E+09  0.000000E+00  4.828427E+09  8.284271E+08  1.200000E+10
           GRD       8       0.000000E+00  0.000000E+00  4.000000E+09  0.000000E+00  4.828427E+09  8.284271E+08  9.380832E+09
           GRD       9       0.000000E+00  0.000000E+00  8.485281E+09  0.000000E+00  4.828427E+09  8.284271E+08  1.200000E+10
        2  CENTER            1.767764E+02  1.767764E+02  4.163343E-01  3.535525E+02  1.707107E+09 -2.928935E+08  3.000000E+09
           GRD      13      -5.303292E+02  1.237435E+03 -4.000001E+09  7.071050E+02 -1.414213E+09 -1.414212E+09  5.291502E+09
           GRD      12      -5.303292E+02 -5.303292E+02 -8.485278E+09 -1.767771E+02 -1.414212E+09 -1.414212E+09  9.165146E+09
           GRD      11       1.237435E+03 -5.303292E+02  3.999999E+09  7.071050E+02 -1.414212E+09 -1.414213E+09  5.291501E+09
           GRD      10       1.237435E+03  1.237435E+03  8.485279E+09  1.590987E+03 -1.414214E+09 -1.414214E+09  9.165148E+09
           GRD      15       0.000000E+00  0.000000E+00 -4.000001E+09  0.000000E+00  4.828426E+09  8.284264E+08  9.380830E+09
           GRD      16       0.000000E+00  0.000000E+00 -8.485278E+09  0.000000E+00  4.828426E+09  8.284261E+08  1.200000E+10
           GRD      17       0.000000E+00  0.000000E+00  3.999999E+09  0.000000E+00  4.828426E+09  8.284262E+08  9.380830E+09
           GRD      18       0.000000E+00  0.000000E+00  8.485279E+09  0.000000E+00  4.828426E+09  8.284256E+08  1.200000E+10
        3  CENTER           -3.535534E+08 -3.535534E+08  1.040834E+00 -3.535536E+08  7.071065E+08  7.071065E+08  1.870828E+09
           GRD      13      -5.303292E+08  1.237435E+09 -9.200973E+02  7.071050E+08  2.651662E+08  9.722709E+08  2.648699E+09
           GRD      10       1.237435E+09  1.237435E+09  2.828427E+09  1.590987E+09  2.563261E+09  2.563261E+09  7.038951E+09
           GRD      11       1.237435E+09 -5.303292E+08 -9.291179E+02  7.071050E+08  9.722709E+08  2.651662E+08  2.648699E+09
           GRD      12      -5.303292E+08 -5.303292E+08 -2.828425E+09 -1.767771E+08  1.856154E+09  1.856154E+09  5.103610E+09
           GRD      19       1.237436E+09 -3.358755E+09 -9.200973E+02 -1.414212E+09 -1.149048E+09 -4.419412E+08  5.245530E+09
           GRD      14      -3.358755E+09 -3.358755E+09  2.828427E+09 -3.712308E+09  1.149047E+09  1.149047E+09  9.356643E+09
           GRD      21      -3.358755E+09  1.237436E+09 -9.291179E+02 -1.414212E+09 -4.419412E+08 -1.149048E+09  5.245530E+09
           GRD      20       1.237436E+09  1.237436E+09 -2.828425E+09  8.838837E+08  4.419415E+08  4.419415E+08  4.477371E+09
                            ------------- ------------- ------------- ------------- ------------- ------------- -------------
                MAX* :       1.237436E+09  1.237436E+09  8.485281E+09  1.590987E+09  4.828427E+09  2.563261E+09  1.200000E+10
                MIN* :      -3.358755E+09 -3.358755E+09 -8.485281E+09 -3.712308E+09 -1.414214E+09 -1.414214E+09  1.870828E+09

                ABS* :       3.358755E+09  3.358755E+09  8.485281E+09  3.712308E+09  4.828427E+09  2.563261E+09  1.200000E+10
                * for output set

 >> LINK  9 END

    Total CPU time =  3.12E-02 seconds

 >> MYSTRAN END    :  6/27/2026 at 19:33:57.666

                                          * * * END OF JOB * * *
