   627193406

 MYSTRAN Version 18.0.0   APR 20 2026 MYSTRAN developed by Dr Bill Case
*** Please report any problems to mystransolver@gmail.com ***                                                                                                                                                                                                   

 >> MYSTRAN BEGIN  :  6/27/2026 at 19:34: 6.454 The input file is C:\Users\victo\Documents\Git\MYSTRAN_Validation\working\NAS S30 MITC4+ corner stress order.bdf                                                                                                                                                                  


 >> LINK  0 BEGIN


SOL 101                                                                                                                                                                                                                                                         
CEND                                                                                                                                                                                                                                                            
DISPLACEMENT = ALL                                                                                                                                                                                                                                              
STRESS(CORNER) = ALL                                                                                                                                                                                                                                            
STRAIN(CORNER,FIBER) = ALL                                                                                                                                                                                                                                      
FORCE(CORNER) = ALL                                                                                                                                                                                                                                             
SPC = 1                                                                                                                                                                                                                                                         
LOAD = 1                                                                                                                                                                                                                                                        
BEGIN BULK                                                                                                                                                                                                                                                      
ECHO: loadb GRID           1       0   1.0+0   0.0+0   0.0+0       0                                                                                                                                                                                                        
ECHO: loadb GRID           2       0   1.0+0   1.0+0   0.0+0       0                                                                                                                                                                                                        
ECHO: loadb GRID           3       0   0.0+0   1.0+0   0.0+0       0                                                                                                                                                                                                        
ECHO: loadb GRID           4       0   0.0+0   0.0+0   0.0+0       0                                                                                                                                                                                                        
ECHO: loadb GRID           5       0   1.0+0   2.0+0   0.0+0       0                                                                                                                                                                                                        
ECHO: loadb GRID           6       0   1.0+0   3.0+0   0.0+0       0                                                                                                                                                                                                        
ECHO: loadb GRID           7       0   0.0+0   3.0+0   0.0+0       0                                                                                                                                                                                                        
ECHO: loadb GRID           8       0   0.0+0   2.0+0   0.0+0       0                                                                                                                                                                                                        
ECHO: loadb GRID           9       0   1.0+0   4.0+0   0.0+0       0                                                                                                                                                                                                        
ECHO: loadb GRID          10       0   1.0+0   5.0+0   0.0+0       0                                                                                                                                                                                                        
ECHO: loadb GRID          11       0   0.0+0   5.0+0   0.0+0       0                                                                                                                                                                                                        
ECHO: loadb GRID          12       0   0.0+0   4.0+0   0.0+0       0                                                                                                                                                                                                        
ECHO: loadb GRID          13       0   1.0+0   6.0+0   0.0+0       0                                                                                                                                                                                                        
ECHO: loadb GRID          14       0   1.0+0   7.0+0   0.0+0       0                                                                                                                                                                                                        
ECHO: loadb GRID          15       0   0.0+0   7.0+0   0.0+0       0                                                                                                                                                                                                        
ECHO: loadb GRID          16       0   0.0+0   6.0+0   0.0+0       0                                                                                                                                                                                                        
ECHO: loadb PARAM    STR_CID      -2                                                                                                                                                                                                                                        
ECHO: loadb MAT1           1   3.0+7   1.5+7   0.0+0   0.0+0   0.0+0   0.0+0                                                                                                                                                                                                
ECHO: loadb SPC            1       3       1   0.0+0                                                                                                                                                                                                                        
ECHO: loadb SPC            1       3       3   0.0+0                                                                                                                                                                                                                        
ECHO: loadb SPC            1       3       5   0.0+0                                                                                                                                                                                                                        
ECHO: loadb SPC            1       4       2   0.0+0                                                                                                                                                                                                                        
ECHO: loadb SPC            1       4       1   0.0+0                                                                                                                                                                                                                        
ECHO: loadb SPC            1       4       3   0.0+0                                                                                                                                                                                                                        
ECHO: loadb SPC            1       4       5   0.0+0                                                                                                                                                                                                                        
ECHO: loadb SPC            1       7       1   0.0+0                                                                                                                                                                                                                        
ECHO: loadb SPC            1       7       3   0.0+0                                                                                                                                                                                                                        
ECHO: loadb SPC            1       7       5   0.0+0                                                                                                                                                                                                                        
ECHO: loadb SPC            1       8       2   0.0+0                                                                                                                                                                                                                        
ECHO: loadb SPC            1       8       1   0.0+0                                                                                                                                                                                                                        
ECHO: loadb SPC            1       8       3   0.0+0                                                                                                                                                                                                                        
ECHO: loadb SPC            1       8       5   0.0+0                                                                                                                                                                                                                        
ECHO: loadb SPC            1      11       1   0.0+0                                                                                                                                                                                                                        
ECHO: loadb SPC            1      11       3   0.0+0                                                                                                                                                                                                                        
ECHO: loadb SPC            1      11       5   0.0+0                                                                                                                                                                                                                        
ECHO: loadb SPC            1      12       2   0.0+0                                                                                                                                                                                                                        
ECHO: loadb SPC            1      12       1   0.0+0                                                                                                                                                                                                                        
ECHO: loadb SPC            1      12       3   0.0+0                                                                                                                                                                                                                        
ECHO: loadb SPC            1      12       5   0.0+0                                                                                                                                                                                                                        
ECHO: loadb SPC            1      15       1   0.0+0                                                                                                                                                                                                                        
ECHO: loadb SPC            1      15       3   0.0+0                                                                                                                                                                                                                        
ECHO: loadb SPC            1      15       5   0.0+0                                                                                                                                                                                                                        
ECHO: loadb SPC            1      16       2   0.0+0                                                                                                                                                                                                                        
ECHO: loadb SPC            1      16       1   0.0+0                                                                                                                                                                                                                        
ECHO: loadb SPC            1      16       3   0.0+0                                                                                                                                                                                                                        
ECHO: loadb SPC            1      16       5   0.0+0                                                                                                                                                                                                                        
ECHO: loadb PSHELL         1       1   2.0-2       1               1           0.0+0                                                                                                                                                                                        
ECHO: loadb CQUAD4         1       1       4       1       2       3   0.0+0   0.0+0                                                                                                                                                                                        
ECHO: loadb CQUAD4         2       1       5       6       7       8  -9.0+1   0.0+0                                                                                                                                                                                        
ECHO: loadb CQUAD4         3       1      11      12       9      10   9.0+1   0.0+0                                                                                                                                                                                        
ECHO: loadb CQUAD4         4       1      14      15      16      13   1.8+2   0.0+0                                                                                                                                                                                        
ECHO: loadb FORCE          2       2       0   1.0+0  -5.0-1   0.0+0   0.0+0                                                                                                                                                                                                
ECHO: loadb FORCE          2       6       0   1.0+0  -5.0-1   0.0+0   0.0+0                                                                                                                                                                                                
ECHO: loadb FORCE          2      10       0   1.0+0  -5.0-1   0.0+0   0.0+0                                                                                                                                                                                                
ECHO: loadb FORCE          2      14       0   1.0+0  -5.0-1   0.0+0   0.0+0                                                                                                                                                                                                
ECHO: loadb LOAD           1   1.0+0   1.0+0       2                                                                                                                                                                                                                        
ECHO: loadb PARAM,QUAD4TYP,MITC4+                                                                                                                                                                                                                                           
ECHO: loadb ENDDATA                                                                                                                                                                                                                                                         




 >> LINK  0 END


 >> LINK  1 BEGIN

               DEALLOCATED  3.69E-02 MB MEMORY FROM ARRAY STF3


 *INFORMATION: AUTOSPC Summary, Stage 1 after identification of AUTOSPC's at the grid level                                                 

                                     AUTOSPC_RAT = 1.000000E-08

                       Number of DOF's identified for AUTOSPC in component  1         =            0
                       Number of DOF's identified for AUTOSPC in component  2         =            0
                       Number of DOF's identified for AUTOSPC in component  3         =            0
                       Number of DOF's identified for AUTOSPC in component  4         =            0
                       Number of DOF's identified for AUTOSPC in component  5         =            0
                       Number of DOF's identified for AUTOSPC in component  6         =           16
                                                                                        ------------
                       Total number of DOF's identified in this stage                 =           16

               DEALLOCATED  3.84E-04 MB MEMORY FROM ARRAY STFKEY
               DEALLOCATED  3.69E-02 MB MEMORY FROM ARRAY STF3

 >> LINK  1 END


 >> LINK  2 BEGIN



 *INFORMATION: AUTOSPC Summary, Overall: after identification of all AUTOSPC's                                                               

                                     AUTOSPC_RAT = 1.000000E-08

                       Number of DOF's identified for AUTOSPC in component  1         =            0
                       Number of DOF's identified for AUTOSPC in component  2         =            0
                       Number of DOF's identified for AUTOSPC in component  3         =            0
                       Number of DOF's identified for AUTOSPC in component  4         =            0
                       Number of DOF's identified for AUTOSPC in component  5         =            0
                       Number of DOF's identified for AUTOSPC in component  6         =           16
                                                                                        ------------
                       Total number of DOF's identified overall                       =           16


 >> LINK  2 END


 >> LINK  3 BEGIN

 SUPERLU FACTORIZATION OF MATRIX KLL SUCCEEDED IN SUBR SYM_MAT_DECOMP_SUPRLU          

 *INFORMATION: FOR INTERNAL SUBCASE NUMBER        1 EPSILON ERROR ESTIMATE            =  4.948843E-17 Based on U'*(K*U - P)/(U'*P)


 >> LINK  3 END


 >> LINK  5 BEGIN


 >> LINK  5 END


 >> LINK  9 BEGIN



 OUTPUT FOR SUBCASE        1

                                                       D I S P L A C E M E N T S
                                              (in global coordinate system at each grid)
           GRID     COORD      T1            T2            T3            R1            R2            R3
                     SYS
              1        0  8.333333E-07  1.666667E-06  0.0           0.0           0.0           0.0         
              2        0 -2.500000E-06  1.666667E-06  0.0           0.0           0.0           0.0         
              3        0  0.0           1.892426E-22  0.0           0.0           0.0           0.0         
              4        0  0.0           0.0           0.0           0.0           0.0           0.0         
              5        0  8.333333E-07  1.666667E-06  0.0           0.0           0.0           0.0         
              6        0 -2.500000E-06  1.666667E-06  0.0           0.0           0.0           0.0         
              7        0  0.0           4.956353E-22  0.0           0.0           0.0           0.0         
              8        0  0.0           0.0           0.0           0.0           0.0           0.0         
              9        0  8.333333E-07  1.666667E-06  0.0           0.0           0.0           0.0         
             10        0 -2.500000E-06  1.666667E-06  0.0           0.0           0.0           0.0         
             11        0  0.0           0.0           0.0           0.0           0.0           0.0         
             12        0  0.0           0.0           0.0           0.0           0.0           0.0         
             13        0  8.333333E-07  1.666667E-06  0.0           0.0           0.0           0.0         
             14        0 -2.500000E-06  1.666667E-06  0.0           0.0           0.0           0.0         
             15        0  0.0           2.775558E-22  0.0           0.0           0.0           0.0         
             16        0  0.0           0.0           0.0           0.0           0.0           0.0         
                         ------------- ------------- ------------- ------------- ------------- -------------
                MAX* :    8.333333E-07  1.666667E-06  0.0           0.0           0.0           0.0         
                MIN* :   -2.500000E-06  0.0           0.0           0.0           0.0           0.0         

                ABS* :    2.500000E-06  1.666667E-06  0.0           0.0           0.0           0.0         
                *for output set

                                                    SPC Force Summary on AUTOSPC'd DOF's
                                                 (in global coordinate system at each grid)
        For detailed information on the SPC forces for the AUTOSPC DOF's, set field 7 (AUTOSPC_SPCF) on the PARAM AUTOSPC entry to Y

                              T1             T2             T3             R1             R2             R3

 ABS AUTOSPC FORCES  :   0.000000E+00   0.000000E+00   0.000000E+00   0.000000E+00   0.000000E+00   0.000000E+00
 AUTOSPC FORCE TOTALS:   0.000000E+00   0.000000E+00   0.000000E+00   0.000000E+00   0.000000E+00   0.000000E+00
     (for output set)


 OUTPUT FOR SUBCASE        1

                                                       E L E M E N T   E N G I N E E R I N G   F O R C E S
                                                           F O R   E L E M E N T   T Y P E   Q U A D 4  
  Element Location               N o r m a l   F o r c e s                       M o m e n t s                   T r a n s v e r s e
     ID                                                                                                        S h e a r   F o r c e s
                              Nxx           Nyy           Nxy           Mxx           Myy           Mxy            Qx           Qy
        1                -5.000000E-01  5.677277E-17 -1.236776E-16  0.000000E+00  0.000000E+00  0.000000E+00  0.000000E+00  0.000000E+00
           GRD       4    5.000000E-01  1.135455E-16  5.000000E-01  0.000000E+00  0.000000E+00  0.000000E+00  0.000000E+00  0.000000E+00
           GRD       1    5.000000E-01  0.000000E+00 -5.000000E-01  0.000000E+00  0.000000E+00  0.000000E+00  0.000000E+00  0.000000E+00
           GRD       2   -1.500000E+00  1.366347E-32 -5.000000E-01  0.000000E+00  0.000000E+00  0.000000E+00  0.000000E+00  0.000000E+00
           GRD       3   -1.500000E+00  1.135455E-16  5.000000E-01  0.000000E+00  0.000000E+00  0.000000E+00  0.000000E+00  0.000000E+00
        2                 8.516311E-17 -5.000000E-01  1.081782E-17  0.000000E+00  0.000000E+00  0.000000E+00  0.000000E+00  0.000000E+00
           GRD       5   -1.619339E-16  5.000000E-01  5.000000E-01  0.000000E+00  0.000000E+00  0.000000E+00  0.000000E+00  0.000000E+00
           GRD       6   -1.619339E-16 -1.500000E+00  5.000000E-01  0.000000E+00  0.000000E+00  0.000000E+00  0.000000E+00  0.000000E+00
           GRD       7    3.004964E-16 -1.500000E+00 -5.000000E-01  0.000000E+00  0.000000E+00  0.000000E+00  0.000000E+00  0.000000E+00
           GRD       8    3.004964E-16  5.000000E-01 -5.000000E-01  0.000000E+00  0.000000E+00  0.000000E+00  0.000000E+00  0.000000E+00
        3                 6.352747E-17 -5.000000E-01  6.352747E-17  0.000000E+00  0.000000E+00  0.000000E+00  0.000000E+00  0.000000E+00
           GRD      11   -3.115267E-18 -1.500000E+00 -5.000000E-01  0.000000E+00  0.000000E+00  0.000000E+00  0.000000E+00  0.000000E+00
           GRD      12   -3.115267E-18  5.000000E-01 -5.000000E-01  0.000000E+00  0.000000E+00  0.000000E+00  0.000000E+00  0.000000E+00
           GRD       9    1.619339E-16  5.000000E-01  5.000000E-01  0.000000E+00  0.000000E+00  0.000000E+00  0.000000E+00  0.000000E+00
           GRD      10    1.619339E-16 -1.500000E+00  5.000000E-01  0.000000E+00  0.000000E+00  0.000000E+00  0.000000E+00  0.000000E+00
        4                -5.000000E-01  0.000000E+00  0.000000E+00  0.000000E+00  0.000000E+00  0.000000E+00  0.000000E+00  0.000000E+00
           GRD      14   -1.500000E+00 -2.084393E-16 -5.000000E-01  0.000000E+00  0.000000E+00  0.000000E+00  0.000000E+00  0.000000E+00
           GRD      15   -1.500000E+00  1.766755E-16  5.000000E-01  0.000000E+00  0.000000E+00  0.000000E+00  0.000000E+00  0.000000E+00
           GRD      16    5.000000E-01  1.766755E-16  5.000000E-01  0.000000E+00  0.000000E+00  0.000000E+00  0.000000E+00  0.000000E+00
           GRD      13    5.000000E-01 -2.084393E-16 -5.000000E-01  0.000000E+00  0.000000E+00  0.000000E+00  0.000000E+00  0.000000E+00
                          ------------- ------------- ------------- ------------- ------------- ------------- ------------- -------------
                MAX* :    5.000000E-01  5.000000E-01  5.000000E-01  0.000000E+00  0.000000E+00  0.000000E+00  0.000000E+00  0.000000E+00
                MIN* :   -1.500000E+00 -1.500000E+00 -5.000000E-01  0.000000E+00  0.000000E+00  0.000000E+00  0.000000E+00  0.000000E+00

                ABS* :    1.500000E+00  1.500000E+00  5.000000E-01  0.000000E+00  0.000000E+00  0.000000E+00  0.000000E+00  0.000000E+00
                *for output set


 OUTPUT FOR SUBCASE        1

                                          E L E M E N T   S T R E S S E S   I N   L O C A L   E L E M E N T   C O O R D I N A T E   S Y S T E M
                                                                       F O R   E L E M E N T   T Y P E   Q U A D 4  
    Elem  Location        Fiber      Stresses In Element Coord System     Principal Stresses (Zero Shear)                Transverse   Transverse   % Poly
     ID                  Distance   Normal-X     Normal-Y     Shear-XY     Angle     Major        Minor      von Mises    Shear-XZ     Shear-YZ    Fit Err
                                                                                                                         (max through thickness)

        1  CENTER      -1.000E-02 -2.50000E+01  2.83864E-15 -6.18388E-15  -90.00  3.55271E-15 -2.50000E+01  2.50000E+01  0.00000E+00  0.00000E+00
                        1.000E-02 -2.50000E+01  2.83864E-15 -6.18388E-15  -90.00  3.55271E-15 -2.50000E+01  2.50000E+01

           GRD       4 -1.000E-02  2.50000E+01  5.67728E-15  2.50000E+01   31.72  4.04508E+01 -1.54508E+01  5.00000E+01  0.00000E+00  0.00000E+00 -0.3E-13
                        1.000E-02  2.50000E+01  5.67728E-15  2.50000E+01   31.72  4.04508E+01 -1.54508E+01  5.00000E+01

           GRD       1 -1.000E-02  2.50000E+01  0.00000E+00 -2.50000E+01  -31.72  4.04508E+01 -1.54508E+01  5.00000E+01  0.00000E+00  0.00000E+00 -0.1E-13
                        1.000E-02  2.50000E+01  0.00000E+00 -2.50000E+01  -31.72  4.04508E+01 -1.54508E+01  5.00000E+01

           GRD       2 -1.000E-02 -7.50000E+01  6.83174E-31 -2.50000E+01  -73.15  7.56939E+00 -8.25694E+01  8.66025E+01  0.00000E+00  0.00000E+00  0.2E-13
                        1.000E-02 -7.50000E+01  6.83174E-31 -2.50000E+01  -73.15  7.56939E+00 -8.25694E+01  8.66025E+01

           GRD       3 -1.000E-02 -7.50000E+01  5.67728E-15  2.50000E+01   73.15  7.56939E+00 -8.25694E+01  8.66025E+01  0.00000E+00  0.00000E+00 -0.2E-13
                        1.000E-02 -7.50000E+01  5.67728E-15  2.50000E+01   73.15  7.56939E+00 -8.25694E+01  8.66025E+01

        2  CENTER      -1.000E-02  4.25816E-15 -2.50000E+01  5.40891E-16    0.00  3.55271E-15 -2.50000E+01  2.50000E+01  0.00000E+00  0.00000E+00
                        1.000E-02  4.25816E-15 -2.50000E+01  5.40891E-16    0.00  3.55271E-15 -2.50000E+01  2.50000E+01

           GRD       5 -1.000E-02 -8.09670E-15  2.50000E+01  2.50000E+01   58.28  4.04508E+01 -1.54508E+01  5.00000E+01  0.00000E+00  0.00000E+00 -0.1E-13
                        1.000E-02 -8.09670E-15  2.50000E+01  2.50000E+01   58.28  4.04508E+01 -1.54508E+01  5.00000E+01

           GRD       6 -1.000E-02 -8.09670E-15 -7.50000E+01  2.50000E+01   16.85  7.56939E+00 -8.25694E+01  8.66025E+01  0.00000E+00  0.00000E+00 -0.7E-14
                        1.000E-02 -8.09670E-15 -7.50000E+01  2.50000E+01   16.85  7.56939E+00 -8.25694E+01  8.66025E+01

           GRD       7 -1.000E-02  1.50248E-14 -7.50000E+01 -2.50000E+01  -16.85  7.56939E+00 -8.25694E+01  8.66025E+01  0.00000E+00  0.00000E+00 -0.2E-13
                        1.000E-02  1.50248E-14 -7.50000E+01 -2.50000E+01  -16.85  7.56939E+00 -8.25694E+01  8.66025E+01

           GRD       8 -1.000E-02  1.50248E-14  2.50000E+01 -2.50000E+01  -58.28  4.04508E+01 -1.54508E+01  5.00000E+01  0.00000E+00  0.00000E+00 -0.1E-13
                        1.000E-02  1.50248E-14  2.50000E+01 -2.50000E+01  -58.28  4.04508E+01 -1.54508E+01  5.00000E+01

        3  CENTER      -1.000E-02  3.17637E-15 -2.50000E+01  3.17637E-15    0.00  3.55271E-15 -2.50000E+01  2.50000E+01  0.00000E+00  0.00000E+00
                        1.000E-02  3.17637E-15 -2.50000E+01  3.17637E-15    0.00  3.55271E-15 -2.50000E+01  2.50000E+01

           GRD      11 -1.000E-02 -1.55763E-16 -7.50000E+01 -2.50000E+01  -16.85  7.56939E+00 -8.25694E+01  8.66025E+01  0.00000E+00  0.00000E+00 -0.2E-12
                        1.000E-02 -1.55763E-16 -7.50000E+01 -2.50000E+01  -16.85  7.56939E+00 -8.25694E+01  8.66025E+01

           GRD      12 -1.000E-02 -1.55763E-16  2.50000E+01 -2.50000E+01  -58.28  4.04508E+01 -1.54508E+01  5.00000E+01  0.00000E+00  0.00000E+00 -0.2E-12
                        1.000E-02 -1.55763E-16  2.50000E+01 -2.50000E+01  -58.28  4.04508E+01 -1.54508E+01  5.00000E+01

           GRD       9 -1.000E-02  8.09670E-15  2.50000E+01  2.50000E+01   58.28  4.04508E+01 -1.54508E+01  5.00000E+01  0.00000E+00  0.00000E+00 -0.9E-13
                        1.000E-02  8.09670E-15  2.50000E+01  2.50000E+01   58.28  4.04508E+01 -1.54508E+01  5.00000E+01

           GRD      10 -1.000E-02  8.09670E-15 -7.50000E+01  2.50000E+01   16.85  7.56939E+00 -8.25694E+01  8.66025E+01  0.00000E+00  0.00000E+00 -0.9E-13
                        1.000E-02  8.09670E-15 -7.50000E+01  2.50000E+01   16.85  7.56939E+00 -8.25694E+01  8.66025E+01

        4  CENTER      -1.000E-02 -2.50000E+01  0.00000E+00  0.00000E+00   90.00  0.00000E+00 -2.50000E+01  2.50000E+01  0.00000E+00  0.00000E+00
                        1.000E-02 -2.50000E+01  0.00000E+00  0.00000E+00   90.00  0.00000E+00 -2.50000E+01  2.50000E+01

           GRD      14 -1.000E-02 -7.50000E+01 -1.04220E-14 -2.50000E+01  -73.15  7.56939E+00 -8.25694E+01  8.66025E+01  0.00000E+00  0.00000E+00 -0.2E-12
                        1.000E-02 -7.50000E+01 -1.04220E-14 -2.50000E+01  -73.15  7.56939E+00 -8.25694E+01  8.66025E+01

           GRD      15 -1.000E-02 -7.50000E+01  8.83378E-15  2.50000E+01   73.15  7.56939E+00 -8.25694E+01  8.66025E+01  0.00000E+00  0.00000E+00 -0.2E-12
                        1.000E-02 -7.50000E+01  8.83378E-15  2.50000E+01   73.15  7.56939E+00 -8.25694E+01  8.66025E+01

           GRD      16 -1.000E-02  2.50000E+01  8.83378E-15  2.50000E+01   31.72  4.04508E+01 -1.54508E+01  5.00000E+01  0.00000E+00  0.00000E+00 -0.2E-12
                        1.000E-02  2.50000E+01  8.83378E-15  2.50000E+01   31.72  4.04508E+01 -1.54508E+01  5.00000E+01

           GRD      13 -1.000E-02  2.50000E+01 -1.04220E-14 -2.50000E+01  -31.72  4.04508E+01 -1.54508E+01  5.00000E+01  0.00000E+00  0.00000E+00 -0.2E-12
                        1.000E-02  2.50000E+01 -1.04220E-14 -2.50000E+01  -31.72  4.04508E+01 -1.54508E+01  5.00000E+01
                                  ------------ ------------ ------------         ------------ ------------ ------------ ------------ ------------ --------
 MAX* :                            2.50000E+01  2.50000E+01  2.50000E+01          4.04508E+01 -1.54508E+01  8.66025E+01  0.00000E+00  0.00000E+00  0.2E-13
 MIN* :                           -7.50000E+01 -7.50000E+01 -2.50000E+01          0.00000E+00 -8.25694E+01  2.50000E+01  0.00000E+00  0.00000E+00 -0.2E-12

 ABS* :                            7.50000E+01  7.50000E+01  2.50000E+01          4.04508E+01  8.25694E+01  8.66025E+01  0.00000E+00  0.00000E+00  0.2E-12
 *for output set


 OUTPUT FOR SUBCASE        1

                                           E L E M E N T   S T R A I N S   I N   L O C A L   E L E M E N T   C O O R D I N A T E   S Y S T E M
                                                                       F O R   E L E M E N T   T Y P E   Q U A D 4  
    Elem  Location       Fiber        Strains In Element Coord System     Principal  Strains (Zero Shear)                Transverse   Transverse   % Poly
     ID                 Distance    Normal-X     Normal-Y     Shear-XY     Angle     Major        Minor      von Mises    Shear-XZ     Shear-YZ    Fit Err

        1  CENTER      -1.000E-02 -8.33333E-07  9.46213E-23 -4.12259E-22  -90.00  1.05879E-22 -8.33333E-07  5.55556E-07  0.00000E+00  0.00000E+00
                        1.000E-02 -8.33333E-07  9.46213E-23 -4.12259E-22  -90.00  1.05879E-22 -8.33333E-07  5.55556E-07

           GRD       4 -1.000E-02  8.33333E-07  1.89243E-22  1.66667E-06   31.72  1.34836E-06 -5.15028E-07  1.11111E-06  0.00000E+00  0.00000E+00  0.6E-14
                        1.000E-02  8.33333E-07  1.89243E-22  1.66667E-06   31.72  1.34836E-06 -5.15028E-07  1.11111E-06

           GRD       1 -1.000E-02  8.33333E-07  0.00000E+00 -1.66667E-06  -31.72  1.34836E-06 -5.15028E-07  1.11111E-06  0.00000E+00  0.00000E+00 -0.1E-13
                        1.000E-02  8.33333E-07  0.00000E+00 -1.66667E-06  -31.72  1.34836E-06 -5.15028E-07  1.11111E-06

           GRD       2 -1.000E-02 -2.50000E-06  1.01801E-38 -1.66667E-06  -73.15  2.52313E-07 -2.75231E-06  1.92450E-06  0.00000E+00  0.00000E+00  0.6E-14
                        1.000E-02 -2.50000E-06  1.01801E-38 -1.66667E-06  -73.15  2.52313E-07 -2.75231E-06  1.92450E-06

           GRD       3 -1.000E-02 -2.50000E-06  1.89243E-22  1.66667E-06   73.15  2.52313E-07 -2.75231E-06  1.92450E-06  0.00000E+00  0.00000E+00 -0.2E-13
                        1.000E-02 -2.50000E-06  1.89243E-22  1.66667E-06   73.15  2.52313E-07 -2.75231E-06  1.92450E-06

        2  CENTER      -1.000E-02  1.41939E-22 -8.33333E-07  3.60594E-23    0.00  1.05879E-22 -8.33333E-07  5.55556E-07  0.00000E+00  0.00000E+00
                        1.000E-02  1.41939E-22 -8.33333E-07  3.60594E-23    0.00  1.05879E-22 -8.33333E-07  5.55556E-07

           GRD       5 -1.000E-02 -2.69890E-22  8.33333E-07  1.66667E-06   58.28  1.34836E-06 -5.15028E-07  1.11111E-06  0.00000E+00  0.00000E+00  0.1E-13
                        1.000E-02 -2.69890E-22  8.33333E-07  1.66667E-06   58.28  1.34836E-06 -5.15028E-07  1.11111E-06

           GRD       6 -1.000E-02 -2.69890E-22 -2.50000E-06  1.66667E-06   16.85  2.52313E-07 -2.75231E-06  1.92450E-06  0.00000E+00  0.00000E+00  0.3E-13
                        1.000E-02 -2.69890E-22 -2.50000E-06  1.66667E-06   16.85  2.52313E-07 -2.75231E-06  1.92450E-06

           GRD       7 -1.000E-02  5.00827E-22 -2.50000E-06 -1.66667E-06  -16.85  2.52313E-07 -2.75231E-06  1.92450E-06  0.00000E+00  0.00000E+00  0.0E+00
                        1.000E-02  5.00827E-22 -2.50000E-06 -1.66667E-06  -16.85  2.52313E-07 -2.75231E-06  1.92450E-06

           GRD       8 -1.000E-02  5.00827E-22  8.33333E-07 -1.66667E-06  -58.28  1.34836E-06 -5.15028E-07  1.11111E-06  0.00000E+00  0.00000E+00  0.1E-13
                        1.000E-02  5.00827E-22  8.33333E-07 -1.66667E-06  -58.28  1.34836E-06 -5.15028E-07  1.11111E-06

        3  CENTER      -1.000E-02  1.05879E-22 -8.33333E-07  2.11758E-22    0.00  1.05879E-22 -8.33333E-07  5.55556E-07  0.00000E+00  0.00000E+00
                        1.000E-02  1.05879E-22 -8.33333E-07  2.11758E-22    0.00  1.05879E-22 -8.33333E-07  5.55556E-07

           GRD      11 -1.000E-02 -5.19211E-24 -2.50000E-06 -1.66667E-06  -16.85  2.52313E-07 -2.75231E-06  1.92450E-06  0.00000E+00  0.00000E+00 -0.2E-12
                        1.000E-02 -5.19211E-24 -2.50000E-06 -1.66667E-06  -16.85  2.52313E-07 -2.75231E-06  1.92450E-06

           GRD      12 -1.000E-02 -5.19211E-24  8.33333E-07 -1.66667E-06  -58.28  1.34836E-06 -5.15028E-07  1.11111E-06  0.00000E+00  0.00000E+00 -0.2E-12
                        1.000E-02 -5.19211E-24  8.33333E-07 -1.66667E-06  -58.28  1.34836E-06 -5.15028E-07  1.11111E-06

           GRD       9 -1.000E-02  2.69890E-22  8.33333E-07  1.66667E-06   58.28  1.34836E-06 -5.15028E-07  1.11111E-06  0.00000E+00  0.00000E+00 -0.8E-13
                        1.000E-02  2.69890E-22  8.33333E-07  1.66667E-06   58.28  1.34836E-06 -5.15028E-07  1.11111E-06

           GRD      10 -1.000E-02  2.69890E-22 -2.50000E-06  1.66667E-06   16.85  2.52313E-07 -2.75231E-06  1.92450E-06  0.00000E+00  0.00000E+00 -0.8E-13
                        1.000E-02  2.69890E-22 -2.50000E-06  1.66667E-06   16.85  2.52313E-07 -2.75231E-06  1.92450E-06

        4  CENTER      -1.000E-02 -8.33333E-07  0.00000E+00  0.00000E+00   90.00  0.00000E+00 -8.33333E-07  5.55556E-07  0.00000E+00  0.00000E+00
                        1.000E-02 -8.33333E-07  0.00000E+00  0.00000E+00   90.00  0.00000E+00 -8.33333E-07  5.55556E-07

           GRD      14 -1.000E-02 -2.50000E-06 -3.47399E-22 -1.66667E-06  -73.15  2.52313E-07 -2.75231E-06  1.92450E-06  0.00000E+00  0.00000E+00  0.2E-12
                        1.000E-02 -2.50000E-06 -3.47399E-22 -1.66667E-06  -73.15  2.52313E-07 -2.75231E-06  1.92450E-06

           GRD      15 -1.000E-02 -2.50000E-06  2.94459E-22  1.66667E-06   73.15  2.52313E-07 -2.75231E-06  1.92450E-06  0.00000E+00  0.00000E+00  0.2E-12
                        1.000E-02 -2.50000E-06  2.94459E-22  1.66667E-06   73.15  2.52313E-07 -2.75231E-06  1.92450E-06

           GRD      16 -1.000E-02  8.33333E-07  2.94459E-22  1.66667E-06   31.72  1.34836E-06 -5.15028E-07  1.11111E-06  0.00000E+00  0.00000E+00  0.2E-12
                        1.000E-02  8.33333E-07  2.94459E-22  1.66667E-06   31.72  1.34836E-06 -5.15028E-07  1.11111E-06

           GRD      13 -1.000E-02  8.33333E-07 -3.47399E-22 -1.66667E-06  -31.72  1.34836E-06 -5.15028E-07  1.11111E-06  0.00000E+00  0.00000E+00  0.2E-12
                        1.000E-02  8.33333E-07 -3.47399E-22 -1.66667E-06  -31.72  1.34836E-06 -5.15028E-07  1.11111E-06
                                  ------------ ------------ ------------         ------------ ------------ ------------ ------------ ------------ --------
 MAX* :                            8.33333E-07  8.33333E-07  1.66667E-06          1.34836E-06 -5.15028E-07  1.92450E-06  0.00000E+00  0.00000E+00  0.2E-12
 MIN* :                           -2.50000E-06 -2.50000E-06 -1.66667E-06          0.00000E+00 -2.75231E-06  5.55556E-07  0.00000E+00  0.00000E+00 -0.2E-12

 ABS* :                            2.50000E-06  2.50000E-06  1.66667E-06          1.34836E-06  2.75231E-06  1.92450E-06  0.00000E+00  0.00000E+00  0.2E-12
 *for output set

 >> LINK  9 END

    Total CPU time =  1.56E-02 seconds

 >> MYSTRAN END    :  6/27/2026 at 19:34: 6.532

                                          * * * END OF JOB * * *
