   614184028

 MYSTRAN Version 18.0.0   APR 20 2026 MYSTRAN developed by Dr Bill Case
*** Please report any problems to mystransolver@gmail.com ***                                                                                                                                                                                                   

 >> MYSTRAN BEGIN  :  6/14/2026 at 18:40:28.726 The input file is C:\Users\victo\Documents\Git\MYSTRAN_Validation\working\NAS S30 K6ROT.bdf                                                                                                                                                                                       


 >> LINK  0 BEGIN


SOL 101                                                                                                                                                                                                                                                         
CEND                                                                                                                                                                                                                                                            
DISPLACEMENT = ALL                                                                                                                                                                                                                                              
SPC = 1                                                                                                                                                                                                                                                         
LOAD = 1                                                                                                                                                                                                                                                        
BEGIN BULK                                                                                                                                                                                                                                                      
ECHO: loadb GRID           1       0   0.0+0   0.0+0   0.0+0       0                                                                                                                                                                                                        
ECHO: loadb GRID           2       0   1.0+0   0.0+0   0.0+0       0                                                                                                                                                                                                        
ECHO: loadb GRID           3       0   1.0+0   1.0+0   0.0+0       0                                                                                                                                                                                                        
ECHO: loadb GRID           4       0   0.0+0   1.0+0   0.0+0       0                                                                                                                                                                                                        
ECHO: loadb GRID           5       0   0.0+0   4.0+0   0.0+0       0                                                                                                                                                                                                        
ECHO: loadb GRID           6       0   1.0+0   4.0+0   0.0+0       0                                                                                                                                                                                                        
ECHO: loadb GRID           7       0   1.0+0   5.0+0   0.0+0       0                                                                                                                                                                                                        
ECHO: loadb GRID           8       0   0.0+0   5.0+0   0.0+0       0                                                                                                                                                                                                        
ECHO: loadb GRID           9       0   4.0+0   0.0+0   0.0+0       0                                                                                                                                                                                                        
ECHO: loadb GRID          10       0   6.0+0   0.0+0   0.0+0       0                                                                                                                                                                                                        
ECHO: loadb GRID          11       0   6.0+0   2.0+0   0.0+0       0                                                                                                                                                                                                        
ECHO: loadb GRID          12       0   4.0+0   2.0+0   0.0+0       0                                                                                                                                                                                                        
ECHO: loadb GRID          13       0   0.0+0   2.0+0   0.0+0       0                                                                                                                                                                                                        
ECHO: loadb GRID          14       0   1.0+0   2.0+0   0.0+0       0                                                                                                                                                                                                        
ECHO: loadb GRID          15       0   1.0+0   3.0+0   0.0+0       0                                                                                                                                                                                                        
ECHO: loadb GRID          16       0   0.0+0   3.0+0   0.0+0       0                                                                                                                                                                                                        
ECHO: loadb GRID          17       0   5.0-1   2.0+0   0.0+0       0                                                                                                                                                                                                        
ECHO: loadb GRID          18       0   1.0+0   2.5+0   0.0+0       0                                                                                                                                                                                                        
ECHO: loadb GRID          19       0   5.0-1   3.0+0   0.0+0       0                                                                                                                                                                                                        
ECHO: loadb GRID          20       0   0.0+0   2.5+0   0.0+0       0                                                                                                                                                                                                        
ECHO: loadb GRID          21       0   0.0+0   8.0+0   0.0+0       0                                                                                                                                                                                                        
ECHO: loadb GRID*                 22               0 7.07106781187-1           8.0+0*                                                                                                                                                                                       
ECHO: loadb *       -7.07106781187-1               0                                                                                                                                                                                                                        
ECHO: loadb GRID*                 23               0 7.07106781187-1           9.0+0*                                                                                                                                                                                       
ECHO: loadb *       -7.07106781187-1               0                                                                                                                                                                                                                        
ECHO: loadb GRID          24       0   0.0+0   9.0+0   0.0+0       0                                                                                                                                                                                                        
ECHO: loadb GRID          25       0   0.0+0   1.2+1   0.0+0       0                                                                                                                                                                                                        
ECHO: loadb GRID*                 26               0 7.07106781187-1           1.2+1*                                                                                                                                                                                       
ECHO: loadb *       -7.07106781187-1               0                                                                                                                                                                                                                        
ECHO: loadb GRID*                 27               0 7.07106781187-1           1.3+1*                                                                                                                                                                                       
ECHO: loadb *       -7.07106781187-1               0                                                                                                                                                                                                                        
ECHO: loadb GRID          28       0   0.0+0   1.3+1   0.0+0       0                                                                                                                                                                                                        
ECHO: loadb GRID*                 29               0 2.82842712475+0           8.0+0*                                                                                                                                                                                       
ECHO: loadb *       -2.82842712475+0               0                                                                                                                                                                                                                        
ECHO: loadb GRID*                 30               0 4.24264068712+0           8.0+0*                                                                                                                                                                                       
ECHO: loadb *       -4.24264068712+0               0                                                                                                                                                                                                                        
ECHO: loadb GRID*                 31               0 4.24264068712+0           1.0+1*                                                                                                                                                                                       
ECHO: loadb *       -4.24264068712+0               0                                                                                                                                                                                                                        
ECHO: loadb GRID*                 32               0 2.82842712475+0           1.0+1*                                                                                                                                                                                       
ECHO: loadb *       -2.82842712475+0               0                                                                                                                                                                                                                        
ECHO: loadb GRID          33       0   0.0+0   1.0+1   0.0+0       0                                                                                                                                                                                                        
ECHO: loadb GRID*                 34               0 7.07106781187-1           1.0+1*                                                                                                                                                                                       
ECHO: loadb *       -7.07106781187-1               0                                                                                                                                                                                                                        
ECHO: loadb GRID*                 35               0 7.07106781187-1           1.1+1*                                                                                                                                                                                       
ECHO: loadb *       -7.07106781187-1               0                                                                                                                                                                                                                        
ECHO: loadb GRID          36       0   0.0+0   1.1+1   0.0+0       0                                                                                                                                                                                                        
ECHO: loadb GRID*                 37               0 3.53553390593-1           1.0+1*                                                                                                                                                                                       
ECHO: loadb *       -3.53553390593-1               0                                                                                                                                                                                                                        
ECHO: loadb GRID*                 38               0 7.07106781187-1          1.05+1*                                                                                                                                                                                       
ECHO: loadb *       -7.07106781187-1               0                                                                                                                                                                                                                        
ECHO: loadb GRID*                 39               0 3.53553390593-1           1.1+1*                                                                                                                                                                                       
ECHO: loadb *       -3.53553390593-1               0                                                                                                                                                                                                                        
ECHO: loadb GRID          40       0   0.0+0  1.05+1   0.0+0       0                                                                                                                                                                                                        
ECHO: loadb GRID          41       0   0.0+0   6.0+0   0.0+0       0                                                                                                                                                                                                        
ECHO: loadb GRID          42       0   1.0+0   6.0+0   0.0+0       0                                                                                                                                                                                                        
ECHO: loadb GRID          43       0   1.0+0   7.0+0   0.0+0       0                                                                                                                                                                                                        
ECHO: loadb GRID          44       0   0.0+0   7.0+0   0.0+0       0                                                                                                                                                                                                        
ECHO: loadb GRID          45       0   0.0+0   1.4+1   0.0+0       0                                                                                                                                                                                                        
ECHO: loadb GRID*                 46               0 7.07106781187-1           1.4+1*                                                                                                                                                                                       
ECHO: loadb *       -7.07106781187-1               0                                                                                                                                                                                                                        
ECHO: loadb GRID*                 47               0 7.07106781187-1           1.5+1*                                                                                                                                                                                       
ECHO: loadb *       -7.07106781187-1               0                                                                                                                                                                                                                        
ECHO: loadb GRID          48       0   0.0+0   1.5+1   0.0+0       0                                                                                                                                                                                                        
ECHO: loadb PARAM    STR_CID      -2                                                                                                                                                                                                                                        
ECHO: loadb MAT8           4  1.0+11  1.0+11   0.0+0  6.0+10  5.0+10  5.0+10   0.0+0+                                                                                                                                                                                       
ECHO:  nextc +          0.0+0   0.0+0   0.0+0                                                                                                                                                                                                                                
ECHO: loadb MAT1           3  1.2+11  6.0+10   0.0+0   0.0+0   0.0+0   0.0+0                                                                                                                                                                                                
ECHO: loadb MAT8           1  1.0+11  1.0+11   0.0+0  6.0+10  5.0+10  5.0+10   0.0+0+                                                                                                                                                                                       
ECHO:  nextc +          0.0+0   0.0+0   0.0+0                                                                                                                                                                                                                                
ECHO: loadb MAT8           2  1.0+11  1.0+11   0.0+0  6.0+10  5.0+10  5.0+10   0.0+0+                                                                                                                                                                                       
ECHO:  nextc +          0.0+0   0.0+0   0.0+0                                                                                                                                                                                                                                
ECHO: loadb SPC            1       1       1   0.0+0                                                                                                                                                                                                                        
ECHO: loadb SPC            1       1       2   0.0+0                                                                                                                                                                                                                        
ECHO: loadb SPC            1       1       3   0.0+0                                                                                                                                                                                                                        
ECHO: loadb SPC            1       1       4   0.0+0                                                                                                                                                                                                                        
ECHO: loadb SPC            1       1       5   0.0+0                                                                                                                                                                                                                        
ECHO: loadb SPC            1       1       6   0.0+0                                                                                                                                                                                                                        
ECHO: loadb SPC            1       4       1   0.0+0                                                                                                                                                                                                                        
ECHO: loadb SPC            1       4       2   0.0+0                                                                                                                                                                                                                        
ECHO: loadb SPC            1       4       3   0.0+0                                                                                                                                                                                                                        
ECHO: loadb SPC            1       4       4   0.0+0                                                                                                                                                                                                                        
ECHO: loadb SPC            1       4       5   0.0+0                                                                                                                                                                                                                        
ECHO: loadb SPC            1       4       6   0.0+0                                                                                                                                                                                                                        
ECHO: loadb SPC            1       5       1   0.0+0                                                                                                                                                                                                                        
ECHO: loadb SPC            1       5       2   0.0+0                                                                                                                                                                                                                        
ECHO: loadb SPC            1       5       3   0.0+0                                                                                                                                                                                                                        
ECHO: loadb SPC            1       5       4   0.0+0                                                                                                                                                                                                                        
ECHO: loadb SPC            1       5       5   0.0+0                                                                                                                                                                                                                        
ECHO: loadb SPC            1       5       6   0.0+0                                                                                                                                                                                                                        
ECHO: loadb SPC            1       8       1   0.0+0                                                                                                                                                                                                                        
ECHO: loadb SPC            1       8       2   0.0+0                                                                                                                                                                                                                        
ECHO: loadb SPC            1       8       3   0.0+0                                                                                                                                                                                                                        
ECHO: loadb SPC            1       8       4   0.0+0                                                                                                                                                                                                                        
ECHO: loadb SPC            1       8       5   0.0+0                                                                                                                                                                                                                        
ECHO: loadb SPC            1       8       6   0.0+0                                                                                                                                                                                                                        
ECHO: loadb SPC            1       9       1   0.0+0                                                                                                                                                                                                                        
ECHO: loadb SPC            1       9       2   0.0+0                                                                                                                                                                                                                        
ECHO: loadb SPC            1       9       3   0.0+0                                                                                                                                                                                                                        
ECHO: loadb SPC            1       9       4   0.0+0                                                                                                                                                                                                                        
ECHO: loadb SPC            1       9       5   0.0+0                                                                                                                                                                                                                        
ECHO: loadb SPC            1       9       6   0.0+0                                                                                                                                                                                                                        
ECHO: loadb SPC            1      12       1   0.0+0                                                                                                                                                                                                                        
ECHO: loadb SPC            1      12       2   0.0+0                                                                                                                                                                                                                        
ECHO: loadb SPC            1      12       3   0.0+0                                                                                                                                                                                                                        
ECHO: loadb SPC            1      12       4   0.0+0                                                                                                                                                                                                                        
ECHO: loadb SPC            1      12       5   0.0+0                                                                                                                                                                                                                        
ECHO: loadb SPC            1      12       6   0.0+0                                                                                                                                                                                                                        
ECHO: loadb SPC            1      13       1   0.0+0                                                                                                                                                                                                                        
ECHO: loadb SPC            1      13       2   0.0+0                                                                                                                                                                                                                        
ECHO: loadb SPC            1      13       3   0.0+0                                                                                                                                                                                                                        
ECHO: loadb SPC            1      13       4   0.0+0                                                                                                                                                                                                                        
ECHO: loadb SPC            1      13       5   0.0+0                                                                                                                                                                                                                        
ECHO: loadb SPC            1      13       6   0.0+0                                                                                                                                                                                                                        
ECHO: loadb SPC            1      16       1   0.0+0                                                                                                                                                                                                                        
ECHO: loadb SPC            1      16       2   0.0+0                                                                                                                                                                                                                        
ECHO: loadb SPC            1      16       3   0.0+0                                                                                                                                                                                                                        
ECHO: loadb SPC            1      16       4   0.0+0                                                                                                                                                                                                                        
ECHO: loadb SPC            1      16       5   0.0+0                                                                                                                                                                                                                        
ECHO: loadb SPC            1      16       6   0.0+0                                                                                                                                                                                                                        
ECHO: loadb SPC            1      20       1   0.0+0                                                                                                                                                                                                                        
ECHO: loadb SPC            1      20       2   0.0+0                                                                                                                                                                                                                        
ECHO: loadb SPC            1      20       3   0.0+0                                                                                                                                                                                                                        
ECHO: loadb SPC            1      20       4   0.0+0                                                                                                                                                                                                                        
ECHO: loadb SPC            1      20       5   0.0+0                                                                                                                                                                                                                        
ECHO: loadb SPC            1      20       6   0.0+0                                                                                                                                                                                                                        
ECHO: loadb SPC            1      21       1   0.0+0                                                                                                                                                                                                                        
ECHO: loadb SPC            1      21       2   0.0+0                                                                                                                                                                                                                        
ECHO: loadb SPC            1      21       3   0.0+0                                                                                                                                                                                                                        
ECHO: loadb SPC            1      21       4   0.0+0                                                                                                                                                                                                                        
ECHO: loadb SPC            1      21       5   0.0+0                                                                                                                                                                                                                        
ECHO: loadb SPC            1      21       6   0.0+0                                                                                                                                                                                                                        
ECHO: loadb SPC            1      24       1   0.0+0                                                                                                                                                                                                                        
ECHO: loadb SPC            1      24       2   0.0+0                                                                                                                                                                                                                        
ECHO: loadb SPC            1      24       3   0.0+0                                                                                                                                                                                                                        
ECHO: loadb SPC            1      24       4   0.0+0                                                                                                                                                                                                                        
ECHO: loadb SPC            1      24       5   0.0+0                                                                                                                                                                                                                        
ECHO: loadb SPC            1      24       6   0.0+0                                                                                                                                                                                                                        
ECHO: loadb SPC            1      25       1   0.0+0                                                                                                                                                                                                                        
ECHO: loadb SPC            1      25       2   0.0+0                                                                                                                                                                                                                        
ECHO: loadb SPC            1      25       3   0.0+0                                                                                                                                                                                                                        
ECHO: loadb SPC            1      25       4   0.0+0                                                                                                                                                                                                                        
ECHO: loadb SPC            1      25       5   0.0+0                                                                                                                                                                                                                        
ECHO: loadb SPC            1      25       6   0.0+0                                                                                                                                                                                                                        
ECHO: loadb SPC            1      28       1   0.0+0                                                                                                                                                                                                                        
ECHO: loadb SPC            1      28       2   0.0+0                                                                                                                                                                                                                        
ECHO: loadb SPC            1      28       3   0.0+0                                                                                                                                                                                                                        
ECHO: loadb SPC            1      28       4   0.0+0                                                                                                                                                                                                                        
ECHO: loadb SPC            1      28       5   0.0+0                                                                                                                                                                                                                        
ECHO: loadb SPC            1      28       6   0.0+0                                                                                                                                                                                                                        
ECHO: loadb SPC            1      29       1   0.0+0                                                                                                                                                                                                                        
ECHO: loadb SPC            1      29       2   0.0+0                                                                                                                                                                                                                        
ECHO: loadb SPC            1      29       3   0.0+0                                                                                                                                                                                                                        
ECHO: loadb SPC            1      29       4   0.0+0                                                                                                                                                                                                                        
ECHO: loadb SPC            1      29       5   0.0+0                                                                                                                                                                                                                        
ECHO: loadb SPC            1      29       6   0.0+0                                                                                                                                                                                                                        
ECHO: loadb SPC            1      32       1   0.0+0                                                                                                                                                                                                                        
ECHO: loadb SPC            1      32       2   0.0+0                                                                                                                                                                                                                        
ECHO: loadb SPC            1      32       3   0.0+0                                                                                                                                                                                                                        
ECHO: loadb SPC            1      32       4   0.0+0                                                                                                                                                                                                                        
ECHO: loadb SPC            1      32       5   0.0+0                                                                                                                                                                                                                        
ECHO: loadb SPC            1      32       6   0.0+0                                                                                                                                                                                                                        
ECHO: loadb SPC            1      33       1   0.0+0                                                                                                                                                                                                                        
ECHO: loadb SPC            1      33       2   0.0+0                                                                                                                                                                                                                        
ECHO: loadb SPC            1      33       3   0.0+0                                                                                                                                                                                                                        
ECHO: loadb SPC            1      33       4   0.0+0                                                                                                                                                                                                                        
ECHO: loadb SPC            1      33       5   0.0+0                                                                                                                                                                                                                        
ECHO: loadb SPC            1      33       6   0.0+0                                                                                                                                                                                                                        
ECHO: loadb SPC            1      36       1   0.0+0                                                                                                                                                                                                                        
ECHO: loadb SPC            1      36       2   0.0+0                                                                                                                                                                                                                        
ECHO: loadb SPC            1      36       3   0.0+0                                                                                                                                                                                                                        
ECHO: loadb SPC            1      36       4   0.0+0                                                                                                                                                                                                                        
ECHO: loadb SPC            1      36       5   0.0+0                                                                                                                                                                                                                        
ECHO: loadb SPC            1      36       6   0.0+0                                                                                                                                                                                                                        
ECHO: loadb SPC            1      40       1   0.0+0                                                                                                                                                                                                                        
ECHO: loadb SPC            1      40       2   0.0+0                                                                                                                                                                                                                        
ECHO: loadb SPC            1      40       3   0.0+0                                                                                                                                                                                                                        
ECHO: loadb SPC            1      40       4   0.0+0                                                                                                                                                                                                                        
ECHO: loadb SPC            1      40       5   0.0+0                                                                                                                                                                                                                        
ECHO: loadb SPC            1      40       6   0.0+0                                                                                                                                                                                                                        
ECHO: loadb SPC            1      41       1   0.0+0                                                                                                                                                                                                                        
ECHO: loadb SPC            1      41       2   0.0+0                                                                                                                                                                                                                        
ECHO: loadb SPC            1      41       3   0.0+0                                                                                                                                                                                                                        
ECHO: loadb SPC            1      41       4   0.0+0                                                                                                                                                                                                                        
ECHO: loadb SPC            1      41       5   0.0+0                                                                                                                                                                                                                        
ECHO: loadb SPC            1      41       6   0.0+0                                                                                                                                                                                                                        
ECHO: loadb SPC            1      44       1   0.0+0                                                                                                                                                                                                                        
ECHO: loadb SPC            1      44       2   0.0+0                                                                                                                                                                                                                        
ECHO: loadb SPC            1      44       3   0.0+0                                                                                                                                                                                                                        
ECHO: loadb SPC            1      44       4   0.0+0                                                                                                                                                                                                                        
ECHO: loadb SPC            1      44       5   0.0+0                                                                                                                                                                                                                        
ECHO: loadb SPC            1      44       6   0.0+0                                                                                                                                                                                                                        
ECHO: loadb SPC            1      45       1   0.0+0                                                                                                                                                                                                                        
ECHO: loadb SPC            1      45       2   0.0+0                                                                                                                                                                                                                        
ECHO: loadb SPC            1      45       3   0.0+0                                                                                                                                                                                                                        
ECHO: loadb SPC            1      45       4   0.0+0                                                                                                                                                                                                                        
ECHO: loadb SPC            1      45       5   0.0+0                                                                                                                                                                                                                        
ECHO: loadb SPC            1      45       6   0.0+0                                                                                                                                                                                                                        
ECHO: loadb SPC            1      48       1   0.0+0                                                                                                                                                                                                                        
ECHO: loadb SPC            1      48       2   0.0+0                                                                                                                                                                                                                        
ECHO: loadb SPC            1      48       3   0.0+0                                                                                                                                                                                                                        
ECHO: loadb SPC            1      48       4   0.0+0                                                                                                                                                                                                                        
ECHO: loadb SPC            1      48       5   0.0+0                                                                                                                                                                                                                        
ECHO: loadb SPC            1      48       6   0.0+0                                                                                                                                                                                                                        
ECHO: loadb PSHELL         1       4   1.5-2       4               4           0.0+0                                                                                                                                                                                        
ECHO: loadb CQUAD4         1       1       1       2       3       4   0.0+0   0.0+0                                                                                                                                                                                        
ECHO: loadb CQUAD4         4       1       9      10      11      12   0.0+0   0.0+0                                                                                                                                                                                        
ECHO: loadb CQUAD4         6       1      21      22      23      24   0.0+0   0.0+0                                                                                                                                                                                        
ECHO: loadb CQUAD4         9       1      29      30      31      32   0.0+0   0.0+0                                                                                                                                                                                        
ECHO: loadb PSHELL         2       4   1.5-2       4               4           0.0+0                                                                                                                                                                                        
ECHO: loadb CTRIA3         2       2       5       6       7   0.0+0   0.0+0                                                                                                                                                                                                
ECHO: loadb CTRIA3         3       2       5       7       8   0.0+0   0.0+0                                                                                                                                                                                                
ECHO: loadb CTRIA3         7       2      25      26      27   0.0+0   0.0+0                                                                                                                                                                                                
ECHO: loadb CTRIA3         8       2      25      27      28   0.0+0   0.0+0                                                                                                                                                                                                
ECHO: loadb PSHELL         3       3   1.5-2       3               3           0.0+0                                                                                                                                                                                        
ECHO: loadb CQUAD8         5       3      13      14      15      16      17      18+                                                                                                                                                                                       
ECHO:  nextc +             19      20                                       4   0.0+0                                                                                                                                                                                        
ECHO: loadb CORD2R         4       0   0.0+0   0.0+0   0.0+0   0.0+0   1.0+0   0.0+0+                                                                                                                                                                                       
ECHO:  nextc +          1.0+0   0.0+0   0.0+0                                                                                                                                                                                                                                
ECHO: loadb CQUAD8        10       3      33      34      35      36      37      38+                                                                                                                                                                                       
ECHO:  nextc +             39      40                                       5   0.0+0                                                                                                                                                                                        
ECHO: loadb CORD2R*                5               0           0.0+0           0.0+0*                                                                                                                                                                                       
ECHO: loadb *                  0.0+0           0.0+0           1.0+0           0.0+0*                                                                                                                                                                                       
ECHO nextc2: *        7.07106781187-1           0.0+0-7.07106781187-1                *                                                                                                                                                                                       
ECHO nextc2: *                                                                                                                                                                                                                                                               
ECHO: loadb PCOMP          6                                   0.0+0                +                                                                                                                                                                                       
ECHO:  nextc +              1   1.0-2   0.0+0               2   5.0-3   0.0+0                                                                                                                                                                                                
ECHO: loadb CQUAD4        11       6      41      42      43      44   0.0+0   0.0+0                                                                                                                                                                                        
ECHO: loadb CQUAD4        12       6      45      46      47      48   0.0+0   0.0+0                                                                                                                                                                                        
ECHO: loadb MOMENT         2       7       0   1.0+0   0.0+0   0.0+0   1.0+0                                                                                                                                                                                                
ECHO: loadb MOMENT         2       3       0   1.0+0   0.0+0   0.0+0   1.0+0                                                                                                                                                                                                
ECHO: loadb MOMENT         2      11       0   1.0+0   0.0+0   0.0+0   4.0+0                                                                                                                                                                                                
ECHO: loadb MOMENT         2      18       0   1.0+0   0.0+0   0.0+0   1.0+0                                                                                                                                                                                                
ECHO: loadb MOMENT*                2              23               0           1.0+0*                                                                                                                                                                                       
ECHO: loadb *        7.07106781187-1           0.0+0 7.07106781187-1                                                                                                                                                                                                        
ECHO: loadb MOMENT*                2              38               0           1.0+0*                                                                                                                                                                                       
ECHO: loadb *        7.07106781187-1           0.0+0 7.07106781187-1                                                                                                                                                                                                        
ECHO: loadb MOMENT*                2              27               0           1.0+0*                                                                                                                                                                                       
ECHO: loadb *        7.07106781187-1           0.0+0 7.07106781187-1                                                                                                                                                                                                        
ECHO: loadb MOMENT*                2              31               0           1.0+0*                                                                                                                                                                                       
ECHO: loadb *        2.82842712475+0           0.0+0 2.82842712475+0                                                                                                                                                                                                        
ECHO: loadb MOMENT         2      43       0   1.0+0   0.0+0   0.0+0   1.0+0                                                                                                                                                                                                
ECHO: loadb MOMENT*                2              47               0           1.0+0*                                                                                                                                                                                       
ECHO: loadb *        7.07106781187-1           0.0+0 7.07106781187-1                                                                                                                                                                                                        
ECHO: loadb LOAD           1   1.0+0   1.0+0       2                                                                                                                                                                                                                        
ECHO: loadb PARAM,K6ROT,10.0                                                                                                                                                                                                                                                
ECHO: loadb ENDDATA                                                                                                                                                                                                                                                         




 >> LINK  0 END


 >> LINK  1 BEGIN

               DEALLOCATED  1.50E-01 MB MEMORY FROM ARRAY STF3


 *INFORMATION: AUTOSPC Summary, Stage 1 after identification of AUTOSPC's at the grid level                                                 

                                     AUTOSPC_RAT = 1.000000E-08

                       Number of DOF's identified for AUTOSPC in component  1         =            0
                       Number of DOF's identified for AUTOSPC in component  2         =            0
                       Number of DOF's identified for AUTOSPC in component  3         =            0
                       Number of DOF's identified for AUTOSPC in component  4         =            4
                       Number of DOF's identified for AUTOSPC in component  5         =            0
                       Number of DOF's identified for AUTOSPC in component  6         =            6
                                                                                        ------------
                       Total number of DOF's identified in this stage                 =           10

               DEALLOCATED  1.15E-03 MB MEMORY FROM ARRAY STFKEY
               DEALLOCATED  1.50E-01 MB MEMORY FROM ARRAY STF3

 >> LINK  1 END


 >> LINK  2 BEGIN



 *INFORMATION: AUTOSPC Summary, Overall: after identification of all AUTOSPC's                                                               

                                     AUTOSPC_RAT = 1.000000E-08

                       Number of DOF's identified for AUTOSPC in component  1         =            0
                       Number of DOF's identified for AUTOSPC in component  2         =            0
                       Number of DOF's identified for AUTOSPC in component  3         =            0
                       Number of DOF's identified for AUTOSPC in component  4         =            4
                       Number of DOF's identified for AUTOSPC in component  5         =            0
                       Number of DOF's identified for AUTOSPC in component  6         =            6
                                                                                        ------------
                       Total number of DOF's identified overall                       =           10


 >> LINK  2 END


 >> LINK  3 BEGIN

 SUPERLU FACTORIZATION OF MATRIX KLL SUCCEEDED IN SUBR SYM_MAT_DECOMP_SUPRLU          

 *INFORMATION: FOR INTERNAL SUBCASE NUMBER        1 EPSILON ERROR ESTIMATE            =  1.497167E-14 Based on U'*(K*U - P)/(U'*P)


 >> LINK  3 END


 >> LINK  5 BEGIN


 >> LINK  5 END


 >> LINK  9 BEGIN



 OUTPUT FOR SUBCASE        1

                                                       D I S P L A C E M E N T S
                                              (in global coordinate system at each grid)
           GRID     COORD      T1            T2            T3            R1            R2            R3
                     SYS
              1        0  0.0           0.0           0.0           0.0           0.0           0.0         
              2        0  2.999968E-09  3.305506E-09  0.0           0.0           0.0           4.652721E-09
              3        0 -2.999968E-09  3.805505E-09  0.0           0.0           0.0           1.111160E-04
              4        0  0.0           0.0           0.0           0.0           0.0           0.0         
              5        0  0.0           0.0           0.0           0.0           0.0           0.0         
              6        0  3.932365E-10  1.153589E-09  0.0           0.0           0.0           1.103670E-09
              7        0 -6.605139E-10  1.213498E-09  0.0           0.0           0.0           5.555659E-05
              8        0  0.0           0.0           0.0           0.0           0.0           0.0         
              9        0  0.0           0.0           0.0           0.0           0.0           0.0         
             10        0  5.999936E-09  6.611013E-09  0.0           0.0           0.0           4.652721E-09
             11        0 -5.999936E-09  7.611010E-09  0.0           0.0           0.0           1.111160E-04
             12        0  0.0           0.0           0.0           0.0           0.0           0.0         
             13        0  0.0           0.0           0.0           0.0           0.0           0.0         
             14        0  0.0           0.0           0.0           0.0           0.0           0.0         
             15        0  0.0           0.0           0.0           0.0           0.0           0.0         
             16        0  0.0           0.0           0.0           0.0           0.0           0.0         
             17        0  0.0           0.0           0.0           0.0           0.0           0.0         
             18        0  0.0           0.0           0.0           0.0           0.0           0.0         
             19        0  0.0           0.0           0.0           0.0           0.0           0.0         
             20        0  0.0           0.0           0.0           0.0           0.0           0.0         
             21        0  0.0           0.0           0.0           0.0           0.0           0.0         
             22        0  2.121298E-09  3.305506E-09 -2.121298E-09  3.289971E-09 -2.266730E-20  3.289971E-09
             23        0 -2.121298E-09  3.805505E-09  2.121298E-09  7.857089E-05 -3.144956E-20  7.857089E-05
             24        0  0.0           0.0           0.0           0.0           0.0           0.0         
             25        0  0.0           0.0           0.0           0.0           0.0           0.0         
             26        0  2.780602E-10  1.153589E-09 -2.780602E-10  7.804123E-10  3.729119E-21  7.804123E-10
             27        0 -4.670539E-10  1.213498E-09  4.670539E-10  3.928444E-05  5.138015E-21  3.928444E-05
             28        0  0.0           0.0           0.0           0.0           0.0           0.0         
             29        0  0.0           0.0           0.0           0.0           0.0           0.0         
             30        0  4.242595E-09  6.611013E-09 -4.242595E-09  3.289971E-09 -5.024093E-20  3.289971E-09
             31        0 -4.242595E-09  7.611010E-09  4.242595E-09  7.857089E-05 -3.270188E-20  7.857089E-05
             32        0  0.0           0.0           0.0           0.0           0.0           0.0         
             33        0  0.0           0.0           0.0           0.0           0.0           0.0         
             34        0 -4.192113E-06  1.306123E-22 -4.192113E-06  0.0           5.924832E-06 -1.153402E-05
             35        0  4.192113E-06  6.284647E-22  4.192113E-06  0.0          -5.924832E-06 -1.153402E-05
             36        0  0.0           0.0           0.0           0.0           0.0           0.0         
             37        0 -1.572653E-06  4.702036E-22 -1.572653E-06  0.0           7.404408E-06 -3.674573E-06
             38        0 -1.091371E-17  3.681264E-22 -1.091316E-17  1.939076E-05  2.703827E-17  0.0         
             39        0  1.572653E-06  3.329289E-22  1.572653E-06  0.0          -7.404408E-06 -3.674573E-06
             40        0  0.0           0.0           0.0           0.0           0.0           0.0         
             41        0  0.0           0.0           0.0           0.0           0.0           0.0         
             42        0  2.999968E-09  3.305506E-09 -5.486969E-25  6.945633E-25 -2.548896E-24  4.652721E-09
             43        0 -2.999968E-09  3.805505E-09  1.663912E-24  7.385856E-24  2.548896E-24  1.111160E-04
             44        0  0.0           0.0           0.0           0.0           0.0           0.0         
             45        0  0.0           0.0           0.0           0.0           0.0           0.0         
             46        0  2.121298E-09  3.305506E-09 -2.121298E-09  3.289971E-09  1.353584E-20  3.289971E-09
             47        0 -2.121298E-09  3.805505E-09  2.121298E-09  7.857089E-05  0.0           7.857089E-05
             48        0  0.0           0.0           0.0           0.0           0.0           0.0         
                         ------------- ------------- ------------- ------------- ------------- -------------
                MAX* :    4.192113E-06  7.611010E-09  4.192113E-06  7.857089E-05  7.404408E-06  1.111160E-04
                MIN* :   -4.192113E-06  0.0          -4.192113E-06  0.0          -7.404408E-06 -1.153402E-05

                ABS* :    4.192113E-06  7.611010E-09  4.192113E-06  7.857089E-05  7.404408E-06  1.111160E-04
                *for output set

                                                    SPC Force Summary on AUTOSPC'd DOF's
                                                 (in global coordinate system at each grid)
        For detailed information on the SPC forces for the AUTOSPC DOF's, set field 7 (AUTOSPC_SPCF) on the PARAM AUTOSPC entry to Y

                              T1             T2             T3             R1             R2             R3

 ABS AUTOSPC FORCES  :   0.000000E+00   0.000000E+00   0.000000E+00   5.400125E-13   0.000000E+00   1.414214E+00
 AUTOSPC FORCE TOTALS:   0.000000E+00   0.000000E+00   0.000000E+00   2.984279E-13   0.000000E+00  -2.414214E+00
     (for output set)

 >> LINK  9 END

    Total CPU time =  6.25E-02 seconds

 >> MYSTRAN END    :  6/14/2026 at 18:40:28.813

                                          * * * END OF JOB * * *
