   604115454

 MYSTRAN Version 18.0.0   APR 20 2026 MYSTRAN developed by Dr Bill Case
*** Please report any problems to mystransolver@gmail.com ***                                                                                                                                                                                                   

 >> MYSTRAN BEGIN  :  6/ 4/2026 at 11:54:54.956 The input file is C:\Users\victo\Documents\Git\MYSTRAN_Validation\working\NAS S30 shell force per length components quad4_2.bdf                                                                                                                                                   


 >> LINK  0 BEGIN


SOL 101                                                                                                                                                                                                                                                         
CEND                                                                                                                                                                                                                                                            
DISPLACEMENT = ALL                                                                                                                                                                                                                                              
SPCFORCES = ALL                                                                                                                                                                                                                                                 
MPCFORCES = ALL                                                                                                                                                                                                                                                 
STRESS(CORNER) = ALL                                                                                                                                                                                                                                            
STRAIN(CORNER) = ALL                                                                                                                                                                                                                                            
FORCE(CORNER) = ALL                                                                                                                                                                                                                                             
SPC = 1                                                                                                                                                                                                                                                         
LOAD = 1                                                                                                                                                                                                                                                        
BEGIN BULK                                                                                                                                                                                                                                                      
ECHO: loadb GRID           1       0   0.0+0   0.0+0   0.0+0       0                                                                                                                                                                                                        
ECHO: loadb GRID           2       0   2.0+0   0.0+0   0.0+0       0                                                                                                                                                                                                        
ECHO: loadb GRID           3       0   2.0+0   2.0+0   0.0+0       0                                                                                                                                                                                                        
ECHO: loadb GRID           4       0   0.0+0   2.0+0   0.0+0       0                                                                                                                                                                                                        
ECHO: loadb GRID           5       0   4.0+0   0.0+0   0.0+0       0                                                                                                                                                                                                        
ECHO: loadb GRID           6       0   6.0+0   0.0+0   0.0+0       0                                                                                                                                                                                                        
ECHO: loadb GRID           7       0   6.0+0   2.0+0   0.0+0       0                                                                                                                                                                                                        
ECHO: loadb GRID           8       0   4.0+0   2.0+0   0.0+0       0                                                                                                                                                                                                        
ECHO: loadb GRID           9       0   8.0+0   0.0+0   0.0+0       0                                                                                                                                                                                                        
ECHO: loadb GRID          10       0   1.0+1   0.0+0   0.0+0       0                                                                                                                                                                                                        
ECHO: loadb GRID          11       0   1.0+1   2.5+0   0.0+0       0                                                                                                                                                                                                        
ECHO: loadb GRID          12       0   8.0+0   2.5+0   0.0+0       0                                                                                                                                                                                                        
ECHO: loadb GRID          13       0   1.2+1   0.0+0   0.0+0       0                                                                                                                                                                                                        
ECHO: loadb GRID          14       0  1.37+1   0.0+0   0.0+0       0                                                                                                                                                                                                        
ECHO: loadb GRID          15       0  1.37+1   2.0+0   0.0+0       0                                                                                                                                                                                                        
ECHO: loadb GRID          16       0   1.2+1   2.0+0   0.0+0       0                                                                                                                                                                                                        
ECHO: loadb GRID          17       0   1.6+1   0.0+0   0.0+0       0                                                                                                                                                                                                        
ECHO: loadb GRID          18       0   1.8+1   0.0+0   0.0+0       0                                                                                                                                                                                                        
ECHO: loadb GRID          19       0   1.8+1   1.8+0   0.0+0       0                                                                                                                                                                                                        
ECHO: loadb GRID          20       0   1.6+1   1.8+0   0.0+0       0                                                                                                                                                                                                        
ECHO: loadb GRID          21       0   2.0+1   0.0+0   0.0+0       0                                                                                                                                                                                                        
ECHO: loadb GRID          22       0  2.31+1   0.0+0   0.0+0       0                                                                                                                                                                                                        
ECHO: loadb GRID          23       0  2.31+1   2.0+0   0.0+0       0                                                                                                                                                                                                        
ECHO: loadb GRID          24       0   2.0+1   2.0+0   0.0+0       0                                                                                                                                                                                                        
ECHO: loadb GRID          25       0   2.4+1   0.0+0   0.0+0       0                                                                                                                                                                                                        
ECHO: loadb GRID          26       0   2.6+1   0.0+0   0.0+0       0                                                                                                                                                                                                        
ECHO: loadb GRID          27       0   2.6+1   2.0+0   0.0+0       0                                                                                                                                                                                                        
ECHO: loadb GRID          28       0   2.4+1   2.0+0   0.0+0       0                                                                                                                                                                                                        
ECHO: loadb PARAM   QUAD4TYP   MIN4T                                                                                                                                                                                                                                        
ECHO: loadb PARAM    STR_CID      -2                                                                                                                                                                                                                                        
ECHO: loadb MAT1           1  2.0+11  1.0+11   0.0+0   0.0+0   0.0+0   0.0+0                                                                                                                                                                                                
ECHO: loadb SPC            1       1       1   0.0+0                                                                                                                                                                                                                        
ECHO: loadb SPC            1       1       2   0.0+0                                                                                                                                                                                                                        
ECHO: loadb SPC            1       1       3   0.0+0                                                                                                                                                                                                                        
ECHO: loadb SPC            1       1       4   0.0+0                                                                                                                                                                                                                        
ECHO: loadb SPC            1       1       5   0.0+0                                                                                                                                                                                                                        
ECHO: loadb SPC            1       1       6   0.0+0                                                                                                                                                                                                                        
ECHO: loadb SPC            1       2       2   0.0+0                                                                                                                                                                                                                        
ECHO: loadb SPC            1       2       4   0.0+0                                                                                                                                                                                                                        
ECHO: loadb SPC            1       2       6   0.0+0                                                                                                                                                                                                                        
ECHO: loadb SPC            1       4       1   0.0+0                                                                                                                                                                                                                        
ECHO: loadb SPC            1       4       5   0.0+0                                                                                                                                                                                                                        
ECHO: loadb SPC            1       4       6   0.0+0                                                                                                                                                                                                                        
ECHO: loadb SPC            1       5       1   0.0+0                                                                                                                                                                                                                        
ECHO: loadb SPC            1       5       3   0.0+0                                                                                                                                                                                                                        
ECHO: loadb SPC            1       5       2   0.0+0                                                                                                                                                                                                                        
ECHO: loadb SPC            1       5       4   0.0+0                                                                                                                                                                                                                        
ECHO: loadb SPC            1       5       6   0.0+0                                                                                                                                                                                                                        
ECHO: loadb SPC            1       6       1   0.0+0                                                                                                                                                                                                                        
ECHO: loadb SPC            1       6       3   0.0+0                                                                                                                                                                                                                        
ECHO: loadb SPC            1       6       2   0.0+0                                                                                                                                                                                                                        
ECHO: loadb SPC            1       6       4   0.0+0                                                                                                                                                                                                                        
ECHO: loadb SPC            1       6       6   0.0+0                                                                                                                                                                                                                        
ECHO: loadb SPC            1       7       2   0.0+0                                                                                                                                                                                                                        
ECHO: loadb SPC            1       8       2   0.0+0                                                                                                                                                                                                                        
ECHO: loadb SPC            1       9       1   0.0+0                                                                                                                                                                                                                        
ECHO: loadb SPC            1       9       2   0.0+0                                                                                                                                                                                                                        
ECHO: loadb SPC            1       9       3   0.0+0                                                                                                                                                                                                                        
ECHO: loadb SPC            1       9       4   0.0+0                                                                                                                                                                                                                        
ECHO: loadb SPC            1       9       5   0.0+0                                                                                                                                                                                                                        
ECHO: loadb SPC            1       9       6   0.0+0                                                                                                                                                                                                                        
ECHO: loadb SPC            1      10       1   0.0+0                                                                                                                                                                                                                        
ECHO: loadb SPC            1      10       2   0.0+0                                                                                                                                                                                                                        
ECHO: loadb SPC            1      10       3   0.0+0                                                                                                                                                                                                                        
ECHO: loadb SPC            1      10       4   0.0+0                                                                                                                                                                                                                        
ECHO: loadb SPC            1      10       5   0.0+0                                                                                                                                                                                                                        
ECHO: loadb SPC            1      10       6   0.0+0                                                                                                                                                                                                                        
ECHO: loadb SPC            1      13       1   0.0+0                                                                                                                                                                                                                        
ECHO: loadb SPC            1      13       2   0.0+0                                                                                                                                                                                                                        
ECHO: loadb SPC            1      13       3   0.0+0                                                                                                                                                                                                                        
ECHO: loadb SPC            1      13       4   0.0+0                                                                                                                                                                                                                        
ECHO: loadb SPC            1      13       5   0.0+0                                                                                                                                                                                                                        
ECHO: loadb SPC            1      13       6   0.0+0                                                                                                                                                                                                                        
ECHO: loadb SPC            1      16       1   0.0+0                                                                                                                                                                                                                        
ECHO: loadb SPC            1      16       2   0.0+0                                                                                                                                                                                                                        
ECHO: loadb SPC            1      16       3   0.0+0                                                                                                                                                                                                                        
ECHO: loadb SPC            1      16       4   0.0+0                                                                                                                                                                                                                        
ECHO: loadb SPC            1      16       5   0.0+0                                                                                                                                                                                                                        
ECHO: loadb SPC            1      16       6   0.0+0                                                                                                                                                                                                                        
ECHO: loadb SPC            1      17       1   0.0+0                                                                                                                                                                                                                        
ECHO: loadb SPC            1      17       2   0.0+0                                                                                                                                                                                                                        
ECHO: loadb SPC            1      17       3   0.0+0                                                                                                                                                                                                                        
ECHO: loadb SPC            1      17       4   0.0+0                                                                                                                                                                                                                        
ECHO: loadb SPC            1      17       5   0.0+0                                                                                                                                                                                                                        
ECHO: loadb SPC            1      17       6   0.0+0                                                                                                                                                                                                                        
ECHO: loadb SPC            1      18       1   0.0+0                                                                                                                                                                                                                        
ECHO: loadb SPC            1      18       2   0.0+0                                                                                                                                                                                                                        
ECHO: loadb SPC            1      18       3   0.0+0                                                                                                                                                                                                                        
ECHO: loadb SPC            1      18       4   0.0+0                                                                                                                                                                                                                        
ECHO: loadb SPC            1      18       5   0.0+0                                                                                                                                                                                                                        
ECHO: loadb SPC            1      18       6   0.0+0                                                                                                                                                                                                                        
ECHO: loadb SPC            1      19       4   0.0+0                                                                                                                                                                                                                        
ECHO: loadb SPC            1      20       4   0.0+0                                                                                                                                                                                                                        
ECHO: loadb SPC            1      21       1   0.0+0                                                                                                                                                                                                                        
ECHO: loadb SPC            1      21       2   0.0+0                                                                                                                                                                                                                        
ECHO: loadb SPC            1      21       3   0.0+0                                                                                                                                                                                                                        
ECHO: loadb SPC            1      21       4   0.0+0                                                                                                                                                                                                                        
ECHO: loadb SPC            1      21       5   0.0+0                                                                                                                                                                                                                        
ECHO: loadb SPC            1      21       6   0.0+0                                                                                                                                                                                                                        
ECHO: loadb SPC            1      22       5   0.0+0                                                                                                                                                                                                                        
ECHO: loadb SPC            1      23       5   0.0+0                                                                                                                                                                                                                        
ECHO: loadb SPC            1      24       1   0.0+0                                                                                                                                                                                                                        
ECHO: loadb SPC            1      24       2   0.0+0                                                                                                                                                                                                                        
ECHO: loadb SPC            1      24       3   0.0+0                                                                                                                                                                                                                        
ECHO: loadb SPC            1      24       4   0.0+0                                                                                                                                                                                                                        
ECHO: loadb SPC            1      24       5   0.0+0                                                                                                                                                                                                                        
ECHO: loadb SPC            1      24       6   0.0+0                                                                                                                                                                                                                        
ECHO: loadb SPC            1      25       1   0.0+0                                                                                                                                                                                                                        
ECHO: loadb SPC            1      25       2   0.0+0                                                                                                                                                                                                                        
ECHO: loadb SPC            1      25       3   0.0+0                                                                                                                                                                                                                        
ECHO: loadb SPC            1      25       4   0.0+0                                                                                                                                                                                                                        
ECHO: loadb SPC            1      25       5   0.0+0                                                                                                                                                                                                                        
ECHO: loadb SPC            1      25       6   0.0+0                                                                                                                                                                                                                        
ECHO: loadb SPC            1      26       1   0.0+0                                                                                                                                                                                                                        
ECHO: loadb SPC            1      26       2   0.0+0                                                                                                                                                                                                                        
ECHO: loadb SPC            1      26       3   0.0+0                                                                                                                                                                                                                        
ECHO: loadb SPC            1      26       4   0.0+0                                                                                                                                                                                                                        
ECHO: loadb SPC            1      26       5   0.0+0                                                                                                                                                                                                                        
ECHO: loadb SPC            1      26       6   0.0+0                                                                                                                                                                                                                        
ECHO: loadb PSHELL         1       1   1.0-2       1               1           0.0+0                                                                                                                                                                                        
ECHO: loadb CQUAD4         1       1       1       2       3       4   0.0+0   0.0+0                                                                                                                                                                                        
ECHO: loadb CQUAD4         2       1       5       6       7       8   0.0+0   0.0+0                                                                                                                                                                                        
ECHO: loadb CQUAD4         3       1       9      10      11      12   0.0+0   0.0+0                                                                                                                                                                                        
ECHO: loadb CQUAD4         4       1      13      14      15      16   0.0+0   0.0+0                                                                                                                                                                                        
ECHO: loadb CQUAD4         5       1      17      18      19      20   0.0+0   0.0+0                                                                                                                                                                                        
ECHO: loadb CQUAD4         6       1      21      22      23      24   0.0+0   0.0+0                                                                                                                                                                                        
ECHO: loadb CQUAD4         7       1      25      26      27      28   4.5+1   0.0+0                                                                                                                                                                                        
ECHO: loadb FORCE          2       3       0   1.0+0   0.0+0   1.0+0   0.0+0                                                                                                                                                                                                
ECHO: loadb FORCE          2       4       0   1.0+0   0.0+0   1.0+0   0.0+0                                                                                                                                                                                                
ECHO: loadb FORCE          2       2       0   1.0+0   5.0-1   0.0+0   0.0+0                                                                                                                                                                                                
ECHO: loadb FORCE          2       3       0   1.0+0   5.0-1   0.0+0   0.0+0                                                                                                                                                                                                
ECHO: loadb FORCE          2       7       0   1.0+0   2.5+0   0.0+0   0.0+0                                                                                                                                                                                                
ECHO: loadb FORCE          2       8       0   1.0+0   2.5+0   0.0+0   0.0+0                                                                                                                                                                                                
ECHO: loadb FORCE          2      19       0   1.0+0   0.0+0   0.0+0   1.5-3                                                                                                                                                                                                
ECHO: loadb FORCE          2      20       0   1.0+0   0.0+0   0.0+0   1.5-3                                                                                                                                                                                                
ECHO: loadb FORCE          2      22       0   1.0+0   0.0+0   0.0+0   1.5-3                                                                                                                                                                                                
ECHO: loadb FORCE          2      23       0   1.0+0   0.0+0   0.0+0   1.5-3                                                                                                                                                                                                
ECHO: loadb MOMENT         2      12       0   1.0+0   1.0-3   0.0+0   0.0+0                                                                                                                                                                                                
ECHO: loadb MOMENT         2      11       0   1.0+0   1.0-3   0.0+0   0.0+0                                                                                                                                                                                                
ECHO: loadb MOMENT         2      15       0   1.0+0   0.0+0   1.0-3   0.0+0                                                                                                                                                                                                
ECHO: loadb MOMENT         2      14       0   1.0+0   0.0+0   1.0-3   0.0+0                                                                                                                                                                                                
ECHO: loadb MOMENT         2      28       0   1.0+0   1.0-3   0.0+0   0.0+0                                                                                                                                                                                                
ECHO: loadb MOMENT         2      27       0   1.0+0   1.0-3   0.0+0   0.0+0                                                                                                                                                                                                
ECHO: loadb LOAD           1   1.0+0   1.0+0       2                                                                                                                                                                                                                        
ECHO: loadb ENDDATA                                                                                                                                                                                                                                                         




 >> LINK  0 END


 >> LINK  1 BEGIN

               DEALLOCATED  6.45E-02 MB MEMORY FROM ARRAY STF3


 *INFORMATION: AUTOSPC Summary, Stage 1 after identification of AUTOSPC's at the grid level                                                 

                                     AUTOSPC_RAT = 1.000000E-08

                       Number of DOF's identified for AUTOSPC in component  1         =            0
                       Number of DOF's identified for AUTOSPC in component  2         =            0
                       Number of DOF's identified for AUTOSPC in component  3         =            0
                       Number of DOF's identified for AUTOSPC in component  4         =            0
                       Number of DOF's identified for AUTOSPC in component  5         =            0
                       Number of DOF's identified for AUTOSPC in component  6         =           13
                                                                                        ------------
                       Total number of DOF's identified in this stage                 =           13

               DEALLOCATED  6.72E-04 MB MEMORY FROM ARRAY STFKEY
               DEALLOCATED  6.45E-02 MB MEMORY FROM ARRAY STF3

 >> LINK  1 END


 >> LINK  2 BEGIN



 *INFORMATION: AUTOSPC Summary, Overall: after identification of all AUTOSPC's                                                               

                                     AUTOSPC_RAT = 1.000000E-08

                       Number of DOF's identified for AUTOSPC in component  1         =            0
                       Number of DOF's identified for AUTOSPC in component  2         =            0
                       Number of DOF's identified for AUTOSPC in component  3         =            0
                       Number of DOF's identified for AUTOSPC in component  4         =            0
                       Number of DOF's identified for AUTOSPC in component  5         =            0
                       Number of DOF's identified for AUTOSPC in component  6         =           13
                                                                                        ------------
                       Total number of DOF's identified overall                       =           13


 >> LINK  2 END


 >> LINK  3 BEGIN

 SUPERLU FACTORIZATION OF MATRIX KLL SUCCEEDED IN SUBR SYM_MAT_DECOMP_SUPRLU          

 *INFORMATION: FOR INTERNAL SUBCASE NUMBER        1 EPSILON ERROR ESTIMATE            = -4.025630E-18 Based on U'*(K*U - P)/(U'*P)


 >> LINK  3 END


 >> LINK  5 BEGIN


 >> LINK  5 END


 >> LINK  9 BEGIN



 OUTPUT FOR SUBCASE        1

                                                       D I S P L A C E M E N T S
                                              (in global coordinate system at each grid)
           GRID     COORD      T1            T2            T3            R1            R2            R3
                     SYS
              1        0  0.0           0.0           0.0           0.0           0.0           0.0         
              2        0  5.000000E-10  0.0           0.0           0.0           0.0           0.0         
              3        0  5.000000E-10  1.000000E-09  0.0           0.0           0.0           0.0         
              4        0  0.0           1.000000E-09  0.0           0.0           0.0           0.0         
              5        0  0.0           0.0           0.0           0.0           0.0           0.0         
              6        0  0.0           0.0           0.0           0.0           0.0           0.0         
              7        0  5.000000E-09  0.0           0.0           0.0           0.0           0.0         
              8        0  5.000000E-09  0.0           0.0           0.0           0.0           0.0         
              9        0  0.0           0.0           0.0           0.0           0.0           0.0         
             10        0  0.0           0.0           0.0           0.0           0.0           0.0         
             11        0  0.0           0.0           1.875000E-07  1.500000E-07  1.306043E-23  0.0         
             12        0  0.0           0.0           1.875000E-07  1.500000E-07 -5.774213E-23  0.0         
             13        0  0.0           0.0           0.0           0.0           0.0           0.0         
             14        0  0.0           0.0          -8.670000E-08  1.609443E-23  1.020000E-07  0.0         
             15        0  0.0           0.0          -8.670000E-08 -1.066443E-23  1.020000E-07  0.0         
             16        0  0.0           0.0           0.0           0.0           0.0           0.0         
             17        0  0.0           0.0           0.0           0.0           0.0           0.0         
             18        0  0.0           0.0           0.0           0.0           0.0           0.0         
             19        0  0.0           0.0           4.814775E-08  0.0          -2.798522E-08  0.0         
             20        0  0.0           0.0           4.814775E-08  0.0           2.798522E-08  0.0         
             21        0  0.0           0.0           0.0           0.0           0.0           0.0         
             22        0  0.0           0.0           1.140520E-07 -1.915027E-08  0.0           0.0         
             23        0  0.0           0.0           1.140520E-07  1.915027E-08  0.0           0.0         
             24        0  0.0           0.0           0.0           0.0           0.0           0.0         
             25        0  0.0           0.0           0.0           0.0           0.0           0.0         
             26        0  0.0           0.0           0.0           0.0           0.0           0.0         
             27        0  0.0           0.0           1.200000E-07  1.200000E-07  6.244487E-23  0.0         
             28        0  0.0           0.0           1.200000E-07  1.200000E-07 -3.297728E-23  0.0         
                         ------------- ------------- ------------- ------------- ------------- -------------
                MAX* :    5.000000E-09  1.000000E-09  1.875000E-07  1.500000E-07  1.020000E-07  0.0         
                MIN* :    0.0           0.0          -8.670000E-08 -1.915027E-08 -2.798522E-08  0.0         

                ABS* :    5.000000E-09  1.000000E-09  1.875000E-07  1.500000E-07  1.020000E-07  0.0         
                *for output set


 OUTPUT FOR SUBCASE        1

                                                          S P C   F O R C E S
                                              (in global coordinate system at each grid)
           GRID     COORD      T1            T2            T3            R1            R2            R3
                     SYS
              1        0 -5.000000E-01 -1.000000E+00  0.0           0.0           0.0           0.0         
              2        0  0.0          -1.000000E+00  0.0           0.0           0.0           0.0         
              4        0 -5.000000E-01  0.0           0.0           0.0           0.0           0.0         
              5        0 -2.500000E+00 -2.500000E+00  0.0           0.0           0.0           0.0         
              6        0 -2.500000E+00  2.500000E+00  0.0           0.0           0.0           0.0         
              7        0  0.0           2.500000E+00  0.0           0.0           0.0           0.0         
              8        0  0.0          -2.500000E+00  0.0           0.0           0.0           0.0         
              9        0  0.0           0.0           1.788763E-18 -1.000000E-03  2.153542E-19  0.0         
             10        0  0.0           0.0           1.112790E-18 -1.000000E-03 -2.428233E-19  0.0         
             13        0  0.0           0.0           7.589415E-19  4.336809E-19 -1.000000E-03  0.0         
             16        0  0.0           0.0           4.336809E-19  2.168404E-19 -1.000000E-03  0.0         
             17        0  0.0           0.0          -1.500000E-03 -1.350000E-03  4.197782E-04  0.0         
             18        0  0.0           0.0          -1.500000E-03 -1.350000E-03 -4.197782E-04  0.0         
             19        0  0.0           0.0           0.0          -1.350000E-03  0.0           0.0         
             20        0  0.0           0.0           0.0          -1.350000E-03  0.0           0.0         
             21        0  0.0           0.0          -1.500000E-03 -4.947152E-04  2.325000E-03  0.0         
             22        0  0.0           0.0           0.0           0.0           2.325000E-03  0.0         
             23        0  0.0           0.0           0.0           0.0           2.325000E-03  0.0         
             24        0  0.0           0.0          -1.500000E-03  4.947152E-04  2.325000E-03  0.0         
             25        0  0.0           0.0           2.109529E-18 -1.000000E-03 -1.015042E-18  0.0         
             26        0  0.0           0.0           2.130067E-18 -1.000000E-03  2.766555E-19  0.0         
                         ------------- ------------- ------------- ------------- ------------- -------------
                MAX* :    0.0           2.500000E+00  2.130067E-18  4.947152E-04  2.325000E-03  0.0         
                MIN* :   -2.500000E+00 -2.500000E+00 -1.500000E-03 -1.350000E-03 -1.000000E-03  0.0         

                ABS* :    2.500000E+00  2.500000E+00  1.500000E-03  1.350000E-03  2.325000E-03  0.0         
                *for output set
                         ------------- ------------- ------------- ------------- ------------- -------------
     SPC FORCE TOTALS:   -6.000000E+00 -2.000000E+00 -6.000000E-03 -9.400000E-03  7.300000E-03  0.0         
     (for output set)

                                                    SPC Force Summary on AUTOSPC'd DOF's
                                                 (in global coordinate system at each grid)
        For detailed information on the SPC forces for the AUTOSPC DOF's, set field 7 (AUTOSPC_SPCF) on the PARAM AUTOSPC entry to Y

                              T1             T2             T3             R1             R2             R3

 ABS AUTOSPC FORCES  :   0.000000E+00   0.000000E+00   0.000000E+00   0.000000E+00   0.000000E+00   0.000000E+00
 AUTOSPC FORCE TOTALS:   0.000000E+00   0.000000E+00   0.000000E+00   0.000000E+00   0.000000E+00   0.000000E+00
     (for output set)


 OUTPUT FOR SUBCASE        1

                                                       E L E M E N T   E N G I N E E R I N G   F O R C E S
                                                           F O R   E L E M E N T   T Y P E   Q U A D 4  
  Element Location               N o r m a l   F o r c e s                       M o m e n t s                   T r a n s v e r s e
     ID                                                                                                        S h e a r   F o r c e s
                              Nxx           Nyy           Nxy           Mxx           Myy           Mxy            Qx           Qy
        1                 5.000000E-01  1.000000E+00 -5.169879E-17  0.000000E+00  0.000000E+00  0.000000E+00  0.000000E+00  0.000000E+00
           GRD       1    5.000000E-01  1.000000E+00 -3.877409E-17  0.000000E+00  0.000000E+00  0.000000E+00  0.000000E+00  0.000000E+00
           GRD       2    5.000000E-01  1.000000E+00  3.877409E-17  0.000000E+00  0.000000E+00  0.000000E+00  0.000000E+00  0.000000E+00
           GRD       3    5.000000E-01  1.000000E+00 -1.938705E-17  0.000000E+00  0.000000E+00  0.000000E+00  0.000000E+00  0.000000E+00
           GRD       4    5.000000E-01  1.000000E+00 -9.693523E-17  0.000000E+00  0.000000E+00  0.000000E+00  0.000000E+00  0.000000E+00
        2                 0.000000E+00  0.000000E+00  2.500000E+00  0.000000E+00  0.000000E+00  0.000000E+00  0.000000E+00  0.000000E+00
           GRD       5    0.000000E+00  0.000000E+00  2.500000E+00  0.000000E+00  0.000000E+00  0.000000E+00  0.000000E+00  0.000000E+00
           GRD       6    0.000000E+00  0.000000E+00  2.500000E+00  0.000000E+00  0.000000E+00  0.000000E+00  0.000000E+00  0.000000E+00
           GRD       7    0.000000E+00  0.000000E+00  2.500000E+00  0.000000E+00  0.000000E+00  0.000000E+00  0.000000E+00  0.000000E+00
           GRD       8    0.000000E+00  0.000000E+00  2.500000E+00  0.000000E+00  0.000000E+00  0.000000E+00  0.000000E+00  0.000000E+00
        3                 0.000000E+00  0.000000E+00  0.000000E+00 -2.950107E-19  1.000000E-03  2.065276E-19  4.724505E-19 -8.636049E-20
           GRD       9    0.000000E+00  0.000000E+00  0.000000E+00  2.626203E-19  1.000000E-03  8.257784E-23  4.270283E-19 -1.941943E-18
           GRD      10    0.000000E+00  0.000000E+00  0.000000E+00 -7.862732E-20  1.000000E-03 -7.918552E-20 -3.679461E-19 -1.188417E-19
           GRD      11    0.000000E+00  0.000000E+00  0.000000E+00 -9.636593E-19  1.000000E-03  4.543317E-19 -8.236465E-19  1.073620E-18
           GRD      12    0.000000E+00  0.000000E+00  0.000000E+00 -6.224117E-19  1.000000E-03  5.335998E-19 -2.867214E-20 -7.494819E-19
        4                 0.000000E+00  0.000000E+00  0.000000E+00 -1.000000E-03 -1.114952E-19 -1.102907E-19 -3.894723E-19 -1.947362E-19
           GRD      13    0.000000E+00  0.000000E+00  0.000000E+00 -1.000000E-03  2.877719E-20  1.619895E-19 -2.227295E-18 -4.868404E-19
           GRD      14    0.000000E+00  0.000000E+00  0.000000E+00 -1.000000E-03 -3.057086E-19  1.723293E-20 -2.227295E-18 -1.290127E-18
           GRD      15    0.000000E+00  0.000000E+00  0.000000E+00 -1.000000E-03 -2.643495E-19 -4.118670E-19  1.843908E-18 -1.217101E-19
           GRD      16    0.000000E+00  0.000000E+00  0.000000E+00 -1.000000E-03  7.013622E-20 -2.671104E-19  1.843908E-18  6.815766E-19
        5                 0.000000E+00  0.000000E+00  0.000000E+00  2.332101E-04 -1.839022E-20  1.378634E-20  0.000000E+00  1.512628E-03
           GRD      17    0.000000E+00  0.000000E+00  0.000000E+00 -1.166051E-04  6.629094E-04  1.039675E-04 -2.872632E-19  1.512628E-03
           GRD      18    0.000000E+00  0.000000E+00  0.000000E+00 -1.166051E-04  6.629094E-04 -1.039675E-04  6.779410E-19  1.512628E-03
           GRD      19    0.000000E+00  0.000000E+00  0.000000E+00  5.830253E-04 -6.629094E-04 -1.039675E-04 -6.319789E-20  1.512628E-03
           GRD      20    0.000000E+00  0.000000E+00  0.000000E+00  5.830253E-04 -6.629094E-04  1.039675E-04 -1.028402E-18  1.512628E-03
        6                 0.000000E+00  0.000000E+00  0.000000E+00  2.681795E-20  1.595855E-04  5.169879E-20  1.474961E-03  2.408192E-19
           GRD      21    0.000000E+00  0.000000E+00  0.000000E+00  5.774276E-04 -7.979277E-05  3.702876E-04  1.474961E-03 -1.715837E-18
           GRD      22    0.000000E+00  0.000000E+00  0.000000E+00 -5.774276E-04  3.989639E-04  3.702876E-04  1.474961E-03 -2.056997E-19
           GRD      23    0.000000E+00  0.000000E+00  0.000000E+00 -5.774276E-04  3.989639E-04 -3.702876E-04  1.474961E-03  2.202492E-18
           GRD      24    0.000000E+00  0.000000E+00  0.000000E+00  5.774276E-04 -7.979277E-05 -3.702876E-04  1.474961E-03  6.923552E-19
        7                 0.000000E+00  0.000000E+00  0.000000E+00 -3.975923E-19  1.000000E-03 -9.673345E-20 -9.238583E-19 -1.738060E-19
           GRD      25    0.000000E+00  0.000000E+00  0.000000E+00  2.441803E-20  1.000000E-03 -3.223348E-19 -3.119059E-18 -1.332407E-18
           GRD      26    0.000000E+00  0.000000E+00  0.000000E+00  4.954978E-19  1.000000E-03 -5.841981E-20  1.843429E-18 -1.620511E-18
           GRD      27    0.000000E+00  0.000000E+00  0.000000E+00 -6.972791E-19  1.000000E-03  3.236348E-20  2.263840E-18  1.108857E-18
           GRD      28    0.000000E+00  0.000000E+00  0.000000E+00 -1.168359E-18  1.000000E-03 -2.315515E-19 -2.698648E-18  1.396962E-18
                          ------------- ------------- ------------- ------------- ------------- ------------- ------------- -------------
                MAX* :    5.000000E-01  1.000000E+00  2.500000E+00  5.830253E-04  1.000000E-03  3.702876E-04  1.474961E-03  1.512628E-03
                MIN* :    0.000000E+00  0.000000E+00 -9.693523E-17 -1.000000E-03 -6.629094E-04 -3.702876E-04 -3.119059E-18 -1.941943E-18

                ABS* :    5.000000E-01  1.000000E+00  2.500000E+00  1.000000E-03  1.000000E-03  3.702876E-04  1.474961E-03  1.512628E-03
                *for output set


 OUTPUT FOR SUBCASE        1

                                          E L E M E N T   S T R E S S E S   I N   L O C A L   E L E M E N T   C O O R D I N A T E   S Y S T E M
                                                                       F O R   E L E M E N T   T Y P E   Q U A D 4  
    Elem  Location       Fibre       Stresses In Element Coord System     Principal Stresses (Zero Shear)               Transverse   Transverse   % Poly
     ID                 Distance    Normal-X     Normal-Y     Shear-XY     Angle     Major        Minor      von Mises    Shear-XZ     Shear-YZ    Fit Err
                                                                                                                         (max through thickness)

        1  CENTER      -5.000E-03  5.00000E+01  1.00000E+02 -5.16988E-15  -90.00  1.00000E+02  5.00000E+01  8.66025E+01  0.00000E+00  0.00000E+00
                        5.000E-03  5.00000E+01  1.00000E+02 -5.16988E-15  -90.00  1.00000E+02  5.00000E+01  8.66025E+01

           GRD       1 -5.000E-03  5.00000E+01  1.00000E+02 -3.87741E-15  -90.00  1.00000E+02  5.00000E+01  8.66025E+01  0.00000E+00  0.00000E+00 -0.6E+01(3)
                        5.000E-03  5.00000E+01  1.00000E+02 -3.87741E-15  -90.00  1.00000E+02  5.00000E+01  8.66025E+01

           GRD       2 -5.000E-03  5.00000E+01  1.00000E+02  3.87741E-15   90.00  1.00000E+02  5.00000E+01  8.66025E+01  0.00000E+00  0.00000E+00  0.6E+01(3)
                        5.000E-03  5.00000E+01  1.00000E+02  3.87741E-15   90.00  1.00000E+02  5.00000E+01  8.66025E+01

           GRD       3 -5.000E-03  5.00000E+01  1.00000E+02 -1.93870E-15  -90.00  1.00000E+02  5.00000E+01  8.66025E+01  0.00000E+00  0.00000E+00 -0.6E+01(3)
                        5.000E-03  5.00000E+01  1.00000E+02 -1.93870E-15  -90.00  1.00000E+02  5.00000E+01  8.66025E+01

           GRD       4 -5.000E-03  5.00000E+01  1.00000E+02 -9.69352E-15  -90.00  1.00000E+02  5.00000E+01  8.66025E+01  0.00000E+00  0.00000E+00  0.6E+01(3)
                        5.000E-03  5.00000E+01  1.00000E+02 -9.69352E-15  -90.00  1.00000E+02  5.00000E+01  8.66025E+01

        2  CENTER      -5.000E-03  0.00000E+00  0.00000E+00  2.50000E+02   45.00  2.50000E+02 -2.50000E+02  4.33013E+02  0.00000E+00  0.00000E+00
                        5.000E-03  0.00000E+00  0.00000E+00  2.50000E+02   45.00  2.50000E+02 -2.50000E+02  4.33013E+02

           GRD       5 -5.000E-03  0.00000E+00  0.00000E+00  2.50000E+02   45.00  2.50000E+02 -2.50000E+02  4.33013E+02  0.00000E+00  0.00000E+00  0.0E+00
                        5.000E-03  0.00000E+00  0.00000E+00  2.50000E+02   45.00  2.50000E+02 -2.50000E+02  4.33013E+02

           GRD       6 -5.000E-03  0.00000E+00  0.00000E+00  2.50000E+02   45.00  2.50000E+02 -2.50000E+02  4.33013E+02  0.00000E+00  0.00000E+00  0.0E+00
                        5.000E-03  0.00000E+00  0.00000E+00  2.50000E+02   45.00  2.50000E+02 -2.50000E+02  4.33013E+02

           GRD       7 -5.000E-03  0.00000E+00  0.00000E+00  2.50000E+02   45.00  2.50000E+02 -2.50000E+02  4.33013E+02  0.00000E+00  0.00000E+00  0.0E+00
                        5.000E-03  0.00000E+00  0.00000E+00  2.50000E+02   45.00  2.50000E+02 -2.50000E+02  4.33013E+02

           GRD       8 -5.000E-03  0.00000E+00  0.00000E+00  2.50000E+02   45.00  2.50000E+02 -2.50000E+02  4.33013E+02  0.00000E+00  0.00000E+00  0.0E+00
                        5.000E-03  0.00000E+00  0.00000E+00  2.50000E+02   45.00  2.50000E+02 -2.50000E+02  4.33013E+02

        3  CENTER      -5.000E-03 -1.77006E-14  6.00000E+01  1.23917E-14   90.00  6.00000E+01 -1.42109E-14  6.00000E+01  5.66941E-17 -1.03633E-17
                        5.000E-03  1.77006E-14 -6.00000E+01 -1.23917E-14   -0.00  1.42109E-14 -6.00000E+01  6.00000E+01

           GRD       9 -5.000E-03  1.57572E-14  6.00000E+01  4.95467E-18   90.00  6.00000E+01  1.42109E-14  6.00000E+01  5.12434E-17 -2.33033E-16  0.6E+02(8)
                        5.000E-03 -1.57572E-14 -6.00000E+01 -4.95467E-18   -0.00 -1.42109E-14 -6.00000E+01  6.00000E+01

           GRD      10 -5.000E-03 -4.71764E-15  6.00000E+01 -4.75113E-15  -90.00  6.00000E+01 -7.10543E-15  6.00000E+01 -4.41535E-17 -1.42610E-17 -0.6E+02(8)
                        5.000E-03  4.71764E-15 -6.00000E+01  4.75113E-15    0.00  7.10543E-15 -6.00000E+01  6.00000E+01

           GRD      11 -5.000E-03 -5.78196E-14  6.00000E+01  2.72599E-14   90.00  6.00000E+01 -5.68434E-14  6.00000E+01 -9.88376E-17  1.28834E-16  0.6E+02(8)
                        5.000E-03  5.78196E-14 -6.00000E+01 -2.72599E-14   -0.00  5.68434E-14 -6.00000E+01  6.00000E+01

           GRD      12 -5.000E-03 -3.73447E-14  6.00000E+01  3.20160E-14   90.00  6.00000E+01 -3.55271E-14  6.00000E+01 -3.44066E-18 -8.99378E-17 -0.6E+02(8)
                        5.000E-03  3.73447E-14 -6.00000E+01 -3.20160E-14   -0.00  3.55271E-14 -6.00000E+01  6.00000E+01

        4  CENTER      -5.000E-03 -6.00000E+01 -6.68971E-15 -6.61744E-15  -90.00 -7.10543E-15 -6.00000E+01  6.00000E+01 -4.67367E-17 -2.33683E-17
                        5.000E-03  6.00000E+01  6.68971E-15  6.61744E-15    0.00  6.00000E+01  7.10543E-15  6.00000E+01

           GRD      13 -5.000E-03 -6.00000E+01  1.72663E-15  9.71937E-15   90.00  0.00000E+00 -6.00000E+01  6.00000E+01 -2.67275E-16 -5.84209E-17 -0.2E+03(8)
                        5.000E-03  6.00000E+01 -1.72663E-15 -9.71937E-15   -0.00  6.00000E+01  0.00000E+00  6.00000E+01

           GRD      14 -5.000E-03 -6.00000E+01 -1.83425E-14  1.03398E-15   90.00 -2.13163E-14 -6.00000E+01  6.00000E+01 -2.67275E-16 -1.54815E-16  0.2E+03(8)
                        5.000E-03  6.00000E+01  1.83425E-14 -1.03398E-15   -0.00  6.00000E+01  2.13163E-14  6.00000E+01

           GRD      15 -5.000E-03 -6.00000E+01 -1.58610E-14 -2.47120E-14  -90.00 -1.42109E-14 -6.00000E+01  6.00000E+01  2.21269E-16 -1.46052E-17 -0.2E+03(8)
                        5.000E-03  6.00000E+01  1.58610E-14  2.47120E-14    0.00  6.00000E+01  1.42109E-14  6.00000E+01

           GRD      16 -5.000E-03 -6.00000E+01  4.20817E-15 -1.60266E-14  -90.00  7.10543E-15 -6.00000E+01  6.00000E+01  2.21269E-16  8.17892E-17  0.2E+03(8)
                        5.000E-03  6.00000E+01 -4.20817E-15  1.60266E-14    0.00  6.00000E+01 -7.10543E-15  6.00000E+01

        5  CENTER      -5.000E-03  1.39926E+01 -1.10341E-15  8.27181E-16    0.00  1.39926E+01 -1.77636E-15  1.39926E+01  0.00000E+00  1.81515E-01
                        5.000E-03 -1.39926E+01  1.10341E-15 -8.27181E-16  -90.00  1.77636E-15 -1.39926E+01  1.39926E+01

           GRD      17 -5.000E-03 -6.99630E+00  3.97746E+01  6.23805E+00   82.53  4.05923E+01 -7.81401E+00  4.50109E+01 -3.44716E-17  1.81515E-01 -0.4E+02(7)
                        5.000E-03  6.99630E+00 -3.97746E+01 -6.23805E+00   -7.47  7.81401E+00 -4.05923E+01  4.50109E+01

           GRD      18 -5.000E-03 -6.99630E+00  3.97746E+01 -6.23805E+00  -82.53  4.05923E+01 -7.81401E+00  4.50109E+01  8.13529E-17  1.81515E-01  0.4E+02(7)
                        5.000E-03  6.99630E+00 -3.97746E+01  6.23805E+00    7.47  7.81401E+00 -4.05923E+01  4.50109E+01

           GRD      19 -5.000E-03  3.49815E+01 -3.97746E+01 -6.23805E+00   -4.74  3.54985E+01 -4.02915E+01  6.56798E+01 -7.58375E-18  1.81515E-01 -0.4E+02(7)
                        5.000E-03 -3.49815E+01  3.97746E+01  6.23805E+00   85.26  4.02915E+01 -3.54985E+01  6.56798E+01

           GRD      20 -5.000E-03  3.49815E+01 -3.97746E+01  6.23805E+00    4.74  3.54985E+01 -4.02915E+01  6.56798E+01 -1.23408E-16  1.81515E-01  0.4E+02(7)
                        5.000E-03 -3.49815E+01  3.97746E+01 -6.23805E+00  -85.26  4.02915E+01 -3.54985E+01  6.56798E+01

        6  CENTER      -5.000E-03  1.60908E-15  9.57513E+00  3.10193E-15   90.00  9.57513E+00  1.77636E-15  9.57513E+00  1.76995E-01  2.88983E-17
                        5.000E-03 -1.60908E-15 -9.57513E+00 -3.10193E-15   -0.00 -1.77636E-15 -9.57513E+00  9.57513E+00

           GRD      21 -5.000E-03  3.46457E+01 -4.78757E+00  2.22173E+01   24.21  4.46334E+01 -1.47754E+01  5.35717E+01  1.76995E-01 -2.05900E-16  0.2E+02(7)
                        5.000E-03 -3.46457E+01  4.78757E+00 -2.22173E+01  -65.79  1.47754E+01 -4.46334E+01  5.35717E+01

           GRD      22 -5.000E-03 -3.46457E+01  2.39378E+01  2.22173E+01   71.41  3.14104E+01 -4.21182E+01  6.39023E+01  1.76995E-01 -2.46840E-17 -0.2E+18(5)
                        5.000E-03  3.46457E+01 -2.39378E+01 -2.22173E+01  -18.59  4.21182E+01 -3.14104E+01  6.39023E+01

           GRD      23 -5.000E-03 -3.46457E+01  2.39378E+01 -2.22173E+01  -71.41  3.14104E+01 -4.21182E+01  6.39023E+01  1.76995E-01  2.64299E-16 -0.1E+18(5)
                        5.000E-03  3.46457E+01 -2.39378E+01  2.22173E+01   18.59  4.21182E+01 -3.14104E+01  6.39023E+01

           GRD      24 -5.000E-03  3.46457E+01 -4.78757E+00 -2.22173E+01  -24.21  4.46334E+01 -1.47754E+01  5.35717E+01  1.76995E-01  8.30826E-17  0.1E+18(5)
                        5.000E-03 -3.46457E+01  4.78757E+00  2.22173E+01   65.79  1.47754E+01 -4.46334E+01  5.35717E+01

        7  CENTER      -5.000E-03 -2.38555E-14  6.00000E+01 -5.80401E-15  -90.00  6.00000E+01 -2.13163E-14  6.00000E+01 -1.10863E-16 -2.08567E-17
                        5.000E-03  2.38555E-14 -6.00000E+01  5.80401E-15    0.00  2.13163E-14 -6.00000E+01  6.00000E+01

           GRD      25 -5.000E-03  1.46508E-15  6.00000E+01 -1.93401E-14  -90.00  6.00000E+01  0.00000E+00  6.00000E+01 -3.74287E-16 -1.59889E-16  0.4E+02(8)
                        5.000E-03 -1.46508E-15 -6.00000E+01  1.93401E-14    0.00  0.00000E+00 -6.00000E+01  6.00000E+01

           GRD      26 -5.000E-03  2.97299E-14  6.00000E+01 -3.50519E-15  -90.00  6.00000E+01  2.84217E-14  6.00000E+01  2.21211E-16 -1.94461E-16 -0.4E+02(8)
                        5.000E-03 -2.97299E-14 -6.00000E+01  3.50519E-15    0.00 -2.84217E-14 -6.00000E+01  6.00000E+01

           GRD      27 -5.000E-03 -4.18367E-14  6.00000E+01  1.94181E-15   90.00  6.00000E+01 -4.26326E-14  6.00000E+01  2.71661E-16  1.33063E-16  0.4E+02(8)
                        5.000E-03  4.18367E-14 -6.00000E+01 -1.94181E-15   -0.00  4.26326E-14 -6.00000E+01  6.00000E+01

           GRD      28 -5.000E-03 -7.01015E-14  6.00000E+01 -1.38931E-14  -90.00  6.00000E+01 -7.10543E-14  6.00000E+01 -3.23838E-16  1.67635E-16 -0.4E+02(8)
                        5.000E-03  7.01015E-14 -6.00000E+01  1.38931E-14    0.00  7.10543E-14 -6.00000E+01  6.00000E+01
                                  ------------ ------------ ------------         ------------ ------------ ------------ ------------ ------------ --------
 MAX* :                            6.00000E+01  1.00000E+02  2.50000E+02          2.50000E+02  5.00000E+01  4.33013E+02  1.76995E-01  1.81515E-01  0.1E+18
 MIN* :                           -6.00000E+01 -6.00000E+01 -2.22173E+01         -2.84217E-14 -2.50000E+02  9.57513E+00 -3.74287E-16 -2.33033E-16 -0.2E+18

 ABS* :                            6.00000E+01  1.00000E+02  2.50000E+02          2.50000E+02  2.50000E+02  4.33013E+02  1.76995E-01  1.81515E-01  0.2E+18
 *for output set
 NOTE: Explanation of errors in the polynomial fit to extrapolate element corner point stresses from values at the Gauss points:
       (3): Polynomial fit error is in XY shear   stress
       (5): Polynomial fit error is in Y  bending stress
       (7): Polynomial fit error is in XZ shear   stress
       (8): Polynomial fit error is in YZ shear   stress


 OUTPUT FOR SUBCASE        1

                                           E L E M E N T   S T R A I N S   I N   L O C A L   E L E M E N T   C O O R D I N A T E   S Y S T E M
                                                                       F O R   E L E M E N T   T Y P E   Q U A D 4  
  Elem  Location         Fibre      Strains In Element Coord System       Principal Strains (Zero Shear)                 Transverse   Transverse   % Poly
   ID                   Distance   Normal-X     Normal-Y     Shear-XY     Angle      Major        Minor      von Mises    Shear-XZ     Shear-YZ    Fit Err 

        1  CENTER      -5.000E-03  2.50000E-10  5.00000E-10 -5.16988E-26  -90.00  5.00000E-10  2.50000E-10  4.33013E-10  0.00000E+00  0.00000E+00
                        5.000E-03  2.50000E-10  5.00000E-10 -5.16988E-26  -90.00  5.00000E-10  2.50000E-10  4.33013E-10

           GRD       1 -5.000E-03  2.50000E-10  5.00000E-10 -3.87741E-26  -90.00  5.00000E-10  2.50000E-10  4.33013E-10  0.00000E+00  0.00000E+00 -0.6E+01(3)
                        5.000E-03  2.50000E-10  5.00000E-10 -3.87741E-26  -90.00  5.00000E-10  2.50000E-10  4.33013E-10

           GRD       2 -5.000E-03  2.50000E-10  5.00000E-10  3.87741E-26   90.00  5.00000E-10  2.50000E-10  4.33013E-10  0.00000E+00  0.00000E+00  0.6E+01(3)
                        5.000E-03  2.50000E-10  5.00000E-10  3.87741E-26   90.00  5.00000E-10  2.50000E-10  4.33013E-10

           GRD       3 -5.000E-03  2.50000E-10  5.00000E-10 -1.93870E-26  -90.00  5.00000E-10  2.50000E-10  4.33013E-10  0.00000E+00  0.00000E+00 -0.6E+01(3)
                        5.000E-03  2.50000E-10  5.00000E-10 -1.93870E-26  -90.00  5.00000E-10  2.50000E-10  4.33013E-10

           GRD       4 -5.000E-03  2.50000E-10  5.00000E-10 -9.69352E-26  -90.00  5.00000E-10  2.50000E-10  4.33013E-10  0.00000E+00  0.00000E+00  0.6E+01(3)
                        5.000E-03  2.50000E-10  5.00000E-10 -9.69352E-26  -90.00  5.00000E-10  2.50000E-10  4.33013E-10

        2  CENTER      -5.000E-03  0.00000E+00  0.00000E+00  2.50000E-09   45.00  2.50000E-09 -2.50000E-09  4.33013E-09  0.00000E+00  0.00000E+00
                        5.000E-03  0.00000E+00  0.00000E+00  2.50000E-09   45.00  2.50000E-09 -2.50000E-09  4.33013E-09

           GRD       5 -5.000E-03  0.00000E+00  0.00000E+00  2.50000E-09   45.00  2.50000E-09 -2.50000E-09  4.33013E-09  0.00000E+00  0.00000E+00  0.0E+00
                        5.000E-03  0.00000E+00  0.00000E+00  2.50000E-09   45.00  2.50000E-09 -2.50000E-09  4.33013E-09

           GRD       6 -5.000E-03  0.00000E+00  0.00000E+00  2.50000E-09   45.00  2.50000E-09 -2.50000E-09  4.33013E-09  0.00000E+00  0.00000E+00  0.0E+00
                        5.000E-03  0.00000E+00  0.00000E+00  2.50000E-09   45.00  2.50000E-09 -2.50000E-09  4.33013E-09

           GRD       7 -5.000E-03  0.00000E+00  0.00000E+00  2.50000E-09   45.00  2.50000E-09 -2.50000E-09  4.33013E-09  0.00000E+00  0.00000E+00  0.0E+00
                        5.000E-03  0.00000E+00  0.00000E+00  2.50000E-09   45.00  2.50000E-09 -2.50000E-09  4.33013E-09

           GRD       8 -5.000E-03  0.00000E+00  0.00000E+00  2.50000E-09   45.00  2.50000E-09 -2.50000E-09  4.33013E-09  0.00000E+00  0.00000E+00  0.0E+00
                        5.000E-03  0.00000E+00  0.00000E+00  2.50000E-09   45.00  2.50000E-09 -2.50000E-09  4.33013E-09

        3  CENTER      -5.000E-03 -8.85032E-26  3.00000E-10  1.23917E-25   90.00  3.00000E-10 -1.03398E-25  3.00000E-10  5.89909E-24 -1.07831E-24
                        5.000E-03  8.85032E-26 -3.00000E-10 -1.23917E-25   -0.00  1.03398E-25 -3.00000E-10  3.00000E-10

           GRD       9 -5.000E-03  7.87861E-26  3.00000E-10  4.95467E-29   90.00  3.00000E-10  1.03398E-25  3.00000E-10  5.33194E-24 -2.42474E-23  0.6E+02(8)
                        5.000E-03 -7.87861E-26 -3.00000E-10 -4.95467E-29   -0.00 -1.03398E-25 -3.00000E-10  3.00000E-10

           GRD      10 -5.000E-03 -2.35882E-26  3.00000E-10 -4.75113E-26  -90.00  3.00000E-10  0.00000E+00  3.00000E-10 -4.59423E-24 -1.48387E-24 -0.6E+02(8)
                        5.000E-03  2.35882E-26 -3.00000E-10  4.75113E-26    0.00  0.00000E+00 -3.00000E-10  3.00000E-10

           GRD      11 -5.000E-03 -2.89098E-25  3.00000E-10  2.72599E-25   90.00  3.00000E-10 -3.10193E-25  3.00000E-10 -1.02842E-23  1.34054E-23  0.6E+02(8)
                        5.000E-03  2.89098E-25 -3.00000E-10 -2.72599E-25   -0.00  3.10193E-25 -3.00000E-10  3.00000E-10

           GRD      12 -5.000E-03 -1.86724E-25  3.00000E-10  3.20160E-25   90.00  3.00000E-10 -2.06795E-25  3.00000E-10 -3.58005E-25 -9.35814E-24 -0.6E+02(8)
                        5.000E-03  1.86724E-25 -3.00000E-10 -3.20160E-25   -0.00  2.06795E-25 -3.00000E-10  3.00000E-10

        4  CENTER      -5.000E-03 -3.00000E-10 -3.34486E-26 -6.61744E-26  -90.00 -5.16988E-26 -3.00000E-10  3.00000E-10 -3.30872E-24 -1.65436E-24
                        5.000E-03  3.00000E-10  3.34486E-26  6.61744E-26    0.00  3.00000E-10  5.16988E-26  3.00000E-10

           GRD      13 -5.000E-03 -3.00000E-10  8.63316E-27  9.71937E-26   90.00  0.00000E+00 -3.00000E-10  3.00000E-10 -1.89218E-23 -4.13590E-24 -0.2E+03(8)
                        5.000E-03  3.00000E-10 -8.63316E-27 -9.71937E-26   -0.00  3.00000E-10  0.00000E+00  3.00000E-10

           GRD      14 -5.000E-03 -3.00000E-10 -9.17126E-26  1.03398E-26   90.00 -1.03398E-25 -3.00000E-10  3.00000E-10 -1.89218E-23 -1.09601E-23  0.2E+03(8)
                        5.000E-03  3.00000E-10  9.17126E-26 -1.03398E-26   -0.00  3.00000E-10  1.03398E-25  3.00000E-10

           GRD      15 -5.000E-03 -3.00000E-10 -7.93049E-26 -2.47120E-25  -90.00 -1.03398E-25 -3.00000E-10  3.00000E-10  1.56647E-23 -1.03398E-24 -0.2E+03(8)
                        5.000E-03  3.00000E-10  7.93049E-26  2.47120E-25    0.00  3.00000E-10  1.03398E-25  3.00000E-10

           GRD      16 -5.000E-03 -3.00000E-10  2.10409E-26 -1.60266E-25  -90.00  0.00000E+00 -3.00000E-10  3.00000E-10  1.56647E-23  5.79026E-24  0.2E+03(8)
                        5.000E-03  3.00000E-10 -2.10409E-26  1.60266E-25    0.00  3.00000E-10  0.00000E+00  3.00000E-10

        5  CENTER      -5.000E-03  6.99630E-11 -5.51707E-27  8.27181E-27    0.00  6.99630E-11  0.00000E+00  6.99630E-11  0.00000E+00  1.36114E-08
                        5.000E-03 -6.99630E-11  5.51707E-27 -8.27181E-27  -90.00  0.00000E+00 -6.99630E-11  6.99630E-11

           GRD      17 -5.000E-03 -3.49815E-11  1.98873E-10  6.23805E-11   75.96  2.14472E-10 -5.05809E-11  2.43731E-10 -2.58494E-24  1.36114E-08 -0.4E+02(7)
                        5.000E-03  3.49815E-11 -1.98873E-10 -6.23805E-11  -14.04  5.05809E-11 -2.14472E-10  2.43731E-10

           GRD      18 -5.000E-03 -3.49815E-11  1.98873E-10 -6.23805E-11  -75.96  2.14472E-10 -5.05809E-11  2.43731E-10  6.10046E-24  1.36114E-08  0.4E+02(7)
                        5.000E-03  3.49815E-11 -1.98873E-10  6.23805E-11   14.04  5.05809E-11 -2.14472E-10  2.43731E-10

           GRD      19 -5.000E-03  1.74908E-10 -1.98873E-10 -6.23805E-11   -9.23  1.85043E-10 -2.09009E-10  3.41469E-10 -5.68687E-25  1.36114E-08 -0.4E+02(7)
                        5.000E-03 -1.74908E-10  1.98873E-10  6.23805E-11   80.77  2.09009E-10 -1.85043E-10  3.41469E-10

           GRD      20 -5.000E-03  1.74908E-10 -1.98873E-10  6.23805E-11    9.23  1.85043E-10 -2.09009E-10  3.41469E-10 -9.25408E-24  1.36114E-08  0.4E+02(7)
                        5.000E-03 -1.74908E-10  1.98873E-10 -6.23805E-11  -80.77  2.09009E-10 -1.85043E-10  3.41469E-10

        6  CENTER      -5.000E-03  8.04539E-27  4.78757E-11  3.10193E-26   90.00  4.78757E-11  6.46235E-27  4.78757E-11  2.27983E-08  3.72231E-24
                        5.000E-03 -8.04539E-27 -4.78757E-11 -3.10193E-26   -0.00 -6.46235E-27 -4.78757E-11  4.78757E-11

           GRD      21 -5.000E-03  1.73228E-10 -2.39378E-11  2.22173E-10   33.04  3.17708E-10 -1.68417E-10  4.27563E-10  2.27983E-08 -2.65215E-23  0.2E+02(7)
                        5.000E-03 -1.73228E-10  2.39378E-11 -2.22173E-10  -56.96  1.68417E-10 -3.17708E-10  4.27563E-10

           GRD      22 -5.000E-03 -1.73228E-10  1.19689E-10  2.22173E-10   61.70  2.39333E-10 -2.92873E-10  4.61681E-10  2.27983E-08 -3.17948E-24  0.4E+18(5)
                        5.000E-03  1.73228E-10 -1.19689E-10 -2.22173E-10  -28.30  2.92873E-10 -2.39333E-10  4.61681E-10

           GRD      23 -5.000E-03 -1.73228E-10  1.19689E-10 -2.22173E-10  -61.70  2.39333E-10 -2.92873E-10  4.61681E-10  2.27983E-08  3.40437E-23  0.2E+02(7)
                        5.000E-03  1.73228E-10 -1.19689E-10  2.22173E-10   28.30  2.92873E-10 -2.39333E-10  4.61681E-10

           GRD      24 -5.000E-03  1.73228E-10 -2.39378E-11 -2.22173E-10  -33.04  3.17708E-10 -1.68417E-10  4.27563E-10  2.27983E-08  1.07016E-23  0.1E+18(5)
                        5.000E-03 -1.73228E-10  2.39378E-11  2.22173E-10   56.96  1.68417E-10 -3.17708E-10  4.27563E-10

        7  CENTER      -5.000E-03 -1.19278E-25  3.00000E-10 -5.80401E-26  -90.00  3.00000E-10 -1.03398E-25  3.00000E-10 -9.23969E-24 -1.73827E-24
                        5.000E-03  1.19278E-25 -3.00000E-10  5.80401E-26    0.00  1.03398E-25 -3.00000E-10  3.00000E-10

           GRD      25 -5.000E-03  7.32541E-27  3.00000E-10 -1.93401E-25  -90.00  3.00000E-10  0.00000E+00  3.00000E-10 -3.11943E-23 -1.33257E-23  0.4E+02(8)
                        5.000E-03 -7.32541E-27 -3.00000E-10  1.93401E-25    0.00  0.00000E+00 -3.00000E-10  3.00000E-10

           GRD      26 -5.000E-03  1.48649E-25  3.00000E-10 -3.50519E-26  -90.00  3.00000E-10  1.55096E-25  3.00000E-10  1.84365E-23 -1.62071E-23 -0.4E+02(8)
                        5.000E-03 -1.48649E-25 -3.00000E-10  3.50519E-26    0.00 -1.55096E-25 -3.00000E-10  3.00000E-10

           GRD      27 -5.000E-03 -2.09184E-25  3.00000E-10  1.94181E-26   90.00  3.00000E-10 -2.06795E-25  3.00000E-10  2.26411E-23  1.10899E-23  0.4E+02(8)
                        5.000E-03  2.09184E-25 -3.00000E-10 -1.94181E-26   -0.00  2.06795E-25 -3.00000E-10  3.00000E-10

           GRD      28 -5.000E-03 -3.50508E-25  3.00000E-10 -1.38931E-25  -90.00  3.00000E-10 -3.61892E-25  3.00000E-10 -2.69897E-23  1.39713E-23 -0.4E+02(8)
                        5.000E-03  3.50508E-25 -3.00000E-10  1.38931E-25    0.00  3.61892E-25 -3.00000E-10  3.00000E-10
                                  ------------ ------------ ------------         ------------ ------------ ------------ ------------ ------------ --------
 MAX* :                            3.00000E-10  5.00000E-10  2.50000E-09          2.50000E-09  2.50000E-10  4.33013E-09  2.27983E-08  1.36114E-08  0.4E+18
 MIN* :                           -3.00000E-10 -3.00000E-10 -2.22173E-10         -1.55096E-25 -2.50000E-09  4.78757E-11 -3.11943E-23 -2.65215E-23 -0.2E+03

 ABS* :                            3.00000E-10  5.00000E-10  2.50000E-09          2.50000E-09  2.50000E-09  4.33013E-09  2.27983E-08  1.36114E-08  0.4E+18
 *for output set
 NOTE: Explanation of errors in the polynomial fit to extrapolate element corner point strains from values at the Gauss points:
       (3): Polynomial fit error is in XY shear   strain
       (5): Polynomial fit error is in Y  bending strain
       (7): Polynomial fit error is in XZ shear   strain
       (8): Polynomial fit error is in YZ shear   strain

 >> LINK  9 END

    Total CPU time =  4.69E-02 seconds

 >> MYSTRAN END    :  6/ 4/2026 at 11:54:55. 65
