   604115454

 MYSTRAN Version 18.0.0   APR 20 2026 MYSTRAN developed by Dr Bill Case
*** Please report any problems to mystransolver@gmail.com ***                                                                                                                                                                                                   

 >> MYSTRAN BEGIN  :  6/ 4/2026 at 11:54:54.105 The input file is C:\Users\victo\Documents\Git\MYSTRAN_Validation\working\NAS B30 quad4 laminate axis aligned.bdf                                                                                                                                                                 


 >> LINK  0 BEGIN


SOL 105                                                                                                                                                                                                                                                         
CEND                                                                                                                                                                                                                                                            
DISPLACEMENT = ALL                                                                                                                                                                                                                                              
SPC = 1                                                                                                                                                                                                                                                         
SUBCASE 1                                                                                                                                                                                                                                                       
LOAD = 1                                                                                                                                                                                                                                                        
SUBCASE 2                                                                                                                                                                                                                                                       
METHOD = 1                                                                                                                                                                                                                                                      
BEGIN BULK                                                                                                                                                                                                                                                      
ECHO: loadb GRID           1       0   0.0+0   0.0+0   0.0+0       0                                                                                                                                                                                                        
ECHO: loadb GRID           2       0   0.0+0  6.25-1   0.0+0       0                                                                                                                                                                                                        
ECHO: loadb GRID           3       0   5.0-2  6.25-1   0.0+0       0                                                                                                                                                                                                        
ECHO: loadb GRID           4       0   0.0+0   1.0+0   0.0+0       0                                                                                                                                                                                                        
ECHO: loadb GRID           5       0   5.0-2   0.0+0   0.0+0       0                                                                                                                                                                                                        
ECHO: loadb GRID           6       0   0.0+0  3.75-1   0.0+0       0                                                                                                                                                                                                        
ECHO: loadb GRID           7       0   5.0-2   2.5-1   0.0+0       0                                                                                                                                                                                                        
ECHO: loadb GRID           8       0   0.0+0   5.0-1   0.0+0       0                                                                                                                                                                                                        
ECHO: loadb GRID           9       0   0.0+0  1.25-1   0.0+0       0                                                                                                                                                                                                        
ECHO: loadb GRID          10       0   5.0-2  1.25-1   0.0+0       0                                                                                                                                                                                                        
ECHO: loadb GRID          11       0   5.0-2  3.75-1   0.0+0       0                                                                                                                                                                                                        
ECHO: loadb GRID          12       0   5.0-2   1.0+0   0.0+0       0                                                                                                                                                                                                        
ECHO: loadb GRID          13       0   0.0+0   7.5-1   0.0+0       0                                                                                                                                                                                                        
ECHO: loadb GRID          14       0   0.0+0  8.75-1   0.0+0       0                                                                                                                                                                                                        
ECHO: loadb GRID          15       0   5.0-2   5.0-1   0.0+0       0                                                                                                                                                                                                        
ECHO: loadb GRID          16       0   5.0-2  8.75-1   0.0+0       0                                                                                                                                                                                                        
ECHO: loadb GRID          17       0   0.0+0   2.5-1   0.0+0       0                                                                                                                                                                                                        
ECHO: loadb GRID          18       0   5.0-2   7.5-1   0.0+0       0                                                                                                                                                                                                        
ECHO: loadb GRID          19       0   2.5-2   0.0+0   0.0+0       0                                                                                                                                                                                                        
ECHO: loadb GRID          20       0   5.0-2  6.25-2   0.0+0       0                                                                                                                                                                                                        
ECHO: loadb GRID          21       0   2.5-2  1.25-1   0.0+0       0                                                                                                                                                                                                        
ECHO: loadb GRID          22       0   0.0+0  6.25-2   0.0+0       0                                                                                                                                                                                                        
ECHO: loadb GRID          23       0   2.5-2  6.25-2   0.0+0       0                                                                                                                                                                                                        
ECHO: loadb GRID          24       0   5.0-2 1.875-1   0.0+0       0                                                                                                                                                                                                        
ECHO: loadb GRID          25       0   2.5-2   2.5-1   0.0+0       0                                                                                                                                                                                                        
ECHO: loadb GRID          26       0   0.0+0 1.875-1   0.0+0       0                                                                                                                                                                                                        
ECHO: loadb GRID          27       0   2.5-2 1.875-1   0.0+0       0                                                                                                                                                                                                        
ECHO: loadb GRID          28       0   5.0-2 3.125-1   0.0+0       0                                                                                                                                                                                                        
ECHO: loadb GRID          29       0   2.5-2  3.75-1   0.0+0       0                                                                                                                                                                                                        
ECHO: loadb GRID          30       0   0.0+0 3.125-1   0.0+0       0                                                                                                                                                                                                        
ECHO: loadb GRID          31       0   2.5-2 3.125-1   0.0+0       0                                                                                                                                                                                                        
ECHO: loadb GRID          32       0   5.0-2 4.375-1   0.0+0       0                                                                                                                                                                                                        
ECHO: loadb GRID          33       0   2.5-2   5.0-1   0.0+0       0                                                                                                                                                                                                        
ECHO: loadb GRID          34       0   0.0+0 4.375-1   0.0+0       0                                                                                                                                                                                                        
ECHO: loadb GRID          35       0   2.5-2 4.375-1   0.0+0       0                                                                                                                                                                                                        
ECHO: loadb GRID          36       0   5.0-2 5.625-1   0.0+0       0                                                                                                                                                                                                        
ECHO: loadb GRID          37       0   2.5-2  6.25-1   0.0+0       0                                                                                                                                                                                                        
ECHO: loadb GRID          38       0   0.0+0 5.625-1   0.0+0       0                                                                                                                                                                                                        
ECHO: loadb GRID          39       0   2.5-2 5.625-1   0.0+0       0                                                                                                                                                                                                        
ECHO: loadb GRID          40       0   5.0-2 6.875-1   0.0+0       0                                                                                                                                                                                                        
ECHO: loadb GRID          41       0   2.5-2   7.5-1   0.0+0       0                                                                                                                                                                                                        
ECHO: loadb GRID          42       0   0.0+0 6.875-1   0.0+0       0                                                                                                                                                                                                        
ECHO: loadb GRID          43       0   2.5-2 6.875-1   0.0+0       0                                                                                                                                                                                                        
ECHO: loadb GRID          44       0   5.0-2 8.125-1   0.0+0       0                                                                                                                                                                                                        
ECHO: loadb GRID          45       0   2.5-2  8.75-1   0.0+0       0                                                                                                                                                                                                        
ECHO: loadb GRID          46       0   0.0+0 8.125-1   0.0+0       0                                                                                                                                                                                                        
ECHO: loadb GRID          47       0   2.5-2 8.125-1   0.0+0       0                                                                                                                                                                                                        
ECHO: loadb GRID          48       0   5.0-2 9.375-1   0.0+0       0                                                                                                                                                                                                        
ECHO: loadb GRID          49       0   2.5-2   1.0+0   0.0+0       0                                                                                                                                                                                                        
ECHO: loadb GRID          50       0   0.0+0 9.375-1   0.0+0       0                                                                                                                                                                                                        
ECHO: loadb GRID          51       0   2.5-2 9.375-1   0.0+0       0                                                                                                                                                                                                        
ECHO: loadb PARAM    STR_CID      -2                                                                                                                                                                                                                                        
ECHO: loadb MAT8           1  5.0+10  1.0+11   0.0+0  2.5+10  2.5+10  2.5+10   0.0+0+                                                                                                                                                                                       
ECHO:  nextc +          0.0+0   0.0+0   0.0+0                                                                                                                                                                                                                                
ECHO: loadb MAT8           2  2.0+11  2.0+11   0.0+0  1.0+11  1.0+11  1.0+11   0.0+0+                                                                                                                                                                                       
ECHO:  nextc +          0.0+0   0.0+0   0.0+0                                                                                                                                                                                                                                
ECHO: loadb MAT8           3  5.0+10  1.0+11   0.0+0  2.5+10  2.5+10  2.5+10   0.0+0+                                                                                                                                                                                       
ECHO:  nextc +          0.0+0   0.0+0   0.0+0                                                                                                                                                                                                                                
ECHO: loadb SPC            1       1       1   0.0+0                                                                                                                                                                                                                        
ECHO: loadb SPC            1       1       3   0.0+0                                                                                                                                                                                                                        
ECHO: loadb SPC            1       1       2   0.0+0                                                                                                                                                                                                                        
ECHO: loadb SPC            1       1       4   0.0+0                                                                                                                                                                                                                        
ECHO: loadb SPC            1       1       6   0.0+0                                                                                                                                                                                                                        
ECHO: loadb SPC            1       5       2   0.0+0                                                                                                                                                                                                                        
ECHO: loadb SPC            1       5       3   0.0+0                                                                                                                                                                                                                        
ECHO: loadb SPC            1       5       4   0.0+0                                                                                                                                                                                                                        
ECHO: loadb SPC            1       5       6   0.0+0                                                                                                                                                                                                                        
ECHO: loadb SPC            1      19       2   0.0+0                                                                                                                                                                                                                        
ECHO: loadb SPC            1      19       3   0.0+0                                                                                                                                                                                                                        
ECHO: loadb SPC            1      19       4   0.0+0                                                                                                                                                                                                                        
ECHO: loadb SPC            1      19       6   0.0+0                                                                                                                                                                                                                        
ECHO: loadb PCOMP          1                                   0.0+0             SYM+                                                                                                                                                                                       
ECHO:  nextc +              1   5.0-3   0.0+0               2   5.0-3   0.0+0                                                                                                                                                                                                
ECHO: loadb CQUAD4         1       1      44      18      41      47  -9.0+1   0.0+0                                                                                                                                                                                        
ECHO: loadb CQUAD4         2       1      44      16      45      47  -9.0+1   0.0+0                                                                                                                                                                                        
ECHO: loadb CQUAD4         3       1      47      45      14      46  -9.0+1   0.0+0                                                                                                                                                                                        
ECHO: loadb CQUAD4         4       1      41      47      46      13  -9.0+1   0.0+0                                                                                                                                                                                        
ECHO: loadb CQUAD4         5       1      16      48      51      45  -9.0+1   0.0+0                                                                                                                                                                                        
ECHO: loadb CQUAD4         6       1      48      12      49      51  -9.0+1   0.0+0                                                                                                                                                                                        
ECHO: loadb CQUAD4         7       1      51      49       4      50  -9.0+1   0.0+0                                                                                                                                                                                        
ECHO: loadb CQUAD4         8       1      45      51      50      14  -9.0+1   0.0+0                                                                                                                                                                                        
ECHO: loadb CQUAD4         9       1       1      19      23      22   0.0+0   0.0+0                                                                                                                                                                                        
ECHO: loadb CQUAD4        10       1      19       5      20      23   0.0+0   0.0+0                                                                                                                                                                                        
ECHO: loadb CQUAD4        11       1      23      20      10      21   0.0+0   0.0+0                                                                                                                                                                                        
ECHO: loadb CQUAD4        12       1      22      23      21       9   0.0+0   0.0+0                                                                                                                                                                                        
ECHO: loadb CQUAD4        13       1      10      24      27      21  -9.0+1   0.0+0                                                                                                                                                                                        
ECHO: loadb CQUAD4        14       1      24       7      25      27  -9.0+1   0.0+0                                                                                                                                                                                        
ECHO: loadb CQUAD4        15       1      27      25      17      26  -9.0+1   0.0+0                                                                                                                                                                                        
ECHO: loadb CQUAD4        16       1      21      27      26       9  -9.0+1   0.0+0                                                                                                                                                                                        
ECHO: loadb CQUAD4        17       1       7      28      31      25  -9.0+1   0.0+0                                                                                                                                                                                        
ECHO: loadb CQUAD4        18       1      11      28      31      29  -9.0+1   0.0+0                                                                                                                                                                                        
ECHO: loadb CQUAD4        19       1      29      31      30       6  -9.0+1   0.0+0                                                                                                                                                                                        
ECHO: loadb CQUAD4        20       1      25      31      30      17  -9.0+1   0.0+0                                                                                                                                                                                        
ECHO: loadb CQUAD4        21       1      32      11      29      35  -9.0+1   0.0+0                                                                                                                                                                                        
ECHO: loadb CQUAD4        22       1      15      32      35      33  -9.0+1   0.0+0                                                                                                                                                                                        
ECHO: loadb CQUAD4        23       1      33      35      34       8  -9.0+1   0.0+0                                                                                                                                                                                        
ECHO: loadb CQUAD4        24       1      35      29       6      34  -9.0+1   0.0+0                                                                                                                                                                                        
ECHO: loadb CQUAD4        25       1      36      15      33      39  -9.0+1   0.0+0                                                                                                                                                                                        
ECHO: loadb CQUAD4        26       1       3      36      39      37  -9.0+1   0.0+0                                                                                                                                                                                        
ECHO: loadb CQUAD4        27       1      39      37       2      38  -9.0+1   0.0+0                                                                                                                                                                                        
ECHO: loadb CQUAD4        28       1      33      39      38       8  -9.0+1   0.0+0                                                                                                                                                                                        
ECHO: loadb CQUAD4        29       1      40       3      37      43  -9.0+1   0.0+0                                                                                                                                                                                        
ECHO: loadb CQUAD4        30       1      18      40      43      41  -9.0+1   0.0+0                                                                                                                                                                                        
ECHO: loadb CQUAD4        31       1      43      41      13      42  -9.0+1   0.0+0                                                                                                                                                                                        
ECHO: loadb CQUAD4        32       1      37      43      42       2  -9.0+1   0.0+0                                                                                                                                                                                        
ECHO: loadb FORCE          2      12       0   1.0+0   0.0+0  -2.5-1   0.0+0                                                                                                                                                                                                
ECHO: loadb FORCE          2      49       0   1.0+0   0.0+0  -5.0-1   0.0+0                                                                                                                                                                                                
ECHO: loadb FORCE          2       4       0   1.0+0   0.0+0  -2.5-1   0.0+0                                                                                                                                                                                                
ECHO: loadb EIGRL          1                       3       0           1.0+3    MASS                                                                                                                                                                                        
ECHO: loadb LOAD           1   1.0+0   1.0+0       2                                                                                                                                                                                                                        
ECHO: loadb ENDDATA                                                                                                                                                                                                                                                         





 >> LINK  0 END


 >> LINK  1 BEGIN

               DEALLOCATED  2.95E-01 MB MEMORY FROM ARRAY STF3


 *INFORMATION: AUTOSPC Summary, Stage 1 after identification of AUTOSPC's at the grid level                                                 

                                     AUTOSPC_RAT = 1.000000E-08

                       Number of DOF's identified for AUTOSPC in component  1         =            0
                       Number of DOF's identified for AUTOSPC in component  2         =            0
                       Number of DOF's identified for AUTOSPC in component  3         =            0
                       Number of DOF's identified for AUTOSPC in component  4         =            0
                       Number of DOF's identified for AUTOSPC in component  5         =            0
                       Number of DOF's identified for AUTOSPC in component  6         =           48
                                                                                        ------------
                       Total number of DOF's identified in this stage                 =           48

               DEALLOCATED  1.22E-03 MB MEMORY FROM ARRAY STFKEY
               DEALLOCATED  2.95E-01 MB MEMORY FROM ARRAY STF3

 >> LINK  1 END


 >> LINK  2 BEGIN



 *INFORMATION: AUTOSPC Summary, Overall: after identification of all AUTOSPC's                                                               

                                     AUTOSPC_RAT = 1.000000E-08

                       Number of DOF's identified for AUTOSPC in component  1         =            0
                       Number of DOF's identified for AUTOSPC in component  2         =            0
                       Number of DOF's identified for AUTOSPC in component  3         =            0
                       Number of DOF's identified for AUTOSPC in component  4         =            0
                       Number of DOF's identified for AUTOSPC in component  5         =            0
                       Number of DOF's identified for AUTOSPC in component  6         =           48
                                                                                        ------------
                       Total number of DOF's identified overall                       =           48


 >> LINK  2 END


 >> LINK  3 BEGIN

 SUPERLU FACTORIZATION OF MATRIX KLL SUCCEEDED IN SUBR SYM_MAT_DECOMP_SUPRLU          

 *INFORMATION: FOR INTERNAL SUBCASE NUMBER        1 EPSILON ERROR ESTIMATE            =  1.984524E-15 Based on U'*(K*U - P)/(U'*P)

 *WARNING    : CANNOT CALCULATE EPSILON ERROR ESTIMATE FOR INTERNAL SUBCASE NUMBER        2
               THE DOT PRODUCT OF DISPL AND LOAD VECTORS                     =    0.000000E+00 CANNOT BE INVERTED.
               IT IS TOO SMALL COMPARED TO MACHINE SAFE MINIMUM (MACH_SFMIN) =    2.225074-308


 >> LINK  3 END


 >> LINK  5 BEGIN


 >> LINK  5 END


 >> LINK  9 BEGIN



 OUTPUT FOR SUBCASE        1

                                                       D I S P L A C E M E N T S
                                              (in global coordinate system at each grid)
           GRID     COORD      T1            T2            T3            R1            R2            R3
                     SYS
              1        0  0.0           0.0           0.0           0.0           0.0           0.0         
              2        0  1.165401E-21 -4.166667E-09  0.0           0.0           0.0           0.0         
              3        0  1.165399E-21 -4.166667E-09  0.0           0.0           0.0           0.0         
              4        0  2.362128E-21 -6.666667E-09  0.0           0.0           0.0           0.0         
              5        0  3.594578E-25  0.0           0.0           0.0           0.0           0.0         
              6        0  5.018704E-22 -2.500000E-09  0.0           0.0           0.0           0.0         
              7        0  2.459659E-22 -1.666667E-09  0.0           0.0           0.0           0.0         
              8        0  8.077834E-22 -3.333333E-09  0.0           0.0           0.0           0.0         
              9        0  6.871965E-23 -8.333333E-10  0.0           0.0           0.0           0.0         
             10        0  6.876706E-23 -8.333333E-10  0.0           0.0           0.0           0.0         
             11        0  5.019102E-22 -2.500000E-09  0.0           0.0           0.0           0.0         
             12        0  2.362890E-21 -6.666667E-09  0.0           0.0           0.0           0.0         
             13        0  1.564342E-21 -5.000000E-09  0.0           0.0           0.0           0.0         
             14        0  1.970733E-21 -5.833333E-09  0.0           0.0           0.0           0.0         
             15        0  8.077442E-22 -3.333333E-09  0.0           0.0           0.0           0.0         
             16        0  1.970030E-21 -5.833333E-09  0.0           0.0           0.0           0.0         
             17        0  2.458933E-22 -1.666667E-09  0.0           0.0           0.0           0.0         
             18        0  1.564200E-21 -5.000000E-09  0.0           0.0           0.0           0.0         
             19        0  2.808352E-25  0.0           0.0           0.0           0.0           0.0         
             20        0  1.842751E-23 -4.166667E-10  0.0           0.0           0.0           0.0         
             21        0  6.875385E-23 -8.333333E-10  0.0           0.0           0.0           0.0         
             22        0  1.851179E-23 -4.166667E-10  0.0           0.0           0.0           0.0         
             23        0  1.845631E-23 -4.166667E-10  0.0           0.0           0.0           0.0         
             24        0  1.461743E-22 -1.250000E-09  0.0           0.0           0.0           0.0         
             25        0  2.459704E-22 -1.666667E-09  0.0           0.0           0.0           0.0         
             26        0  1.462199E-22 -1.250000E-09  0.0           0.0           0.0           0.0         
             27        0  1.461999E-22 -1.250000E-09  0.0           0.0           0.0           0.0         
             28        0  3.660840E-22 -2.083333E-09  0.0           0.0           0.0           0.0         
             29        0  5.018817E-22 -2.500000E-09  0.0           0.0           0.0           0.0         
             30        0  3.661342E-22 -2.083333E-09  0.0           0.0           0.0           0.0         
             31        0  3.660744E-22 -2.083333E-09  0.0           0.0           0.0           0.0         
             32        0  6.493177E-22 -2.916667E-09  0.0           0.0           0.0           0.0         
             33        0  8.077699E-22 -3.333333E-09  0.0           0.0           0.0           0.0         
             34        0  6.494611E-22 -2.916667E-09  0.0           0.0           0.0           0.0         
             35        0  6.494211E-22 -2.916667E-09  0.0           0.0           0.0           0.0         
             36        0  9.785238E-22 -3.750000E-09  0.0           0.0           0.0           0.0         
             37        0  1.165419E-21 -4.166667E-09  0.0           0.0           0.0           0.0         
             38        0  9.785605E-22 -3.750000E-09  0.0           0.0           0.0           0.0         
             39        0  9.785391E-22 -3.750000E-09  0.0           0.0           0.0           0.0         
             40        0  1.362733E-21 -4.583333E-09  0.0           0.0           0.0           0.0         
             41        0  1.564265E-21 -5.000000E-09  0.0           0.0           0.0           0.0         
             42        0  1.362429E-21 -4.583333E-09  0.0           0.0           0.0           0.0         
             43        0  1.362575E-21 -4.583333E-09  0.0           0.0           0.0           0.0         
             44        0  1.769384E-21 -5.416667E-09  0.0           0.0           0.0           0.0         
             45        0  1.970246E-21 -5.833333E-09  0.0           0.0           0.0           0.0         
             46        0  1.769077E-21 -5.416667E-09  0.0           0.0           0.0           0.0         
             47        0  1.769219E-21 -5.416667E-09  0.0           0.0           0.0           0.0         
             48        0  2.166996E-21 -6.250000E-09  0.0           0.0           0.0           0.0         
             49        0  2.362614E-21 -6.666667E-09  0.0           0.0           0.0           0.0         
             50        0  2.167025E-21 -6.250000E-09  0.0           0.0           0.0           0.0         
             51        0  2.166995E-21 -6.250000E-09  0.0           0.0           0.0           0.0         
                         ------------- ------------- ------------- ------------- ------------- -------------
                MAX* :    2.362890E-21  0.0           0.0           0.0           0.0           0.0         
                MIN* :    0.0          -6.666667E-09  0.0           0.0           0.0           0.0         

                ABS* :    2.362890E-21  6.666667E-09  0.0           0.0           0.0           0.0         
                *for output set

                                                    SPC Force Summary on AUTOSPC'd DOF's
                                                 (in global coordinate system at each grid)
        For detailed information on the SPC forces for the AUTOSPC DOF's, set field 7 (AUTOSPC_SPCF) on the PARAM AUTOSPC entry to Y

                              T1             T2             T3             R1             R2             R3

 ABS AUTOSPC FORCES  :   0.000000E+00   0.000000E+00   0.000000E+00   0.000000E+00   0.000000E+00   0.000000E+00
 AUTOSPC FORCE TOTALS:   0.000000E+00   0.000000E+00   0.000000E+00   0.000000E+00   0.000000E+00   0.000000E+00
     (for output set)

 >> LINK  9 END

 >> LINK  1 BEGIN

               DEALLOCATED  2.95E-01 MB MEMORY FROM ARRAY STF3
               DEALLOCATED  1.22E-03 MB MEMORY FROM ARRAY STFKEY
               DEALLOCATED  2.95E-01 MB MEMORY FROM ARRAY STF3

 >> LINK  1 END


 >> LINK  2 BEGIN

 *INFORMATION: MAX DIAGONAL TERM IN THE KGGD MATRIX IS =  0.00E+00 WHICH IS TOO SMALL FOR CALCULATION OF MATRIX STATS
               IN SUBR GET_MATRIX_DIAG_STATS          
 *INFORMATION: MAX DIAGONAL TERM IN THE KNND MATRIX IS =  0.00E+00 WHICH IS TOO SMALL FOR CALCULATION OF MATRIX STATS
               IN SUBR GET_MATRIX_DIAG_STATS          
 *INFORMATION: MAX DIAGONAL TERM IN THE KAAD MATRIX IS =  0.00E+00 WHICH IS TOO SMALL FOR CALCULATION OF MATRIX STATS
               IN SUBR GET_MATRIX_DIAG_STATS          
 *INFORMATION: MAX DIAGONAL TERM IN THE KLLD MATRIX IS =  0.00E+00 WHICH IS TOO SMALL FOR CALCULATION OF MATRIX STATS
               IN SUBR GET_MATRIX_DIAG_STATS          

 >> LINK  2 END


 >> LINK  4 BEGIN

 SUPERLU FACTORIZATION OF MATRIX KMSM SUCCEEDED IN SUBR SYM_MAT_DECOMP_SUPRLU          


                           E I G E N V A L U E   A N A L Y S I S   S U M M A R Y   (LANCZOS  Mode 2 DGB, Shift eigen =  1.00E+03)
                                                                      (SPARSE solution)

                                NUMBER OF EIGENVALUES EXTRACTED  . . . . . .         3

                                LARGEST OFF-DIAGONAL GENERALIZED MASS TERM    -3.9E-07 (Vecs renormed to 1.0 for gen masses)

                                                                       . . .         3
                                          MODE PAIR . . . . . . . . . .
                                                                       . . .         1

                                NUMBER OF OFF DIAGONAL GENERALIZED MASS
                                TERMS FAILING CRITERION OF  1.0E-04. . . . .         0



                                            R E A L   E I G E N V A L U E S
                                           (subcase 1 buckling load factors)

                                         MODE  EXTRACTION      EIGENVALUE
                                        NUMBER   ORDER

                                             1       1        9.263649E+03
                                             2       2        7.709541E+04
                                             3       3        8.416310E+04



 >> LINK  4 END


 >> LINK  5 BEGIN


 >> LINK  5 END


 >> LINK  9 BEGIN



 OUTPUT FOR EIGENVECTOR        1

                                                         E I G E N V E C T O R
                                              (in global coordinate system at each grid)
           GRID     COORD      T1            T2            T3            R1            R2            R3
                     SYS
              1        0  0.0           0.0           0.0           0.0           5.493625E-06  0.0         
              2        0  2.956461E-15  2.225854E-16 -4.002876E-01 -1.176787E+00  6.493459E-06  0.0         
              3        0  2.957077E-15 -2.246211E-16 -4.002876E-01 -1.176787E+00 -6.493449E-06  0.0         
              4        0  6.654502E-15  2.475621E-16 -9.006796E-01 -1.415304E+00 -3.322447E-04  0.0         
              5        0 -6.684056E-19  0.0           0.0           0.0          -5.493625E-06  0.0         
              6        0  1.117797E-15  1.442291E-16 -1.517914E-01 -7.863038E-01  9.729017E-06  0.0         
              7        0  5.236716E-16 -9.609982E-17 -6.855987E-02 -5.416154E-01 -1.080487E-05  0.0         
              8        0  1.923979E-15  1.831522E-16 -2.638021E-01 -1.000775E+00  8.273726E-06  0.0         
              9        0  1.475690E-16  5.495337E-17 -1.730617E-02 -2.761131E-01  1.137152E-05  0.0         
             10        0  1.480310E-16 -5.702272E-17 -1.730617E-02 -2.761131E-01 -1.137152E-05  0.0         
             11        0  1.120877E-15 -1.434495E-16 -1.517914E-01 -7.863038E-01 -9.729012E-06  0.0         
             12        0  6.651961E-15 -2.495544E-16 -9.006796E-01 -1.415304E+00  3.322447E-04  0.0         
             13        0  4.143635E-15  2.497204E-16 -5.560028E-01 -1.307576E+00  4.198389E-06  0.0         
             14        0  5.401725E-15  2.520906E-16 -7.249637E-01 -1.388114E+00 -7.155447E-06  0.0         
             15        0  1.929523E-15 -1.837971E-16 -2.638021E-01 -1.000775E+00 -8.273719E-06  0.0         
             16        0  5.411966E-15 -2.518644E-16 -7.249637E-01 -1.388114E+00  7.155460E-06  0.0         
             17        0  5.243261E-16  9.637894E-17 -6.855987E-02 -5.416154E-01  1.080487E-05  0.0         
             18        0  4.146253E-15 -2.498215E-16 -5.560028E-01 -1.307576E+00 -4.198377E-06  0.0         
             19        0 -4.792912E-20  0.0           0.0           0.0           4.949139E-15  0.0         
             20        0  3.550385E-17 -2.992863E-17 -4.336906E-03 -1.387251E-01 -1.243762E-05  0.0         
             21        0  1.480598E-16 -6.381486E-19 -1.730631E-02 -2.761132E-01  7.331052E-13  0.0         
             22        0  3.513329E-17  3.091518E-17 -4.336906E-03 -1.387251E-01  1.243762E-05  0.0         
             23        0  3.508517E-17  2.535931E-19 -4.337075E-03 -1.387240E-01  3.195752E-13  0.0         
             24        0  3.103453E-16 -7.454485E-17 -3.878276E-02 -4.108426E-01 -1.122001E-05  0.0         
             25        0  5.245571E-16  2.518325E-19 -6.856000E-02 -5.416154E-01  1.452112E-12  0.0         
             26        0  3.112308E-16  7.404436E-17 -3.878276E-02 -4.108426E-01  1.122001E-05  0.0         
             27        0  3.107688E-16 -7.402468E-19 -3.878290E-02 -4.108426E-01  1.090324E-12  0.0         
             28        0  7.892418E-16 -1.190408E-16 -1.063507E-01 -6.671722E-01 -1.032047E-05  0.0         
             29        0  1.119414E-15 -1.891504E-19 -1.517915E-01 -7.863038E-01  2.432237E-12  0.0         
             30        0  7.900118E-16  1.180302E-16 -1.063507E-01 -6.671722E-01  1.032047E-05  0.0         
             31        0  7.897038E-16 -3.123340E-20 -1.063508E-01 -6.671722E-01  1.840279E-12  0.0         
             32        0  1.503486E-15 -1.612219E-16 -2.044442E-01 -8.978628E-01 -9.045143E-06  0.0         
             33        0  1.926443E-15 -8.221849E-19 -2.638022E-01 -1.000775E+00  3.415996E-12  0.0         
             34        0  1.501561E-15  1.591862E-16 -2.044442E-01 -8.978628E-01  9.045149E-06  0.0         
             35        0  1.502023E-15 -9.071018E-19 -2.044443E-01 -8.978628E-01  2.907348E-12  0.0         
             36        0  2.417005E-15 -2.079893E-16 -3.292935E-01 -1.094049E+00 -7.424375E-06  0.0         
             37        0  2.958771E-15 -9.276904E-19 -4.002877E-01 -1.176787E+00  4.947308E-12  0.0         
             38        0  2.419931E-15  2.066803E-16 -3.292935E-01 -1.094049E+00  7.424383E-06  0.0         
             39        0  2.421009E-15 -3.057972E-19 -3.292936E-01 -1.094049E+00  4.029177E-12  0.0         
             40        0  3.532261E-15 -2.370619E-16 -4.761007E-01 -1.248192E+00 -5.561284E-06  0.0         
             41        0  4.147793E-15  8.176112E-19 -5.560028E-01 -1.307576E+00  6.086042E-12  0.0         
             42        0  3.529643E-15  2.370432E-16 -4.761007E-01 -1.248192E+00  5.561295E-06  0.0         
             43        0  3.533493E-15 -6.384547E-19 -4.761008E-01 -1.248192E+00  5.534859E-12  0.0         
             44        0  4.777493E-15 -2.527739E-16 -6.392242E-01 -1.354367E+00 -5.042676E-06  0.0         
             45        0  5.406884E-15  5.135374E-19 -7.249636E-01 -1.388116E+00  6.876113E-12  0.0         
             46        0  4.776107E-15  2.535728E-16 -6.392242E-01 -1.354367E+00  5.042688E-06  0.0         
             47        0  4.773489E-15 -2.269320E-19 -6.392243E-01 -1.354367E+00  6.299645E-12  0.0         
             48        0  6.035351E-15 -2.489769E-16 -8.123949E-01 -1.408497E+00 -5.621080E-05  0.0         
             49        0  6.655503E-15 -3.365900E-19 -9.006759E-01 -1.415316E+00  7.684411E-12  0.0         
             50        0  6.030578E-15  2.504784E-16 -8.123949E-01 -1.408497E+00  5.621082E-05  0.0         
             51        0  6.033581E-15  2.228633E-19 -8.123954E-01 -1.408493E+00  7.005502E-12  0.0         
                         ------------- ------------- ------------- ------------- ------------- -------------
                MAX* :    6.655503E-15  2.535728E-16  0.0           0.0           3.322447E-04  0.0         
                MIN* :   -6.684056E-19 -2.527739E-16 -9.006796E-01 -1.415316E+00 -3.322447E-04  0.0         

                ABS* :    6.655503E-15  2.535728E-16  9.006796E-01  1.415316E+00  3.322447E-04  0.0         
                *for output set

                                                    SPC Force Summary on AUTOSPC'd DOF's
                                                 (in global coordinate system at each grid)
        For detailed information on the SPC forces for the AUTOSPC DOF's, set field 7 (AUTOSPC_SPCF) on the PARAM AUTOSPC entry to Y

                              T1             T2             T3             R1             R2             R3

 ABS AUTOSPC FORCES  :   0.000000E+00   0.000000E+00   0.000000E+00   0.000000E+00   0.000000E+00   0.000000E+00
 AUTOSPC FORCE TOTALS:   0.000000E+00   0.000000E+00   0.000000E+00   0.000000E+00   0.000000E+00   0.000000E+00
     (for output set)


 OUTPUT FOR EIGENVECTOR        2

                                                         E I G E N V E C T O R
                                              (in global coordinate system at each grid)
           GRID     COORD      T1            T2            T3            R1            R2            R3
                     SYS
              1        0  0.0           0.0           0.0           0.0           5.994879E-14  0.0         
              2        0  4.001854E-01  2.938849E-02 -2.172654E-11  7.885881E-12 -4.029326E-12  0.0         
              3        0  4.001854E-01 -2.938849E-02 -2.150753E-11  6.335263E-12 -4.799855E-12  0.0         
              4        0  9.004468E-01  3.534524E-02 -9.164035E-12  4.267184E-11 -1.083193E-13  0.0         
              5        0 -1.153012E-14  0.0           0.0           0.0          -7.280413E-15  0.0         
              6        0  1.517526E-01  1.963676E-02 -1.490760E-11 -5.324489E-11 -2.708186E-12  0.0         
              7        0  6.854243E-02 -1.352604E-02 -7.967253E-12 -5.344584E-11 -7.827339E-13  0.0         
              8        0  2.637348E-01  2.499286E-02 -2.028860E-11 -2.889611E-11 -4.834500E-12  0.0         
              9        0  1.730183E-02  6.895514E-03 -2.305276E-12 -3.499735E-11 -6.888281E-13  0.0         
             10        0  1.730183E-02 -6.895514E-03 -2.270620E-12 -3.473966E-11 -6.221449E-13  0.0         
             11        0  1.517526E-01 -1.963676E-02 -1.478009E-11 -5.281133E-11 -2.154423E-12  0.0         
             12        0  9.004468E-01 -3.534524E-02 -9.168402E-12  4.289546E-11  1.025770E-12  0.0         
             13        0  5.558607E-01  3.265474E-02 -1.875695E-11  3.382196E-11  9.977784E-13  0.0         
             14        0  7.247783E-01  3.466609E-02 -1.422476E-11  3.642696E-11 -1.667027E-13  0.0         
             15        0  2.637348E-01 -2.499286E-02 -2.004296E-11 -2.809787E-11 -5.341420E-12  0.0         
             16        0  7.247783E-01 -3.466609E-02 -1.424618E-11  3.739036E-11  1.254934E-12  0.0         
             17        0  6.854243E-02  1.352604E-02 -8.026165E-12 -5.386948E-11 -1.191133E-12  0.0         
             18        0  5.558607E-01 -3.265474E-02 -1.875930E-11  3.092272E-11 -3.958281E-13  0.0         
             19        0 -8.634415E-15  0.0           0.0           0.0          -1.647592E-14  0.0         
             20        0  4.335897E-03 -3.464439E-03 -5.894115E-13 -1.883858E-11 -2.807333E-13  0.0         
             21        0  1.730183E-02 -6.909015E-16 -2.287279E-12 -3.484905E-11 -7.330042E-13  0.0         
             22        0  4.335897E-03  3.464439E-03 -6.039732E-13 -1.899163E-11 -3.433896E-13  0.0         
             23        0  4.335897E-03  8.113861E-16 -5.963105E-13 -1.890648E-11 -2.608023E-13  0.0         
             24        0  3.877294E-02 -1.026018E-02 -4.821828E-12 -4.690036E-11 -1.158758E-12  0.0         
             25        0  6.854243E-02  1.453908E-16 -7.995616E-12 -5.336476E-11 -1.182536E-12  0.0         
             26        0  3.877294E-02  1.026018E-02 -4.879855E-12 -4.670191E-11 -1.374118E-12  0.0         
             27        0  3.877294E-02  1.669323E-17 -4.848130E-12 -4.658314E-11 -1.124898E-12  0.0         
             28        0  1.063236E-01 -1.666163E-02 -1.137450E-11 -5.547367E-11 -2.141848E-12  0.0         
             29        0  1.517526E-01  1.017880E-16 -1.484261E-11 -5.295983E-11 -2.527999E-12  0.0         
             30        0  1.063236E-01  1.666163E-02 -1.147885E-11 -5.595271E-11 -2.275235E-12  0.0         
             31        0  1.063236E-01  1.933719E-16 -1.142576E-11 -5.585298E-11 -2.100208E-12  0.0         
             32        0  2.043920E-01 -2.242278E-02 -1.780172E-11 -4.334402E-11 -3.607133E-12  0.0         
             33        0  2.637348E-01 -7.425346E-17 -2.016495E-11 -2.813965E-11 -4.952137E-12  0.0         
             34        0  2.043920E-01  2.242278E-02 -1.797585E-11 -4.430294E-11 -3.008770E-12  0.0         
             35        0  2.043920E-01 -1.743747E-16 -1.789175E-11 -4.442855E-11 -3.568293E-12  0.0         
             36        0  3.292094E-01 -2.732224E-02 -2.131197E-11 -1.288509E-11 -5.108826E-12  0.0         
             37        0  4.001854E-01 -6.388396E-17 -2.161658E-11  6.824441E-12 -4.261874E-12  0.0         
             38        0  3.292094E-01  2.732224E-02 -2.157648E-11 -1.208576E-11 -5.977559E-12  0.0         
             39        0  3.292094E-01  1.833066E-16 -2.144247E-11 -1.214848E-11 -5.331450E-12  0.0         
             40        0  4.759791E-01 -3.117172E-02 -2.052340E-11  2.487209E-11 -2.213749E-12  0.0         
             41        0  5.558607E-01  6.289223E-16 -1.877539E-11  3.160149E-11  5.958958E-13  0.0         
             42        0  4.759791E-01  3.117172E-02 -2.066509E-11  2.586101E-11 -4.313065E-12  0.0         
             43        0  4.759791E-01  1.359240E-17 -2.058300E-11  2.681193E-11 -2.881300E-12  0.0         
             44        0  6.390609E-01 -3.382328E-02 -1.659189E-11  4.068226E-11  1.334665E-12  0.0         
             45        0  7.247783E-01  3.254444E-16 -1.422135E-11  3.626046E-11  2.023549E-13  0.0         
             46        0  6.390609E-01  3.382328E-02 -1.656364E-11  3.743429E-11 -6.745761E-13  0.0         
             47        0  6.390609E-01  2.332638E-17 -1.656437E-11  3.743911E-11  8.997218E-13  0.0         
             48        0  8.121876E-01 -3.517504E-02 -1.179468E-11  4.110815E-11  1.197634E-13  0.0         
             49        0  9.004468E-01 -1.696417E-16 -9.158831E-12  4.280092E-11 -1.057376E-13  0.0         
             50        0  8.121876E-01  3.517504E-02 -1.178548E-11  4.111446E-11  1.465911E-13  0.0         
             51        0  8.121876E-01  2.271778E-16 -1.178901E-11  4.111416E-11  1.126694E-13  0.0         
                         ------------- ------------- ------------- ------------- ------------- -------------
                MAX* :    9.004468E-01  3.534524E-02  0.0           4.289546E-11  1.334665E-12  0.0         
                MIN* :   -1.153012E-14 -3.534524E-02 -2.172654E-11 -5.595271E-11 -5.977559E-12  0.0         

                ABS* :    9.004468E-01  3.534524E-02  2.172654E-11  5.595271E-11  5.977559E-12  0.0         
                *for output set

                                                    SPC Force Summary on AUTOSPC'd DOF's
                                                 (in global coordinate system at each grid)
        For detailed information on the SPC forces for the AUTOSPC DOF's, set field 7 (AUTOSPC_SPCF) on the PARAM AUTOSPC entry to Y

                              T1             T2             T3             R1             R2             R3

 ABS AUTOSPC FORCES  :   0.000000E+00   0.000000E+00   0.000000E+00   0.000000E+00   0.000000E+00   0.000000E+00
 AUTOSPC FORCE TOTALS:   0.000000E+00   0.000000E+00   0.000000E+00   0.000000E+00   0.000000E+00   0.000000E+00
     (for output set)


 OUTPUT FOR EIGENVECTOR        3

                                                         E I G E N V E C T O R
                                              (in global coordinate system at each grid)
           GRID     COORD      T1            T2            T3            R1            R2            R3
                     SYS
              1        0  0.0           0.0           0.0           0.0          -1.507906E-04  0.0         
              2        0  1.640036E-11  1.222404E-12  5.965980E-01  2.778457E-01  3.145939E-04  0.0         
              3        0  1.640174E-11 -1.226129E-12  5.965980E-01  2.778457E-01 -3.145940E-04  0.0         
              4        0  3.681512E-11  1.397140E-12  3.011748E-01 -1.424037E+00 -3.018309E-03  0.0         
              5        0 -1.796612E-15  0.0           0.0           0.0           1.507906E-04  0.0         
              6        0  6.205863E-12  8.007654E-13  3.599496E-01  1.396736E+00  6.259075E-05  0.0         
              7        0  2.858953E-12 -5.417100E-13  1.859284E-01  1.315691E+00  1.226240E-04  0.0         
              8        0  1.073520E-11  1.020725E-12  5.141661E-01  1.006999E+00  2.268542E-04  0.0         
              9        0  7.671230E-13  2.944600E-13  5.075758E-02  7.911810E-01 -2.638766E-04  0.0         
             10        0  7.681274E-13 -2.997548E-13  5.075758E-02  7.911810E-01  2.638766E-04  0.0         
             11        0  6.207192E-12 -7.981586E-13  3.599496E-01  1.396736E+00 -6.259076E-05  0.0         
             12        0  3.681287E-11 -1.399113E-12  3.011748E-01 -1.424037E+00  3.018309E-03  0.0         
             13        0  2.287982E-11  1.360222E-12  5.794608E-01 -5.449576E-01  2.938625E-04  0.0         
             14        0  2.981667E-11  1.399074E-12  4.685305E-01 -1.184069E+00  9.234574E-05  0.0         
             15        0  1.073545E-11 -1.021198E-12  5.141661E-01  1.006999E+00 -2.268542E-04  0.0         
             16        0  2.981680E-11 -1.398687E-12  4.685305E-01 -1.184069E+00 -9.234575E-05  0.0         
             17        0  2.856976E-12  5.431248E-13  1.859284E-01  1.315691E+00 -1.226240E-04  0.0         
             18        0  2.288026E-11 -1.359218E-12  5.794608E-01 -5.449576E-01 -2.938625E-04  0.0         
             19        0 -1.275436E-16  0.0           0.0           0.0           9.195362E-15  0.0         
             20        0  1.884416E-13 -1.546567E-13  1.296648E-02  4.134074E-01  3.287739E-04  0.0         
             21        0  7.678499E-13 -1.615721E-15  5.076091E-02  7.911845E-01 -1.362831E-12  0.0         
             22        0  1.874455E-13  1.574494E-13  1.296648E-02  4.134074E-01 -3.287739E-04  0.0         
             23        0  1.873321E-13  7.883155E-16  1.297095E-02  4.133758E-01 -2.410869E-13  0.0         
             24        0  1.658459E-12 -4.164477E-13  1.101154E-01  1.100838E+00  2.041553E-04  0.0         
             25        0  2.858133E-12  1.039047E-15  1.859299E-01  1.315691E+00 -2.611567E-12  0.0         
             26        0  1.660788E-12  4.152137E-13  1.101154E-01  1.100838E+00 -2.041554E-04  0.0         
             27        0  1.659616E-12 -1.759908E-15  1.101179E-01  1.100839E+00 -2.451287E-12  0.0         
             28        0  4.362859E-12 -6.691541E-13  2.716677E-01  1.417239E+00  3.147590E-05  0.0         
             29        0  6.206410E-12 -4.031444E-17  3.599488E-01  1.396736E+00 -5.939885E-12  0.0         
             30        0  4.364227E-12  6.675185E-13  2.716677E-01  1.417239E+00 -3.147591E-05  0.0         
             31        0  4.363383E-12  2.659200E-16  2.716681E-01  1.417239E+00 -4.598898E-12  0.0         
             32        0  8.340315E-12 -9.051282E-13  4.431714E-01  1.255948E+00 -1.512341E-04  0.0         
             33        0  1.073520E-11 -1.416126E-15  5.141633E-01  1.006999E+00 -8.179869E-12  0.0         
             34        0  8.341503E-12  8.997797E-13  4.431714E-01  1.255948E+00  1.512341E-04  0.0         
             35        0  8.341206E-12 -1.826497E-15  4.431695E-01  1.255948E+00 -6.570456E-12  0.0         
             36        0  1.343620E-11 -1.137204E-12  5.668198E-01  6.713294E-01 -2.829534E-04  0.0         
             37        0  1.640099E-11 -1.520067E-15  5.965940E-01  2.778457E-01 -9.235746E-12  0.0         
             38        0  1.343666E-11  1.134990E-12  5.668198E-01  6.713294E-01  2.829534E-04  0.0         
             39        0  1.343635E-11  3.514661E-17  5.668163E-01  6.713295E-01 -9.908983E-12  0.0         
             40        0  1.955021E-11 -1.296060E-12  6.009362E-01 -1.395657E-01 -3.196961E-04  0.0         
             41        0  2.287963E-11  2.733176E-15  5.794571E-01 -5.449581E-01 -2.227254E-12  0.0         
             42        0  1.955153E-11  1.297932E-12  6.009362E-01 -1.395657E-01  3.196961E-04  0.0         
             43        0  1.955096E-11 -8.932163E-16  6.009322E-01 -1.395657E-01 -6.966374E-12  0.0         
             44        0  2.632586E-11 -1.388244E-12  5.340215E-01 -9.034215E-01 -2.629874E-04  0.0         
             45        0  2.981686E-11  1.692588E-15  4.685289E-01 -1.184090E+00 -2.951377E-12  0.0         
             46        0  2.632642E-11  1.391090E-12  5.340215E-01 -9.034215E-01  2.629874E-04  0.0         
             47        0  2.632623E-11 -4.935980E-16  5.340182E-01 -9.034167E-01 -1.057591E-12  0.0         
             48        0  3.331661E-11 -1.398011E-12  3.886329E-01 -1.362788E+00 -5.939787E-04  0.0         
             49        0  3.681387E-11 -7.228954E-16  3.012089E-01 -1.424151E+00 -3.877402E-12  0.0         
             50        0  3.331492E-11  1.402095E-12  3.886329E-01 -1.362788E+00  5.939787E-04  0.0         
             51        0  3.331568E-11  1.023827E-15  3.886271E-01 -1.362749E+00 -2.058544E-12  0.0         
                         ------------- ------------- ------------- ------------- ------------- -------------
                MAX* :    3.681512E-11  1.402095E-12  6.009362E-01  1.417239E+00  3.018309E-03  0.0         
                MIN* :   -1.796612E-15 -1.399113E-12  0.0          -1.424151E+00 -3.018309E-03  0.0         

                ABS* :    3.681512E-11  1.402095E-12  6.009362E-01  1.424151E+00  3.018309E-03  0.0         
                *for output set

                                                    SPC Force Summary on AUTOSPC'd DOF's
                                                 (in global coordinate system at each grid)
        For detailed information on the SPC forces for the AUTOSPC DOF's, set field 7 (AUTOSPC_SPCF) on the PARAM AUTOSPC entry to Y

                              T1             T2             T3             R1             R2             R3

 ABS AUTOSPC FORCES  :   0.000000E+00   0.000000E+00   0.000000E+00   0.000000E+00   0.000000E+00   0.000000E+00
 AUTOSPC FORCE TOTALS:   0.000000E+00   0.000000E+00   0.000000E+00   0.000000E+00   0.000000E+00   0.000000E+00
     (for output set)

 >> LINK  9 END

    Total CPU time =  7.81E-02 seconds

 >> MYSTRAN END    :  6/ 4/2026 at 11:54:54.261
