   627193303

 MYSTRAN Version 18.0.0   APR 20 2026 MYSTRAN developed by Dr Bill Case
*** Please report any problems to mystransolver@gmail.com ***                                                                                                                                                                                                   

 >> MYSTRAN BEGIN  :  6/27/2026 at 19:33: 3. 35 The input file is C:\Users\victo\Documents\Git\MYSTRAN_Validation\working\NAS S30 shell laminate orthotropic thermal stress_2.bdf                                                                                                                                                 


 >> LINK  0 BEGIN


SOL 101                                                                                                                                                                                                                                                         
CEND                                                                                                                                                                                                                                                            
DISPLACEMENT = ALL                                                                                                                                                                                                                                              
STRESS(CORNER) = ALL                                                                                                                                                                                                                                            
FORCE(CORNER) = ALL                                                                                                                                                                                                                                             
SPC = 1                                                                                                                                                                                                                                                         
TEMPERATURE = 1                                                                                                                                                                                                                                                 
BEGIN BULK                                                                                                                                                                                                                                                      
ECHO: loadb GRID           1       0   0.0+0   0.0+0   0.0+0       0                                                                                                                                                                                                        
ECHO: loadb GRID           2       0   1.0+0   0.0+0   0.0+0       0                                                                                                                                                                                                        
ECHO: loadb GRID           3       0   1.0+0   1.0+0   0.0+0       0                                                                                                                                                                                                        
ECHO: loadb GRID           4       0   0.0+0   1.0+0   0.0+0       0                                                                                                                                                                                                        
ECHO: loadb GRID           5       0   2.0+0   0.0+0   0.0+0       0                                                                                                                                                                                                        
ECHO: loadb GRID*                  6               0 2.70710678119+0 7.07106781187-1*                                                                                                                                                                                       
ECHO: loadb *                  0.0+0               0                                                                                                                                                                                                                        
ECHO: loadb GRID*                  7               0           2.0+0 1.41421356237+0*                                                                                                                                                                                       
ECHO: loadb *                  0.0+0               0                                                                                                                                                                                                                        
ECHO: loadb GRID*                  8               0 1.29289321881+0 7.07106781187-1*                                                                                                                                                                                       
ECHO: loadb *                  0.0+0               0                                                                                                                                                                                                                        
ECHO: loadb PARAM    STR_CID      -2                                                                                                                                                                                                                                        
ECHO: loadb SPC            1       1       1   0.0+0                                                                                                                                                                                                                        
ECHO: loadb SPC            1       1       2   0.0+0                                                                                                                                                                                                                        
ECHO: loadb SPC            1       1       3   0.0+0                                                                                                                                                                                                                        
ECHO: loadb SPC            1       1       4   0.0+0                                                                                                                                                                                                                        
ECHO: loadb SPC            1       1       5   0.0+0                                                                                                                                                                                                                        
ECHO: loadb SPC            1       1       6   0.0+0                                                                                                                                                                                                                        
ECHO: loadb SPC            1       2       2   0.0+0                                                                                                                                                                                                                        
ECHO: loadb SPC            1       2       4   0.0+0                                                                                                                                                                                                                        
ECHO: loadb SPC            1       2       6   0.0+0                                                                                                                                                                                                                        
ECHO: loadb SPC            1       3       2   0.0+0                                                                                                                                                                                                                        
ECHO: loadb SPC            1       3       4   0.0+0                                                                                                                                                                                                                        
ECHO: loadb SPC            1       3       6   0.0+0                                                                                                                                                                                                                        
ECHO: loadb SPC            1       4       1   0.0+0                                                                                                                                                                                                                        
ECHO: loadb SPC            1       4       2   0.0+0                                                                                                                                                                                                                        
ECHO: loadb SPC            1       4       4   0.0+0                                                                                                                                                                                                                        
ECHO: loadb SPC            1       4       5   0.0+0                                                                                                                                                                                                                        
ECHO: loadb SPC            1       4       6   0.0+0                                                                                                                                                                                                                        
ECHO: loadb SPC            1       5       3   0.0+0                                                                                                                                                                                                                        
ECHO: loadb SPC            1       5       2   0.0+0                                                                                                                                                                                                                        
ECHO: loadb SPC            1       6       3   0.0+0                                                                                                                                                                                                                        
ECHO: loadb SPC            1       6       2   0.0+0                                                                                                                                                                                                                        
ECHO: loadb SPC            1       7       2   0.0+0                                                                                                                                                                                                                        
ECHO: loadb SPC            1       8       1   0.0+0                                                                                                                                                                                                                        
ECHO: loadb SPC            1       8       2   0.0+0                                                                                                                                                                                                                        
ECHO: loadb SPC            1       8       3   0.0+0                                                                                                                                                                                                                        
ECHO: loadb CTRIA3         1       1       1       3       4   4.5+1   0.0+0                                                                                                                                                                                                
ECHO: loadb CTRIA3         2       1       1       2       3   9.0+1   0.0+0                                                                                                                                                                                                
ECHO: loadb CQUAD4         3       2       5       6       7       8   4.5+1   0.0+0                                                                                                                                                                                        
ECHO: loadb TEMP*                  1               1        2.7715+2                *                                                                                                                                                                                       
ECHO: loadb *                                                                                                                                                                                                                                                               
ECHO: loadb TEMP*                  1               3        2.7715+2                *                                                                                                                                                                                       
ECHO: loadb *                                                                                                                                                                                                                                                               
ECHO: loadb TEMP*                  1               4        2.7715+2                *                                                                                                                                                                                       
ECHO: loadb *                                                                                                                                                                                                                                                               
ECHO: loadb TEMP*                  1               2        2.7715+2                *                                                                                                                                                                                       
ECHO: loadb *                                                                                                                                                                                                                                                               
ECHO: loadb TEMP*                  1               5        2.7715+2                *                                                                                                                                                                                       
ECHO: loadb *                                                                                                                                                                                                                                                               
ECHO: loadb TEMP*                  1               6        2.7715+2                *                                                                                                                                                                                       
ECHO: loadb *                                                                                                                                                                                                                                                               
ECHO: loadb TEMP*                  1               7        2.7715+2                *                                                                                                                                                                                       
ECHO: loadb *                                                                                                                                                                                                                                                               
ECHO: loadb TEMP*                  1               8        2.7715+2                *                                                                                                                                                                                       
ECHO: loadb *                                                                                                                                                                                                                                                               
ECHO: loadb TEMPD*                 1        2.7315+2                                *                                                                                                                                                                                       
ECHO: loadb *                                                                                                                                                                                                                                                               
ECHO: loadb MAT8*                  1           2.+11          2.7+11              0.*                                                                                                                                                                                       
ECHO: loadb *                  1.+11           1.+11           1.+11              0.*                                                                                                                                                                                       
ECHO nextc2: *                  0.001          0.0015          273.15                *                                                                                                                                                                                       
ECHO nextc2: *                                                                                                                                                                                                                                                               
ECHO: loadb PCOMP*                 1                                                *                                                                                                                                                                                       
ECHO: loadb *                                 273.15                                *                                                                                                                                                                                       
ECHO nextc2: *                      1             0.1              0.                *                                                                                                                                                                                       
ECHO nextc2: *                      1             0.2              0.                                                                                                                                                                                                        
ECHO: loadb PCOMP*                 2                                                *                                                                                                                                                                                       
ECHO: loadb *                                 273.15                                *                                                                                                                                                                                       
ECHO nextc2: *                      1             0.1              0.                *                                                                                                                                                                                       
ECHO nextc2: *                      1             0.2              0.                                                                                                                                                                                                        
ECHO: loadb ENDDATA                                                                                                                                                                                                                                                         




 >> LINK  0 END


 >> LINK  1 BEGIN

               DEALLOCATED  1.96E-02 MB MEMORY FROM ARRAY STF3


 *INFORMATION: AUTOSPC Summary, Stage 1 after identification of AUTOSPC's at the grid level                                                 

                                     AUTOSPC_RAT = 1.000000E-08

                       Number of DOF's identified for AUTOSPC in component  1         =            0
                       Number of DOF's identified for AUTOSPC in component  2         =            0
                       Number of DOF's identified for AUTOSPC in component  3         =            0
                       Number of DOF's identified for AUTOSPC in component  4         =            0
                       Number of DOF's identified for AUTOSPC in component  5         =            0
                       Number of DOF's identified for AUTOSPC in component  6         =            4
                                                                                        ------------
                       Total number of DOF's identified in this stage                 =            4

               DEALLOCATED  1.92E-04 MB MEMORY FROM ARRAY STFKEY
               DEALLOCATED  1.96E-02 MB MEMORY FROM ARRAY STF3

 >> LINK  1 END


 >> LINK  2 BEGIN



 *INFORMATION: AUTOSPC Summary, Overall: after identification of all AUTOSPC's                                                               

                                     AUTOSPC_RAT = 1.000000E-08

                       Number of DOF's identified for AUTOSPC in component  1         =            0
                       Number of DOF's identified for AUTOSPC in component  2         =            0
                       Number of DOF's identified for AUTOSPC in component  3         =            0
                       Number of DOF's identified for AUTOSPC in component  4         =            0
                       Number of DOF's identified for AUTOSPC in component  5         =            0
                       Number of DOF's identified for AUTOSPC in component  6         =            4
                                                                                        ------------
                       Total number of DOF's identified overall                       =            4


 >> LINK  2 END


 >> LINK  3 BEGIN

 SUPERLU FACTORIZATION OF MATRIX KLL SUCCEEDED IN SUBR SYM_MAT_DECOMP_SUPRLU          

 *INFORMATION: FOR INTERNAL SUBCASE NUMBER        1 EPSILON ERROR ESTIMATE            = -1.173827E-16 Based on U'*(K*U - P)/(U'*P)


 >> LINK  3 END


 >> LINK  5 BEGIN


 >> LINK  5 END


 >> LINK  9 BEGIN



 OUTPUT FOR SUBCASE        1

                                                       D I S P L A C E M E N T S
                                              (in global coordinate system at each grid)
           GRID     COORD      T1            T2            T3            R1            R2            R3
                     SYS
              1        0  0.0           0.0           0.0           0.0           0.0           0.0         
              2        0  6.000000E-03  0.0          -1.010145E-17  0.0           1.966876E-17  0.0         
              3        0  6.000000E-03  0.0          -1.036852E-17  0.0           2.095070E-17  0.0         
              4        0  0.0           0.0           5.341396E-20  0.0           0.0           0.0         
              5        0  4.242641E-03  0.0           0.0           3.116785E-18 -1.264405E-18  0.0         
              6        0  8.485281E-03  0.0           0.0           2.695317E-18  7.076508E-18  0.0         
              7        0  4.242641E-03  0.0           5.599893E-18  4.802659E-18  1.264405E-18  0.0         
              8        0  0.0           0.0           0.0           5.224128E-18 -7.076508E-18  0.0         
                         ------------- ------------- ------------- ------------- ------------- -------------
                MAX* :    8.485281E-03  0.0           5.599893E-18  5.224128E-18  2.095070E-17  0.0         
                MIN* :    0.0           0.0          -1.036852E-17  0.0          -7.076508E-18  0.0         

                ABS* :    8.485281E-03  0.0           1.036852E-17  5.224128E-18  2.095070E-17  0.0         
                *for output set

                                                    SPC Force Summary on AUTOSPC'd DOF's
                                                 (in global coordinate system at each grid)
        For detailed information on the SPC forces for the AUTOSPC DOF's, set field 7 (AUTOSPC_SPCF) on the PARAM AUTOSPC entry to Y

                              T1             T2             T3             R1             R2             R3

 ABS AUTOSPC FORCES  :   0.000000E+00   0.000000E+00   0.000000E+00   0.000000E+00   0.000000E+00   0.000000E+00
 AUTOSPC FORCE TOTALS:   0.000000E+00   0.000000E+00   0.000000E+00   0.000000E+00   0.000000E+00   0.000000E+00
     (for output set)


 OUTPUT FOR SUBCASE        1

                                             S T R E S S E S   I N   L A Y E R E D   C O M P O S I T E   E L E M E N T S
 ANY_FAILURE_THEORY=N   
 STRE_OPT=VONMISES
 A
                                                     F O R   E L E M E N T   T Y P E   Q U A D 4  
  Element   Ply  Stresses in fiber and matrix directions    Inter-laminar stresses     Principal stresses (zero shear)      von
     ID     Num     Normal-1     Normal-2     Shear-12      Shear-13      Shear-23      Angle     Major        Minor       Mises
               --------------------------------------------------------------------------------------------------------------------
              | N O T E:  TRANSVERSE SHEAR STRESSES IN ALL PLIES ARE BASED ON THE TRANSVERSE SHEAR STRAINS AND PARAMETER PCMPTSTM. |
              |                     THIS DOES NOT TAKE INTO CONSIDERATION ANY THEORETICAL (e.g. PARABOLIC) DISTRIBUTION            |
              |                                       THAT MAY EXIST FOR THE TRANSVERSE SHEAR STRESSES                             |
               --------------------------------------------------------------------------------------------------------------------

        3     1 -8.00000E+08 -6.55651E-07 -1.69698E-03     4.28077E-24   5.50385E-24  -90.000 -7.15256E-07 -8.00000E+08  8.00000E+08
              2 -8.00000E+08 -3.57628E-07 -1.69704E-03     1.34888E-23   1.73427E-23  -90.000 -3.57628E-07 -8.00000E+08  8.00000E+08
                ------------ ------------ ------------    ------------  ------------  ------- ------------ ------------ ------------ ---------
 MAX* :         -8.00000E+08 -3.57628E-07 -1.69698E-03     1.34888E-23   1.73427E-23  -90.000 -3.57628E-07 -8.00000E+08  8.00000E+08  0.00E+00
 MIN* :         -8.00000E+08 -6.55651E-07 -1.69704E-03     4.28077E-24   5.50385E-24  -90.000 -7.15256E-07 -8.00000E+08  8.00000E+08  0.00E+00

 ABS* :          8.00000E+08  6.55651E-07  1.69704E-03     1.34888E-23   1.73427E-23   90.000  7.15256E-07  8.00000E+08  8.00000E+08  0.00E+00
 *for output set


 OUTPUT FOR SUBCASE        1

                                             S T R E S S E S   I N   L A Y E R E D   C O M P O S I T E   E L E M E N T S
 ANY_FAILURE_THEORY=N   
 STRE_OPT=VONMISES
 A
                                                     F O R   E L E M E N T   T Y P E   T R I A 3  
  Element   Ply  Stresses in fiber and matrix directions    Inter-laminar stresses     Principal stresses (zero shear)      von
     ID     Num     Normal-1     Normal-2     Shear-12      Shear-13      Shear-23      Angle     Major        Minor       Mises
               --------------------------------------------------------------------------------------------------------------------
              | N O T E:  TRANSVERSE SHEAR STRESSES IN ALL PLIES ARE BASED ON THE TRANSVERSE SHEAR STRAINS AND PARAMETER PCMPTSTM. |
              |                     THIS DOES NOT TAKE INTO CONSIDERATION ANY THEORETICAL (e.g. PARABOLIC) DISTRIBUTION            |
              |                                       THAT MAY EXIST FOR THE TRANSVERSE SHEAR STRESSES                             |
               --------------------------------------------------------------------------------------------------------------------

        1     1 -8.00000E+08 -9.53674E-07 -3.27236E-07     3.03769E-10   3.03769E-10  -90.000 -9.53674E-07 -8.00000E+08  8.00000E+08
              2 -8.00000E+08  0.00000E+00 -3.27236E-07     1.03798E-09   1.03798E-09  -90.000  0.00000E+00 -8.00000E+08  8.00000E+08

        2     1 -8.00000E+08 -4.76837E-07  1.32598E-08     3.03769E-10  -3.03769E-10   90.000 -4.76837E-07 -8.00000E+08  8.00000E+08
              2 -8.00000E+08  2.38419E-07  1.32598E-08     1.03798E-09  -1.03798E-09   90.000  2.38419E-07 -8.00000E+08  8.00000E+08
                ------------ ------------ ------------    ------------  ------------  ------- ------------ ------------ ------------ ---------
 MAX* :         -8.00000E+08  2.38419E-07  1.32598E-08     1.03798E-09   1.03798E-09   90.000  2.38419E-07 -8.00000E+08  8.00000E+08  0.00E+00
 MIN* :         -8.00000E+08 -9.53674E-07 -3.27236E-07     3.03769E-10  -1.03798E-09  -90.000 -9.53674E-07 -8.00000E+08  8.00000E+08  0.00E+00

 ABS* :          8.00000E+08  9.53674E-07  3.27236E-07     1.03798E-09   1.03798E-09   90.000  9.53674E-07  8.00000E+08  8.00000E+08  0.00E+00
 *for output set

 >> LINK  9 END

    Total CPU time =  1.56E-02 seconds

 >> MYSTRAN END    :  6/27/2026 at 19:33: 3.107

                                          * * * END OF JOB * * *
