   604115454

 MYSTRAN Version 18.0.0   APR 20 2026 MYSTRAN developed by Dr Bill Case
*** Please report any problems to mystransolver@gmail.com ***                                                                                                                                                                                                   

 >> MYSTRAN BEGIN  :  6/ 4/2026 at 11:54:54.842 The input file is C:\Users\victo\Documents\Git\MYSTRAN_Validation\working\NAS S30 shell force per length components quad4.bdf                                                                                                                                                     


 >> LINK  0 BEGIN


SOL 101                                                                                                                                                                                                                                                         
CEND                                                                                                                                                                                                                                                            
DISPLACEMENT = ALL                                                                                                                                                                                                                                              
SPCFORCES = ALL                                                                                                                                                                                                                                                 
MPCFORCES = ALL                                                                                                                                                                                                                                                 
STRESS(CORNER) = ALL                                                                                                                                                                                                                                            
STRAIN(CORNER) = ALL                                                                                                                                                                                                                                            
FORCE(CORNER) = ALL                                                                                                                                                                                                                                             
SPC = 1                                                                                                                                                                                                                                                         
LOAD = 1                                                                                                                                                                                                                                                        
BEGIN BULK                                                                                                                                                                                                                                                      
ECHO: loadb GRID           1       0   0.0+0   0.0+0   0.0+0       0                                                                                                                                                                                                        
ECHO: loadb GRID           2       0   2.0+0   0.0+0   0.0+0       0                                                                                                                                                                                                        
ECHO: loadb GRID           3       0   2.0+0   2.0+0   0.0+0       0                                                                                                                                                                                                        
ECHO: loadb GRID           4       0   0.0+0   2.0+0   0.0+0       0                                                                                                                                                                                                        
ECHO: loadb GRID           5       0   4.0+0   0.0+0   0.0+0       0                                                                                                                                                                                                        
ECHO: loadb GRID           6       0   6.0+0   0.0+0   0.0+0       0                                                                                                                                                                                                        
ECHO: loadb GRID           7       0   6.0+0   2.0+0   0.0+0       0                                                                                                                                                                                                        
ECHO: loadb GRID           8       0   4.0+0   2.0+0   0.0+0       0                                                                                                                                                                                                        
ECHO: loadb GRID           9       0   8.0+0   0.0+0   0.0+0       0                                                                                                                                                                                                        
ECHO: loadb GRID          10       0   1.0+1   0.0+0   0.0+0       0                                                                                                                                                                                                        
ECHO: loadb GRID          11       0   1.0+1   2.5+0   0.0+0       0                                                                                                                                                                                                        
ECHO: loadb GRID          12       0   8.0+0   2.5+0   0.0+0       0                                                                                                                                                                                                        
ECHO: loadb GRID          13       0   1.2+1   0.0+0   0.0+0       0                                                                                                                                                                                                        
ECHO: loadb GRID          14       0  1.37+1   0.0+0   0.0+0       0                                                                                                                                                                                                        
ECHO: loadb GRID          15       0  1.37+1   2.0+0   0.0+0       0                                                                                                                                                                                                        
ECHO: loadb GRID          16       0   1.2+1   2.0+0   0.0+0       0                                                                                                                                                                                                        
ECHO: loadb GRID          17       0   1.6+1   0.0+0   0.0+0       0                                                                                                                                                                                                        
ECHO: loadb GRID          18       0   1.8+1   0.0+0   0.0+0       0                                                                                                                                                                                                        
ECHO: loadb GRID          19       0   1.8+1   1.8+0   0.0+0       0                                                                                                                                                                                                        
ECHO: loadb GRID          20       0   1.6+1   1.8+0   0.0+0       0                                                                                                                                                                                                        
ECHO: loadb GRID          21       0   2.0+1   0.0+0   0.0+0       0                                                                                                                                                                                                        
ECHO: loadb GRID          22       0  2.31+1   0.0+0   0.0+0       0                                                                                                                                                                                                        
ECHO: loadb GRID          23       0  2.31+1   2.0+0   0.0+0       0                                                                                                                                                                                                        
ECHO: loadb GRID          24       0   2.0+1   2.0+0   0.0+0       0                                                                                                                                                                                                        
ECHO: loadb GRID          25       0   2.4+1   0.0+0   0.0+0       0                                                                                                                                                                                                        
ECHO: loadb GRID          26       0   2.6+1   0.0+0   0.0+0       0                                                                                                                                                                                                        
ECHO: loadb GRID          27       0   2.6+1   2.0+0   0.0+0       0                                                                                                                                                                                                        
ECHO: loadb GRID          28       0   2.4+1   2.0+0   0.0+0       0                                                                                                                                                                                                        
ECHO: loadb PARAM    STR_CID      -2                                                                                                                                                                                                                                        
ECHO: loadb MAT1           1  2.0+11  1.0+11   0.0+0   0.0+0   0.0+0   0.0+0                                                                                                                                                                                                
ECHO: loadb SPC            1       1       1   0.0+0                                                                                                                                                                                                                        
ECHO: loadb SPC            1       1       2   0.0+0                                                                                                                                                                                                                        
ECHO: loadb SPC            1       1       3   0.0+0                                                                                                                                                                                                                        
ECHO: loadb SPC            1       1       4   0.0+0                                                                                                                                                                                                                        
ECHO: loadb SPC            1       1       5   0.0+0                                                                                                                                                                                                                        
ECHO: loadb SPC            1       1       6   0.0+0                                                                                                                                                                                                                        
ECHO: loadb SPC            1       2       2   0.0+0                                                                                                                                                                                                                        
ECHO: loadb SPC            1       2       4   0.0+0                                                                                                                                                                                                                        
ECHO: loadb SPC            1       2       6   0.0+0                                                                                                                                                                                                                        
ECHO: loadb SPC            1       4       1   0.0+0                                                                                                                                                                                                                        
ECHO: loadb SPC            1       4       5   0.0+0                                                                                                                                                                                                                        
ECHO: loadb SPC            1       4       6   0.0+0                                                                                                                                                                                                                        
ECHO: loadb SPC            1       5       1   0.0+0                                                                                                                                                                                                                        
ECHO: loadb SPC            1       5       3   0.0+0                                                                                                                                                                                                                        
ECHO: loadb SPC            1       5       2   0.0+0                                                                                                                                                                                                                        
ECHO: loadb SPC            1       5       4   0.0+0                                                                                                                                                                                                                        
ECHO: loadb SPC            1       5       6   0.0+0                                                                                                                                                                                                                        
ECHO: loadb SPC            1       6       1   0.0+0                                                                                                                                                                                                                        
ECHO: loadb SPC            1       6       3   0.0+0                                                                                                                                                                                                                        
ECHO: loadb SPC            1       6       2   0.0+0                                                                                                                                                                                                                        
ECHO: loadb SPC            1       6       4   0.0+0                                                                                                                                                                                                                        
ECHO: loadb SPC            1       6       6   0.0+0                                                                                                                                                                                                                        
ECHO: loadb SPC            1       7       2   0.0+0                                                                                                                                                                                                                        
ECHO: loadb SPC            1       8       2   0.0+0                                                                                                                                                                                                                        
ECHO: loadb SPC            1       9       1   0.0+0                                                                                                                                                                                                                        
ECHO: loadb SPC            1       9       2   0.0+0                                                                                                                                                                                                                        
ECHO: loadb SPC            1       9       3   0.0+0                                                                                                                                                                                                                        
ECHO: loadb SPC            1       9       4   0.0+0                                                                                                                                                                                                                        
ECHO: loadb SPC            1       9       5   0.0+0                                                                                                                                                                                                                        
ECHO: loadb SPC            1       9       6   0.0+0                                                                                                                                                                                                                        
ECHO: loadb SPC            1      10       1   0.0+0                                                                                                                                                                                                                        
ECHO: loadb SPC            1      10       2   0.0+0                                                                                                                                                                                                                        
ECHO: loadb SPC            1      10       3   0.0+0                                                                                                                                                                                                                        
ECHO: loadb SPC            1      10       4   0.0+0                                                                                                                                                                                                                        
ECHO: loadb SPC            1      10       5   0.0+0                                                                                                                                                                                                                        
ECHO: loadb SPC            1      10       6   0.0+0                                                                                                                                                                                                                        
ECHO: loadb SPC            1      13       1   0.0+0                                                                                                                                                                                                                        
ECHO: loadb SPC            1      13       2   0.0+0                                                                                                                                                                                                                        
ECHO: loadb SPC            1      13       3   0.0+0                                                                                                                                                                                                                        
ECHO: loadb SPC            1      13       4   0.0+0                                                                                                                                                                                                                        
ECHO: loadb SPC            1      13       5   0.0+0                                                                                                                                                                                                                        
ECHO: loadb SPC            1      13       6   0.0+0                                                                                                                                                                                                                        
ECHO: loadb SPC            1      16       1   0.0+0                                                                                                                                                                                                                        
ECHO: loadb SPC            1      16       2   0.0+0                                                                                                                                                                                                                        
ECHO: loadb SPC            1      16       3   0.0+0                                                                                                                                                                                                                        
ECHO: loadb SPC            1      16       4   0.0+0                                                                                                                                                                                                                        
ECHO: loadb SPC            1      16       5   0.0+0                                                                                                                                                                                                                        
ECHO: loadb SPC            1      16       6   0.0+0                                                                                                                                                                                                                        
ECHO: loadb SPC            1      17       1   0.0+0                                                                                                                                                                                                                        
ECHO: loadb SPC            1      17       2   0.0+0                                                                                                                                                                                                                        
ECHO: loadb SPC            1      17       3   0.0+0                                                                                                                                                                                                                        
ECHO: loadb SPC            1      17       4   0.0+0                                                                                                                                                                                                                        
ECHO: loadb SPC            1      17       5   0.0+0                                                                                                                                                                                                                        
ECHO: loadb SPC            1      17       6   0.0+0                                                                                                                                                                                                                        
ECHO: loadb SPC            1      18       1   0.0+0                                                                                                                                                                                                                        
ECHO: loadb SPC            1      18       2   0.0+0                                                                                                                                                                                                                        
ECHO: loadb SPC            1      18       3   0.0+0                                                                                                                                                                                                                        
ECHO: loadb SPC            1      18       4   0.0+0                                                                                                                                                                                                                        
ECHO: loadb SPC            1      18       5   0.0+0                                                                                                                                                                                                                        
ECHO: loadb SPC            1      18       6   0.0+0                                                                                                                                                                                                                        
ECHO: loadb SPC            1      19       4   0.0+0                                                                                                                                                                                                                        
ECHO: loadb SPC            1      20       4   0.0+0                                                                                                                                                                                                                        
ECHO: loadb SPC            1      21       1   0.0+0                                                                                                                                                                                                                        
ECHO: loadb SPC            1      21       2   0.0+0                                                                                                                                                                                                                        
ECHO: loadb SPC            1      21       3   0.0+0                                                                                                                                                                                                                        
ECHO: loadb SPC            1      21       4   0.0+0                                                                                                                                                                                                                        
ECHO: loadb SPC            1      21       5   0.0+0                                                                                                                                                                                                                        
ECHO: loadb SPC            1      21       6   0.0+0                                                                                                                                                                                                                        
ECHO: loadb SPC            1      22       5   0.0+0                                                                                                                                                                                                                        
ECHO: loadb SPC            1      23       5   0.0+0                                                                                                                                                                                                                        
ECHO: loadb SPC            1      24       1   0.0+0                                                                                                                                                                                                                        
ECHO: loadb SPC            1      24       2   0.0+0                                                                                                                                                                                                                        
ECHO: loadb SPC            1      24       3   0.0+0                                                                                                                                                                                                                        
ECHO: loadb SPC            1      24       4   0.0+0                                                                                                                                                                                                                        
ECHO: loadb SPC            1      24       5   0.0+0                                                                                                                                                                                                                        
ECHO: loadb SPC            1      24       6   0.0+0                                                                                                                                                                                                                        
ECHO: loadb SPC            1      25       1   0.0+0                                                                                                                                                                                                                        
ECHO: loadb SPC            1      25       2   0.0+0                                                                                                                                                                                                                        
ECHO: loadb SPC            1      25       3   0.0+0                                                                                                                                                                                                                        
ECHO: loadb SPC            1      25       4   0.0+0                                                                                                                                                                                                                        
ECHO: loadb SPC            1      25       5   0.0+0                                                                                                                                                                                                                        
ECHO: loadb SPC            1      25       6   0.0+0                                                                                                                                                                                                                        
ECHO: loadb SPC            1      26       1   0.0+0                                                                                                                                                                                                                        
ECHO: loadb SPC            1      26       2   0.0+0                                                                                                                                                                                                                        
ECHO: loadb SPC            1      26       3   0.0+0                                                                                                                                                                                                                        
ECHO: loadb SPC            1      26       4   0.0+0                                                                                                                                                                                                                        
ECHO: loadb SPC            1      26       5   0.0+0                                                                                                                                                                                                                        
ECHO: loadb SPC            1      26       6   0.0+0                                                                                                                                                                                                                        
ECHO: loadb PSHELL         1       1   1.0-2       1               1           0.0+0                                                                                                                                                                                        
ECHO: loadb CQUAD4         1       1       1       2       3       4   0.0+0   0.0+0                                                                                                                                                                                        
ECHO: loadb CQUAD4         2       1       5       6       7       8   0.0+0   0.0+0                                                                                                                                                                                        
ECHO: loadb CQUAD4         3       1       9      10      11      12   0.0+0   0.0+0                                                                                                                                                                                        
ECHO: loadb CQUAD4         4       1      13      14      15      16   0.0+0   0.0+0                                                                                                                                                                                        
ECHO: loadb CQUAD4         5       1      17      18      19      20   0.0+0   0.0+0                                                                                                                                                                                        
ECHO: loadb CQUAD4         6       1      21      22      23      24   0.0+0   0.0+0                                                                                                                                                                                        
ECHO: loadb CQUAD4         7       1      25      26      27      28   4.5+1   0.0+0                                                                                                                                                                                        
ECHO: loadb FORCE          2       3       0   1.0+0   0.0+0   1.0+0   0.0+0                                                                                                                                                                                                
ECHO: loadb FORCE          2       4       0   1.0+0   0.0+0   1.0+0   0.0+0                                                                                                                                                                                                
ECHO: loadb FORCE          2       2       0   1.0+0   5.0-1   0.0+0   0.0+0                                                                                                                                                                                                
ECHO: loadb FORCE          2       3       0   1.0+0   5.0-1   0.0+0   0.0+0                                                                                                                                                                                                
ECHO: loadb FORCE          2       7       0   1.0+0   2.5+0   0.0+0   0.0+0                                                                                                                                                                                                
ECHO: loadb FORCE          2       8       0   1.0+0   2.5+0   0.0+0   0.0+0                                                                                                                                                                                                
ECHO: loadb FORCE          2      19       0   1.0+0   0.0+0   0.0+0   1.5-3                                                                                                                                                                                                
ECHO: loadb FORCE          2      20       0   1.0+0   0.0+0   0.0+0   1.5-3                                                                                                                                                                                                
ECHO: loadb FORCE          2      22       0   1.0+0   0.0+0   0.0+0   1.5-3                                                                                                                                                                                                
ECHO: loadb FORCE          2      23       0   1.0+0   0.0+0   0.0+0   1.5-3                                                                                                                                                                                                
ECHO: loadb MOMENT         2      12       0   1.0+0   1.0-3   0.0+0   0.0+0                                                                                                                                                                                                
ECHO: loadb MOMENT         2      11       0   1.0+0   1.0-3   0.0+0   0.0+0                                                                                                                                                                                                
ECHO: loadb MOMENT         2      15       0   1.0+0   0.0+0   1.0-3   0.0+0                                                                                                                                                                                                
ECHO: loadb MOMENT         2      14       0   1.0+0   0.0+0   1.0-3   0.0+0                                                                                                                                                                                                
ECHO: loadb MOMENT         2      28       0   1.0+0   1.0-3   0.0+0   0.0+0                                                                                                                                                                                                
ECHO: loadb MOMENT         2      27       0   1.0+0   1.0-3   0.0+0   0.0+0                                                                                                                                                                                                
ECHO: loadb LOAD           1   1.0+0   1.0+0       2                                                                                                                                                                                                                        
ECHO: loadb ENDDATA                                                                                                                                                                                                                                                         




 >> LINK  0 END


 >> LINK  1 BEGIN

               DEALLOCATED  6.45E-02 MB MEMORY FROM ARRAY STF3


 *INFORMATION: AUTOSPC Summary, Stage 1 after identification of AUTOSPC's at the grid level                                                 

                                     AUTOSPC_RAT = 1.000000E-08

                       Number of DOF's identified for AUTOSPC in component  1         =            0
                       Number of DOF's identified for AUTOSPC in component  2         =            0
                       Number of DOF's identified for AUTOSPC in component  3         =            0
                       Number of DOF's identified for AUTOSPC in component  4         =            0
                       Number of DOF's identified for AUTOSPC in component  5         =            0
                       Number of DOF's identified for AUTOSPC in component  6         =           13
                                                                                        ------------
                       Total number of DOF's identified in this stage                 =           13

               DEALLOCATED  6.72E-04 MB MEMORY FROM ARRAY STFKEY
               DEALLOCATED  6.45E-02 MB MEMORY FROM ARRAY STF3

 >> LINK  1 END


 >> LINK  2 BEGIN



 *INFORMATION: AUTOSPC Summary, Overall: after identification of all AUTOSPC's                                                               

                                     AUTOSPC_RAT = 1.000000E-08

                       Number of DOF's identified for AUTOSPC in component  1         =            0
                       Number of DOF's identified for AUTOSPC in component  2         =            0
                       Number of DOF's identified for AUTOSPC in component  3         =            0
                       Number of DOF's identified for AUTOSPC in component  4         =            0
                       Number of DOF's identified for AUTOSPC in component  5         =            0
                       Number of DOF's identified for AUTOSPC in component  6         =           13
                                                                                        ------------
                       Total number of DOF's identified overall                       =           13


 >> LINK  2 END


 >> LINK  3 BEGIN

 SUPERLU FACTORIZATION OF MATRIX KLL SUCCEEDED IN SUBR SYM_MAT_DECOMP_SUPRLU          

 *INFORMATION: FOR INTERNAL SUBCASE NUMBER        1 EPSILON ERROR ESTIMATE            =  1.440532E-17 Based on U'*(K*U - P)/(U'*P)


 >> LINK  3 END


 >> LINK  5 BEGIN


 >> LINK  5 END


 >> LINK  9 BEGIN



 OUTPUT FOR SUBCASE        1

                                                       D I S P L A C E M E N T S
                                              (in global coordinate system at each grid)
           GRID     COORD      T1            T2            T3            R1            R2            R3
                     SYS
              1        0  0.0           0.0           0.0           0.0           0.0           0.0         
              2        0  5.000000E-10  0.0           0.0           0.0           0.0           0.0         
              3        0  5.000000E-10  1.000000E-09  0.0           0.0           0.0           0.0         
              4        0  0.0           1.000000E-09  0.0           0.0           0.0           0.0         
              5        0  0.0           0.0           0.0           0.0           0.0           0.0         
              6        0  0.0           0.0           0.0           0.0           0.0           0.0         
              7        0  5.000000E-09  0.0           0.0           0.0           0.0           0.0         
              8        0  5.000000E-09  0.0           0.0           0.0           0.0           0.0         
              9        0  0.0           0.0           0.0           0.0           0.0           0.0         
             10        0  0.0           0.0           0.0           0.0           0.0           0.0         
             11        0  0.0           0.0           1.875000E-07  1.500000E-07  4.544992E-23  0.0         
             12        0  0.0           0.0           1.875000E-07  1.500000E-07  4.318827E-23  0.0         
             13        0  0.0           0.0           0.0           0.0           0.0           0.0         
             14        0  0.0           0.0          -8.670000E-08  0.0           1.020000E-07  0.0         
             15        0  0.0           0.0          -8.670000E-08 -1.846343E-23  1.020000E-07  0.0         
             16        0  0.0           0.0           0.0           0.0           0.0           0.0         
             17        0  0.0           0.0           0.0           0.0           0.0           0.0         
             18        0  0.0           0.0           0.0           0.0           0.0           0.0         
             19        0  0.0           0.0           4.275407E-08  0.0          -3.946525E-08  0.0         
             20        0  0.0           0.0           4.275407E-08  0.0           3.946525E-08  0.0         
             21        0  0.0           0.0           0.0           0.0           0.0           0.0         
             22        0  0.0           0.0           9.225225E-08 -2.699978E-08  0.0           0.0         
             23        0  0.0           0.0           9.225225E-08  2.699978E-08  0.0           0.0         
             24        0  0.0           0.0           0.0           0.0           0.0           0.0         
             25        0  0.0           0.0           0.0           0.0           0.0           0.0         
             26        0  0.0           0.0           0.0           0.0           0.0           0.0         
             27        0  0.0           0.0           1.200000E-07  1.200000E-07  2.854536E-23  0.0         
             28        0  0.0           0.0           1.200000E-07  1.200000E-07  1.518404E-22  0.0         
                         ------------- ------------- ------------- ------------- ------------- -------------
                MAX* :    5.000000E-09  1.000000E-09  1.875000E-07  1.500000E-07  1.020000E-07  0.0         
                MIN* :    0.0           0.0          -8.670000E-08 -2.699978E-08 -3.946525E-08  0.0         

                ABS* :    5.000000E-09  1.000000E-09  1.875000E-07  1.500000E-07  1.020000E-07  0.0         
                *for output set


 OUTPUT FOR SUBCASE        1

                                                          S P C   F O R C E S
                                              (in global coordinate system at each grid)
           GRID     COORD      T1            T2            T3            R1            R2            R3
                     SYS
              1        0 -5.000000E-01 -1.000000E+00  0.0           0.0           0.0           0.0         
              2        0  0.0          -1.000000E+00  0.0           0.0           0.0           0.0         
              4        0 -5.000000E-01  0.0           0.0           0.0           0.0           0.0         
              5        0 -2.500000E+00 -2.500000E+00  0.0           0.0           0.0           0.0         
              6        0 -2.500000E+00  2.500000E+00  0.0           0.0           0.0           0.0         
              7        0  0.0           2.500000E+00  0.0           0.0           0.0           0.0         
              8        0  0.0          -2.500000E+00  0.0           0.0           0.0           0.0         
              9        0  0.0           0.0          -1.707751E-18 -1.000000E-03 -8.610386E-19  0.0         
             10        0  0.0           0.0          -5.115495E-19 -1.000000E-03  4.303066E-20  0.0         
             13        0  0.0           0.0           8.673617E-19  8.673617E-19 -1.000000E-03  0.0         
             16        0  0.0           0.0           4.336809E-19 -3.794708E-19 -1.000000E-03  0.0         
             17        0  0.0           0.0          -1.500000E-03 -1.350000E-03  5.919787E-04  0.0         
             18        0  0.0           0.0          -1.500000E-03 -1.350000E-03 -5.919787E-04  0.0         
             19        0  0.0           0.0           0.0          -1.350000E-03  0.0           0.0         
             20        0  0.0           0.0           0.0          -1.350000E-03  0.0           0.0         
             21        0  0.0           0.0          -1.500000E-03 -6.974943E-04  2.325000E-03  0.0         
             22        0  0.0           0.0           0.0           0.0           2.325000E-03  0.0         
             23        0  0.0           0.0           0.0           0.0           2.325000E-03  0.0         
             24        0  0.0           0.0          -1.500000E-03  6.974943E-04  2.325000E-03  0.0         
             25        0  0.0           0.0          -1.468855E-18 -1.000000E-03  1.383948E-19  0.0         
             26        0  0.0           0.0           5.034357E-19 -1.000000E-03 -9.981539E-20  0.0         
                         ------------- ------------- ------------- ------------- ------------- -------------
                MAX* :    0.0           2.500000E+00  8.673617E-19  6.974943E-04  2.325000E-03  0.0         
                MIN* :   -2.500000E+00 -2.500000E+00 -1.500000E-03 -1.350000E-03 -1.000000E-03  0.0         

                ABS* :    2.500000E+00  2.500000E+00  1.500000E-03  1.350000E-03  2.325000E-03  0.0         
                *for output set
                         ------------- ------------- ------------- ------------- ------------- -------------
     SPC FORCE TOTALS:   -6.000000E+00 -2.000000E+00 -6.000000E-03 -9.400000E-03  7.300000E-03  0.0         
     (for output set)

                                                    SPC Force Summary on AUTOSPC'd DOF's
                                                 (in global coordinate system at each grid)
        For detailed information on the SPC forces for the AUTOSPC DOF's, set field 7 (AUTOSPC_SPCF) on the PARAM AUTOSPC entry to Y

                              T1             T2             T3             R1             R2             R3

 ABS AUTOSPC FORCES  :   0.000000E+00   0.000000E+00   0.000000E+00   0.000000E+00   0.000000E+00   0.000000E+00
 AUTOSPC FORCE TOTALS:   0.000000E+00   0.000000E+00   0.000000E+00   0.000000E+00   0.000000E+00   0.000000E+00
     (for output set)


 OUTPUT FOR SUBCASE        1

                                                       E L E M E N T   E N G I N E E R I N G   F O R C E S
                                                           F O R   E L E M E N T   T Y P E   Q U A D 4  
  Element Location               N o r m a l   F o r c e s                       M o m e n t s                   T r a n s v e r s e
     ID                                                                                                        S h e a r   F o r c e s
                              Nxx           Nyy           Nxy           Mxx           Myy           Mxy            Qx           Qy
        1                 5.000000E-01  1.000000E+00 -5.169879E-17  0.000000E+00  0.000000E+00  0.000000E+00  0.000000E+00  0.000000E+00
           GRD       1    5.000000E-01  1.000000E+00  4.498780E-18  0.000000E+00  0.000000E+00  0.000000E+00  0.000000E+00  0.000000E+00
           GRD       2    5.000000E-01  1.000000E+00 -7.385303E-17  0.000000E+00  0.000000E+00  0.000000E+00  0.000000E+00  0.000000E+00
           GRD       3    5.000000E-01  1.000000E+00 -6.265992E-17  0.000000E+00  0.000000E+00  0.000000E+00  0.000000E+00  0.000000E+00
           GRD       4    5.000000E-01  1.000000E+00  1.569190E-17  0.000000E+00  0.000000E+00  0.000000E+00  0.000000E+00  0.000000E+00
        2                 0.000000E+00  0.000000E+00  2.500000E+00  0.000000E+00  0.000000E+00  0.000000E+00  0.000000E+00  0.000000E+00
           GRD       5    0.000000E+00  0.000000E+00  2.500000E+00  0.000000E+00  0.000000E+00  0.000000E+00  0.000000E+00  0.000000E+00
           GRD       6    0.000000E+00  0.000000E+00  2.500000E+00  0.000000E+00  0.000000E+00  0.000000E+00  0.000000E+00  0.000000E+00
           GRD       7    0.000000E+00  0.000000E+00  2.500000E+00  0.000000E+00  0.000000E+00  0.000000E+00  0.000000E+00  0.000000E+00
           GRD       8    0.000000E+00  0.000000E+00  2.500000E+00  0.000000E+00  0.000000E+00  0.000000E+00  0.000000E+00  0.000000E+00
        3                 0.000000E+00  0.000000E+00  0.000000E+00 -9.423509E-21  1.000000E-03 -3.477073E-19 -3.819940E-19  1.128266E-18
           GRD       9    0.000000E+00  0.000000E+00  0.000000E+00 -1.051815E-36  1.000000E-03 -1.400372E-19  2.630854E-19  5.568371E-19
           GRD      10    0.000000E+00  0.000000E+00  0.000000E+00 -2.940605E-36  1.000000E-03 -1.154695E-19  2.630854E-19 -2.050679E-19
           GRD      11    0.000000E+00  0.000000E+00  0.000000E+00 -1.884702E-20  1.000000E-03 -5.691638E-19 -5.871874E-19  1.699695E-18
           GRD      12    0.000000E+00  0.000000E+00  0.000000E+00 -1.884702E-20  1.000000E-03 -5.937315E-19 -5.871874E-19  2.461599E-18
        4                 0.000000E+00  0.000000E+00  0.000000E+00 -1.000000E-03 -7.693098E-20 -2.205815E-19 -6.422173E-19 -4.816630E-19
           GRD      13    0.000000E+00  0.000000E+00  0.000000E+00 -1.000000E-03  0.000000E+00  8.112674E-21  4.543892E-19  5.504129E-19
           GRD      14    0.000000E+00  0.000000E+00  0.000000E+00 -1.000000E-03 -1.538620E-19 -3.261884E-19 -6.579639E-19 -1.674293E-18
           GRD      15    0.000000E+00  0.000000E+00  0.000000E+00 -1.000000E-03 -1.538620E-19 -4.217030E-19 -9.360522E-19 -1.674293E-18
           GRD      16    0.000000E+00  0.000000E+00  0.000000E+00 -1.000000E-03  0.000000E+00 -8.740192E-20  1.763009E-19  5.504129E-19
        5                 0.000000E+00  0.000000E+00  0.000000E+00  3.288771E-04  0.000000E+00 -1.378634E-20  1.509097E-19  1.500000E-03
           GRD      17    0.000000E+00  0.000000E+00  0.000000E+00  0.000000E+00  0.000000E+00 -1.827095E-04 -1.785281E-19  1.500000E-03
           GRD      18    0.000000E+00  0.000000E+00  0.000000E+00  7.846527E-20  0.000000E+00  1.827095E-04  8.285520E-20  1.500000E-03
           GRD      19    0.000000E+00  0.000000E+00  0.000000E+00  6.577541E-04  0.000000E+00  1.827095E-04 -4.783647E-20  1.500000E-03
           GRD      20    0.000000E+00  0.000000E+00  0.000000E+00  6.577541E-04  0.000000E+00 -1.827095E-04 -3.092198E-19  1.500000E-03
        6                 0.000000E+00  0.000000E+00  0.000000E+00  0.000000E+00  2.249982E-04  6.893172E-20  1.500000E-03  2.310080E-19
           GRD      21    0.000000E+00  0.000000E+00  0.000000E+00  0.000000E+00  3.789561E-20 -7.258006E-05  1.500000E-03 -3.216335E-20
           GRD      22    0.000000E+00  0.000000E+00  0.000000E+00  0.000000E+00  4.499963E-04 -7.258006E-05  1.500000E-03  3.679542E-19
           GRD      23    0.000000E+00  0.000000E+00  0.000000E+00  0.000000E+00  4.499963E-04  7.258006E-05  1.500000E-03  4.479777E-19
           GRD      24    0.000000E+00  0.000000E+00  0.000000E+00  0.000000E+00  3.789561E-20  7.258006E-05  1.500000E-03  4.786016E-20
        7                 0.000000E+00  0.000000E+00  0.000000E+00  5.137292E-19  1.000000E-03 -5.369156E-19  2.633066E-19  1.130323E-18
           GRD      25    0.000000E+00  0.000000E+00  0.000000E+00 -6.731613E-35  1.000000E-03 -6.128637E-19  7.103792E-19  2.365246E-18
           GRD      26    0.000000E+00  0.000000E+00  0.000000E+00 -6.731613E-35  1.000000E-03 -1.354067E-19  7.103792E-19 -1.854348E-18
           GRD      27    0.000000E+00  0.000000E+00  0.000000E+00  1.027458E-18  1.000000E-03 -4.816471E-19  3.576082E-19 -9.166608E-19
           GRD      28    0.000000E+00  0.000000E+00  0.000000E+00  1.027458E-18  1.000000E-03 -9.591041E-19  3.576082E-19  3.302933E-18
                          ------------- ------------- ------------- ------------- ------------- ------------- ------------- -------------
                MAX* :    5.000000E-01  1.000000E+00  2.500000E+00  6.577541E-04  1.000000E-03  1.827095E-04  1.500000E-03  1.500000E-03
                MIN* :    0.000000E+00  0.000000E+00 -7.385303E-17 -1.000000E-03 -1.538620E-19 -1.827095E-04 -9.360522E-19 -1.854348E-18

                ABS* :    5.000000E-01  1.000000E+00  2.500000E+00  1.000000E-03  1.000000E-03  1.827095E-04  1.500000E-03  1.500000E-03
                *for output set


 OUTPUT FOR SUBCASE        1

                                          E L E M E N T   S T R E S S E S   I N   L O C A L   E L E M E N T   C O O R D I N A T E   S Y S T E M
                                                                       F O R   E L E M E N T   T Y P E   Q U A D 4  
    Elem  Location       Fibre       Stresses In Element Coord System     Principal Stresses (Zero Shear)               Transverse   Transverse   % Poly
     ID                 Distance    Normal-X     Normal-Y     Shear-XY     Angle     Major        Minor      von Mises    Shear-XZ     Shear-YZ    Fit Err
                                                                                                                         (max through thickness)

        1  CENTER      -5.000E-03  5.00000E+01  1.00000E+02 -5.16988E-15  -90.00  1.00000E+02  5.00000E+01  8.66025E+01  0.00000E+00  0.00000E+00
                        5.000E-03  5.00000E+01  1.00000E+02 -5.16988E-15  -90.00  1.00000E+02  5.00000E+01  8.66025E+01

           GRD       1 -5.000E-03  5.00000E+01  1.00000E+02  4.49878E-16   90.00  1.00000E+02  5.00000E+01  8.66025E+01  0.00000E+00  0.00000E+00 -0.6E+01(3)
                        5.000E-03  5.00000E+01  1.00000E+02  4.49878E-16   90.00  1.00000E+02  5.00000E+01  8.66025E+01

           GRD       2 -5.000E-03  5.00000E+01  1.00000E+02 -7.38530E-15  -90.00  1.00000E+02  5.00000E+01  8.66025E+01  0.00000E+00  0.00000E+00  0.6E+01(3)
                        5.000E-03  5.00000E+01  1.00000E+02 -7.38530E-15  -90.00  1.00000E+02  5.00000E+01  8.66025E+01

           GRD       3 -5.000E-03  5.00000E+01  1.00000E+02 -6.26599E-15  -90.00  1.00000E+02  5.00000E+01  8.66025E+01  0.00000E+00  0.00000E+00  0.6E+01(3)
                        5.000E-03  5.00000E+01  1.00000E+02 -6.26599E-15  -90.00  1.00000E+02  5.00000E+01  8.66025E+01

           GRD       4 -5.000E-03  5.00000E+01  1.00000E+02  1.56919E-15   90.00  1.00000E+02  5.00000E+01  8.66025E+01  0.00000E+00  0.00000E+00 -0.6E+01(3)
                        5.000E-03  5.00000E+01  1.00000E+02  1.56919E-15   90.00  1.00000E+02  5.00000E+01  8.66025E+01

        2  CENTER      -5.000E-03  0.00000E+00  0.00000E+00  2.50000E+02   45.00  2.50000E+02 -2.50000E+02  4.33013E+02  0.00000E+00  0.00000E+00
                        5.000E-03  0.00000E+00  0.00000E+00  2.50000E+02   45.00  2.50000E+02 -2.50000E+02  4.33013E+02

           GRD       5 -5.000E-03  0.00000E+00  0.00000E+00  2.50000E+02   45.00  2.50000E+02 -2.50000E+02  4.33013E+02  0.00000E+00  0.00000E+00  0.0E+00
                        5.000E-03  0.00000E+00  0.00000E+00  2.50000E+02   45.00  2.50000E+02 -2.50000E+02  4.33013E+02

           GRD       6 -5.000E-03  0.00000E+00  0.00000E+00  2.50000E+02   45.00  2.50000E+02 -2.50000E+02  4.33013E+02  0.00000E+00  0.00000E+00  0.0E+00
                        5.000E-03  0.00000E+00  0.00000E+00  2.50000E+02   45.00  2.50000E+02 -2.50000E+02  4.33013E+02

           GRD       7 -5.000E-03  0.00000E+00  0.00000E+00  2.50000E+02   45.00  2.50000E+02 -2.50000E+02  4.33013E+02  0.00000E+00  0.00000E+00  0.0E+00
                        5.000E-03  0.00000E+00  0.00000E+00  2.50000E+02   45.00  2.50000E+02 -2.50000E+02  4.33013E+02

           GRD       8 -5.000E-03  0.00000E+00  0.00000E+00  2.50000E+02   45.00  2.50000E+02 -2.50000E+02  4.33013E+02  0.00000E+00  0.00000E+00  0.0E+00
                        5.000E-03  0.00000E+00  0.00000E+00  2.50000E+02   45.00  2.50000E+02 -2.50000E+02  4.33013E+02

        3  CENTER      -5.000E-03 -5.65411E-16  6.00000E+01 -2.08624E-14  -90.00  6.00000E+01  0.00000E+00  6.00000E+01 -4.58393E-17  1.35392E-16
                        5.000E-03  5.65411E-16 -6.00000E+01  2.08624E-14    0.00  0.00000E+00 -6.00000E+01  6.00000E+01

           GRD       9 -5.000E-03 -6.31089E-32  6.00000E+01 -8.40223E-15  -90.00  6.00000E+01  0.00000E+00  6.00000E+01  3.15702E-17  6.68205E-17 -0.5E+01(8)
                        5.000E-03  6.31089E-32 -6.00000E+01  8.40223E-15    0.00  0.00000E+00 -6.00000E+01  6.00000E+01

           GRD      10 -5.000E-03 -1.76436E-31  6.00000E+01 -6.92817E-15  -90.00  6.00000E+01  0.00000E+00  6.00000E+01  3.15702E-17 -2.46081E-17  0.5E+01(8)
                        5.000E-03  1.76436E-31 -6.00000E+01  6.92817E-15    0.00  0.00000E+00 -6.00000E+01  6.00000E+01

           GRD      11 -5.000E-03 -1.13082E-15  6.00000E+01 -3.41498E-14  -90.00  6.00000E+01  0.00000E+00  6.00000E+01 -7.04625E-17  2.03963E-16  0.5E+01(8)
                        5.000E-03  1.13082E-15 -6.00000E+01  3.41498E-14    0.00  0.00000E+00 -6.00000E+01  6.00000E+01

           GRD      12 -5.000E-03 -1.13082E-15  6.00000E+01 -3.56239E-14  -90.00  6.00000E+01  0.00000E+00  6.00000E+01 -7.04625E-17  2.95392E-16 -0.5E+01(8)
                        5.000E-03  1.13082E-15 -6.00000E+01  3.56239E-14    0.00  0.00000E+00 -6.00000E+01  6.00000E+01

        4  CENTER      -5.000E-03 -6.00000E+01 -4.61586E-15 -1.32349E-14  -90.00 -7.10543E-15 -6.00000E+01  6.00000E+01 -7.70661E-17 -5.77996E-17
                        5.000E-03  6.00000E+01  4.61586E-15  1.32349E-14    0.00  6.00000E+01  7.10543E-15  6.00000E+01

           GRD      13 -5.000E-03 -6.00000E+01  0.00000E+00  4.86760E-16   90.00  0.00000E+00 -6.00000E+01  6.00000E+01  5.45267E-17  6.60495E-17  0.2E-13
                        5.000E-03  6.00000E+01  0.00000E+00 -4.86760E-16   -0.00  6.00000E+01  0.00000E+00  6.00000E+01

           GRD      14 -5.000E-03 -6.00000E+01 -9.23172E-15 -1.95713E-14  -90.00 -7.10543E-15 -6.00000E+01  6.00000E+01 -7.89557E-17 -2.00915E-16  0.2E-13
                        5.000E-03  6.00000E+01  9.23172E-15  1.95713E-14    0.00  6.00000E+01  7.10543E-15  6.00000E+01

           GRD      15 -5.000E-03 -6.00000E+01 -9.23172E-15 -2.53022E-14  -90.00 -7.10543E-15 -6.00000E+01  6.00000E+01 -1.12326E-16 -2.00915E-16 -0.2E-13
                        5.000E-03  6.00000E+01  9.23172E-15  2.53022E-14    0.00  6.00000E+01  7.10543E-15  6.00000E+01

           GRD      16 -5.000E-03 -6.00000E+01  0.00000E+00 -5.24411E-15  -90.00  0.00000E+00 -6.00000E+01  6.00000E+01  2.11561E-17  6.60495E-17 -0.2E-13
                        5.000E-03  6.00000E+01  0.00000E+00  5.24411E-15    0.00  6.00000E+01  0.00000E+00  6.00000E+01

        5  CENTER      -5.000E-03  1.97326E+01  0.00000E+00 -8.27181E-16   -0.00  1.97326E+01  0.00000E+00  1.97326E+01  1.81092E-17  1.80000E-01
                        5.000E-03 -1.97326E+01  0.00000E+00  8.27181E-16   90.00  0.00000E+00 -1.97326E+01  1.97326E+01

           GRD      17 -5.000E-03  0.00000E+00  0.00000E+00 -1.09626E+01  -45.00  1.09626E+01 -1.09626E+01  1.89877E+01 -2.14234E-17  1.80000E-01  0.2E-13
                        5.000E-03  0.00000E+00  0.00000E+00  1.09626E+01   45.00  1.09626E+01 -1.09626E+01  1.89877E+01

           GRD      18 -5.000E-03  4.70792E-15  0.00000E+00  1.09626E+01   45.00  1.09626E+01 -1.09626E+01  1.89877E+01  9.94262E-18  1.80000E-01 -0.2E-13
                        5.000E-03 -4.70792E-15  0.00000E+00 -1.09626E+01  -45.00  1.09626E+01 -1.09626E+01  1.89877E+01

           GRD      19 -5.000E-03  3.94652E+01  0.00000E+00  1.09626E+01   14.53  4.23059E+01 -2.84069E+00  4.37954E+01 -5.74038E-18  1.80000E-01  0.2E-13
                        5.000E-03 -3.94652E+01  0.00000E+00 -1.09626E+01  -75.47  2.84069E+00 -4.23059E+01  4.37954E+01

           GRD      20 -5.000E-03  3.94652E+01  0.00000E+00 -1.09626E+01  -14.53  4.23059E+01 -2.84069E+00  4.37954E+01 -3.71064E-17  1.80000E-01 -0.3E-13
                        5.000E-03 -3.94652E+01  0.00000E+00  1.09626E+01   75.47  2.84069E+00 -4.23059E+01  4.37954E+01

        6  CENTER      -5.000E-03  0.00000E+00  1.34999E+01  4.13590E-15   90.00  1.34999E+01  0.00000E+00  1.34999E+01  1.80000E-01  2.77210E-17
                        5.000E-03  0.00000E+00 -1.34999E+01 -4.13590E-15   -0.00  0.00000E+00 -1.34999E+01  1.34999E+01

           GRD      21 -5.000E-03  0.00000E+00  2.27374E-15 -4.35480E+00  -45.00  4.35480E+00 -4.35480E+00  7.54274E+00  1.80000E-01 -3.85960E-18  0.6E+01(8)
                        5.000E-03  0.00000E+00 -2.27374E-15  4.35480E+00   45.00  4.35480E+00 -4.35480E+00  7.54274E+00

           GRD      22 -5.000E-03  0.00000E+00  2.69998E+01 -4.35480E+00  -81.06  2.76848E+01 -6.85008E-01  2.80336E+01  1.80000E-01  4.41545E-17 -0.6E+01(8)
                        5.000E-03  0.00000E+00 -2.69998E+01  4.35480E+00    8.94  6.85008E-01 -2.76848E+01  2.80336E+01

           GRD      23 -5.000E-03  0.00000E+00  2.69998E+01  4.35480E+00   81.06  2.76848E+01 -6.85008E-01  2.80336E+01  1.80000E-01  5.37573E-17 -0.6E+01(8)
                        5.000E-03  0.00000E+00 -2.69998E+01 -4.35480E+00   -8.94  6.85008E-01 -2.76848E+01  2.80336E+01

           GRD      24 -5.000E-03  0.00000E+00  2.27374E-15  4.35480E+00   45.00  4.35480E+00 -4.35480E+00  7.54274E+00  1.80000E-01  5.74322E-18  0.6E+01(8)
                        5.000E-03  0.00000E+00 -2.27374E-15 -4.35480E+00  -45.00  4.35480E+00 -4.35480E+00  7.54274E+00

        7  CENTER      -5.000E-03  3.08238E-14  6.00000E+01 -3.22149E-14  -90.00  6.00000E+01  2.84217E-14  6.00000E+01  3.15968E-17  1.35639E-16
                        5.000E-03 -3.08238E-14 -6.00000E+01  3.22149E-14    0.00 -2.84217E-14 -6.00000E+01  6.00000E+01

           GRD      25 -5.000E-03 -4.03897E-30  6.00000E+01 -3.67718E-14  -90.00  6.00000E+01  0.00000E+00  6.00000E+01  8.52455E-17  2.83829E-16  0.1E+01(6)
                        5.000E-03  4.03897E-30 -6.00000E+01  3.67718E-14    0.00  0.00000E+00 -6.00000E+01  6.00000E+01

           GRD      26 -5.000E-03 -4.03897E-30  6.00000E+01 -8.12440E-15  -90.00  6.00000E+01  0.00000E+00  6.00000E+01  8.52455E-17 -2.22522E-16 -0.1E+01(6)
                        5.000E-03  4.03897E-30 -6.00000E+01  8.12440E-15    0.00  0.00000E+00 -6.00000E+01  6.00000E+01

           GRD      27 -5.000E-03  6.16475E-14  6.00000E+01 -2.88988E-14  -90.00  6.00000E+01  6.39488E-14  6.00000E+01  4.29130E-17 -1.09999E-16 -0.1E+01(6)
                        5.000E-03 -6.16475E-14 -6.00000E+01  2.88988E-14    0.00 -6.39488E-14 -6.00000E+01  6.00000E+01

           GRD      28 -5.000E-03  6.16475E-14  6.00000E+01 -5.75462E-14  -90.00  6.00000E+01  6.39488E-14  6.00000E+01  4.29130E-17  3.96352E-16  0.1E+01(6)
                        5.000E-03 -6.16475E-14 -6.00000E+01  5.75462E-14    0.00 -6.39488E-14 -6.00000E+01  6.00000E+01
                                  ------------ ------------ ------------         ------------ ------------ ------------ ------------ ------------ --------
 MAX* :                            6.00000E+01  1.00000E+02  2.50000E+02          2.50000E+02  5.00000E+01  4.33013E+02  1.80000E-01  1.80000E-01  0.6E+01
 MIN* :                           -6.00000E+01 -6.00000E+01 -1.09626E+01         -6.39488E-14 -2.50000E+02  7.54274E+00 -1.12326E-16 -2.22522E-16 -0.6E+01

 ABS* :                            6.00000E+01  1.00000E+02  2.50000E+02          2.50000E+02  2.50000E+02  4.33013E+02  1.80000E-01  1.80000E-01  0.6E+01
 *for output set
 NOTE: Explanation of errors in the polynomial fit to extrapolate element corner point stresses from values at the Gauss points:
       (3): Polynomial fit error is in XY shear   stress
       (6): Polynomial fit error is in XY twist   stress
       (8): Polynomial fit error is in YZ shear   stress


 OUTPUT FOR SUBCASE        1

                                           E L E M E N T   S T R A I N S   I N   L O C A L   E L E M E N T   C O O R D I N A T E   S Y S T E M
                                                                       F O R   E L E M E N T   T Y P E   Q U A D 4  
  Elem  Location         Fibre      Strains In Element Coord System       Principal Strains (Zero Shear)                 Transverse   Transverse   % Poly
   ID                   Distance   Normal-X     Normal-Y     Shear-XY     Angle      Major        Minor      von Mises    Shear-XZ     Shear-YZ    Fit Err 

        1  CENTER      -5.000E-03  2.50000E-10  5.00000E-10 -5.16988E-26  -90.00  5.00000E-10  2.50000E-10  4.33013E-10  0.00000E+00  0.00000E+00
                        5.000E-03  2.50000E-10  5.00000E-10 -5.16988E-26  -90.00  5.00000E-10  2.50000E-10  4.33013E-10

           GRD       1 -5.000E-03  2.50000E-10  5.00000E-10  4.49878E-27   90.00  5.00000E-10  2.50000E-10  4.33013E-10  0.00000E+00  0.00000E+00 -0.6E+01(3)
                        5.000E-03  2.50000E-10  5.00000E-10  4.49878E-27   90.00  5.00000E-10  2.50000E-10  4.33013E-10

           GRD       2 -5.000E-03  2.50000E-10  5.00000E-10 -7.38530E-26  -90.00  5.00000E-10  2.50000E-10  4.33013E-10  0.00000E+00  0.00000E+00  0.6E+01(3)
                        5.000E-03  2.50000E-10  5.00000E-10 -7.38530E-26  -90.00  5.00000E-10  2.50000E-10  4.33013E-10

           GRD       3 -5.000E-03  2.50000E-10  5.00000E-10 -6.26599E-26  -90.00  5.00000E-10  2.50000E-10  4.33013E-10  0.00000E+00  0.00000E+00  0.6E+01(3)
                        5.000E-03  2.50000E-10  5.00000E-10 -6.26599E-26  -90.00  5.00000E-10  2.50000E-10  4.33013E-10

           GRD       4 -5.000E-03  2.50000E-10  5.00000E-10  1.56919E-26   90.00  5.00000E-10  2.50000E-10  4.33013E-10  0.00000E+00  0.00000E+00 -0.6E+01(3)
                        5.000E-03  2.50000E-10  5.00000E-10  1.56919E-26   90.00  5.00000E-10  2.50000E-10  4.33013E-10

        2  CENTER      -5.000E-03  0.00000E+00  0.00000E+00  2.50000E-09   45.00  2.50000E-09 -2.50000E-09  4.33013E-09  0.00000E+00  0.00000E+00
                        5.000E-03  0.00000E+00  0.00000E+00  2.50000E-09   45.00  2.50000E-09 -2.50000E-09  4.33013E-09

           GRD       5 -5.000E-03  0.00000E+00  0.00000E+00  2.50000E-09   45.00  2.50000E-09 -2.50000E-09  4.33013E-09  0.00000E+00  0.00000E+00  0.0E+00
                        5.000E-03  0.00000E+00  0.00000E+00  2.50000E-09   45.00  2.50000E-09 -2.50000E-09  4.33013E-09

           GRD       6 -5.000E-03  0.00000E+00  0.00000E+00  2.50000E-09   45.00  2.50000E-09 -2.50000E-09  4.33013E-09  0.00000E+00  0.00000E+00  0.0E+00
                        5.000E-03  0.00000E+00  0.00000E+00  2.50000E-09   45.00  2.50000E-09 -2.50000E-09  4.33013E-09

           GRD       7 -5.000E-03  0.00000E+00  0.00000E+00  2.50000E-09   45.00  2.50000E-09 -2.50000E-09  4.33013E-09  0.00000E+00  0.00000E+00  0.0E+00
                        5.000E-03  0.00000E+00  0.00000E+00  2.50000E-09   45.00  2.50000E-09 -2.50000E-09  4.33013E-09

           GRD       8 -5.000E-03  0.00000E+00  0.00000E+00  2.50000E-09   45.00  2.50000E-09 -2.50000E-09  4.33013E-09  0.00000E+00  0.00000E+00  0.0E+00
                        5.000E-03  0.00000E+00  0.00000E+00  2.50000E-09   45.00  2.50000E-09 -2.50000E-09  4.33013E-09

        3  CENTER      -5.000E-03 -2.82705E-27  3.00000E-10 -2.08624E-25  -90.00  3.00000E-10  0.00000E+00  3.00000E-10 -5.74654E-24  1.69731E-23
                        5.000E-03  2.82705E-27 -3.00000E-10  2.08624E-25    0.00  0.00000E+00 -3.00000E-10  3.00000E-10

           GRD       9 -5.000E-03 -4.59177E-43  3.00000E-10 -8.40223E-26  -90.00  3.00000E-10  0.00000E+00  3.00000E-10  3.95774E-24  8.37680E-24 -0.5E+01(8)
                        5.000E-03  4.59177E-43 -3.00000E-10  8.40223E-26    0.00  0.00000E+00 -3.00000E-10  3.00000E-10

           GRD      10 -5.000E-03 -9.39859E-43  3.00000E-10 -6.92817E-26  -90.00  3.00000E-10  0.00000E+00  3.00000E-10  3.95774E-24 -3.08495E-24  0.5E+01(8)
                        5.000E-03  9.39859E-43 -3.00000E-10  6.92817E-26    0.00  0.00000E+00 -3.00000E-10  3.00000E-10

           GRD      11 -5.000E-03 -5.65411E-27  3.00000E-10 -3.41498E-25  -90.00  3.00000E-10  0.00000E+00  3.00000E-10 -8.83338E-24  2.55694E-23  0.5E+01(8)
                        5.000E-03  5.65411E-27 -3.00000E-10  3.41498E-25    0.00  0.00000E+00 -3.00000E-10  3.00000E-10

           GRD      12 -5.000E-03 -5.65411E-27  3.00000E-10 -3.56239E-25  -90.00  3.00000E-10  0.00000E+00  3.00000E-10 -8.83338E-24  3.70312E-23 -0.5E+01(8)
                        5.000E-03  5.65411E-27 -3.00000E-10  3.56239E-25    0.00  0.00000E+00 -3.00000E-10  3.00000E-10

        4  CENTER      -5.000E-03 -3.00000E-10 -2.30793E-26 -1.32349E-25  -90.00  0.00000E+00 -3.00000E-10  3.00000E-10 -6.61744E-24 -4.96308E-24
                        5.000E-03  3.00000E-10  2.30793E-26  1.32349E-25    0.00  3.00000E-10  0.00000E+00  3.00000E-10

           GRD      13 -5.000E-03 -3.00000E-10  0.00000E+00  4.86760E-27   90.00  0.00000E+00 -3.00000E-10  3.00000E-10  4.68205E-24  5.67149E-24  0.1E-13
                        5.000E-03  3.00000E-10  0.00000E+00 -4.86760E-27   -0.00  3.00000E-10  0.00000E+00  3.00000E-10

           GRD      14 -5.000E-03 -3.00000E-10 -4.61586E-26 -1.95713E-25  -90.00 -5.16988E-26 -3.00000E-10  3.00000E-10 -6.77970E-24 -1.72520E-23  0.1E-13
                        5.000E-03  3.00000E-10  4.61586E-26  1.95713E-25    0.00  3.00000E-10  5.16988E-26  3.00000E-10

           GRD      15 -5.000E-03 -3.00000E-10 -4.61586E-26 -2.53022E-25  -90.00 -5.16988E-26 -3.00000E-10  3.00000E-10 -9.64514E-24 -1.72520E-23  0.2E-13
                        5.000E-03  3.00000E-10  4.61586E-26  2.53022E-25    0.00  3.00000E-10  5.16988E-26  3.00000E-10

           GRD      16 -5.000E-03 -3.00000E-10  0.00000E+00 -5.24411E-26  -90.00  0.00000E+00 -3.00000E-10  3.00000E-10  1.81661E-24  5.67149E-24 -0.1E-13
                        5.000E-03  3.00000E-10  0.00000E+00  5.24411E-26    0.00  3.00000E-10  0.00000E+00  3.00000E-10

        5  CENTER      -5.000E-03  9.86631E-11  0.00000E+00 -8.27181E-27   -0.00  9.86631E-11  0.00000E+00  9.86631E-11  1.65436E-24  1.64439E-08
                        5.000E-03 -9.86631E-11  0.00000E+00  8.27181E-27   90.00  0.00000E+00 -9.86631E-11  9.86631E-11

           GRD      17 -5.000E-03  0.00000E+00  0.00000E+00 -1.09626E-10  -45.00  1.09626E-10 -1.09626E-10  1.89877E-10 -1.95713E-24  1.64439E-08  0.2E-13
                        5.000E-03  0.00000E+00  0.00000E+00  1.09626E-10   45.00  1.09626E-10 -1.09626E-10  1.89877E-10

           GRD      18 -5.000E-03  3.89909E-27  0.00000E+00  1.09626E-10   45.00  1.09626E-10 -1.09626E-10  1.89877E-10  9.08307E-25  1.64439E-08 -0.3E-13
                        5.000E-03 -3.89909E-27  0.00000E+00 -1.09626E-10  -45.00  1.09626E-10 -1.09626E-10  1.89877E-10

           GRD      19 -5.000E-03  1.97326E-10  0.00000E+00  1.09626E-10   24.01  2.46149E-10 -4.88232E-11  2.73845E-10 -5.24411E-25  1.64439E-08  0.1E-13
                        5.000E-03 -1.97326E-10  0.00000E+00 -1.09626E-10  -65.99  4.88232E-11 -2.46149E-10  2.73845E-10

           GRD      20 -5.000E-03  1.97326E-10  0.00000E+00 -1.09626E-10  -24.01  2.46149E-10 -4.88232E-11  2.73845E-10 -3.38985E-24  1.64439E-08 -0.2E-13
                        5.000E-03 -1.97326E-10  0.00000E+00  1.09626E-10   65.99  4.88232E-11 -2.46149E-10  2.73845E-10

        6  CENTER      -5.000E-03  0.00000E+00  6.74995E-11  4.13590E-26   90.00  6.74995E-11  0.00000E+00  6.74995E-11  2.68556E-08  4.13590E-24
                        5.000E-03  0.00000E+00 -6.74995E-11 -4.13590E-26   -0.00  0.00000E+00 -6.74995E-11  6.74995E-11

           GRD      21 -5.000E-03  0.00000E+00  8.27181E-27 -4.35480E-11  -45.00  4.35480E-11 -4.35480E-11  7.54274E-11  2.68556E-08 -5.75844E-25  0.6E+01(8)
                        5.000E-03  0.00000E+00 -8.27181E-27  4.35480E-11   45.00  4.35480E-11 -4.35480E-11  7.54274E-11

           GRD      22 -5.000E-03  0.00000E+00  1.34999E-10 -4.35480E-11  -73.59  1.47828E-10 -1.28287E-11  1.54642E-10  2.68556E-08  6.58775E-24 -0.6E+01(8)
                        5.000E-03  0.00000E+00 -1.34999E-10  4.35480E-11   16.41  1.28287E-11 -1.47828E-10  1.54642E-10

           GRD      23 -5.000E-03  0.00000E+00  1.34999E-10  4.35480E-11   73.59  1.47828E-10 -1.28287E-11  1.54642E-10  2.68556E-08  8.02047E-24 -0.6E+01(8)
                        5.000E-03  0.00000E+00 -1.34999E-10 -4.35480E-11  -16.41  1.28287E-11 -1.47828E-10  1.54642E-10

           GRD      24 -5.000E-03  0.00000E+00  8.27181E-27  4.35480E-11   45.00  4.35480E-11 -4.35480E-11  7.54274E-11  2.68556E-08  8.56875E-25  0.6E+01(8)
                        5.000E-03  0.00000E+00 -8.27181E-27 -4.35480E-11  -45.00  4.35480E-11 -4.35480E-11  7.54274E-11

        7  CENTER      -5.000E-03  1.54119E-25  3.00000E-10 -3.22149E-25  -90.00  3.00000E-10  1.55096E-25  3.00000E-10  3.21851E-24  1.38164E-23
                        5.000E-03 -1.54119E-25 -3.00000E-10  3.22149E-25    0.00 -1.55096E-25 -3.00000E-10  3.00000E-10

           GRD      25 -5.000E-03  0.00000E+00  3.00000E-10 -3.67718E-25  -90.00  3.00000E-10  0.00000E+00  3.00000E-10  8.68326E-24  2.89114E-23  0.1E+01(6)
                        5.000E-03  0.00000E+00 -3.00000E-10  3.67718E-25    0.00  0.00000E+00 -3.00000E-10  3.00000E-10

           GRD      26 -5.000E-03 -1.46937E-41  3.00000E-10 -8.12440E-26  -90.00  3.00000E-10  0.00000E+00  3.00000E-10  8.68326E-24 -2.26665E-23 -0.1E+01(6)
                        5.000E-03  1.46937E-41 -3.00000E-10  8.12440E-26    0.00  0.00000E+00 -3.00000E-10  3.00000E-10

           GRD      27 -5.000E-03  3.08238E-25  3.00000E-10 -2.88988E-25  -90.00  3.00000E-10  3.10193E-25  3.00000E-10  4.37120E-24 -1.12047E-23 -0.1E+01(6)
                        5.000E-03 -3.08238E-25 -3.00000E-10  2.88988E-25    0.00 -3.10193E-25 -3.00000E-10  3.00000E-10

           GRD      28 -5.000E-03  3.08238E-25  3.00000E-10 -5.75462E-25  -90.00  3.00000E-10  3.10193E-25  3.00000E-10  4.37120E-24  4.03731E-23  0.1E+01(6)
                        5.000E-03 -3.08238E-25 -3.00000E-10  5.75462E-25    0.00 -3.10193E-25 -3.00000E-10  3.00000E-10
                                  ------------ ------------ ------------         ------------ ------------ ------------ ------------ ------------ --------
 MAX* :                            3.00000E-10  5.00000E-10  2.50000E-09          2.50000E-09  2.50000E-10  4.33013E-09  2.68556E-08  1.64439E-08  0.6E+01
 MIN* :                           -3.00000E-10 -3.00000E-10 -1.09626E-10         -3.10193E-25 -2.50000E-09  6.74995E-11 -9.64514E-24 -2.26665E-23 -0.6E+01

 ABS* :                            3.00000E-10  5.00000E-10  2.50000E-09          2.50000E-09  2.50000E-09  4.33013E-09  2.68556E-08  1.64439E-08  0.6E+01
 *for output set
 NOTE: Explanation of errors in the polynomial fit to extrapolate element corner point strains from values at the Gauss points:
       (3): Polynomial fit error is in XY shear   strain
       (6): Polynomial fit error is in XY twist   strain
       (8): Polynomial fit error is in YZ shear   strain

 >> LINK  9 END

    Total CPU time =  3.12E-02 seconds

 >> MYSTRAN END    :  6/ 4/2026 at 11:54:54.939
