   604115447

 MYSTRAN Version 18.0.0   APR 20 2026 MYSTRAN developed by Dr Bill Case
*** Please report any problems to mystransolver@gmail.com ***                                                                                                                                                                                                   

 >> MYSTRAN BEGIN  :  6/ 4/2026 at 11:54:47. 93 The input file is C:\Users\victo\Documents\Git\MYSTRAN_Validation\working\NAS S30 shell thermal stress_2.bdf                                                                                                                                                                      


 >> LINK  0 BEGIN


SOL 101                                                                                                                                                                                                                                                         
CEND                                                                                                                                                                                                                                                            
DISPLACEMENT = ALL                                                                                                                                                                                                                                              
SPC = 1                                                                                                                                                                                                                                                         
TEMPERATURE = 1                                                                                                                                                                                                                                                 
BEGIN BULK                                                                                                                                                                                                                                                      
ECHO: loadb GRID*                  1               0 7.07106781187-1 7.07106781187-1*                                                                                                                                                                                       
ECHO: loadb *                  0.0+0               1                                                                                                                                                                                                                        
ECHO: loadb GRID*                  2               0-9.23879532511-1-3.82683432365-1*                                                                                                                                                                                       
ECHO: loadb *                  0.0+0               2                                                                                                                                                                                                                        
ECHO: loadb GRID*                  3               0 7.07106781187-1 7.07106781187-1*                                                                                                                                                                                       
ECHO: loadb *                  5.0-1               1                                                                                                                                                                                                                        
ECHO: loadb GRID*                  4               0-7.07106781187-1-7.07106781187-1*                                                                                                                                                                                       
ECHO: loadb *                  0.0+0               1                                                                                                                                                                                                                        
ECHO: loadb GRID*                  5               0-7.07106781187-1 7.07106781187-1*                                                                                                                                                                                       
ECHO: loadb *                  0.0+0               3                                                                                                                                                                                                                        
ECHO: loadb GRID*                  6               0-9.23879532511-1-3.82683432365-1*                                                                                                                                                                                       
ECHO: loadb *                  5.0-1               4                                                                                                                                                                                                                        
ECHO: loadb GRID*                  7               0-3.82683432365-1 9.23879532511-1*                                                                                                                                                                                       
ECHO: loadb *                  5.0-1               5                                                                                                                                                                                                                        
ECHO: loadb GRID*                  8               0-3.82683432365-1 9.23879532511-1*                                                                                                                                                                                       
ECHO: loadb *                  0.0+0               5                                                                                                                                                                                                                        
ECHO: loadb GRID*                  9               0-7.07106781187-1 7.07106781187-1*                                                                                                                                                                                       
ECHO: loadb *                  5.0-1               6                                                                                                                                                                                                                        
ECHO: loadb GRID*                 10               0 3.82683432365-1 9.23879532511-1*                                                                                                                                                                                       
ECHO: loadb *                  0.0+0               7                                                                                                                                                                                                                        
ECHO: loadb GRID          11       0   0.0+0   1.0+0   5.0-1       0                                                                                                                                                                                                        
ECHO: loadb GRID          12       0  -1.0+0   0.0+0   0.0+0       8                                                                                                                                                                                                        
ECHO: loadb GRID*                 13               0-9.23879532511-1 3.82683432365-1*                                                                                                                                                                                       
ECHO: loadb *                  5.0-1               9                                                                                                                                                                                                                        
ECHO: loadb GRID*                 14               0-9.23879532511-1 3.82683432365-1*                                                                                                                                                                                       
ECHO: loadb *                  0.0+0              10                                                                                                                                                                                                                        
ECHO: loadb GRID*                 15               0 3.82683432365-1 9.23879532511-1*                                                                                                                                                                                       
ECHO: loadb *                  5.0-1               7                                                                                                                                                                                                                        
ECHO: loadb GRID*                 16               0-7.07106781187-1-7.07106781187-1*                                                                                                                                                                                       
ECHO: loadb *                  5.0-1               1                                                                                                                                                                                                                        
ECHO: loadb GRID          17       0  -1.0+0   0.0+0   5.0-1      11                                                                                                                                                                                                        
ECHO: loadb GRID          18       0   0.0+0   1.0+0   0.0+0       0                                                                                                                                                                                                        
ECHO: loadb PARAM    STR_CID      -2                                                                                                                                                                                                                                        
ECHO: loadb MAT1*                  1          2.0+11 7.4074074074+10           3.5-1*                                                                                                                                                                                       
ECHO: loadb *                  0.0+0           1.7-4        3.7315+2                                                                                                                                                                                                        
ECHO: loadb CORD2R*                1               0           0.0+0           0.0+0*                                                                                                                                                                                       
ECHO: loadb *                  0.0+0           0.0+0           0.0+0           1.0+0*                                                                                                                                                                                       
ECHO nextc2: *        7.07106781187-1-7.07106781187-1           0.0+0                *                                                                                                                                                                                       
ECHO nextc2: *                                                                                                                                                                                                                                                               
ECHO: loadb CORD2R*                2               0           0.0+0           0.0+0*                                                                                                                                                                                       
ECHO: loadb *                  0.0+0           0.0+0           0.0+0           1.0+0*                                                                                                                                                                                       
ECHO nextc2: *        9.47173305895-1 3.20722198483-1           0.0+0                *                                                                                                                                                                                       
ECHO nextc2: *                                                                                                                                                                                                                                                               
ECHO: loadb CORD2R*                3               0           0.0+0           0.0+0*                                                                                                                                                                                       
ECHO: loadb *                  0.0+0           0.0+0           0.0+0           1.0+0*                                                                                                                                                                                       
ECHO nextc2: *        7.07106781187-1 7.07106781187-1           0.0+0                *                                                                                                                                                                                       
ECHO nextc2: *                                                                                                                                                                                                                                                               
ECHO: loadb CORD2R*                4               0           0.0+0           0.0+0*                                                                                                                                                                                       
ECHO: loadb *                  0.0+0           0.0+0           0.0+0           1.0+0*                                                                                                                                                                                       
ECHO nextc2: *        8.96537508982-1 4.42967826133-1           0.0+0                *                                                                                                                                                                                       
ECHO nextc2: *                                                                                                                                                                                                                                                               
ECHO: loadb CORD2R*                5               0           0.0+0           0.0+0*                                                                                                                                                                                       
ECHO: loadb *                  0.0+0           0.0+0           0.0+0           1.0+0*                                                                                                                                                                                       
ECHO nextc2: *        9.23879532511-1 3.82683432365-1           0.0+0                *                                                                                                                                                                                       
ECHO nextc2: *                                                                                                                                                                                                                                                               
ECHO: loadb CORD2R*                6               0           0.0+0           0.0+0*                                                                                                                                                                                       
ECHO: loadb *                  0.0+0           0.0+0           0.0+0           1.0+0*                                                                                                                                                                                       
ECHO nextc2: *        7.52338959307-1-6.58776206545-1           0.0+0                *                                                                                                                                                                                       
ECHO nextc2: *                                                                                                                                                                                                                                                               
ECHO: loadb CORD2R*                7               0           0.0+0           0.0+0*                                                                                                                                                                                       
ECHO: loadb *                  0.0+0           0.0+0           0.0+0           1.0+0*                                                                                                                                                                                       
ECHO nextc2: *        9.23879532511-1-3.82683432365-1           0.0+0                *                                                                                                                                                                                       
ECHO nextc2: *                                                                                                                                                                                                                                                               
ECHO: loadb CORD2R*                8               0           0.0+0           0.0+0*                                                                                                                                                                                       
ECHO: loadb *                  0.0+0           0.0+0           0.0+0           1.0+0*                                                                                                                                                                                       
ECHO nextc2: *        9.97809102809-1-6.61588569442-2           0.0+0                *                                                                                                                                                                                       
ECHO nextc2: *                                                                                                                                                                                                                                                               
ECHO: loadb CORD2R*                9               0           0.0+0           0.0+0*                                                                                                                                                                                       
ECHO: loadb *                  0.0+0           0.0+0           0.0+0           1.0+0*                                                                                                                                                                                       
ECHO nextc2: *        9.47173305895-1-3.20722198483-1           0.0+0                *                                                                                                                                                                                       
ECHO nextc2: *                                                                                                                                                                                                                                                               
ECHO: loadb CORD2R*               10               0           0.0+0           0.0+0*                                                                                                                                                                                       
ECHO: loadb *                  0.0+0           0.0+0           0.0+0           1.0+0*                                                                                                                                                                                       
ECHO nextc2: *        8.96537508982-1-4.42967826133-1           0.0+0                *                                                                                                                                                                                       
ECHO nextc2: *                                                                                                                                                                                                                                                               
ECHO: loadb CORD2R*               11               0           0.0+0           0.0+0*                                                                                                                                                                                       
ECHO: loadb *                  0.0+0           0.0+0           0.0+0           1.0+0*                                                                                                                                                                                       
ECHO nextc2: *        9.97809102809-1 6.61588569442-2           0.0+0                *                                                                                                                                                                                       
ECHO nextc2: *                                                                                                                                                                                                                                                               
ECHO: loadb SPC            1       1       1   0.0+0                                                                                                                                                                                                                        
ECHO: loadb SPC            1       1       3   0.0+0                                                                                                                                                                                                                        
ECHO: loadb SPC            1       1       4   0.0+0                                                                                                                                                                                                                        
ECHO: loadb SPC            1       1       6   0.0+0                                                                                                                                                                                                                        
ECHO: loadb SPC            1       1       5   0.0+0                                                                                                                                                                                                                        
ECHO: loadb SPC            1       2       3   0.0+0                                                                                                                                                                                                                        
ECHO: loadb SPC            1       2       5   0.0+0                                                                                                                                                                                                                        
ECHO: loadb SPC            1       2       4   0.0+0                                                                                                                                                                                                                        
ECHO: loadb SPC            1       3       1   0.0+0                                                                                                                                                                                                                        
ECHO: loadb SPC            1       3       3   0.0+0                                                                                                                                                                                                                        
ECHO: loadb SPC            1       3       4   0.0+0                                                                                                                                                                                                                        
ECHO: loadb SPC            1       3       6   0.0+0                                                                                                                                                                                                                        
ECHO: loadb SPC            1       3       5   0.0+0                                                                                                                                                                                                                        
ECHO: loadb SPC            1       4       1   0.0+0                                                                                                                                                                                                                        
ECHO: loadb SPC            1       4       3   0.0+0                                                                                                                                                                                                                        
ECHO: loadb SPC            1       4       4   0.0+0                                                                                                                                                                                                                        
ECHO: loadb SPC            1       4       6   0.0+0                                                                                                                                                                                                                        
ECHO: loadb SPC            1       4       5   0.0+0                                                                                                                                                                                                                        
ECHO: loadb SPC            1       5       1   0.0+0                                                                                                                                                                                                                        
ECHO: loadb SPC            1       5       3   0.0+0                                                                                                                                                                                                                        
ECHO: loadb SPC            1       5       4   0.0+0                                                                                                                                                                                                                        
ECHO: loadb SPC            1       5       5   0.0+0                                                                                                                                                                                                                        
ECHO: loadb SPC            1       6       3   0.0+0                                                                                                                                                                                                                        
ECHO: loadb SPC            1       6       5   0.0+0                                                                                                                                                                                                                        
ECHO: loadb SPC            1       6       4   0.0+0                                                                                                                                                                                                                        
ECHO: loadb SPC            1       7       3   0.0+0                                                                                                                                                                                                                        
ECHO: loadb SPC            1       7       4   0.0+0                                                                                                                                                                                                                        
ECHO: loadb SPC            1       7       5   0.0+0                                                                                                                                                                                                                        
ECHO: loadb SPC            1       8       3   0.0+0                                                                                                                                                                                                                        
ECHO: loadb SPC            1       8       4   0.0+0                                                                                                                                                                                                                        
ECHO: loadb SPC            1       8       5   0.0+0                                                                                                                                                                                                                        
ECHO: loadb SPC            1       9       3   0.0+0                                                                                                                                                                                                                        
ECHO: loadb SPC            1       9       5   0.0+0                                                                                                                                                                                                                        
ECHO: loadb SPC            1       9       4   0.0+0                                                                                                                                                                                                                        
ECHO: loadb SPC            1      10       3   0.0+0                                                                                                                                                                                                                        
ECHO: loadb SPC            1      10       4   0.0+0                                                                                                                                                                                                                        
ECHO: loadb SPC            1      10       5   0.0+0                                                                                                                                                                                                                        
ECHO: loadb SPC            1      11       3   0.0+0                                                                                                                                                                                                                        
ECHO: loadb SPC            1      11       4   0.0+0                                                                                                                                                                                                                        
ECHO: loadb SPC            1      11       5   0.0+0                                                                                                                                                                                                                        
ECHO: loadb SPC            1      12       3   0.0+0                                                                                                                                                                                                                        
ECHO: loadb SPC            1      12       5   0.0+0                                                                                                                                                                                                                        
ECHO: loadb SPC            1      12       4   0.0+0                                                                                                                                                                                                                        
ECHO: loadb SPC            1      13       3   0.0+0                                                                                                                                                                                                                        
ECHO: loadb SPC            1      13       5   0.0+0                                                                                                                                                                                                                        
ECHO: loadb SPC            1      13       4   0.0+0                                                                                                                                                                                                                        
ECHO: loadb SPC            1      14       3   0.0+0                                                                                                                                                                                                                        
ECHO: loadb SPC            1      14       5   0.0+0                                                                                                                                                                                                                        
ECHO: loadb SPC            1      14       4   0.0+0                                                                                                                                                                                                                        
ECHO: loadb SPC            1      15       3   0.0+0                                                                                                                                                                                                                        
ECHO: loadb SPC            1      15       4   0.0+0                                                                                                                                                                                                                        
ECHO: loadb SPC            1      15       5   0.0+0                                                                                                                                                                                                                        
ECHO: loadb SPC            1      16       1   0.0+0                                                                                                                                                                                                                        
ECHO: loadb SPC            1      16       3   0.0+0                                                                                                                                                                                                                        
ECHO: loadb SPC            1      16       4   0.0+0                                                                                                                                                                                                                        
ECHO: loadb SPC            1      16       6   0.0+0                                                                                                                                                                                                                        
ECHO: loadb SPC            1      16       5   0.0+0                                                                                                                                                                                                                        
ECHO: loadb SPC            1      17       3   0.0+0                                                                                                                                                                                                                        
ECHO: loadb SPC            1      17       5   0.0+0                                                                                                                                                                                                                        
ECHO: loadb SPC            1      17       4   0.0+0                                                                                                                                                                                                                        
ECHO: loadb SPC            1      18       3   0.0+0                                                                                                                                                                                                                        
ECHO: loadb SPC            1      18       4   0.0+0                                                                                                                                                                                                                        
ECHO: loadb SPC            1      18       5   0.0+0                                                                                                                                                                                                                        
ECHO: loadb PSHELL        12       1   3.0-1       1               1           0.0+0                                                                                                                                                                                        
ECHO: loadb CQUAD4         1      12       5       8       7       9      13   0.0+0                                                                                                                                                                                        
ECHO: loadb CORD2R*               13               0           0.0+0           0.0+0*                                                                                                                                                                                       
ECHO: loadb *                  0.0+0 -5.5557023302-1 8.31469612303-1           0.0+0*                                                                                                                                                                                       
ECHO nextc2: *        8.31469612303-1  5.5557023302-1           0.0+0                *                                                                                                                                                                                       
ECHO nextc2: *                                                                                                                                                                                                                                                               
ECHO: loadb CQUAD4         2      12       8      18      11       7      14   0.0+0                                                                                                                                                                                        
ECHO: loadb CORD2R*               14               0           0.0+0           0.0+0*                                                                                                                                                                                       
ECHO: loadb *                  0.0+0-1.95090322016-1 9.80785280403-1           0.0+0*                                                                                                                                                                                       
ECHO nextc2: *        9.80785280403-1 1.95090322016-1           0.0+0                *                                                                                                                                                                                       
ECHO nextc2: *                                                                                                                                                                                                                                                               
ECHO: loadb CQUAD4         4      12      18      10      15      11      15   0.0+0                                                                                                                                                                                        
ECHO: loadb CORD2R*               15               0           0.0+0           0.0+0*                                                                                                                                                                                       
ECHO: loadb *                  0.0+0 1.95090322016-1 9.80785280403-1           0.0+0*                                                                                                                                                                                       
ECHO nextc2: *        9.80785280403-1-1.95090322016-1           0.0+0                *                                                                                                                                                                                       
ECHO nextc2: *                                                                                                                                                                                                                                                               
ECHO: loadb CQUAD4         6      12      10       1       3      15      16   0.0+0                                                                                                                                                                                        
ECHO: loadb CORD2R*               16               0           0.0+0           0.0+0*                                                                                                                                                                                       
ECHO: loadb *                  0.0+0  5.5557023302-1 8.31469612303-1           0.0+0*                                                                                                                                                                                       
ECHO nextc2: *        8.31469612303-1 -5.5557023302-1           0.0+0                *                                                                                                                                                                                       
ECHO nextc2: *                                                                                                                                                                                                                                                               
ECHO: loadb PSHELL        17       1   3.0-1       1               1           0.0+0                                                                                                                                                                                        
ECHO: loadb CTRIA3         3      17      14       9      13      18   0.0+0                                                                                                                                                                                                
ECHO: loadb CORD2R*               18               0           0.0+0           0.0+0*                                                                                                                                                                                       
ECHO: loadb *                  0.0+0-8.31469612303-1  5.5557023302-1           0.0+0*                                                                                                                                                                                       
ECHO nextc2: *        3.41791735305-1 5.11527480688-1 7.88364158355-1                *                                                                                                                                                                                       
ECHO nextc2: *                                                                                                                                                                                                                                                               
ECHO: loadb CTRIA3         5      17      12      13      17      19   0.0+0                                                                                                                                                                                                
ECHO: loadb CORD2R*               19               0           0.0+0           0.0+0*                                                                                                                                                                                       
ECHO: loadb *                  0.0+0-9.80785280403-1 1.95090322016-1           0.0+0*                                                                                                                                                                                       
ECHO nextc2: *        1.20021296571-1 6.03387804145-1 7.88364158355-1                *                                                                                                                                                                                       
ECHO nextc2: *                                                                                                                                                                                                                                                               
ECHO: loadb CTRIA3         7      17       2      17       6      20   0.0+0                                                                                                                                                                                                
ECHO: loadb CORD2R*               20               0           0.0+0           0.0+0*                                                                                                                                                                                       
ECHO: loadb *                  0.0+0-9.80785280403-1-1.95090322016-1           0.0+0*                                                                                                                                                                                       
ECHO nextc2: *       -1.20021296571-1 6.03387804145-1 7.88364158355-1                *                                                                                                                                                                                       
ECHO nextc2: *                                                                                                                                                                                                                                                               
ECHO: loadb CTRIA3         8      17       4       6      16      21   0.0+0                                                                                                                                                                                                
ECHO: loadb CORD2R*               21               0           0.0+0           0.0+0*                                                                                                                                                                                       
ECHO: loadb *                  0.0+0-8.31469612303-1 -5.5557023302-1           0.0+0*                                                                                                                                                                                       
ECHO nextc2: *       -3.41791735305-1 5.11527480688-1 7.88364158355-1                *                                                                                                                                                                                       
ECHO nextc2: *                                                                                                                                                                                                                                                               
ECHO: loadb CTRIA3         9      17       4       2       6      22   0.0+0                                                                                                                                                                                                
ECHO: loadb CORD2R*               22               0           0.0+0           0.0+0*                                                                                                                                                                                       
ECHO: loadb *                  0.0+0-8.31469612303-1 -5.5557023302-1           0.0+0*                                                                                                                                                                                       
ECHO nextc2: *        -5.5557023302-1 8.31469612303-1           0.0+0                *                                                                                                                                                                                       
ECHO nextc2: *                                                                                                                                                                                                                                                               
ECHO: loadb CTRIA3        10      17       2      12      17      23   0.0+0                                                                                                                                                                                                
ECHO: loadb CORD2R*               23               0           0.0+0           0.0+0*                                                                                                                                                                                       
ECHO: loadb *                  0.0+0-9.80785280403-1-1.95090322016-1           0.0+0*                                                                                                                                                                                       
ECHO nextc2: *       -1.95090322016-1 9.80785280403-1           0.0+0                *                                                                                                                                                                                       
ECHO nextc2: *                                                                                                                                                                                                                                                               
ECHO: loadb CTRIA3        11      17      12      14      13      24   0.0+0                                                                                                                                                                                                
ECHO: loadb CORD2R*               24               0           0.0+0           0.0+0*                                                                                                                                                                                       
ECHO: loadb *                  0.0+0-9.80785280403-1 1.95090322016-1           0.0+0*                                                                                                                                                                                       
ECHO nextc2: *        1.95090322016-1 9.80785280403-1           0.0+0                *                                                                                                                                                                                       
ECHO nextc2: *                                                                                                                                                                                                                                                               
ECHO: loadb CTRIA3        12      17      14       5       9      25   0.0+0                                                                                                                                                                                                
ECHO: loadb CORD2R*               25               0           0.0+0           0.0+0*                                                                                                                                                                                       
ECHO: loadb *                  0.0+0-8.31469612303-1  5.5557023302-1           0.0+0*                                                                                                                                                                                       
ECHO nextc2: *         5.5557023302-1 8.31469612303-1           0.0+0                *                                                                                                                                                                                       
ECHO nextc2: *                                                                                                                                                                                                                                                               
ECHO: loadb TEMP*                  1               8        2.7315+2                *                                                                                                                                                                                       
ECHO: loadb *                                                                                                                                                                                                                                                               
ECHO: loadb TEMP*                  1              18        2.7315+2                *                                                                                                                                                                                       
ECHO: loadb *                                                                                                                                                                                                                                                               
ECHO: loadb TEMP*                  1              11        2.7315+2                *                                                                                                                                                                                       
ECHO: loadb *                                                                                                                                                                                                                                                               
ECHO: loadb TEMP*                  1               7        2.7315+2                *                                                                                                                                                                                       
ECHO: loadb *                                                                                                                                                                                                                                                               
ECHO: loadb TEMP*                  1              10        2.7315+2                *                                                                                                                                                                                       
ECHO: loadb *                                                                                                                                                                                                                                                               
ECHO: loadb TEMP*                  1              15        2.7315+2                *                                                                                                                                                                                       
ECHO: loadb *                                                                                                                                                                                                                                                               
ECHO: loadb TEMP*                  1              14        2.7315+2                *                                                                                                                                                                                       
ECHO: loadb *                                                                                                                                                                                                                                                               
ECHO: loadb TEMP*                  1               5        2.7315+2                *                                                                                                                                                                                       
ECHO: loadb *                                                                                                                                                                                                                                                               
ECHO: loadb TEMP*                  1               9        2.7315+2                *                                                                                                                                                                                       
ECHO: loadb *                                                                                                                                                                                                                                                               
ECHO: loadb TEMP*                  1               1        2.7315+2                *                                                                                                                                                                                       
ECHO: loadb *                                                                                                                                                                                                                                                               
ECHO: loadb TEMP*                  1               3        2.7315+2                *                                                                                                                                                                                       
ECHO: loadb *                                                                                                                                                                                                                                                               
ECHO: loadb TEMP*                  1              12        2.7315+2                *                                                                                                                                                                                       
ECHO: loadb *                                                                                                                                                                                                                                                               
ECHO: loadb TEMP*                  1              13        2.7315+2                *                                                                                                                                                                                       
ECHO: loadb *                                                                                                                                                                                                                                                               
ECHO: loadb TEMP*                  1               2        2.7315+2                *                                                                                                                                                                                       
ECHO: loadb *                                                                                                                                                                                                                                                               
ECHO: loadb TEMP*                  1              17        2.7315+2                *                                                                                                                                                                                       
ECHO: loadb *                                                                                                                                                                                                                                                               
ECHO: loadb TEMP*                  1               4        2.7315+2                *                                                                                                                                                                                       
ECHO: loadb *                                                                                                                                                                                                                                                               
ECHO: loadb TEMP*                  1               6        2.7315+2                *                                                                                                                                                                                       
ECHO: loadb *                                                                                                                                                                                                                                                               
ECHO: loadb TEMP*                  1              16        2.7315+2                *                                                                                                                                                                                       
ECHO: loadb *                                                                                                                                                                                                                                                               
ECHO: loadb TEMPD*                 1        3.7315+2                                *                                                                                                                                                                                       
ECHO: loadb *                                                                                                                                                                                                                                                               
ECHO: loadb ENDDATA                                                                                                                                                                                                                                                         




 >> LINK  0 END


 >> LINK  1 BEGIN

               DEALLOCATED  7.83E-02 MB MEMORY FROM ARRAY STF3

               DEALLOCATED  4.32E-04 MB MEMORY FROM ARRAY STFKEY
               DEALLOCATED  7.83E-02 MB MEMORY FROM ARRAY STF3

 >> LINK  1 END


 >> LINK  2 BEGIN



 *INFORMATION: AUTOSPC Summary, Overall: after identification of all AUTOSPC's                                                               

                                     AUTOSPC_RAT = 1.000000E-08

                       Number of DOF's identified for AUTOSPC in component  1         =            0
                       Number of DOF's identified for AUTOSPC in component  2         =            0
                       Number of DOF's identified for AUTOSPC in component  3         =            0
                       Number of DOF's identified for AUTOSPC in component  4         =            0
                       Number of DOF's identified for AUTOSPC in component  5         =            0
                       Number of DOF's identified for AUTOSPC in component  6         =            0
                                                                                        ------------
                       Total number of DOF's identified overall                       =            0


 >> LINK  2 END


 >> LINK  3 BEGIN

 SUPERLU FACTORIZATION OF MATRIX KLL SUCCEEDED IN SUBR SYM_MAT_DECOMP_SUPRLU          

 *INFORMATION: FOR INTERNAL SUBCASE NUMBER        1 EPSILON ERROR ESTIMATE            = -3.578814E-17 Based on U'*(K*U - P)/(U'*P)


 >> LINK  3 END


 >> LINK  5 BEGIN


 >> LINK  5 END


 >> LINK  9 BEGIN



 OUTPUT FOR SUBCASE        1

                                                       D I S P L A C E M E N T S
                                              (in global coordinate system at each grid)
           GRID     COORD      T1            T2            T3            R1            R2            R3
                     SYS
              1        1  0.0          -2.295000E-02  0.0           0.0           0.0           0.0         
              2        2  2.289972E-02  1.518346E-03  0.0           0.0           0.0           7.267777E-16
              3        1  0.0          -2.295000E-02  0.0           0.0           0.0           0.0         
              4        1  0.0           2.295000E-02  0.0           0.0           0.0           0.0         
              5        3  0.0          -2.295000E-02  0.0           0.0           0.0           1.100505E-15
              6        4  2.289972E-02 -1.518346E-03  0.0           0.0           0.0           1.028501E-15
              7        5 -5.646405E-16 -2.295000E-02  0.0           0.0           0.0           2.267991E-15
              8        5 -3.252690E-16 -2.295000E-02  0.0           0.0           0.0           1.700643E-15
              9        6  2.289972E-02 -1.518346E-03  0.0           0.0           0.0           3.241955E-15
             10        7 -8.366214E-19 -2.295000E-02  0.0           0.0           0.0           7.653366E-16
             11        0 -1.362593E-16 -2.295000E-02  0.0           0.0           0.0           1.482417E-15
             12        8  2.289972E-02  1.518346E-03  0.0           0.0           0.0           9.729009E-16
             13        9  2.289972E-02 -1.518346E-03  0.0           0.0           0.0           2.890756E-15
             14       10  2.289972E-02  1.518346E-03  0.0           0.0           0.0           1.132224E-15
             15        7 -5.339435E-18 -2.295000E-02  0.0           0.0           0.0           7.767052E-16
             16        1  0.0           2.295000E-02  0.0           0.0           0.0           0.0         
             17       11  2.289972E-02 -1.518346E-03  0.0           0.0           0.0           2.095662E-15
             18        0 -1.035992E-16 -2.295000E-02  0.0           0.0           0.0           1.456167E-15
                         ------------- ------------- ------------- ------------- ------------- -------------
                MAX* :    2.289972E-02  2.295000E-02  0.0           0.0           0.0           3.241955E-15
                MIN* :   -5.646405E-16 -2.295000E-02  0.0           0.0           0.0           0.0         

                ABS* :    2.289972E-02  2.295000E-02  0.0           0.0           0.0           3.241955E-15
                *for output set

 >> LINK  9 END

    Total CPU time =  6.25E-02 seconds

 >> MYSTRAN END    :  6/ 4/2026 at 11:54:47.189
