   627193250

 MYSTRAN Version 18.0.0   APR 20 2026 MYSTRAN developed by Dr Bill Case
*** Please report any problems to mystransolver@gmail.com ***                                                                                                                                                                                                   

 >> MYSTRAN BEGIN  :  6/27/2026 at 19:32:50.641 The input file is C:\Users\victo\Documents\Git\MYSTRAN_Validation\working\NAS S30 beam orientation_2.bdf                                                                                                                                                                          


 >> LINK  0 BEGIN


SOL 101                                                                                                                                                                                                                                                         
CEND                                                                                                                                                                                                                                                            
DISPLACEMENT = ALL                                                                                                                                                                                                                                              
SPC = 1                                                                                                                                                                                                                                                         
LOAD = 1                                                                                                                                                                                                                                                        
BEGIN BULK                                                                                                                                                                                                                                                      
ECHO: loadb GRID           1       0   0.0+0   0.0+0   0.0+0       0                                                                                                                                                                                                        
ECHO: loadb GRID           2       0   2.0+0   0.0+0   0.0+0       0                                                                                                                                                                                                        
ECHO: loadb GRID           3       0   1.0+0   0.0+0   0.0+0       1                                                                                                                                                                                                        
ECHO: loadb GRID           4       0   0.0+0   0.0+0   0.0+0       0                                                                                                                                                                                                        
ECHO: loadb GRID*                  5               0 1.41421356237+0           0.0+0*                                                                                                                                                                                       
ECHO: loadb *       -1.41421356237+0               0                                                                                                                                                                                                                        
ECHO: loadb GRID*                  6               0 7.07106781187-1           0.0+0*                                                                                                                                                                                       
ECHO: loadb *       -7.07106781187-1               2                                                                                                                                                                                                                        
ECHO: loadb PARAM    STR_CID      -2                                                                                                                                                                                                                                        
ECHO: loadb MAT1           1  1.0+11  5.0+10   0.0+0   0.0+0   0.0+0   0.0+0                                                                                                                                                                                                
ECHO: loadb CORD2R*                1               0           0.0+0           0.0+0*                                                                                                                                                                                       
ECHO: loadb *                  0.0+0           0.0+0 7.07106781187-1 7.07106781187-1*                                                                                                                                                                                       
ECHO nextc2: *                  1.0+0           0.0+0           0.0+0                *                                                                                                                                                                                       
ECHO nextc2: *                                                                                                                                                                                                                                                               
ECHO: loadb CORD2R*                2               0           0.0+0           0.0+0*                                                                                                                                                                                       
ECHO: loadb *                  0.0+0-2.88675134595-1 4.08248290464-1 8.66025403784-1*                                                                                                                                                                                       
ECHO nextc2: *        8.16496580928-1  5.7735026919-1           0.0+0                *                                                                                                                                                                                       
ECHO nextc2: *                                                                                                                                                                                                                                                               
ECHO: loadb SPC            1       1       1   0.0+0                                                                                                                                                                                                                        
ECHO: loadb SPC            1       1       2   0.0+0                                                                                                                                                                                                                        
ECHO: loadb SPC            1       1       3   0.0+0                                                                                                                                                                                                                        
ECHO: loadb SPC            1       1       4   0.0+0                                                                                                                                                                                                                        
ECHO: loadb SPC            1       1       5   0.0+0                                                                                                                                                                                                                        
ECHO: loadb SPC            1       1       6   0.0+0                                                                                                                                                                                                                        
ECHO: loadb SPC            1       3       5   0.0+0                                                                                                                                                                                                                        
ECHO: loadb SPC            1       4       1   0.0+0                                                                                                                                                                                                                        
ECHO: loadb SPC            1       4       2   0.0+0                                                                                                                                                                                                                        
ECHO: loadb SPC            1       4       3   0.0+0                                                                                                                                                                                                                        
ECHO: loadb SPC            1       4       4   0.0+0                                                                                                                                                                                                                        
ECHO: loadb SPC            1       4       5   0.0+0                                                                                                                                                                                                                        
ECHO: loadb SPC            1       4       6   0.0+0                                                                                                                                                                                                                        
ECHO: loadb SPC            1       6       5   0.0+0                                                                                                                                                                                                                        
ECHO: loadb PBARL          3       1             BAR                                +                                                                                                                                                                                       
ECHO:  nextc +          1.0-2   1.0-1   0.0+0   0.0+0                                                                                                                                                                                                                        
ECHO: loadb CBAR           1       3       3       2   0.0+0   1.0+0   0.0+0                                                                                                                                                                                                
ECHO: loadb CBAR*                  2               3               1               3*                                                                                                                                                                                       
ECHO: loadb *                  0.0+0 7.07106781187-1-7.07106781187-1                                                                                                                                                                                                        
ECHO: loadb CBAR*                  3               3               6               5*                                                                                                                                                                                       
ECHO: loadb *       -2.6090241079-15           1.0+0  1.576516695-14                                                                                                                                                                                                        
ECHO: loadb CBAR*                  4               3               4               6*                                                                                                                                                                                       
ECHO: loadb *                 -5.0-1 7.07106781187-1          -5.0-1                                                                                                                                                                                                        
ECHO: loadb FORCE          2       2       0   1.0+0   0.0+0   1.0+0  -1.0+0                                                                                                                                                                                                
ECHO: loadb FORCE*                 2               5               0           1.0+0*                                                                                                                                                                                       
ECHO: loadb *       -7.07106781187-1           1.0+0-7.07106781187-1                                                                                                                                                                                                        
ECHO: loadb LOAD           1   1.0+0   1.0+0       2                                                                                                                                                                                                                        
ECHO: loadb ENDDATA                                                                                                                                                                                                                                                         


 THE PBARL BULK DATA ENTRIES IN THE BULK DATA DECK ARE REPLACED BY THE FOLLOWING PBAR ENTRIES:
 --------------------------------------------------------------------------------------------
 PBAR               3           1  1.0000E-03  8.3333E-07  8.3333E-09  3.1233E-08  0.0000E+00                cross-section type: BAR     
           5.0000E-02  5.0000E-03 -5.0000E-02  5.0000E-03 -5.0000E-02 -5.0000E-03  5.0000E-02 -5.0000E-03
           8.3333E-01  8.3333E-01  0.0000E+00





 >> LINK  0 END


 >> LINK  1 BEGIN

               DEALLOCATED  9.22E-03 MB MEMORY FROM ARRAY STF3

               DEALLOCATED  1.44E-04 MB MEMORY FROM ARRAY STFKEY
               DEALLOCATED  9.22E-03 MB MEMORY FROM ARRAY STF3

 >> LINK  1 END


 >> LINK  2 BEGIN



 *INFORMATION: AUTOSPC Summary, Overall: after identification of all AUTOSPC's                                                               

                                     AUTOSPC_RAT = 1.000000E-08

                       Number of DOF's identified for AUTOSPC in component  1         =            0
                       Number of DOF's identified for AUTOSPC in component  2         =            0
                       Number of DOF's identified for AUTOSPC in component  3         =            0
                       Number of DOF's identified for AUTOSPC in component  4         =            0
                       Number of DOF's identified for AUTOSPC in component  5         =            0
                       Number of DOF's identified for AUTOSPC in component  6         =            0
                                                                                        ------------
                       Total number of DOF's identified overall                       =            0


 >> LINK  2 END


 >> LINK  3 BEGIN

 SUPERLU FACTORIZATION OF MATRIX KLL SUCCEEDED IN SUBR SYM_MAT_DECOMP_SUPRLU          

 *INFORMATION: FOR INTERNAL SUBCASE NUMBER        1 EPSILON ERROR ESTIMATE            =  5.285780E-15 Based on U'*(K*U - P)/(U'*P)


 >> LINK  3 END


 >> LINK  5 BEGIN


 >> LINK  5 END


 >> LINK  9 BEGIN



 OUTPUT FOR SUBCASE        1

                                                       D I S P L A C E M E N T S
                                              (in global coordinate system at each grid)
           GRID     COORD      T1            T2            T3            R1            R2            R3
                     SYS
              1        0  0.0           0.0           0.0           0.0           0.0           0.0         
              2        0  0.0           3.204800E-05 -3.204800E-05  0.0           2.400000E-05  2.400000E-05
              3        1  0.0           1.417608E-05 -3.470280E-21  0.0           0.0           2.545584E-05
              4        0  0.0           0.0           0.0           0.0           0.0           0.0         
              5        0 -2.266136E-05  3.204800E-05 -2.266136E-05  1.697056E-05  2.400000E-05  1.697056E-05
              6        2 -1.091323E-16  1.417608E-05 -7.263422E-17  2.078461E-05  0.0           1.469694E-05
                         ------------- ------------- ------------- ------------- ------------- -------------
                MAX* :    0.0           3.204800E-05  0.0           2.078461E-05  2.400000E-05  2.545584E-05
                MIN* :   -2.266136E-05  0.0          -3.204800E-05  0.0           0.0           0.0         

                ABS* :    2.266136E-05  3.204800E-05  3.204800E-05  2.078461E-05  2.400000E-05  2.545584E-05
                *for output set

 >> LINK  9 END

    Total CPU time =  4.69E-02 seconds

 >> MYSTRAN END    :  6/27/2026 at 19:32:50.707

                                          * * * END OF JOB * * *
