   604115446

 MYSTRAN Version 18.0.0   APR 20 2026 MYSTRAN developed by Dr Bill Case
*** Please report any problems to mystransolver@gmail.com ***                                                                                                                                                                                                   

 >> MYSTRAN BEGIN  :  6/ 4/2026 at 11:54:46.884 The input file is C:\Users\victo\Documents\Git\MYSTRAN_Validation\working\NAS S30 shell stress orientation.bdf                                                                                                                                                                    


 >> LINK  0 BEGIN


SOL 101                                                                                                                                                                                                                                                         
CEND                                                                                                                                                                                                                                                            
DISPLACEMENT = ALL                                                                                                                                                                                                                                              
STRESS(CORNER) = ALL                                                                                                                                                                                                                                            
SPC = 1                                                                                                                                                                                                                                                         
LOAD = 1                                                                                                                                                                                                                                                        
BEGIN BULK                                                                                                                                                                                                                                                      
ECHO: loadb GRID           1       0   0.0+0   0.0+0   0.0+0       0                                                                                                                                                                                                        
ECHO: loadb GRID           2       0   2.0-1   0.0+0   0.0+0       0                                                                                                                                                                                                        
ECHO: loadb GRID           3       0   2.0-1   2.0-1   0.0+0       0                                                                                                                                                                                                        
ECHO: loadb GRID           4       0   0.0+0   2.0-1   0.0+0       0                                                                                                                                                                                                        
ECHO: loadb GRID           5       0   7.0-1   0.0+0   0.0+0       0                                                                                                                                                                                                        
ECHO: loadb GRID           6       0   9.0-1   0.0+0   0.0+0       0                                                                                                                                                                                                        
ECHO: loadb GRID           7       0   9.0-1   2.0-1   0.0+0       0                                                                                                                                                                                                        
ECHO: loadb GRID           8       0   7.0-1   2.0-1   0.0+0       0                                                                                                                                                                                                        
ECHO: loadb GRID           9       0   0.0+0   8.0-2   0.0+0       0                                                                                                                                                                                                        
ECHO: loadb GRID          10       0   2.0-1   1.2-1   0.0+0       0                                                                                                                                                                                                        
ECHO: loadb PARAM    STR_CID      -2                                                                                                                                                                                                                                        
ECHO: loadb MAT1           1  2.0+11  1.0+11   0.0+0   0.0+0   0.0+0   0.0+0                                                                                                                                                                                                
ECHO: loadb SPC            1       1       1   0.0+0                                                                                                                                                                                                                        
ECHO: loadb SPC            1       1       2   0.0+0                                                                                                                                                                                                                        
ECHO: loadb SPC            1       1       3   0.0+0                                                                                                                                                                                                                        
ECHO: loadb SPC            1       1       4   0.0+0                                                                                                                                                                                                                        
ECHO: loadb SPC            1       1       5   0.0+0                                                                                                                                                                                                                        
ECHO: loadb SPC            1       1       6   0.0+0                                                                                                                                                                                                                        
ECHO: loadb SPC            1       4       1   0.0+0                                                                                                                                                                                                                        
ECHO: loadb SPC            1       4       2   0.0+0                                                                                                                                                                                                                        
ECHO: loadb SPC            1       4       3   0.0+0                                                                                                                                                                                                                        
ECHO: loadb SPC            1       4       4   0.0+0                                                                                                                                                                                                                        
ECHO: loadb SPC            1       4       5   0.0+0                                                                                                                                                                                                                        
ECHO: loadb SPC            1       4       6   0.0+0                                                                                                                                                                                                                        
ECHO: loadb SPC            1       5       1   0.0+0                                                                                                                                                                                                                        
ECHO: loadb SPC            1       5       2   0.0+0                                                                                                                                                                                                                        
ECHO: loadb SPC            1       5       3   0.0+0                                                                                                                                                                                                                        
ECHO: loadb SPC            1       5       4   0.0+0                                                                                                                                                                                                                        
ECHO: loadb SPC            1       5       5   0.0+0                                                                                                                                                                                                                        
ECHO: loadb SPC            1       5       6   0.0+0                                                                                                                                                                                                                        
ECHO: loadb SPC            1       8       1   0.0+0                                                                                                                                                                                                                        
ECHO: loadb SPC            1       8       2   0.0+0                                                                                                                                                                                                                        
ECHO: loadb SPC            1       8       3   0.0+0                                                                                                                                                                                                                        
ECHO: loadb SPC            1       8       4   0.0+0                                                                                                                                                                                                                        
ECHO: loadb SPC            1       8       5   0.0+0                                                                                                                                                                                                                        
ECHO: loadb SPC            1       8       6   0.0+0                                                                                                                                                                                                                        
ECHO: loadb SPC            1       9       1   0.0+0                                                                                                                                                                                                                        
ECHO: loadb SPC            1       9       2   0.0+0                                                                                                                                                                                                                        
ECHO: loadb SPC            1       9       3   0.0+0                                                                                                                                                                                                                        
ECHO: loadb SPC            1       9       4   0.0+0                                                                                                                                                                                                                        
ECHO: loadb SPC            1       9       5   0.0+0                                                                                                                                                                                                                        
ECHO: loadb SPC            1       9       6   0.0+0                                                                                                                                                                                                                        
ECHO: loadb PSHELL         1       1   8.0-2       1               1           0.0+0                                                                                                                                                                                        
ECHO: loadb CQUAD4*                1               1               9              10*                                                                                                                                                                                       
ECHO: loadb *                      3               4  3.3690067526+1           0.0+0                                                                                                                                                                                        
ECHO: loadb CQUAD4         4       1       1       2      10       9   4.5+1   0.0+0                                                                                                                                                                                        
ECHO: loadb PSHELL         2       1   8.0-2       1               1           0.0+0                                                                                                                                                                                        
ECHO: loadb CTRIA3*                2               2               5               7*                                                                                                                                                                                       
ECHO: loadb *                      8 1.2722218726-14           0.0+0                                                                                                                                                                                                        
ECHO: loadb CTRIA3         3       2       5       6       7   4.5+1   0.0+0                                                                                                                                                                                                
ECHO: loadb FORCE          2       6       0   1.0+0   2.5+3   0.0+0   0.0+0                                                                                                                                                                                                
ECHO: loadb FORCE          2       7       0   1.0+0   2.5+3   0.0+0   0.0+0                                                                                                                                                                                                
ECHO: loadb FORCE          2       2       0   1.0+0   1.5+3   0.0+0   0.0+0                                                                                                                                                                                                
ECHO: loadb FORCE          2      10       0   1.0+0   2.5+3   0.0+0   0.0+0                                                                                                                                                                                                
ECHO: loadb FORCE          2       3       0   1.0+0   1.0+3   0.0+0   0.0+0                                                                                                                                                                                                
ECHO: loadb LOAD           1   1.0+0   1.0+0       2                                                                                                                                                                                                                        
ECHO: loadb ENDDATA                                                                                                                                                                                                                                                         




 >> LINK  0 END


 >> LINK  1 BEGIN

               DEALLOCATED  2.88E-02 MB MEMORY FROM ARRAY STF3


 *INFORMATION: AUTOSPC Summary, Stage 1 after identification of AUTOSPC's at the grid level                                                 

                                     AUTOSPC_RAT = 1.000000E-08

                       Number of DOF's identified for AUTOSPC in component  1         =            0
                       Number of DOF's identified for AUTOSPC in component  2         =            0
                       Number of DOF's identified for AUTOSPC in component  3         =            0
                       Number of DOF's identified for AUTOSPC in component  4         =            0
                       Number of DOF's identified for AUTOSPC in component  5         =            0
                       Number of DOF's identified for AUTOSPC in component  6         =            5
                                                                                        ------------
                       Total number of DOF's identified in this stage                 =            5

               DEALLOCATED  2.40E-04 MB MEMORY FROM ARRAY STFKEY
               DEALLOCATED  2.88E-02 MB MEMORY FROM ARRAY STF3

 >> LINK  1 END


 >> LINK  2 BEGIN



 *INFORMATION: AUTOSPC Summary, Overall: after identification of all AUTOSPC's                                                               

                                     AUTOSPC_RAT = 1.000000E-08

                       Number of DOF's identified for AUTOSPC in component  1         =            0
                       Number of DOF's identified for AUTOSPC in component  2         =            0
                       Number of DOF's identified for AUTOSPC in component  3         =            0
                       Number of DOF's identified for AUTOSPC in component  4         =            0
                       Number of DOF's identified for AUTOSPC in component  5         =            0
                       Number of DOF's identified for AUTOSPC in component  6         =            5
                                                                                        ------------
                       Total number of DOF's identified overall                       =            5


 >> LINK  2 END


 >> LINK  3 BEGIN

 SUPERLU FACTORIZATION OF MATRIX KLL SUCCEEDED IN SUBR SYM_MAT_DECOMP_SUPRLU          

 *INFORMATION: FOR INTERNAL SUBCASE NUMBER        1 EPSILON ERROR ESTIMATE            =  2.273737E-17 Based on U'*(K*U - P)/(U'*P)


 >> LINK  3 END


 >> LINK  5 BEGIN


 >> LINK  5 END


 >> LINK  9 BEGIN



 OUTPUT FOR SUBCASE        1

                                                       D I S P L A C E M E N T S
                                              (in global coordinate system at each grid)
           GRID     COORD      T1            T2            T3            R1            R2            R3
                     SYS
              1        0  0.0           0.0           0.0           0.0           0.0           0.0         
              2        0  3.125000E-07  1.101263E-22  0.0           0.0           0.0           0.0         
              3        0  3.125000E-07  8.326008E-23  0.0           0.0           0.0           0.0         
              4        0  0.0           0.0           0.0           0.0           0.0           0.0         
              5        0  0.0           0.0           0.0           0.0           0.0           0.0         
              6        0  3.125000E-07 -1.065814E-23  0.0           0.0           0.0           0.0         
              7        0  3.125000E-07 -2.030122E-23  0.0           0.0           0.0           0.0         
              8        0  0.0           0.0           0.0           0.0           0.0           0.0         
              9        0  0.0           0.0           0.0           0.0           0.0           0.0         
             10        0  3.125000E-07  9.810389E-23  0.0           0.0           0.0           0.0         
                         ------------- ------------- ------------- ------------- ------------- -------------
                MAX* :    3.125000E-07  1.101263E-22  0.0           0.0           0.0           0.0         
                MIN* :    0.0          -2.030122E-23  0.0           0.0           0.0           0.0         

                ABS* :    3.125000E-07  1.101263E-22  0.0           0.0           0.0           0.0         
                *for output set

                                                    SPC Force Summary on AUTOSPC'd DOF's
                                                 (in global coordinate system at each grid)
        For detailed information on the SPC forces for the AUTOSPC DOF's, set field 7 (AUTOSPC_SPCF) on the PARAM AUTOSPC entry to Y

                              T1             T2             T3             R1             R2             R3

 ABS AUTOSPC FORCES  :   0.000000E+00   0.000000E+00   0.000000E+00   0.000000E+00   0.000000E+00   0.000000E+00
 AUTOSPC FORCE TOTALS:   0.000000E+00   0.000000E+00   0.000000E+00   0.000000E+00   0.000000E+00   0.000000E+00
     (for output set)


 OUTPUT FOR SUBCASE        1

                                          E L E M E N T   S T R E S S E S   I N   L O C A L   E L E M E N T   C O O R D I N A T E   S Y S T E M
                                                                       F O R   E L E M E N T   T Y P E   Q U A D 4  
    Elem  Location       Fibre       Stresses In Element Coord System     Principal Stresses (Zero Shear)               Transverse   Transverse   % Poly
     ID                 Distance    Normal-X     Normal-Y     Shear-XY     Angle     Major        Minor      von Mises    Shear-XZ     Shear-YZ    Fit Err
                                                                                                                         (max through thickness)

        1  CENTER      -4.000E-02  3.10506E+05  1.99357E+03 -2.48801E+04   -4.58  3.12500E+05  0.00000E+00  3.12500E+05  0.00000E+00  0.00000E+00
                        4.000E-02  3.10506E+05  1.99357E+03 -2.48801E+04   -4.58  3.12500E+05  0.00000E+00  3.12500E+05

           GRD       9 -4.000E-02  3.10506E+05  1.99357E+03 -2.48801E+04   -4.58  3.12500E+05  0.00000E+00  3.12500E+05  0.00000E+00  0.00000E+00 -0.4E-13
                        4.000E-02  3.10506E+05  1.99357E+03 -2.48801E+04   -4.58  3.12500E+05  0.00000E+00  3.12500E+05

           GRD      10 -4.000E-02  3.10506E+05  1.99357E+03 -2.48801E+04   -4.58  3.12500E+05  0.00000E+00  3.12500E+05  0.00000E+00  0.00000E+00  0.6E-13
                        4.000E-02  3.10506E+05  1.99357E+03 -2.48801E+04   -4.58  3.12500E+05  0.00000E+00  3.12500E+05

           GRD       3 -4.000E-02  3.10506E+05  1.99357E+03 -2.48801E+04   -4.58  3.12500E+05  0.00000E+00  3.12500E+05  0.00000E+00  0.00000E+00  0.6E-13
                        4.000E-02  3.10506E+05  1.99357E+03 -2.48801E+04   -4.58  3.12500E+05  0.00000E+00  3.12500E+05

           GRD       4 -4.000E-02  3.10506E+05  1.99357E+03 -2.48801E+04   -4.58  3.12500E+05  0.00000E+00  3.12500E+05  0.00000E+00  0.00000E+00 -0.4E-13
                        4.000E-02  3.10506E+05  1.99357E+03 -2.48801E+04   -4.58  3.12500E+05  0.00000E+00  3.12500E+05

        4  CENTER      -4.000E-02  3.10506E+05  1.99357E+03 -2.48801E+04   -4.58  3.12500E+05  0.00000E+00  3.12500E+05  0.00000E+00  0.00000E+00
                        4.000E-02  3.10506E+05  1.99357E+03 -2.48801E+04   -4.58  3.12500E+05  0.00000E+00  3.12500E+05

           GRD       1 -4.000E-02  3.10506E+05  1.99357E+03 -2.48801E+04   -4.58  3.12500E+05  0.00000E+00  3.12500E+05  0.00000E+00  0.00000E+00 -0.1E-12
                        4.000E-02  3.10506E+05  1.99357E+03 -2.48801E+04   -4.58  3.12500E+05  0.00000E+00  3.12500E+05

           GRD       2 -4.000E-02  3.10506E+05  1.99357E+03 -2.48801E+04   -4.58  3.12500E+05  0.00000E+00  3.12500E+05  0.00000E+00  0.00000E+00  0.1E-12
                        4.000E-02  3.10506E+05  1.99357E+03 -2.48801E+04   -4.58  3.12500E+05  0.00000E+00  3.12500E+05

           GRD      10 -4.000E-02  3.10506E+05  1.99357E+03 -2.48801E+04   -4.58  3.12500E+05  0.00000E+00  3.12500E+05  0.00000E+00  0.00000E+00  0.1E-12
                        4.000E-02  3.10506E+05  1.99357E+03 -2.48801E+04   -4.58  3.12500E+05  0.00000E+00  3.12500E+05

           GRD       9 -4.000E-02  3.10506E+05  1.99357E+03 -2.48801E+04   -4.58  3.12500E+05  0.00000E+00  3.12500E+05  0.00000E+00  0.00000E+00 -0.1E-12
                        4.000E-02  3.10506E+05  1.99357E+03 -2.48801E+04   -4.58  3.12500E+05  0.00000E+00  3.12500E+05
                                  ------------ ------------ ------------         ------------ ------------ ------------ ------------ ------------ --------
 MAX* :                            3.10506E+05  1.99357E+03 -2.48801E+04          3.12500E+05  0.00000E+00  3.12500E+05  0.00000E+00  0.00000E+00  0.1E-12
 MIN* :                            3.10506E+05  1.99357E+03 -2.48801E+04          3.12500E+05  0.00000E+00  3.12500E+05  0.00000E+00  0.00000E+00 -0.1E-12

 ABS* :                            3.10506E+05  1.99357E+03  2.48801E+04          3.12500E+05  0.00000E+00  3.12500E+05  0.00000E+00  0.00000E+00  0.1E-12
 *for output set


 OUTPUT FOR SUBCASE        1

                                    E L E M E N T   S T R E S S E S   I N   L O C A L   E L E M E N T   C O O R D I N A T E   S Y S T E M
                                                                 F O R   E L E M E N T   T Y P E   T R I A 3  
  Element    Location      Fibre        Stresses In Element Coord System       Principal Stresses (Zero Shear)               Transverse   Transverse
     ID                   Distance     Normal-X     Normal-Y      Shear-XY     Angle     Major        Minor      von Mises     Shear-XZ     Shear-YZ
                                                                                                                             (max through thickness)

        2    Anywhere   -4.00000E-02  1.56250E+05  1.56250E+05 -1.56250E+05  -45.000  3.12500E+05  0.00000E+00  3.12500E+05  0.00000E+00  0.00000E+00
             in elem     4.00000E-02  1.56250E+05  1.56250E+05 -1.56250E+05  -45.000  3.12500E+05  0.00000E+00  3.12500E+05

        3    Anywhere   -4.00000E-02  3.12500E+05 -9.64308E-12  0.00000E+00    0.000  3.12500E+05  0.00000E+00  3.12500E+05  0.00000E+00  0.00000E+00
             in elem     4.00000E-02  3.12500E+05 -9.64308E-12  0.00000E+00    0.000  3.12500E+05  0.00000E+00  3.12500E+05
                                     ------------ ------------ ------------          ------------ ------------ ------------ ------------ ------------
 MAX* :                               3.12500E+05  1.56250E+05  0.00000E+00           3.12500E+05  0.00000E+00  3.12500E+05  0.00000E+00  0.00000E+00
 MIN* :                               1.56250E+05 -9.64308E-12 -1.56250E+05           3.12500E+05  0.00000E+00  3.12500E+05  0.00000E+00  0.00000E+00

 ABS* :                               3.12500E+05  1.56250E+05  1.56250E+05           3.12500E+05  0.00000E+00  3.12500E+05  0.00000E+00  0.00000E+00
 *for output set

 >> LINK  9 END

    Total CPU time =  3.12E-02 seconds

 >> MYSTRAN END    :  6/ 4/2026 at 11:54:46.967
