   604115448

 MYSTRAN Version 18.0.0   APR 20 2026 MYSTRAN developed by Dr Bill Case
*** Please report any problems to mystransolver@gmail.com ***                                                                                                                                                                                                   

 >> MYSTRAN BEGIN  :  6/ 4/2026 at 11:54:48.378 The input file is C:\Users\victo\Documents\Git\MYSTRAN_Validation\working\NAS S30 tri3 quad4_2.bdf                                                                                                                                                                                


 >> LINK  0 BEGIN


SOL 101                                                                                                                                                                                                                                                         
CEND                                                                                                                                                                                                                                                            
DISPLACEMENT = ALL                                                                                                                                                                                                                                              
SPC = 1                                                                                                                                                                                                                                                         
LOAD = 1                                                                                                                                                                                                                                                        
BEGIN BULK                                                                                                                                                                                                                                                      
ECHO: loadb GRID           1       0   1.0+0   0.0+0   0.0+0       0                                                                                                                                                                                                        
ECHO: loadb GRID           2       0   2.0+0   0.0+0   0.0+0       0                                                                                                                                                                                                        
ECHO: loadb GRID           3       0   2.0+0   1.0+0   0.0+0       0                                                                                                                                                                                                        
ECHO: loadb GRID           4       0   1.0+0   1.0+0   0.0+0       0                                                                                                                                                                                                        
ECHO: loadb GRID           5       0   3.0+0   1.0+0   0.0+0       0                                                                                                                                                                                                        
ECHO: loadb GRID           6       0   3.0+0   0.0+0   0.0+0       0                                                                                                                                                                                                        
ECHO: loadb GRID*                  7               0 8.66025403784-1           0.0+0*                                                                                                                                                                                       
ECHO: loadb *                 -5.0-1               1                                                                                                                                                                                                                        
ECHO: loadb GRID*                  8               0 1.73205080757+0           0.0+0*                                                                                                                                                                                       
ECHO: loadb *                 -1.0+0               1                                                                                                                                                                                                                        
ECHO: loadb GRID*                  9               0 1.73205080757+0           1.0+0*                                                                                                                                                                                       
ECHO: loadb *                 -1.0+0               0                                                                                                                                                                                                                        
ECHO: loadb GRID*                 10               0 8.66025403784-1           1.0+0*                                                                                                                                                                                       
ECHO: loadb *                 -5.0-1               0                                                                                                                                                                                                                        
ECHO: loadb GRID*                 11               0 2.59807621135+0           1.0+0*                                                                                                                                                                                       
ECHO: loadb *                 -1.5+0               0                                                                                                                                                                                                                        
ECHO: loadb GRID*                 12               0 2.59807621135+0           0.0+0*                                                                                                                                                                                       
ECHO: loadb *                 -1.5+0               1                                                                                                                                                                                                                        
ECHO: loadb GRID          13       0   1.0+0   0.0+0   1.0+0       0                                                                                                                                                                                                        
ECHO: loadb GRID          14       0   2.0+0   0.0+0   1.0+0       0                                                                                                                                                                                                        
ECHO: loadb GRID*                 15               0           2.0+0 6.1230317691-17*                                                                                                                                                                                       
ECHO: loadb *                  2.0+0               0                                                                                                                                                                                                                        
ECHO: loadb GRID*                 16               0           1.0+0 6.1230317691-17*                                                                                                                                                                                       
ECHO: loadb *                  2.0+0               0                                                                                                                                                                                                                        
ECHO: loadb GRID*                 17               0           3.0+0 6.1230317691-17*                                                                                                                                                                                       
ECHO: loadb *                  2.0+0               0                                                                                                                                                                                                                        
ECHO: loadb GRID          18       0   3.0+0   0.0+0   1.0+0       0                                                                                                                                                                                                        
ECHO: loadb GRID          19       0   1.0+0   2.0+0   0.0+0       0                                                                                                                                                                                                        
ECHO: loadb GRID          20       0   2.0+0   2.0+0   0.0+0       0                                                                                                                                                                                                        
ECHO: loadb GRID          21       0   2.0+0   3.0+0   0.0+0       0                                                                                                                                                                                                        
ECHO: loadb GRID          22       0   1.0+0   3.0+0   0.0+0       0                                                                                                                                                                                                        
ECHO: loadb GRID          23       0   3.0+0   3.0+0   0.0+0       0                                                                                                                                                                                                        
ECHO: loadb GRID          24       0   3.0+0   2.0+0   0.0+0       0                                                                                                                                                                                                        
ECHO: loadb GRID*                 25               0 8.66025403784-1           2.0+0*                                                                                                                                                                                       
ECHO: loadb *                 -5.0-1               1                                                                                                                                                                                                                        
ECHO: loadb GRID*                 26               0 1.73205080757+0           2.0+0*                                                                                                                                                                                       
ECHO: loadb *                 -1.0+0               1                                                                                                                                                                                                                        
ECHO: loadb GRID*                 27               0 1.73205080757+0           3.0+0*                                                                                                                                                                                       
ECHO: loadb *                 -1.0+0               0                                                                                                                                                                                                                        
ECHO: loadb GRID*                 28               0 8.66025403784-1           3.0+0*                                                                                                                                                                                       
ECHO: loadb *                 -5.0-1               0                                                                                                                                                                                                                        
ECHO: loadb GRID*                 29               0 2.59807621135+0           3.0+0*                                                                                                                                                                                       
ECHO: loadb *                 -1.5+0               0                                                                                                                                                                                                                        
ECHO: loadb GRID*                 30               0 2.59807621135+0           2.0+0*                                                                                                                                                                                       
ECHO: loadb *                 -1.5+0               1                                                                                                                                                                                                                        
ECHO: loadb GRID          31       0   1.0+0   2.0+0   1.0+0       0                                                                                                                                                                                                        
ECHO: loadb GRID          32       0   2.0+0   2.0+0   1.0+0       0                                                                                                                                                                                                        
ECHO: loadb GRID          33       0   2.0+0   2.0+0   2.0+0       0                                                                                                                                                                                                        
ECHO: loadb GRID          34       0   1.0+0   2.0+0   2.0+0       0                                                                                                                                                                                                        
ECHO: loadb GRID          35       0   3.0+0   2.0+0   2.0+0       0                                                                                                                                                                                                        
ECHO: loadb GRID          36       0   3.0+0   2.0+0   1.0+0       0                                                                                                                                                                                                        
ECHO: loadb PARAM    STR_CID      -2                                                                                                                                                                                                                                        
ECHO: loadb MAT1*                  1          2.0+11 7.6923076923+10           3.0-1*                                                                                                                                                                                       
ECHO: loadb *                  0.0+0           0.0+0           0.0+0                                                                                                                                                                                                        
ECHO: loadb CORD2R*                1               0           0.0+0           0.0+0*                                                                                                                                                                                       
ECHO: loadb *                  0.0+0           5.0-1           0.0+0 8.66025403784-1*                                                                                                                                                                                       
ECHO nextc2: *        8.66025403784-1           0.0+0          -5.0-1                *                                                                                                                                                                                       
ECHO nextc2: *                                                                                                                                                                                                                                                               
ECHO: loadb SPC            1       1       2   0.0+0                                                                                                                                                                                                                        
ECHO: loadb SPC            1       1       3   0.0+0                                                                                                                                                                                                                        
ECHO: loadb SPC            1       1       4   0.0+0                                                                                                                                                                                                                        
ECHO: loadb SPC            1       1       6   0.0+0                                                                                                                                                                                                                        
ECHO: loadb SPC            1       2       1   0.0+0                                                                                                                                                                                                                        
ECHO: loadb SPC            1       2       3   0.0+0                                                                                                                                                                                                                        
ECHO: loadb SPC            1       2       2   0.0+0                                                                                                                                                                                                                        
ECHO: loadb SPC            1       2       4   0.0+0                                                                                                                                                                                                                        
ECHO: loadb SPC            1       2       6   0.0+0                                                                                                                                                                                                                        
ECHO: loadb SPC            1       6       2   0.0+0                                                                                                                                                                                                                        
ECHO: loadb SPC            1       6       4   0.0+0                                                                                                                                                                                                                        
ECHO: loadb SPC            1       6       6   0.0+0                                                                                                                                                                                                                        
ECHO: loadb SPC            1       7       2   0.0+0                                                                                                                                                                                                                        
ECHO: loadb SPC            1       7       4   0.0+0                                                                                                                                                                                                                        
ECHO: loadb SPC            1       7       6   0.0+0                                                                                                                                                                                                                        
ECHO: loadb SPC            1       8       1   0.0+0                                                                                                                                                                                                                        
ECHO: loadb SPC            1       8       3   0.0+0                                                                                                                                                                                                                        
ECHO: loadb SPC            1       8       2   0.0+0                                                                                                                                                                                                                        
ECHO: loadb SPC            1       8       4   0.0+0                                                                                                                                                                                                                        
ECHO: loadb SPC            1       8       6   0.0+0                                                                                                                                                                                                                        
ECHO: loadb SPC            1      12       2   0.0+0                                                                                                                                                                                                                        
ECHO: loadb SPC            1      12       3   0.0+0                                                                                                                                                                                                                        
ECHO: loadb SPC            1      12       4   0.0+0                                                                                                                                                                                                                        
ECHO: loadb SPC            1      12       6   0.0+0                                                                                                                                                                                                                        
ECHO: loadb SPC            1      13       3   0.0+0                                                                                                                                                                                                                        
ECHO: loadb SPC            1      13       2   0.0+0                                                                                                                                                                                                                        
ECHO: loadb SPC            1      13       4   0.0+0                                                                                                                                                                                                                        
ECHO: loadb SPC            1      13       5   0.0+0                                                                                                                                                                                                                        
ECHO: loadb SPC            1      14       3   0.0+0                                                                                                                                                                                                                        
ECHO: loadb SPC            1      14       1   0.0+0                                                                                                                                                                                                                        
ECHO: loadb SPC            1      14       4   0.0+0                                                                                                                                                                                                                        
ECHO: loadb SPC            1      14       5   0.0+0                                                                                                                                                                                                                        
ECHO: loadb SPC            1      15       2   0.0+0                                                                                                                                                                                                                        
ECHO: loadb SPC            1      18       3   0.0+0                                                                                                                                                                                                                        
ECHO: loadb SPC            1      18       4   0.0+0                                                                                                                                                                                                                        
ECHO: loadb SPC            1      18       5   0.0+0                                                                                                                                                                                                                        
ECHO: loadb SPC            1      19       2   0.0+0                                                                                                                                                                                                                        
ECHO: loadb SPC            1      19       3   0.0+0                                                                                                                                                                                                                        
ECHO: loadb SPC            1      19       4   0.0+0                                                                                                                                                                                                                        
ECHO: loadb SPC            1      19       6   0.0+0                                                                                                                                                                                                                        
ECHO: loadb SPC            1      20       1   0.0+0                                                                                                                                                                                                                        
ECHO: loadb SPC            1      20       3   0.0+0                                                                                                                                                                                                                        
ECHO: loadb SPC            1      20       2   0.0+0                                                                                                                                                                                                                        
ECHO: loadb SPC            1      20       4   0.0+0                                                                                                                                                                                                                        
ECHO: loadb SPC            1      20       6   0.0+0                                                                                                                                                                                                                        
ECHO: loadb SPC            1      24       2   0.0+0                                                                                                                                                                                                                        
ECHO: loadb SPC            1      24       4   0.0+0                                                                                                                                                                                                                        
ECHO: loadb SPC            1      24       6   0.0+0                                                                                                                                                                                                                        
ECHO: loadb SPC            1      25       2   0.0+0                                                                                                                                                                                                                        
ECHO: loadb SPC            1      25       4   0.0+0                                                                                                                                                                                                                        
ECHO: loadb SPC            1      25       6   0.0+0                                                                                                                                                                                                                        
ECHO: loadb SPC            1      26       1   0.0+0                                                                                                                                                                                                                        
ECHO: loadb SPC            1      26       3   0.0+0                                                                                                                                                                                                                        
ECHO: loadb SPC            1      26       2   0.0+0                                                                                                                                                                                                                        
ECHO: loadb SPC            1      26       4   0.0+0                                                                                                                                                                                                                        
ECHO: loadb SPC            1      26       6   0.0+0                                                                                                                                                                                                                        
ECHO: loadb SPC            1      30       2   0.0+0                                                                                                                                                                                                                        
ECHO: loadb SPC            1      30       3   0.0+0                                                                                                                                                                                                                        
ECHO: loadb SPC            1      30       4   0.0+0                                                                                                                                                                                                                        
ECHO: loadb SPC            1      30       6   0.0+0                                                                                                                                                                                                                        
ECHO: loadb SPC            1      31       3   0.0+0                                                                                                                                                                                                                        
ECHO: loadb SPC            1      31       2   0.0+0                                                                                                                                                                                                                        
ECHO: loadb SPC            1      31       4   0.0+0                                                                                                                                                                                                                        
ECHO: loadb SPC            1      31       5   0.0+0                                                                                                                                                                                                                        
ECHO: loadb SPC            1      32       3   0.0+0                                                                                                                                                                                                                        
ECHO: loadb SPC            1      32       1   0.0+0                                                                                                                                                                                                                        
ECHO: loadb SPC            1      32       4   0.0+0                                                                                                                                                                                                                        
ECHO: loadb SPC            1      32       5   0.0+0                                                                                                                                                                                                                        
ECHO: loadb SPC            1      33       2   0.0+0                                                                                                                                                                                                                        
ECHO: loadb SPC            1      36       3   0.0+0                                                                                                                                                                                                                        
ECHO: loadb SPC            1      36       4   0.0+0                                                                                                                                                                                                                        
ECHO: loadb SPC            1      36       5   0.0+0                                                                                                                                                                                                                        
ECHO: loadb PSHELL         2       1   2.0-1       1               1           0.0+0                                                                                                                                                                                        
ECHO: loadb CTRIA3         1       2       1       3       4       3   0.0+0                                                                                                                                                                                                
ECHO: loadb CORD2R*                3               0           0.0+0           0.0+0*                                                                                                                                                                                       
ECHO: loadb *                  0.0+0-7.07106781187-1 7.07106781187-1           0.0+0*                                                                                                                                                                                       
ECHO nextc2: *        7.07106781187-1 7.07106781187-1           0.0+0                *                                                                                                                                                                                       
ECHO nextc2: *                                                                                                                                                                                                                                                               
ECHO: loadb CTRIA3         2       2       2       1       3       4   0.0+0                                                                                                                                                                                                
ECHO: loadb CORD2R         4       0   0.0+0   0.0+0   0.0+0   0.0+0  -1.0+0   0.0+0+                                                                                                                                                                                       
ECHO:  nextc +         -1.0+0   0.0+0   0.0+0                                                                                                                                                                                                                                
ECHO: loadb CTRIA3         3       2       3       2       5       5   0.0+0                                                                                                                                                                                                
ECHO: loadb CORD2R         5       0   0.0+0   0.0+0   0.0+0   1.0+0   0.0+0   0.0+0+                                                                                                                                                                                       
ECHO:  nextc +          0.0+0  -1.0+0   0.0+0                                                                                                                                                                                                                                
ECHO: loadb CTRIA3         4       2       6       5       2       6   0.0+0                                                                                                                                                                                                
ECHO: loadb CORD2R         6       0   0.0+0   0.0+0   0.0+0  -1.0+0   0.0+0   0.0+0+                                                                                                                                                                                       
ECHO:  nextc +          0.0+0   1.0+0   0.0+0                                                                                                                                                                                                                                
ECHO: loadb CTRIA3         5       2       7       9      10       7   0.0+0                                                                                                                                                                                                
ECHO: loadb CORD2R*                7               0           0.0+0           0.0+0*                                                                                                                                                                                       
ECHO: loadb *                  0.0+0-7.55928946018-1 6.54653670708-1           0.0+0*                                                                                                                                                                                       
ECHO nextc2: *        6.12372435696-1 7.07106781187-1-3.53553390593-1                *                                                                                                                                                                                       
ECHO nextc2: *                                                                                                                                                                                                                                                               
ECHO: loadb CTRIA3         6       2       7       8       9       8   0.0+0                                                                                                                                                                                                
ECHO: loadb CORD2R*                8               0           0.0+0           0.0+0*                                                                                                                                                                                       
ECHO: loadb *                  0.0+0           0.0+0           1.0+0           0.0+0*                                                                                                                                                                                       
ECHO nextc2: *        8.66025403784-1           0.0+0          -5.0-1                *                                                                                                                                                                                       
ECHO nextc2: *                                                                                                                                                                                                                                                               
ECHO: loadb CTRIA3         7       2       9       8      11       9   0.0+0                                                                                                                                                                                                
ECHO: loadb CORD2R         9       0   0.0+0   0.0+0   0.0+0   1.0+0   0.0+0   0.0+0+                                                                                                                                                                                       
ECHO:  nextc +          0.0+0  -1.0+0   0.0+0                                                                                                                                                                                                                                
ECHO: loadb CTRIA3         8       2      12      11       8      10   0.0+0                                                                                                                                                                                                
ECHO: loadb CORD2R        10       0   0.0+0   0.0+0   0.0+0  -1.0+0   0.0+0   0.0+0+                                                                                                                                                                                       
ECHO:  nextc +          0.0+0   1.0+0   0.0+0                                                                                                                                                                                                                                
ECHO: loadb CTRIA3         9       2      13      15      16      11   0.0+0                                                                                                                                                                                                
ECHO: loadb CORD2R*               11               0           0.0+0           0.0+0*                                                                                                                                                                                       
ECHO: loadb *                  0.0+0-6.1230317691-17           1.0+0           0.0+0*                                                                                                                                                                                       
ECHO nextc2: *        7.07106781187-1 4.3296372854-17 7.07106781187-1                *                                                                                                                                                                                       
ECHO nextc2: *                                                                                                                                                                                                                                                               
ECHO: loadb CTRIA3        10       2      13      14      15      12   0.0+0                                                                                                                                                                                                
ECHO: loadb CORD2R        12       0   0.0+0   0.0+0   0.0+0   0.0+0   1.0+0   0.0+0+                                                                                                                                                                                       
ECHO:  nextc +          1.0+0   0.0+0   0.0+0                                                                                                                                                                                                                                
ECHO: loadb CTRIA3        11       2      15      14      17      13   0.0+0                                                                                                                                                                                                
ECHO: loadb CORD2R*               13               0           0.0+0           0.0+0*                                                                                                                                                                                       
ECHO: loadb *                  0.0+0          -1.0+0           0.0+0           0.0+0*                                                                                                                                                                                       
ECHO nextc2: *                  0.0+0-6.1230317691-17          -1.0+0                *                                                                                                                                                                                       
ECHO nextc2: *                                                                                                                                                                                                                                                               
ECHO: loadb CTRIA3        12       2      18      17      14      14   0.0+0                                                                                                                                                                                                
ECHO: loadb CORD2R*               14               0           0.0+0           0.0+0*                                                                                                                                                                                       
ECHO: loadb *                  0.0+0           1.0+0           0.0+0           0.0+0*                                                                                                                                                                                       
ECHO nextc2: *                  0.0+0 6.1230317691-17           1.0+0                *                                                                                                                                                                                       
ECHO nextc2: *                                                                                                                                                                                                                                                               
ECHO: loadb PSHELL        15       1   2.0-1       1               1           0.0+0                                                                                                                                                                                        
ECHO: loadb CQUAD4        13      15      20      24      23      21      16   0.0+0                                                                                                                                                                                        
ECHO: loadb CORD2R        16       0   0.0+0   0.0+0   0.0+0   0.0+0   1.0+0   0.0+0+                                                                                                                                                                                       
ECHO:  nextc +          1.0+0   0.0+0   0.0+0                                                                                                                                                                                                                                
ECHO: loadb CQUAD4        14      15      21      20      19      22      17   0.0+0                                                                                                                                                                                        
ECHO: loadb CORD2R        17       0   0.0+0   0.0+0   0.0+0   1.0+0   0.0+0   0.0+0+                                                                                                                                                                                       
ECHO:  nextc +          0.0+0  -1.0+0   0.0+0                                                                                                                                                                                                                                
ECHO: loadb CQUAD4        15      15      31      34      33      32      18   0.0+0                                                                                                                                                                                        
ECHO: loadb CORD2R        18       0   0.0+0   0.0+0   0.0+0   1.0+0   0.0+0   0.0+0+                                                                                                                                                                                       
ECHO:  nextc +          0.0+0   0.0+0   1.0+0                                                                                                                                                                                                                                
ECHO: loadb CQUAD4        16      15      36      32      33      35      19   0.0+0                                                                                                                                                                                        
ECHO: loadb CORD2R        19       0   0.0+0   0.0+0   0.0+0   0.0+0  -1.0+0   0.0+0+                                                                                                                                                                                       
ECHO:  nextc +         -1.0+0   0.0+0   0.0+0                                                                                                                                                                                                                                
ECHO: loadb CQUAD4        17      15      26      27      29      30      20   0.0+0                                                                                                                                                                                        
ECHO: loadb CORD2R        20       0   0.0+0   0.0+0   0.0+0  -1.0+0   0.0+0   0.0+0+                                                                                                                                                                                       
ECHO:  nextc +          0.0+0   1.0+0   0.0+0                                                                                                                                                                                                                                
ECHO: loadb CQUAD4        18      15      28      27      26      25      21   0.0+0                                                                                                                                                                                        
ECHO: loadb CORD2R*               21               0           0.0+0           0.0+0*                                                                                                                                                                                       
ECHO: loadb *                  0.0+0           0.0+0           1.0+0           0.0+0*                                                                                                                                                                                       
ECHO nextc2: *        8.66025403784-1           0.0+0          -5.0-1                *                                                                                                                                                                                       
ECHO nextc2: *                                                                                                                                                                                                                                                               
ECHO: loadb FORCE          2       3       0   1.0+0   0.0+0   5.0+6   0.0+0                                                                                                                                                                                                
ECHO: loadb FORCE          2       5       0   1.0+0   0.0+0   2.5+6   0.0+0                                                                                                                                                                                                
ECHO: loadb FORCE          2       4       0   1.0+0   0.0+0   2.5+6   0.0+0                                                                                                                                                                                                
ECHO: loadb FORCE          2       9       0   1.0+0   0.0+0   5.0+6   0.0+0                                                                                                                                                                                                
ECHO: loadb FORCE          2      10       0   1.0+0   0.0+0   2.5+6   0.0+0                                                                                                                                                                                                
ECHO: loadb FORCE          2      11       0   1.0+0   0.0+0   2.5+6   0.0+0                                                                                                                                                                                                
ECHO: loadb FORCE          2      27       0   1.0+0   0.0+0   5.0+6   0.0+0                                                                                                                                                                                                
ECHO: loadb FORCE          2      29       0   1.0+0   0.0+0   2.5+6   0.0+0                                                                                                                                                                                                
ECHO: loadb FORCE          2      28       0   1.0+0   0.0+0   2.5+6   0.0+0                                                                                                                                                                                                
ECHO: loadb FORCE          2      23       0   1.0+0   0.0+0   2.5+6   0.0+0                                                                                                                                                                                                
ECHO: loadb FORCE          2      21       0   1.0+0   0.0+0   5.0+6   0.0+0                                                                                                                                                                                                
ECHO: loadb FORCE          2      22       0   1.0+0   0.0+0   2.5+6   0.0+0                                                                                                                                                                                                
ECHO: loadb FORCE          2      15       0   1.0+0   0.0+0   0.0+0   5.0+6                                                                                                                                                                                                
ECHO: loadb FORCE          2      16       0   1.0+0   0.0+0   0.0+0   2.5+6                                                                                                                                                                                                
ECHO: loadb FORCE          2      17       0   1.0+0   0.0+0   0.0+0   2.5+6                                                                                                                                                                                                
ECHO: loadb FORCE          2      34       0   1.0+0   0.0+0   0.0+0   2.5+6                                                                                                                                                                                                
ECHO: loadb FORCE          2      33       0   1.0+0   0.0+0   0.0+0   5.0+6                                                                                                                                                                                                
ECHO: loadb FORCE          2      35       0   1.0+0   0.0+0   0.0+0   2.5+6                                                                                                                                                                                                
ECHO: loadb LOAD           1   1.0+0   1.0+0       2                                                                                                                                                                                                                        
ECHO: loadb ENDDATA                                                                                                                                                                                                                                                         




 >> LINK  0 END


 >> LINK  1 BEGIN

               DEALLOCATED  1.18E-01 MB MEMORY FROM ARRAY STF3


 *INFORMATION: AUTOSPC Summary, Stage 1 after identification of AUTOSPC's at the grid level                                                 

                                     AUTOSPC_RAT = 1.000000E-08

                       Number of DOF's identified for AUTOSPC in component  1         =            0
                       Number of DOF's identified for AUTOSPC in component  2         =            0
                       Number of DOF's identified for AUTOSPC in component  3         =            0
                       Number of DOF's identified for AUTOSPC in component  4         =            0
                       Number of DOF's identified for AUTOSPC in component  5         =            6
                       Number of DOF's identified for AUTOSPC in component  6         =           12
                                                                                        ------------
                       Total number of DOF's identified in this stage                 =           18

               DEALLOCATED  8.64E-04 MB MEMORY FROM ARRAY STFKEY
               DEALLOCATED  1.18E-01 MB MEMORY FROM ARRAY STF3

 >> LINK  1 END


 >> LINK  2 BEGIN



 *INFORMATION: AUTOSPC Summary, Overall: after identification of all AUTOSPC's                                                               

                                     AUTOSPC_RAT = 1.000000E-08

                       Number of DOF's identified for AUTOSPC in component  1         =            0
                       Number of DOF's identified for AUTOSPC in component  2         =            0
                       Number of DOF's identified for AUTOSPC in component  3         =            0
                       Number of DOF's identified for AUTOSPC in component  4         =            0
                       Number of DOF's identified for AUTOSPC in component  5         =            6
                       Number of DOF's identified for AUTOSPC in component  6         =           12
                                                                                        ------------
                       Total number of DOF's identified overall                       =           18


 >> LINK  2 END


 >> LINK  3 BEGIN

 SUPERLU FACTORIZATION OF MATRIX KLL SUCCEEDED IN SUBR SYM_MAT_DECOMP_SUPRLU          

 *INFORMATION: FOR INTERNAL SUBCASE NUMBER        1 EPSILON ERROR ESTIMATE            = -4.153347E-18 Based on U'*(K*U - P)/(U'*P)


 >> LINK  3 END


 >> LINK  5 BEGIN


 >> LINK  5 END


 >> LINK  9 BEGIN



 OUTPUT FOR SUBCASE        1

                                                       D I S P L A C E M E N T S
                                              (in global coordinate system at each grid)
           GRID     COORD      T1            T2            T3            R1            R2            R3
                     SYS
              1        0  3.750000E-05  0.0           0.0           0.0           0.0           0.0         
              2        0  0.0           0.0           0.0           0.0           0.0           0.0         
              3        0 -3.285789E-20  1.250000E-04  0.0           0.0           0.0           0.0         
              4        0  3.750000E-05  1.250000E-04  0.0           0.0           0.0           0.0         
              5        0 -3.750000E-05  1.250000E-04  0.0           0.0           0.0           0.0         
              6        0 -3.750000E-05  0.0           0.0           0.0           0.0           0.0         
              7        1  3.750000E-05  0.0           1.128205E-16  0.0           7.533957E-17  0.0         
              8        1  0.0           0.0           0.0           0.0           7.511527E-17  0.0         
              9        0 -1.216408E-16  1.250000E-04  7.067187E-17  5.548122E-19  7.508079E-17  0.0         
             10        0  3.247595E-05  1.250000E-04 -1.875000E-05  2.968257E-19  7.519609E-17  0.0         
             11        0 -3.247595E-05  1.250000E-04  1.875000E-05  6.968190E-19  7.494627E-17  0.0         
             12        1 -3.750000E-05  0.0           0.0           0.0           7.509109E-17  0.0         
             13        0  3.750000E-05  0.0           0.0           0.0           0.0           5.305781E-19
             14        0  0.0           7.910405E-19  0.0           0.0           0.0           1.017560E-18
             15        0 -4.495239E-20  0.0           1.250000E-04  1.153717E-18  0.0           9.632591E-19
             16        0  3.750000E-05 -7.801614E-19  1.250000E-04  9.055248E-19  0.0           8.324680E-19
             17        0 -3.750000E-05  1.050215E-18  1.250000E-04  1.379315E-18  0.0           1.189055E-18
             18        0 -3.750000E-05  2.012613E-18  0.0           0.0           0.0           1.551673E-18
             19        0  3.750000E-05  0.0           0.0           0.0           0.0           0.0         
             20        0  0.0           0.0           0.0           0.0           0.0           0.0         
             21        0  1.154578E-20  1.250000E-04  0.0           0.0           0.0           0.0         
             22        0  3.750000E-05  1.250000E-04  0.0           0.0           0.0           0.0         
             23        0 -3.750000E-05  1.250000E-04  0.0           0.0           0.0           0.0         
             24        0 -3.750000E-05  0.0           0.0           0.0           0.0           0.0         
             25        1  3.750000E-05  0.0           1.133485E-16  0.0           7.631928E-17  0.0         
             26        1  0.0           0.0           0.0           0.0           7.547553E-17  0.0         
             27        0 -2.058276E-16  1.250000E-04  1.188572E-16 -4.087826E-20  7.551472E-17  0.0         
             28        0  3.247595E-05  1.250000E-04 -1.875000E-05 -3.816938E-19  7.561358E-17  0.0         
             29        0 -3.247595E-05  1.250000E-04  1.875000E-05 -8.937089E-19  7.558620E-17  0.0         
             30        1 -3.750000E-05  0.0           0.0           0.0           7.472393E-17  0.0         
             31        0  3.750000E-05  0.0           0.0           0.0           0.0           0.0         
             32        0  0.0           0.0           0.0           0.0           0.0           0.0         
             33        0  0.0           0.0           1.250000E-04  0.0           0.0           0.0         
             34        0  3.750000E-05  0.0           1.250000E-04  0.0           0.0           0.0         
             35        0 -3.750000E-05  0.0           1.250000E-04  0.0           0.0           0.0         
             36        0 -3.750000E-05  0.0           0.0           0.0           0.0           0.0         
                         ------------- ------------- ------------- ------------- ------------- -------------
                MAX* :    3.750000E-05  1.250000E-04  1.250000E-04  1.379315E-18  7.631928E-17  1.551673E-18
                MIN* :   -3.750000E-05 -7.801614E-19 -1.875000E-05 -8.937089E-19  0.0           0.0         

                ABS* :    3.750000E-05  1.250000E-04  1.250000E-04  1.379315E-18  7.631928E-17  1.551673E-18
                *for output set

                                                    SPC Force Summary on AUTOSPC'd DOF's
                                                 (in global coordinate system at each grid)
        For detailed information on the SPC forces for the AUTOSPC DOF's, set field 7 (AUTOSPC_SPCF) on the PARAM AUTOSPC entry to Y

                              T1             T2             T3             R1             R2             R3

 ABS AUTOSPC FORCES  :   0.000000E+00   0.000000E+00   0.000000E+00   0.000000E+00   5.500947E-29   1.345646E-11
 AUTOSPC FORCE TOTALS:   0.000000E+00   0.000000E+00   0.000000E+00   0.000000E+00   1.965854E-40   9.371627E-12
     (for output set)

 >> LINK  9 END

    Total CPU time =  4.69E-02 seconds

 >> MYSTRAN END    :  6/ 4/2026 at 11:54:48.469
