   627193254

 MYSTRAN Version 18.0.0   APR 20 2026 MYSTRAN developed by Dr Bill Case
*** Please report any problems to mystransolver@gmail.com ***                                                                                                                                                                                                   

 >> MYSTRAN BEGIN  :  6/27/2026 at 19:32:54.867 The input file is C:\Users\victo\Documents\Git\MYSTRAN_Validation\working\NAS S30 shell stress components quad4.bdf                                                                                                                                                               


 >> LINK  0 BEGIN


SOL 101                                                                                                                                                                                                                                                         
CEND                                                                                                                                                                                                                                                            
DISPLACEMENT = ALL                                                                                                                                                                                                                                              
STRESS(CORNER) = ALL                                                                                                                                                                                                                                            
SPC = 1                                                                                                                                                                                                                                                         
LOAD = 1                                                                                                                                                                                                                                                        
BEGIN BULK                                                                                                                                                                                                                                                      
ECHO: loadb GRID           1       0   0.0+0   0.0+0   0.0+0       0                                                                                                                                                                                                        
ECHO: loadb GRID           2       0   1.0+0   0.0+0   0.0+0       0                                                                                                                                                                                                        
ECHO: loadb GRID           3       0   1.0+0   1.0+0   0.0+0       0                                                                                                                                                                                                        
ECHO: loadb GRID           4       0   0.0+0   1.0+0   0.0+0       0                                                                                                                                                                                                        
ECHO: loadb GRID           5       0   2.0+0   0.0+0   0.0+0       0                                                                                                                                                                                                        
ECHO: loadb GRID           6       0   3.0+0   0.0+0   0.0+0       0                                                                                                                                                                                                        
ECHO: loadb GRID           7       0   3.0+0   1.0+0   0.0+0       0                                                                                                                                                                                                        
ECHO: loadb GRID           8       0   2.0+0   1.0+0   0.0+0       0                                                                                                                                                                                                        
ECHO: loadb GRID           9       0   4.0+0   0.0+0   0.0+0       0                                                                                                                                                                                                        
ECHO: loadb GRID          10       0   5.0+0   0.0+0   0.0+0       0                                                                                                                                                                                                        
ECHO: loadb GRID          11       0   5.0+0   1.0+0   0.0+0       0                                                                                                                                                                                                        
ECHO: loadb GRID          12       0   4.0+0   1.0+0   0.0+0       0                                                                                                                                                                                                        
ECHO: loadb GRID          13       0   6.0+0   0.0+0   0.0+0       0                                                                                                                                                                                                        
ECHO: loadb GRID          14       0   7.0+0   0.0+0   0.0+0       0                                                                                                                                                                                                        
ECHO: loadb GRID          15       0   7.0+0   1.0+0   0.0+0       0                                                                                                                                                                                                        
ECHO: loadb GRID          16       0   6.0+0   1.0+0   0.0+0       0                                                                                                                                                                                                        
ECHO: loadb GRID          17       0   8.0+0   0.0+0   0.0+0       0                                                                                                                                                                                                        
ECHO: loadb GRID          18       0   9.0+0   0.0+0   0.0+0       0                                                                                                                                                                                                        
ECHO: loadb GRID          19       0   9.0+0   1.0+0   0.0+0       0                                                                                                                                                                                                        
ECHO: loadb GRID          20       0   8.0+0   1.0+0   0.0+0       0                                                                                                                                                                                                        
ECHO: loadb GRID          21       0   1.0+1   0.0+0   0.0+0       0                                                                                                                                                                                                        
ECHO: loadb GRID          22       0   1.1+1   0.0+0   0.0+0       0                                                                                                                                                                                                        
ECHO: loadb GRID          23       0   1.1+1   1.0+0   0.0+0       0                                                                                                                                                                                                        
ECHO: loadb GRID          24       0   1.0+1   1.0+0   0.0+0       0                                                                                                                                                                                                        
ECHO: loadb PARAM    STR_CID      -2                                                                                                                                                                                                                                        
ECHO: loadb MAT1           1  2.0+11  1.0+11   0.0+0   0.0+0   0.0+0   0.0+0                                                                                                                                                                                                
ECHO: loadb SPC            1       1       1   0.0+0                                                                                                                                                                                                                        
ECHO: loadb SPC            1       1       2   0.0+0                                                                                                                                                                                                                        
ECHO: loadb SPC            1       1       3   0.0+0                                                                                                                                                                                                                        
ECHO: loadb SPC            1       1       4   0.0+0                                                                                                                                                                                                                        
ECHO: loadb SPC            1       1       5   0.0+0                                                                                                                                                                                                                        
ECHO: loadb SPC            1       1       6   0.0+0                                                                                                                                                                                                                        
ECHO: loadb SPC            1       2       2   0.0+0                                                                                                                                                                                                                        
ECHO: loadb SPC            1       2       4   0.0+0                                                                                                                                                                                                                        
ECHO: loadb SPC            1       2       6   0.0+0                                                                                                                                                                                                                        
ECHO: loadb SPC            1       4       1   0.0+0                                                                                                                                                                                                                        
ECHO: loadb SPC            1       4       5   0.0+0                                                                                                                                                                                                                        
ECHO: loadb SPC            1       4       6   0.0+0                                                                                                                                                                                                                        
ECHO: loadb SPC            1       5       1   0.0+0                                                                                                                                                                                                                        
ECHO: loadb SPC            1       5       3   0.0+0                                                                                                                                                                                                                        
ECHO: loadb SPC            1       5       2   0.0+0                                                                                                                                                                                                                        
ECHO: loadb SPC            1       5       4   0.0+0                                                                                                                                                                                                                        
ECHO: loadb SPC            1       5       6   0.0+0                                                                                                                                                                                                                        
ECHO: loadb SPC            1       6       1   0.0+0                                                                                                                                                                                                                        
ECHO: loadb SPC            1       6       3   0.0+0                                                                                                                                                                                                                        
ECHO: loadb SPC            1       6       2   0.0+0                                                                                                                                                                                                                        
ECHO: loadb SPC            1       6       4   0.0+0                                                                                                                                                                                                                        
ECHO: loadb SPC            1       6       6   0.0+0                                                                                                                                                                                                                        
ECHO: loadb SPC            1       7       2   0.0+0                                                                                                                                                                                                                        
ECHO: loadb SPC            1       8       2   0.0+0                                                                                                                                                                                                                        
ECHO: loadb SPC            1       9       1   0.0+0                                                                                                                                                                                                                        
ECHO: loadb SPC            1       9       2   0.0+0                                                                                                                                                                                                                        
ECHO: loadb SPC            1       9       3   0.0+0                                                                                                                                                                                                                        
ECHO: loadb SPC            1       9       4   0.0+0                                                                                                                                                                                                                        
ECHO: loadb SPC            1       9       5   0.0+0                                                                                                                                                                                                                        
ECHO: loadb SPC            1       9       6   0.0+0                                                                                                                                                                                                                        
ECHO: loadb SPC            1      10       1   0.0+0                                                                                                                                                                                                                        
ECHO: loadb SPC            1      10       2   0.0+0                                                                                                                                                                                                                        
ECHO: loadb SPC            1      10       3   0.0+0                                                                                                                                                                                                                        
ECHO: loadb SPC            1      10       4   0.0+0                                                                                                                                                                                                                        
ECHO: loadb SPC            1      10       5   0.0+0                                                                                                                                                                                                                        
ECHO: loadb SPC            1      10       6   0.0+0                                                                                                                                                                                                                        
ECHO: loadb SPC            1      13       1   0.0+0                                                                                                                                                                                                                        
ECHO: loadb SPC            1      13       2   0.0+0                                                                                                                                                                                                                        
ECHO: loadb SPC            1      13       3   0.0+0                                                                                                                                                                                                                        
ECHO: loadb SPC            1      13       4   0.0+0                                                                                                                                                                                                                        
ECHO: loadb SPC            1      13       5   0.0+0                                                                                                                                                                                                                        
ECHO: loadb SPC            1      13       6   0.0+0                                                                                                                                                                                                                        
ECHO: loadb SPC            1      16       1   0.0+0                                                                                                                                                                                                                        
ECHO: loadb SPC            1      16       2   0.0+0                                                                                                                                                                                                                        
ECHO: loadb SPC            1      16       3   0.0+0                                                                                                                                                                                                                        
ECHO: loadb SPC            1      16       4   0.0+0                                                                                                                                                                                                                        
ECHO: loadb SPC            1      16       5   0.0+0                                                                                                                                                                                                                        
ECHO: loadb SPC            1      16       6   0.0+0                                                                                                                                                                                                                        
ECHO: loadb SPC            1      17       1   0.0+0                                                                                                                                                                                                                        
ECHO: loadb SPC            1      17       2   0.0+0                                                                                                                                                                                                                        
ECHO: loadb SPC            1      17       3   0.0+0                                                                                                                                                                                                                        
ECHO: loadb SPC            1      17       4   0.0+0                                                                                                                                                                                                                        
ECHO: loadb SPC            1      17       5   0.0+0                                                                                                                                                                                                                        
ECHO: loadb SPC            1      17       6   0.0+0                                                                                                                                                                                                                        
ECHO: loadb SPC            1      18       1   0.0+0                                                                                                                                                                                                                        
ECHO: loadb SPC            1      18       2   0.0+0                                                                                                                                                                                                                        
ECHO: loadb SPC            1      18       3   0.0+0                                                                                                                                                                                                                        
ECHO: loadb SPC            1      18       4   0.0+0                                                                                                                                                                                                                        
ECHO: loadb SPC            1      18       5   0.0+0                                                                                                                                                                                                                        
ECHO: loadb SPC            1      18       6   0.0+0                                                                                                                                                                                                                        
ECHO: loadb SPC            1      19       4   0.0+0                                                                                                                                                                                                                        
ECHO: loadb SPC            1      20       4   0.0+0                                                                                                                                                                                                                        
ECHO: loadb SPC            1      21       1   0.0+0                                                                                                                                                                                                                        
ECHO: loadb SPC            1      21       2   0.0+0                                                                                                                                                                                                                        
ECHO: loadb SPC            1      21       3   0.0+0                                                                                                                                                                                                                        
ECHO: loadb SPC            1      21       4   0.0+0                                                                                                                                                                                                                        
ECHO: loadb SPC            1      21       5   0.0+0                                                                                                                                                                                                                        
ECHO: loadb SPC            1      21       6   0.0+0                                                                                                                                                                                                                        
ECHO: loadb SPC            1      22       5   0.0+0                                                                                                                                                                                                                        
ECHO: loadb SPC            1      23       5   0.0+0                                                                                                                                                                                                                        
ECHO: loadb SPC            1      24       1   0.0+0                                                                                                                                                                                                                        
ECHO: loadb SPC            1      24       2   0.0+0                                                                                                                                                                                                                        
ECHO: loadb SPC            1      24       3   0.0+0                                                                                                                                                                                                                        
ECHO: loadb SPC            1      24       4   0.0+0                                                                                                                                                                                                                        
ECHO: loadb SPC            1      24       5   0.0+0                                                                                                                                                                                                                        
ECHO: loadb SPC            1      24       6   0.0+0                                                                                                                                                                                                                        
ECHO: loadb PSHELL         1       1   1.0-2       1               1           0.0+0                                                                                                                                                                                        
ECHO: loadb CQUAD4         1       1       1       2       3       4   0.0+0   0.0+0                                                                                                                                                                                        
ECHO: loadb CQUAD4         2       1       5       6       7       8   0.0+0   0.0+0                                                                                                                                                                                        
ECHO: loadb CQUAD4         3       1       9      10      11      12   0.0+0   0.0+0                                                                                                                                                                                        
ECHO: loadb CQUAD4         4       1      13      14      15      16   0.0+0   0.0+0                                                                                                                                                                                        
ECHO: loadb CQUAD4         5       1      17      18      19      20   0.0+0   0.0+0                                                                                                                                                                                        
ECHO: loadb CQUAD4         6       1      21      22      23      24   0.0+0   0.0+0                                                                                                                                                                                        
ECHO: loadb FORCE          2       3       0   1.0+0   0.0+0   1.0+0   0.0+0                                                                                                                                                                                                
ECHO: loadb FORCE          2       4       0   1.0+0   0.0+0   1.0+0   0.0+0                                                                                                                                                                                                
ECHO: loadb FORCE          2       2       0   1.0+0   5.0-1   0.0+0   0.0+0                                                                                                                                                                                                
ECHO: loadb FORCE          2       3       0   1.0+0   5.0-1   0.0+0   0.0+0                                                                                                                                                                                                
ECHO: loadb FORCE          2       7       0   1.0+0   2.5+0   0.0+0   0.0+0                                                                                                                                                                                                
ECHO: loadb FORCE          2       8       0   1.0+0   2.5+0   0.0+0   0.0+0                                                                                                                                                                                                
ECHO: loadb FORCE          2      19       0   1.0+0   0.0+0   0.0+0   1.5-3                                                                                                                                                                                                
ECHO: loadb FORCE          2      20       0   1.0+0   0.0+0   0.0+0   1.5-3                                                                                                                                                                                                
ECHO: loadb FORCE          2      22       0   1.0+0   0.0+0   0.0+0   1.5-3                                                                                                                                                                                                
ECHO: loadb FORCE          2      23       0   1.0+0   0.0+0   0.0+0   1.5-3                                                                                                                                                                                                
ECHO: loadb MOMENT         2      12       0   1.0+0   1.0-3   0.0+0   0.0+0                                                                                                                                                                                                
ECHO: loadb MOMENT         2      11       0   1.0+0   1.0-3   0.0+0   0.0+0                                                                                                                                                                                                
ECHO: loadb MOMENT         2      15       0   1.0+0   0.0+0   1.0-3   0.0+0                                                                                                                                                                                                
ECHO: loadb MOMENT         2      14       0   1.0+0   0.0+0   1.0-3   0.0+0                                                                                                                                                                                                
ECHO: loadb LOAD           1   1.0+0   1.0+0       2                                                                                                                                                                                                                        
ECHO: loadb ENDDATA                                                                                                                                                                                                                                                         




 >> LINK  0 END


 >> LINK  1 BEGIN

               DEALLOCATED  5.53E-02 MB MEMORY FROM ARRAY STF3


 *INFORMATION: AUTOSPC Summary, Stage 1 after identification of AUTOSPC's at the grid level                                                 

                                     AUTOSPC_RAT = 1.000000E-08

                       Number of DOF's identified for AUTOSPC in component  1         =            0
                       Number of DOF's identified for AUTOSPC in component  2         =            0
                       Number of DOF's identified for AUTOSPC in component  3         =            0
                       Number of DOF's identified for AUTOSPC in component  4         =            0
                       Number of DOF's identified for AUTOSPC in component  5         =            0
                       Number of DOF's identified for AUTOSPC in component  6         =           11
                                                                                        ------------
                       Total number of DOF's identified in this stage                 =           11

               DEALLOCATED  5.76E-04 MB MEMORY FROM ARRAY STFKEY
               DEALLOCATED  5.53E-02 MB MEMORY FROM ARRAY STF3

 >> LINK  1 END


 >> LINK  2 BEGIN



 *INFORMATION: AUTOSPC Summary, Overall: after identification of all AUTOSPC's                                                               

                                     AUTOSPC_RAT = 1.000000E-08

                       Number of DOF's identified for AUTOSPC in component  1         =            0
                       Number of DOF's identified for AUTOSPC in component  2         =            0
                       Number of DOF's identified for AUTOSPC in component  3         =            0
                       Number of DOF's identified for AUTOSPC in component  4         =            0
                       Number of DOF's identified for AUTOSPC in component  5         =            0
                       Number of DOF's identified for AUTOSPC in component  6         =           11
                                                                                        ------------
                       Total number of DOF's identified overall                       =           11


 >> LINK  2 END


 >> LINK  3 BEGIN

 SUPERLU FACTORIZATION OF MATRIX KLL SUCCEEDED IN SUBR SYM_MAT_DECOMP_SUPRLU          

 *INFORMATION: FOR INTERNAL SUBCASE NUMBER        1 EPSILON ERROR ESTIMATE            = -2.061026E-18 Based on U'*(K*U - P)/(U'*P)


 >> LINK  3 END


 >> LINK  5 BEGIN


 >> LINK  5 END


 >> LINK  9 BEGIN



 OUTPUT FOR SUBCASE        1

                                                       D I S P L A C E M E N T S
                                              (in global coordinate system at each grid)
           GRID     COORD      T1            T2            T3            R1            R2            R3
                     SYS
              1        0  0.0           0.0           0.0           0.0           0.0           0.0         
              2        0  5.000000E-10  0.0           0.0           0.0           0.0           0.0         
              3        0  5.000000E-10  1.000000E-09  0.0           0.0           0.0           0.0         
              4        0  0.0           1.000000E-09  0.0           0.0           0.0           0.0         
              5        0  0.0           0.0           0.0           0.0           0.0           0.0         
              6        0  0.0           0.0           0.0           0.0           0.0           0.0         
              7        0  5.000000E-09  0.0           0.0           0.0           0.0           0.0         
              8        0  5.000000E-09  0.0           0.0           0.0           0.0           0.0         
              9        0  0.0           0.0           0.0           0.0           0.0           0.0         
             10        0  0.0           0.0           0.0           0.0           0.0           0.0         
             11        0  0.0           0.0           6.000000E-08  1.200000E-07  3.549820E-23  0.0         
             12        0  0.0           0.0           6.000000E-08  1.200000E-07  7.635781E-23  0.0         
             13        0  0.0           0.0           0.0           0.0           0.0           0.0         
             14        0  0.0           0.0          -6.000000E-08  5.454129E-23  1.200000E-07  0.0         
             15        0  0.0           0.0          -6.000000E-08  6.436086E-23  1.200000E-07  0.0         
             16        0  0.0           0.0           0.0           0.0           0.0           0.0         
             17        0  0.0           0.0           0.0           0.0           0.0           0.0         
             18        0  0.0           0.0           0.0           0.0           0.0           0.0         
             19        0  0.0           0.0           1.227769E-08  0.0          -1.864456E-08  0.0         
             20        0  0.0           0.0           1.227769E-08  0.0           1.864456E-08  0.0         
             21        0  0.0           0.0           0.0           0.0           0.0           0.0         
             22        0  0.0           0.0           1.227769E-08 -1.864456E-08  0.0           0.0         
             23        0  0.0           0.0           1.227769E-08  1.864456E-08  0.0           0.0         
             24        0  0.0           0.0           0.0           0.0           0.0           0.0         
                         ------------- ------------- ------------- ------------- ------------- -------------
                MAX* :    5.000000E-09  1.000000E-09  6.000000E-08  1.200000E-07  1.200000E-07  0.0         
                MIN* :    0.0           0.0          -6.000000E-08 -1.864456E-08 -1.864456E-08  0.0         

                ABS* :    5.000000E-09  1.000000E-09  6.000000E-08  1.200000E-07  1.200000E-07  0.0         
                *for output set

                                                    SPC Force Summary on AUTOSPC'd DOF's
                                                 (in global coordinate system at each grid)
        For detailed information on the SPC forces for the AUTOSPC DOF's, set field 7 (AUTOSPC_SPCF) on the PARAM AUTOSPC entry to Y

                              T1             T2             T3             R1             R2             R3

 ABS AUTOSPC FORCES  :   0.000000E+00   0.000000E+00   0.000000E+00   0.000000E+00   0.000000E+00   0.000000E+00
 AUTOSPC FORCE TOTALS:   0.000000E+00   0.000000E+00   0.000000E+00   0.000000E+00   0.000000E+00   0.000000E+00
     (for output set)


 OUTPUT FOR SUBCASE        1

                                          E L E M E N T   S T R E S S E S   I N   L O C A L   E L E M E N T   C O O R D I N A T E   S Y S T E M
                                                                       F O R   E L E M E N T   T Y P E   Q U A D 4  
    Elem  Location        Fiber      Stresses In Element Coord System     Principal Stresses (Zero Shear)                Transverse   Transverse   % Poly
     ID                  Distance   Normal-X     Normal-Y     Shear-XY     Angle     Major        Minor      von Mises    Shear-XZ     Shear-YZ    Fit Err
                                                                                                                         (max through thickness)

        1  CENTER      -5.000E-03  1.00000E+02  2.00000E+02 -1.03398E-14  -90.00  2.00000E+02  1.00000E+02  1.73205E+02  0.00000E+00  0.00000E+00
                        5.000E-03  1.00000E+02  2.00000E+02 -1.03398E-14  -90.00  2.00000E+02  1.00000E+02  1.73205E+02

           GRD       1 -5.000E-03  1.00000E+02  2.00000E+02  5.07042E-16   90.00  2.00000E+02  1.00000E+02  1.73205E+02  0.00000E+00  0.00000E+00  0.1E-13
                        5.000E-03  1.00000E+02  2.00000E+02  5.07042E-16   90.00  2.00000E+02  1.00000E+02  1.73205E+02

           GRD       2 -5.000E-03  1.00000E+02  2.00000E+02  5.07042E-16   90.00  2.00000E+02  1.00000E+02  1.73205E+02  0.00000E+00  0.00000E+00  0.0E+00
                        5.000E-03  1.00000E+02  2.00000E+02  5.07042E-16   90.00  2.00000E+02  1.00000E+02  1.73205E+02

           GRD       3 -5.000E-03  1.00000E+02  2.00000E+02 -2.63564E-14  -90.00  2.00000E+02  1.00000E+02  1.73205E+02  0.00000E+00  0.00000E+00  0.0E+00
                        5.000E-03  1.00000E+02  2.00000E+02 -2.63564E-14  -90.00  2.00000E+02  1.00000E+02  1.73205E+02

           GRD       4 -5.000E-03  1.00000E+02  2.00000E+02 -2.63564E-14  -90.00  2.00000E+02  1.00000E+02  1.73205E+02  0.00000E+00  0.00000E+00 -0.1E-13
                        5.000E-03  1.00000E+02  2.00000E+02 -2.63564E-14  -90.00  2.00000E+02  1.00000E+02  1.73205E+02

        2  CENTER      -5.000E-03  0.00000E+00  0.00000E+00  5.00000E+02   45.00  5.00000E+02 -5.00000E+02  8.66025E+02  0.00000E+00  0.00000E+00
                        5.000E-03  0.00000E+00  0.00000E+00  5.00000E+02   45.00  5.00000E+02 -5.00000E+02  8.66025E+02

           GRD       5 -5.000E-03  0.00000E+00  0.00000E+00  5.00000E+02   45.00  5.00000E+02 -5.00000E+02  8.66025E+02  0.00000E+00  0.00000E+00  0.0E+00
                        5.000E-03  0.00000E+00  0.00000E+00  5.00000E+02   45.00  5.00000E+02 -5.00000E+02  8.66025E+02

           GRD       6 -5.000E-03  0.00000E+00  0.00000E+00  5.00000E+02   45.00  5.00000E+02 -5.00000E+02  8.66025E+02  0.00000E+00  0.00000E+00  0.0E+00
                        5.000E-03  0.00000E+00  0.00000E+00  5.00000E+02   45.00  5.00000E+02 -5.00000E+02  8.66025E+02

           GRD       7 -5.000E-03  0.00000E+00  0.00000E+00  5.00000E+02   45.00  5.00000E+02 -5.00000E+02  8.66025E+02  0.00000E+00  0.00000E+00  0.0E+00
                        5.000E-03  0.00000E+00  0.00000E+00  5.00000E+02   45.00  5.00000E+02 -5.00000E+02  8.66025E+02

           GRD       8 -5.000E-03  0.00000E+00  0.00000E+00  5.00000E+02   45.00  5.00000E+02 -5.00000E+02  8.66025E+02  0.00000E+00  0.00000E+00  0.0E+00
                        5.000E-03  0.00000E+00  0.00000E+00  5.00000E+02   45.00  5.00000E+02 -5.00000E+02  8.66025E+02

        3  CENTER      -5.000E-03  2.04298E-14  1.20000E+02 -4.55592E-14  -90.00  1.20000E+02  1.42109E-14  1.20000E+02 -2.24786E-16  5.29549E-16
                        5.000E-03 -2.04298E-14 -1.20000E+02  4.55592E-14    0.00 -1.42109E-14 -1.20000E+02  1.20000E+02

           GRD       9 -5.000E-03  0.00000E+00  1.20000E+02 -3.78703E-14  -90.00  1.20000E+02  0.00000E+00  1.20000E+02  2.39425E-16  6.72180E-16 -0.1E+01(6)
                        5.000E-03  0.00000E+00 -1.20000E+02  3.78703E-14    0.00  0.00000E+00 -1.20000E+02  1.20000E+02

           GRD      10 -5.000E-03  2.01948E-30  1.20000E+02 -1.40186E-14  -90.00  1.20000E+02  0.00000E+00  1.20000E+02  2.39425E-16 -4.52714E-16  0.1E+01(6)
                        5.000E-03 -2.01948E-30 -1.20000E+02  1.40186E-14    0.00  0.00000E+00 -1.20000E+02  1.20000E+02

           GRD      11 -5.000E-03  4.08596E-14  1.20000E+02 -5.98656E-14  -90.00  1.20000E+02  4.26326E-14  1.20000E+02 -6.24051E-16 -2.75637E-18  0.1E+01(6)
                        5.000E-03 -4.08596E-14 -1.20000E+02  5.98656E-14    0.00 -4.26326E-14 -1.20000E+02  1.20000E+02

           GRD      12 -5.000E-03  4.08596E-14  1.20000E+02 -8.37173E-14  -90.00  1.20000E+02  4.26326E-14  1.20000E+02 -6.24051E-16  1.12214E-15 -0.1E+01(6)
                        5.000E-03 -4.08596E-14 -1.20000E+02  8.37173E-14    0.00 -4.26326E-14 -1.20000E+02  1.20000E+02

        4  CENTER      -5.000E-03 -1.20000E+02  4.90978E-15  4.63221E-14   90.00  0.00000E+00 -1.20000E+02  1.20000E+02  2.59783E-16 -6.49458E-17
                        5.000E-03  1.20000E+02 -4.90978E-15 -4.63221E-14   -0.00  1.20000E+02  0.00000E+00  1.20000E+02

           GRD      13 -5.000E-03 -1.20000E+02  1.22836E-30  2.65154E-14   90.00  0.00000E+00 -1.20000E+02  1.20000E+02  1.64696E-16 -2.24979E-16 -0.2E+01(6)
                        5.000E-03  1.20000E+02 -1.22836E-30 -2.65154E-14   -0.00  1.20000E+02  0.00000E+00  1.20000E+02

           GRD      14 -5.000E-03 -1.20000E+02  9.81957E-15  6.80642E-14   90.00  1.42109E-14 -1.20000E+02  1.20000E+02 -2.85262E-16  2.24979E-16  0.2E+01(6)
                        5.000E-03  1.20000E+02 -9.81957E-15 -6.80642E-14   -0.00  1.20000E+02 -1.42109E-14  1.20000E+02

           GRD      15 -5.000E-03 -1.20000E+02  9.81957E-15  7.52278E-14   90.00  1.42109E-14 -1.20000E+02  1.20000E+02  6.14653E-16  2.24979E-16  0.2E+01(6)
                        5.000E-03  1.20000E+02 -9.81957E-15 -7.52278E-14   -0.00  1.20000E+02 -1.42109E-14  1.20000E+02

           GRD      16 -5.000E-03 -1.20000E+02  7.91126E-31  3.36790E-14   90.00  0.00000E+00 -1.20000E+02  1.20000E+02  1.06461E-15 -2.24979E-16 -0.2E+01(6)
                        5.000E-03  1.20000E+02 -7.91126E-31 -3.36790E-14   -0.00  1.20000E+02  0.00000E+00  1.20000E+02

        5  CENTER      -5.000E-03  1.86446E+01  0.00000E+00 -6.61744E-15   -0.00  1.86446E+01  0.00000E+00  1.86446E+01  3.24729E-17  3.60000E-01
                        5.000E-03 -1.86446E+01  0.00000E+00  6.61744E-15   90.00  0.00000E+00 -1.86446E+01  1.86446E+01

           GRD      17 -5.000E-03 -4.54747E-15  0.00000E+00 -9.32228E+00  -45.00  9.32228E+00 -9.32228E+00  1.61467E+01 -4.00082E-17  3.60000E-01  0.2E+02(7)
                        5.000E-03  4.54747E-15  0.00000E+00  9.32228E+00   45.00  9.32228E+00 -9.32228E+00  1.61467E+01

           GRD      18 -5.000E-03 -2.27374E-15  0.00000E+00  9.32228E+00   45.00  9.32228E+00 -9.32228E+00  1.61467E+01  1.62364E-17  3.60000E-01 -0.2E+02(7)
                        5.000E-03  2.27374E-15  0.00000E+00 -9.32228E+00  -45.00  9.32228E+00 -9.32228E+00  1.61467E+01

           GRD      19 -5.000E-03  3.72891E+01  0.00000E+00  9.32228E+00   13.28  3.94898E+01 -2.20069E+00  4.06349E+01  7.24811E-17  3.60000E-01 -0.2E+02(7)
                        5.000E-03 -3.72891E+01  0.00000E+00 -9.32228E+00  -76.72  2.20069E+00 -3.94898E+01  4.06349E+01

           GRD      20 -5.000E-03  3.72891E+01  0.00000E+00 -9.32228E+00  -13.28  3.94898E+01 -2.20069E+00  4.06349E+01  1.62364E-17  3.60000E-01  0.2E+02(7)
                        5.000E-03 -3.72891E+01  0.00000E+00  9.32228E+00   76.72  2.20069E+00 -3.94898E+01  4.06349E+01

        6  CENTER      -5.000E-03  0.00000E+00  1.86446E+01  3.30872E-15   90.00  1.86446E+01  0.00000E+00  1.86446E+01  3.60000E-01  6.49458E-17
                        5.000E-03  0.00000E+00 -1.86446E+01 -3.30872E-15   -0.00  0.00000E+00 -1.86446E+01  1.86446E+01

           GRD      21 -5.000E-03  0.00000E+00  9.84557E-16 -9.32228E+00  -45.00  9.32228E+00 -9.32228E+00  1.61467E+01  3.60000E-01 -5.18941E-17  0.2E+02(8)
                        5.000E-03  0.00000E+00 -9.84557E-16  9.32228E+00   45.00  9.32228E+00 -9.32228E+00  1.61467E+01

           GRD      22 -5.000E-03  0.00000E+00  3.72891E+01 -9.32228E+00  -76.72  3.94898E+01 -2.20069E+00  4.06349E+01  3.60000E-01  6.05952E-17 -0.2E+02(8)
                        5.000E-03  0.00000E+00 -3.72891E+01  9.32228E+00   13.28  2.20069E+00 -3.94898E+01  4.06349E+01

           GRD      23 -5.000E-03  0.00000E+00  3.72891E+01  9.32228E+00   76.72  3.94898E+01 -2.20069E+00  4.06349E+01  3.60000E-01  1.16840E-16 -0.2E+02(8)
                        5.000E-03  0.00000E+00 -3.72891E+01 -9.32228E+00  -13.28  2.20069E+00 -3.94898E+01  4.06349E+01

           GRD      24 -5.000E-03  0.00000E+00 -9.84557E-16  9.32228E+00   45.00  9.32228E+00 -9.32228E+00  1.61467E+01  3.60000E-01  4.35054E-18  0.2E+02(8)
                        5.000E-03  0.00000E+00  9.84557E-16 -9.32228E+00  -45.00  9.32228E+00 -9.32228E+00  1.61467E+01
                                  ------------ ------------ ------------         ------------ ------------ ------------ ------------ ------------ --------
 MAX* :                            1.20000E+02  2.00000E+02  5.00000E+02          5.00000E+02  1.00000E+02  8.66025E+02  3.60000E-01  3.60000E-01  0.2E+02
 MIN* :                           -1.20000E+02 -1.20000E+02 -9.32228E+00         -4.26326E-14 -5.00000E+02  1.61467E+01 -6.24051E-16 -4.52714E-16 -0.2E+02

 ABS* :                            1.20000E+02  2.00000E+02  5.00000E+02          5.00000E+02  5.00000E+02  8.66025E+02  3.60000E-01  3.60000E-01  0.2E+02
 *for output set
 NOTE: Explanation of errors in the polynomial fit to extrapolate element corner point stresses from values at the Gauss points:
       (6): Polynomial fit error is in XY twist   stress
       (7): Polynomial fit error is in XZ shear   stress
       (8): Polynomial fit error is in YZ shear   stress

 >> LINK  9 END

    Total CPU time =  1.56E-02 seconds

 >> MYSTRAN END    :  6/27/2026 at 19:32:54.969

                                          * * * END OF JOB * * *
