   604115444

 MYSTRAN Version 18.0.0   APR 20 2026 MYSTRAN developed by Dr Bill Case
*** Please report any problems to mystransolver@gmail.com ***                                                                                                                                                                                                   

 >> MYSTRAN BEGIN  :  6/ 4/2026 at 11:54:44.977 The input file is C:\Users\victo\Documents\Git\MYSTRAN_Validation\working\NAS S30 shell laminate shear_2.bdf                                                                                                                                                                      


 >> LINK  0 BEGIN


SOL 101                                                                                                                                                                                                                                                         
CEND                                                                                                                                                                                                                                                            
DISPLACEMENT = ALL                                                                                                                                                                                                                                              
SPC = 1                                                                                                                                                                                                                                                         
LOAD = 1                                                                                                                                                                                                                                                        
BEGIN BULK                                                                                                                                                                                                                                                      
ECHO: loadb GRID           1       0   0.0+0   0.0+0   0.0+0       0                                                                                                                                                                                                        
ECHO: loadb GRID           2       0   1.0+0   0.0+0   0.0+0       0                                                                                                                                                                                                        
ECHO: loadb GRID*                  3               0           1.0+0 1.2246063538-16*                                                                                                                                                                                       
ECHO: loadb *                 -1.0+0               0                                                                                                                                                                                                                        
ECHO: loadb GRID*                  4               0 6.1230317691-17 1.2246063538-16*                                                                                                                                                                                       
ECHO: loadb *                 -1.0+0               0                                                                                                                                                                                                                        
ECHO: loadb GRID           5       0   2.0+0   0.0+0   2.0+0       0                                                                                                                                                                                                        
ECHO: loadb GRID           6       0   3.0+0   0.0+0   2.0+0       0                                                                                                                                                                                                        
ECHO: loadb GRID*                  7               0           3.0+0 1.2246063538-16*                                                                                                                                                                                       
ECHO: loadb *                  1.0+0               0                                                                                                                                                                                                                        
ECHO: loadb GRID*                  8               0           2.0+0 1.2246063538-16*                                                                                                                                                                                       
ECHO: loadb *                  1.0+0               0                                                                                                                                                                                                                        
ECHO: loadb GRID*                  9               0           1.0+0 6.1230317691-17*                                                                                                                                                                                       
ECHO: loadb *                 -5.0-1               0                                                                                                                                                                                                                        
ECHO: loadb GRID*                 10               0           5.0-1 1.2246063538-16*                                                                                                                                                                                       
ECHO: loadb *                 -1.0+0               0                                                                                                                                                                                                                        
ECHO: loadb GRID*                 11               0 3.0615158846-17 6.1230317691-17*                                                                                                                                                                                       
ECHO: loadb *                 -5.0-1               0                                                                                                                                                                                                                        
ECHO: loadb GRID          12       0   5.0-1   0.0+0   0.0+0       0                                                                                                                                                                                                        
ECHO: loadb GRID*                 13               0           5.0-1 6.1230317691-17*                                                                                                                                                                                       
ECHO: loadb *                 -5.0-1               0                                                                                                                                                                                                                        
ECHO: loadb GRID*                 14               0-1.1102230246-16           0.0+0*                                                                                                                                                                                       
ECHO: loadb *                  1.0+0               0                                                                                                                                                                                                                        
ECHO: loadb GRID          15       0   0.0+0   0.0+0   2.0+0       0                                                                                                                                                                                                        
ECHO: loadb GRID*                 16               0           1.0+0 1.2246063538-16*                                                                                                                                                                                       
ECHO: loadb *                  2.0+0               0                                                                                                                                                                                                                        
ECHO: loadb GRID*                 17               0           1.0+0 1.2246063538-16*                                                                                                                                                                                       
ECHO: loadb *                  1.0+0               0                                                                                                                                                                                                                        
ECHO: loadb GRID          18       0   2.0+0   0.0+0  -1.0+0       0                                                                                                                                                                                                        
ECHO: loadb GRID          19       0   2.0+0   0.0+0   0.0+0       0                                                                                                                                                                                                        
ECHO: loadb GRID*                 20               0           3.0+0 1.2246063538-16*                                                                                                                                                                                       
ECHO: loadb *        2.2204460493-16               0                                                                                                                                                                                                                        
ECHO: loadb GRID*                 21               0           3.0+0 1.2246063538-16*                                                                                                                                                                                       
ECHO: loadb *                 -1.0+0               0                                                                                                                                                                                                                        
ECHO: loadb GRID*                 22               0           5.0-1 6.1230317691-17*                                                                                                                                                                                       
ECHO: loadb *                  2.0+0               0                                                                                                                                                                                                                        
ECHO: loadb GRID*                 23               0           1.0+0 1.2246063538-16*                                                                                                                                                                                       
ECHO: loadb *                  1.5+0               0                                                                                                                                                                                                                        
ECHO: loadb GRID*                 24               0           5.0-1 6.1230317691-17*                                                                                                                                                                                       
ECHO: loadb *                  1.0+0               0                                                                                                                                                                                                                        
ECHO: loadb GRID*                 25               0-1.1102230246-16           0.0+0*                                                                                                                                                                                       
ECHO: loadb *                  1.5+0               0                                                                                                                                                                                                                        
ECHO: loadb GRID*                 26               0           5.0-1 6.1230317691-17*                                                                                                                                                                                       
ECHO: loadb *                  1.5+0               0                                                                                                                                                                                                                        
ECHO: loadb PARAM    STR_CID      -2                                                                                                                                                                                                                                        
ECHO: loadb MAT8           1   2.0+9   3.0+9   0.0+0   1.0+5   7.0+2   5.0+2   0.0+0+                                                                                                                                                                                       
ECHO:  nextc +          0.0+0   0.0+0   0.0+0                                                                                                                                                                                                                                
ECHO: loadb SPC            1       1       3   0.0+0                                                                                                                                                                                                                        
ECHO: loadb SPC            1       1       1   0.0+0                                                                                                                                                                                                                        
ECHO: loadb SPC            1       1       2   0.0+0                                                                                                                                                                                                                        
ECHO: loadb SPC            1       1       6   0.0+0                                                                                                                                                                                                                        
ECHO: loadb SPC            1       4       1   0.0+0                                                                                                                                                                                                                        
ECHO: loadb SPC            1       4       2   0.0+0                                                                                                                                                                                                                        
ECHO: loadb SPC            1       4       6   0.0+0                                                                                                                                                                                                                        
ECHO: loadb SPC            1       5       3   0.0+0                                                                                                                                                                                                                        
ECHO: loadb SPC            1       5       1   0.0+0                                                                                                                                                                                                                        
ECHO: loadb SPC            1       5       2   0.0+0                                                                                                                                                                                                                        
ECHO: loadb SPC            1       5       6   0.0+0                                                                                                                                                                                                                        
ECHO: loadb SPC            1       8       1   0.0+0                                                                                                                                                                                                                        
ECHO: loadb SPC            1       8       2   0.0+0                                                                                                                                                                                                                        
ECHO: loadb SPC            1       8       6   0.0+0                                                                                                                                                                                                                        
ECHO: loadb SPC            1      11       1   0.0+0                                                                                                                                                                                                                        
ECHO: loadb SPC            1      11       6   0.0+0                                                                                                                                                                                                                        
ECHO: loadb SPC            1      14       1   0.0+0                                                                                                                                                                                                                        
ECHO: loadb SPC            1      14       2   0.0+0                                                                                                                                                                                                                        
ECHO: loadb SPC            1      14       6   0.0+0                                                                                                                                                                                                                        
ECHO: loadb SPC            1      15       3   0.0+0                                                                                                                                                                                                                        
ECHO: loadb SPC            1      15       1   0.0+0                                                                                                                                                                                                                        
ECHO: loadb SPC            1      15       2   0.0+0                                                                                                                                                                                                                        
ECHO: loadb SPC            1      15       6   0.0+0                                                                                                                                                                                                                        
ECHO: loadb SPC            1      18       1   0.0+0                                                                                                                                                                                                                        
ECHO: loadb SPC            1      18       2   0.0+0                                                                                                                                                                                                                        
ECHO: loadb SPC            1      18       6   0.0+0                                                                                                                                                                                                                        
ECHO: loadb SPC            1      19       1   0.0+0                                                                                                                                                                                                                        
ECHO: loadb SPC            1      19       2   0.0+0                                                                                                                                                                                                                        
ECHO: loadb SPC            1      19       3   0.0+0                                                                                                                                                                                                                        
ECHO: loadb SPC            1      19       6   0.0+0                                                                                                                                                                                                                        
ECHO: loadb SPC            1      25       1   0.0+0                                                                                                                                                                                                                        
ECHO: loadb SPC            1      25       6   0.0+0                                                                                                                                                                                                                        
ECHO: loadb PCOMP          1                                   0.0+0             SYM+                                                                                                                                                                                       
ECHO:  nextc +              1   5.0-1   0.0+0                                                                                                                                                                                                                                
ECHO: loadb CQUAD4         1       1      12      13      11       1       2   0.0+0                                                                                                                                                                                        
ECHO: loadb CORD2R*                2               0           0.0+0           0.0+0*                                                                                                                                                                                       
ECHO: loadb *                  0.0+0          -1.0+0           0.0+0           0.0+0*                                                                                                                                                                                       
ECHO nextc2: *                  0.0+0 1.2246063538-16          -1.0+0                *                                                                                                                                                                                       
ECHO nextc2: *                                                                                                                                                                                                                                                               
ECHO: loadb CQUAD4         4       1       2       9      13      12       3   0.0+0                                                                                                                                                                                        
ECHO: loadb CORD2R*                3               0           0.0+0           0.0+0*                                                                                                                                                                                       
ECHO: loadb *                  0.0+0          -1.0+0           0.0+0           0.0+0*                                                                                                                                                                                       
ECHO nextc2: *                  0.0+0 1.2246063538-16          -1.0+0                *                                                                                                                                                                                       
ECHO nextc2: *                                                                                                                                                                                                                                                               
ECHO: loadb CQUAD4         5       1       9       3      10      13       4   0.0+0                                                                                                                                                                                        
ECHO: loadb CORD2R*                4               0           0.0+0           0.0+0*                                                                                                                                                                                       
ECHO: loadb *                  0.0+0          -1.0+0           0.0+0           0.0+0*                                                                                                                                                                                       
ECHO nextc2: *                  0.0+0 1.2246063538-16          -1.0+0                *                                                                                                                                                                                       
ECHO nextc2: *                                                                                                                                                                                                                                                               
ECHO: loadb CQUAD4         6       1      13      10       4      11       5   0.0+0                                                                                                                                                                                        
ECHO: loadb CORD2R*                5               0           0.0+0           0.0+0*                                                                                                                                                                                       
ECHO: loadb *                  0.0+0          -1.0+0           0.0+0           0.0+0*                                                                                                                                                                                       
ECHO nextc2: *                  0.0+0 1.2246063538-16          -1.0+0                *                                                                                                                                                                                       
ECHO nextc2: *                                                                                                                                                                                                                                                               
ECHO: loadb CQUAD4         7       1      25      26      24      14       6   0.0+0                                                                                                                                                                                        
ECHO: loadb CORD2R*                6               0           0.0+0           0.0+0*                                                                                                                                                                                       
ECHO: loadb *                  0.0+0-1.2246063538-16           1.0+0           0.0+0*                                                                                                                                                                                       
ECHO nextc2: *                  1.0+0 1.2246063538-16           0.0+0                *                                                                                                                                                                                       
ECHO nextc2: *                                                                                                                                                                                                                                                               
ECHO: loadb CQUAD4        10       1      15      22      26      25       7   0.0+0                                                                                                                                                                                        
ECHO: loadb CORD2R*                7               0           0.0+0           0.0+0*                                                                                                                                                                                       
ECHO: loadb *                  0.0+0-1.2246063538-16           1.0+0           0.0+0*                                                                                                                                                                                       
ECHO nextc2: *                  1.0+0 1.2246063538-16           0.0+0                *                                                                                                                                                                                       
ECHO nextc2: *                                                                                                                                                                                                                                                               
ECHO: loadb CQUAD4        11       1      22      16      23      26       8   0.0+0                                                                                                                                                                                        
ECHO: loadb CORD2R*                8               0           0.0+0           0.0+0*                                                                                                                                                                                       
ECHO: loadb *                  0.0+0-1.2246063538-16           1.0+0           0.0+0*                                                                                                                                                                                       
ECHO nextc2: *                  1.0+0 1.2246063538-16           0.0+0                *                                                                                                                                                                                       
ECHO nextc2: *                                                                                                                                                                                                                                                               
ECHO: loadb CQUAD4        12       1      26      23      17      24       9   0.0+0                                                                                                                                                                                        
ECHO: loadb CORD2R*                9               0           0.0+0           0.0+0*                                                                                                                                                                                       
ECHO: loadb *                  0.0+0-1.2246063538-16           1.0+0           0.0+0*                                                                                                                                                                                       
ECHO nextc2: *                  1.0+0 1.2246063538-16           0.0+0                *                                                                                                                                                                                       
ECHO nextc2: *                                                                                                                                                                                                                                                               
ECHO: loadb PCOMP         10                                   0.0+0             SYM+                                                                                                                                                                                       
ECHO:  nextc +              1   5.0-1   0.0+0                                                                                                                                                                                                                                
ECHO: loadb CTRIA3         2      10       7       8       5      11   0.0+0                                                                                                                                                                                                
ECHO: loadb CORD2R        11       0   0.0+0   0.0+0   0.0+0   0.0+0  -1.0+0   0.0+0+                                                                                                                                                                                       
ECHO:  nextc +         -1.0+0   0.0+0   0.0+0                                                                                                                                                                                                                                
ECHO: loadb CTRIA3         3      10       5       6       7      12   0.0+0                                                                                                                                                                                                
ECHO: loadb CORD2R        12       0   0.0+0   0.0+0   0.0+0   0.0+0   1.0+0   0.0+0+                                                                                                                                                                                       
ECHO:  nextc +          1.0+0   0.0+0   0.0+0                                                                                                                                                                                                                                
ECHO: loadb CTRIA3         8      10      20      21      18      13   0.0+0                                                                                                                                                                                                
ECHO: loadb CORD2R        13       0   0.0+0   0.0+0   0.0+0  -1.0+0   0.0+0   0.0+0+                                                                                                                                                                                       
ECHO:  nextc +          0.0+0   0.0+0  -1.0+0                                                                                                                                                                                                                                
ECHO: loadb CTRIA3         9      10      18      19      20      14   0.0+0                                                                                                                                                                                                
ECHO: loadb CORD2R        14       0   0.0+0   0.0+0   0.0+0   1.0+0   0.0+0   0.0+0+                                                                                                                                                                                       
ECHO:  nextc +          0.0+0   0.0+0   1.0+0                                                                                                                                                                                                                                
ECHO: loadb FORCE          2      16       0   1.0+0   0.0+0  1.75+2   0.0+0                                                                                                                                                                                                
ECHO: loadb FORCE          2      23       0   1.0+0   0.0+0   3.5+2   0.0+0                                                                                                                                                                                                
ECHO: loadb FORCE          2       6       0   1.0+0   0.0+0   3.5+2   0.0+0                                                                                                                                                                                                
ECHO: loadb FORCE          2       7       0   1.0+0   0.0+0   3.5+2   0.0+0                                                                                                                                                                                                
ECHO: loadb FORCE          2      17       0   1.0+0   0.0+0  1.75+2   0.0+0                                                                                                                                                                                                
ECHO: loadb FORCE          2      20       0   1.0+0   0.0+0   3.5+2   0.0+0                                                                                                                                                                                                
ECHO: loadb FORCE          2      21       0   1.0+0   0.0+0   3.5+2   0.0+0                                                                                                                                                                                                
ECHO: loadb FORCE          2       2       0   1.0+0   0.0+0  1.75+2   0.0+0                                                                                                                                                                                                
ECHO: loadb FORCE          2       9       0   1.0+0   0.0+0   3.5+2   0.0+0                                                                                                                                                                                                
ECHO: loadb FORCE          2       3       0   1.0+0   0.0+0  1.75+2   0.0+0                                                                                                                                                                                                
ECHO: loadb FORCE          2      18       0   1.0+0   0.0+0  -3.5+2   0.0+0                                                                                                                                                                                                
ECHO: loadb FORCE          2      19       0   1.0+0   0.0+0  -3.5+2   0.0+0                                                                                                                                                                                                
ECHO: loadb FORCE          2       8       0   1.0+0   0.0+0  -3.5+2   0.0+0                                                                                                                                                                                                
ECHO: loadb FORCE          2       5       0   1.0+0   0.0+0  -3.5+2   0.0+0                                                                                                                                                                                                
ECHO: loadb FORCE          2      11       0   1.0+0   0.0+0  -3.5+2   0.0+0                                                                                                                                                                                                
ECHO: loadb FORCE          2       1       0   1.0+0   0.0+0 -1.75+2   0.0+0                                                                                                                                                                                                
ECHO: loadb FORCE          2       4       0   1.0+0   0.0+0 -1.75+2   0.0+0                                                                                                                                                                                                
ECHO: loadb FORCE          2      25       0   1.0+0   0.0+0  -3.5+2   0.0+0                                                                                                                                                                                                
ECHO: loadb FORCE          2      14       0   1.0+0   0.0+0 -1.75+2   0.0+0                                                                                                                                                                                                
ECHO: loadb FORCE          2      15       0   1.0+0   0.0+0 -1.75+2   0.0+0                                                                                                                                                                                                
ECHO: loadb LOAD           1   1.0+0   1.0+0       2                                                                                                                                                                                                                        
ECHO: loadb ENDDATA                                                                                                                                                                                                                                                         




 >> LINK  0 END


 >> LINK  1 BEGIN

               DEALLOCATED  9.45E-02 MB MEMORY FROM ARRAY STF3


 *INFORMATION: AUTOSPC Summary, Stage 1 after identification of AUTOSPC's at the grid level                                                 

                                     AUTOSPC_RAT = 1.000000E-08

                       Number of DOF's identified for AUTOSPC in component  1         =            0
                       Number of DOF's identified for AUTOSPC in component  2         =            0
                       Number of DOF's identified for AUTOSPC in component  3         =            0
                       Number of DOF's identified for AUTOSPC in component  4         =            0
                       Number of DOF's identified for AUTOSPC in component  5         =           26
                       Number of DOF's identified for AUTOSPC in component  6         =            0
                                                                                        ------------
                       Total number of DOF's identified in this stage                 =           26

               DEALLOCATED  6.24E-04 MB MEMORY FROM ARRAY STFKEY
               DEALLOCATED  9.45E-02 MB MEMORY FROM ARRAY STF3

 >> LINK  1 END


 >> LINK  2 BEGIN



 *INFORMATION: AUTOSPC Summary, Overall: after identification of all AUTOSPC's                                                               

                                     AUTOSPC_RAT = 1.000000E-08

                       Number of DOF's identified for AUTOSPC in component  1         =            0
                       Number of DOF's identified for AUTOSPC in component  2         =            0
                       Number of DOF's identified for AUTOSPC in component  3         =            0
                       Number of DOF's identified for AUTOSPC in component  4         =            0
                       Number of DOF's identified for AUTOSPC in component  5         =           26
                       Number of DOF's identified for AUTOSPC in component  6         =            0
                                                                                        ------------
                       Total number of DOF's identified overall                       =           26


 >> LINK  2 END


 >> LINK  3 BEGIN

 SUPERLU FACTORIZATION OF MATRIX KLL SUCCEEDED IN SUBR SYM_MAT_DECOMP_SUPRLU          

 *INFORMATION: FOR INTERNAL SUBCASE NUMBER        1 EPSILON ERROR ESTIMATE            = -1.165205E-16 Based on U'*(K*U - P)/(U'*P)


 >> LINK  3 END


 >> LINK  5 BEGIN


 >> LINK  5 END


 >> LINK  9 BEGIN



 OUTPUT FOR SUBCASE        1

                                                       D I S P L A C E M E N T S
                                              (in global coordinate system at each grid)
           GRID     COORD      T1            T2            T3            R1            R2            R3
                     SYS
              1        0  0.0           0.0           0.0           2.624869E-07  0.0           0.0         
              2        0  8.572245E-23  1.680001E+00  2.048767E-16 -2.624869E-07  0.0           1.399948E-06
              3        0 -8.572244E-23  1.680001E+00  2.048767E-16  2.624869E-07  0.0           1.399948E-06
              4        0  0.0           0.0           5.003526E-31 -2.624869E-07  0.0           0.0         
              5        0  0.0           0.0           0.0           4.074187E-07  0.0           0.0         
              6        0  4.285908E-23  1.200002E+00  1.460957E-16 -7.557846E-07  0.0           1.400012E-06
              7        0 -4.285908E-23  1.200002E+00  1.460957E-16 -2.891102E-07  0.0           2.799988E-06
              8        0  0.0           0.0          -1.428601E-27 -5.925563E-08  0.0           0.0         
              9        0 -4.476786E-31  1.680001E+00  2.048767E-16  4.098249E-16  0.0           1.400052E-06
             10        0 -6.429183E-23  8.400003E-01  1.024383E-16 -3.520269E-15  0.0           1.049961E-06
             11        0  0.0           5.568037E-08  6.818654E-24  4.061378E-16  0.0           0.0         
             12        0  6.429183E-23  8.400003E-01  1.024383E-16  4.336044E-15  0.0           1.049961E-06
             13        0 -3.357696E-31  8.400003E-01  1.024383E-16  4.078876E-16  0.0           1.050039E-06
             14        0  0.0           0.0           3.967594E-28 -1.749942E-07  0.0           0.0         
             15        0  0.0           0.0           0.0           1.749942E-07  0.0           0.0         
             16        0 -1.469529E-16  1.200001E+00  3.965129E-28 -1.749942E-07  0.0           2.099948E-06
             17        0 -1.469529E-16  1.200001E+00  2.229421E-31  1.749942E-07  0.0           2.099948E-06
             18        0  0.0           0.0          -8.077128E-37 -3.753798E-07  0.0           0.0         
             19        0  0.0           0.0           0.0           3.246084E-07  0.0           0.0         
             20        0 -2.057340E-16  1.680001E+00  1.615587E-32  8.898834E-08  0.0           1.866674E-06
             21        0 -2.057340E-16  1.680001E+00  1.615668E-32  7.889766E-07  0.0           9.333258E-07
             22        0 -7.347641E-17  6.000004E-01  1.984831E-28  3.407299E-15  0.0           1.574961E-06
             23        0 -1.469529E-16  1.200001E+00  1.983676E-28  7.919316E-16  0.0           2.100052E-06
             24        0 -7.347641E-17  6.000004E-01  1.982468E-28 -1.827991E-15  0.0           1.574961E-06
             25        0  0.0           3.240505E-08  1.983770E-28  7.868428E-16  0.0           0.0         
             26        0 -7.347641E-17  6.000004E-01  1.983657E-28  7.896544E-16  0.0           1.575039E-06
                         ------------- ------------- ------------- ------------- ------------- -------------
                MAX* :    8.572245E-23  1.680001E+00  2.048767E-16  7.889766E-07  0.0           2.799988E-06
                MIN* :   -2.057340E-16  0.0          -1.428601E-27 -7.557846E-07  0.0           0.0         

                ABS* :    2.057340E-16  1.680001E+00  2.048767E-16  7.889766E-07  0.0           2.799988E-06
                *for output set

                                                    SPC Force Summary on AUTOSPC'd DOF's
                                                 (in global coordinate system at each grid)
        For detailed information on the SPC forces for the AUTOSPC DOF's, set field 7 (AUTOSPC_SPCF) on the PARAM AUTOSPC entry to Y

                              T1             T2             T3             R1             R2             R3

 ABS AUTOSPC FORCES  :   0.000000E+00   0.000000E+00   0.000000E+00   0.000000E+00   4.286176E-14   0.000000E+00
 AUTOSPC FORCE TOTALS:   0.000000E+00   0.000000E+00   0.000000E+00   0.000000E+00   1.714449E-13   0.000000E+00
     (for output set)

 >> LINK  9 END

    Total CPU time =  4.69E-02 seconds

 >> MYSTRAN END    :  6/ 4/2026 at 11:54:45.176
