   604115444

 MYSTRAN Version 18.0.0   APR 20 2026 MYSTRAN developed by Dr Bill Case
*** Please report any problems to mystransolver@gmail.com ***                                                                                                                                                                                                   

 >> MYSTRAN BEGIN  :  6/ 4/2026 at 11:54:44.424 The input file is C:\Users\victo\Documents\Git\MYSTRAN_Validation\working\NAS S30 shell laminate coupling_2.bdf                                                                                                                                                                   


 >> LINK  0 BEGIN


SOL 101                                                                                                                                                                                                                                                         
CEND                                                                                                                                                                                                                                                            
DISPLACEMENT = ALL                                                                                                                                                                                                                                              
SPC = 1                                                                                                                                                                                                                                                         
LOAD = 1                                                                                                                                                                                                                                                        
BEGIN BULK                                                                                                                                                                                                                                                      
ECHO: loadb GRID           1       0   0.0+0   0.0+0   0.0+0       0                                                                                                                                                                                                        
ECHO: loadb GRID           2       0   1.0-1   0.0+0   0.0+0       0                                                                                                                                                                                                        
ECHO: loadb GRID           3       0   1.0-1   1.0+0   0.0+0       0                                                                                                                                                                                                        
ECHO: loadb GRID           4       0   0.0+0   1.0+0   0.0+0       0                                                                                                                                                                                                        
ECHO: loadb GRID           5       0   0.0+0   2.5-1   0.0+0       0                                                                                                                                                                                                        
ECHO: loadb GRID           6       0   0.0+0   5.0-1   0.0+0       0                                                                                                                                                                                                        
ECHO: loadb GRID           7       0   0.0+0   7.5-1   0.0+0       0                                                                                                                                                                                                        
ECHO: loadb GRID           8       0   1.0-1   2.5-1   0.0+0       0                                                                                                                                                                                                        
ECHO: loadb GRID           9       0   1.0-1   5.0-1   0.0+0       0                                                                                                                                                                                                        
ECHO: loadb GRID          10       0   1.0-1   7.5-1   0.0+0       0                                                                                                                                                                                                        
ECHO: loadb GRID          11       0   1.0+0   0.0+0   0.0+0       0                                                                                                                                                                                                        
ECHO: loadb GRID          12       0   1.1+0   0.0+0   0.0+0       0                                                                                                                                                                                                        
ECHO: loadb GRID          13       0   1.1+0   1.0+0   0.0+0       0                                                                                                                                                                                                        
ECHO: loadb GRID          14       0   1.0+0   1.0+0   0.0+0       0                                                                                                                                                                                                        
ECHO: loadb GRID          15       0   1.0+0   2.5-1   0.0+0       0                                                                                                                                                                                                        
ECHO: loadb GRID          16       0   1.0+0   5.0-1   0.0+0       0                                                                                                                                                                                                        
ECHO: loadb GRID          17       0   1.0+0   7.5-1   0.0+0       0                                                                                                                                                                                                        
ECHO: loadb GRID          18       0   1.1+0   2.5-1   0.0+0       0                                                                                                                                                                                                        
ECHO: loadb GRID          19       0   1.1+0   5.0-1   0.0+0       0                                                                                                                                                                                                        
ECHO: loadb GRID          20       0   1.1+0   7.5-1   0.0+0       0                                                                                                                                                                                                        
ECHO: loadb GRID          21       0   2.0+0   0.0+0   0.0+0       0                                                                                                                                                                                                        
ECHO: loadb GRID          22       0   2.1+0   0.0+0   0.0+0       0                                                                                                                                                                                                        
ECHO: loadb GRID          23       0   2.1+0   1.0+0   0.0+0       0                                                                                                                                                                                                        
ECHO: loadb GRID          24       0   2.0+0   1.0+0   0.0+0       0                                                                                                                                                                                                        
ECHO: loadb GRID          25       0   2.0+0   2.5-1   0.0+0       0                                                                                                                                                                                                        
ECHO: loadb GRID          26       0   2.0+0   5.0-1   0.0+0       0                                                                                                                                                                                                        
ECHO: loadb GRID          27       0   2.0+0   7.5-1   0.0+0       0                                                                                                                                                                                                        
ECHO: loadb GRID          28       0   2.1+0   2.5-1   0.0+0       0                                                                                                                                                                                                        
ECHO: loadb GRID          29       0   2.1+0   5.0-1   0.0+0       0                                                                                                                                                                                                        
ECHO: loadb GRID          30       0   2.1+0   7.5-1   0.0+0       0                                                                                                                                                                                                        
ECHO: loadb PARAM    STR_CID      -2                                                                                                                                                                                                                                        
ECHO: loadb MAT8           1  1.0+11  1.0+11   0.0+0  5.0+10  5.0+10  5.0+10   0.0+0+                                                                                                                                                                                       
ECHO:  nextc +          0.0+0   0.0+0   0.0+0                                                                                                                                                                                                                                
ECHO: loadb MAT8           2   1.0+4   1.0+4   0.0+0   5.0+3   5.0+3   5.0+3   0.0+0+                                                                                                                                                                                       
ECHO:  nextc +          0.0+0   0.0+0   0.0+0                                                                                                                                                                                                                                
ECHO: loadb SPC            1       1       1   0.0+0                                                                                                                                                                                                                        
ECHO: loadb SPC            1       1       2   0.0+0                                                                                                                                                                                                                        
ECHO: loadb SPC            1       1       3   0.0+0                                                                                                                                                                                                                        
ECHO: loadb SPC            1       1       4   0.0+0                                                                                                                                                                                                                        
ECHO: loadb SPC            1       1       5   0.0+0                                                                                                                                                                                                                        
ECHO: loadb SPC            1       1       6   0.0+0                                                                                                                                                                                                                        
ECHO: loadb SPC            1       2       1   0.0+0                                                                                                                                                                                                                        
ECHO: loadb SPC            1       2       2   0.0+0                                                                                                                                                                                                                        
ECHO: loadb SPC            1       2       3   0.0+0                                                                                                                                                                                                                        
ECHO: loadb SPC            1       2       4   0.0+0                                                                                                                                                                                                                        
ECHO: loadb SPC            1       2       5   0.0+0                                                                                                                                                                                                                        
ECHO: loadb SPC            1       2       6   0.0+0                                                                                                                                                                                                                        
ECHO: loadb SPC            1      11       1   0.0+0                                                                                                                                                                                                                        
ECHO: loadb SPC            1      11       2   0.0+0                                                                                                                                                                                                                        
ECHO: loadb SPC            1      11       3   0.0+0                                                                                                                                                                                                                        
ECHO: loadb SPC            1      11       4   0.0+0                                                                                                                                                                                                                        
ECHO: loadb SPC            1      11       5   0.0+0                                                                                                                                                                                                                        
ECHO: loadb SPC            1      11       6   0.0+0                                                                                                                                                                                                                        
ECHO: loadb SPC            1      12       1   0.0+0                                                                                                                                                                                                                        
ECHO: loadb SPC            1      12       2   0.0+0                                                                                                                                                                                                                        
ECHO: loadb SPC            1      12       3   0.0+0                                                                                                                                                                                                                        
ECHO: loadb SPC            1      12       4   0.0+0                                                                                                                                                                                                                        
ECHO: loadb SPC            1      12       5   0.0+0                                                                                                                                                                                                                        
ECHO: loadb SPC            1      12       6   0.0+0                                                                                                                                                                                                                        
ECHO: loadb SPC            1      21       1   0.0+0                                                                                                                                                                                                                        
ECHO: loadb SPC            1      21       2   0.0+0                                                                                                                                                                                                                        
ECHO: loadb SPC            1      21       3   0.0+0                                                                                                                                                                                                                        
ECHO: loadb SPC            1      21       4   0.0+0                                                                                                                                                                                                                        
ECHO: loadb SPC            1      21       5   0.0+0                                                                                                                                                                                                                        
ECHO: loadb SPC            1      21       6   0.0+0                                                                                                                                                                                                                        
ECHO: loadb SPC            1      22       1   0.0+0                                                                                                                                                                                                                        
ECHO: loadb SPC            1      22       2   0.0+0                                                                                                                                                                                                                        
ECHO: loadb SPC            1      22       3   0.0+0                                                                                                                                                                                                                        
ECHO: loadb SPC            1      22       4   0.0+0                                                                                                                                                                                                                        
ECHO: loadb SPC            1      22       5   0.0+0                                                                                                                                                                                                                        
ECHO: loadb SPC            1      22       6   0.0+0                                                                                                                                                                                                                        
ECHO: loadb PCOMP          1                                   0.0+0                +                                                                                                                                                                                       
ECHO:  nextc +              1   1.0-2   0.0+0               2   1.0-2   0.0+0                                                                                                                                                                                                
ECHO: loadb CQUAD4         1       1       7      10       3       4       2   0.0+0                                                                                                                                                                                        
ECHO: loadb CORD2R         2       0   0.0+0   0.0+0   0.0+0   0.0+0   1.0+0   0.0+0+                                                                                                                                                                                       
ECHO:  nextc +          1.0+0   0.0+0   0.0+0                                                                                                                                                                                                                                
ECHO: loadb CQUAD4         2       1       1       2       8       5       3   0.0+0                                                                                                                                                                                        
ECHO: loadb CORD2R         3       0   0.0+0   0.0+0   0.0+0   0.0+0   1.0+0   0.0+0+                                                                                                                                                                                       
ECHO:  nextc +          1.0+0   0.0+0   0.0+0                                                                                                                                                                                                                                
ECHO: loadb CQUAD4         3       1       5       8       9       6       4   0.0+0                                                                                                                                                                                        
ECHO: loadb CORD2R         4       0   0.0+0   0.0+0   0.0+0   0.0+0   1.0+0   0.0+0+                                                                                                                                                                                       
ECHO:  nextc +          1.0+0   0.0+0   0.0+0                                                                                                                                                                                                                                
ECHO: loadb CQUAD4         4       1       6       9      10       7       5   0.0+0                                                                                                                                                                                        
ECHO: loadb CORD2R         5       0   0.0+0   0.0+0   0.0+0   0.0+0   1.0+0   0.0+0+                                                                                                                                                                                       
ECHO:  nextc +          1.0+0   0.0+0   0.0+0                                                                                                                                                                                                                                
ECHO: loadb PCOMP          6                                   0.0+0                +                                                                                                                                                                                       
ECHO:  nextc +              1   1.0-2   0.0+0               2   1.0-2   0.0+0                                                                                                                                                                                                
ECHO: loadb CTRIA3         5       6      17      13      14       7   0.0+0                                                                                                                                                                                                
ECHO: loadb CORD2R*                7               0           0.0+0           0.0+0*                                                                                                                                                                                       
ECHO: loadb *                  0.0+0-9.28476690885-1 3.71390676354-1           0.0+0*                                                                                                                                                                                       
ECHO nextc2: *        3.71390676354-1 9.28476690885-1           0.0+0                *                                                                                                                                                                                       
ECHO nextc2: *                                                                                                                                                                                                                                                               
ECHO: loadb CTRIA3         6       6      11      18      15       8   0.0+0                                                                                                                                                                                                
ECHO: loadb CORD2R*                8               0           0.0+0           0.0+0*                                                                                                                                                                                       
ECHO: loadb *                  0.0+0-9.28476690885-1 3.71390676354-1           0.0+0*                                                                                                                                                                                       
ECHO nextc2: *        3.71390676354-1 9.28476690885-1           0.0+0                *                                                                                                                                                                                       
ECHO nextc2: *                                                                                                                                                                                                                                                               
ECHO: loadb CTRIA3         7       6      15      19      16       9   0.0+0                                                                                                                                                                                                
ECHO: loadb CORD2R*                9               0           0.0+0           0.0+0*                                                                                                                                                                                       
ECHO: loadb *                  0.0+0-9.28476690885-1 3.71390676354-1           0.0+0*                                                                                                                                                                                       
ECHO nextc2: *        3.71390676354-1 9.28476690885-1           0.0+0                *                                                                                                                                                                                       
ECHO nextc2: *                                                                                                                                                                                                                                                               
ECHO: loadb CTRIA3         8       6      16      20      17      10   0.0+0                                                                                                                                                                                                
ECHO: loadb CORD2R*               10               0           0.0+0           0.0+0*                                                                                                                                                                                       
ECHO: loadb *                  0.0+0-9.28476690885-1 3.71390676354-1           0.0+0*                                                                                                                                                                                       
ECHO nextc2: *        3.71390676354-1 9.28476690885-1           0.0+0                *                                                                                                                                                                                       
ECHO nextc2: *                                                                                                                                                                                                                                                               
ECHO: loadb CTRIA3         9       6      17      20      13      11   0.0+0                                                                                                                                                                                                
ECHO: loadb CORD2R        11       0   0.0+0   0.0+0   0.0+0   0.0+0   1.0+0   0.0+0+                                                                                                                                                                                       
ECHO:  nextc +          1.0+0   0.0+0   0.0+0                                                                                                                                                                                                                                
ECHO: loadb CTRIA3        10       6      11      12      18      12   0.0+0                                                                                                                                                                                                
ECHO: loadb CORD2R        12       0   0.0+0   0.0+0   0.0+0   0.0+0   1.0+0   0.0+0+                                                                                                                                                                                       
ECHO:  nextc +          1.0+0   0.0+0   0.0+0                                                                                                                                                                                                                                
ECHO: loadb CTRIA3        11       6      15      18      19      13   0.0+0                                                                                                                                                                                                
ECHO: loadb CORD2R        13       0   0.0+0   0.0+0   0.0+0   0.0+0   1.0+0   0.0+0+                                                                                                                                                                                       
ECHO:  nextc +          1.0+0   0.0+0   0.0+0                                                                                                                                                                                                                                
ECHO: loadb CTRIA3        12       6      16      19      20      14   0.0+0                                                                                                                                                                                                
ECHO: loadb CORD2R        14       0   0.0+0   0.0+0   0.0+0   0.0+0   1.0+0   0.0+0+                                                                                                                                                                                       
ECHO:  nextc +          1.0+0   0.0+0   0.0+0                                                                                                                                                                                                                                
ECHO: loadb CTRIA3        13       6      23      24      27      15   0.0+0                                                                                                                                                                                                
ECHO: loadb CORD2R        15       0   0.0+0   0.0+0   0.0+0   0.0+0  -1.0+0   0.0+0+                                                                                                                                                                                       
ECHO:  nextc +         -1.0+0   0.0+0   0.0+0                                                                                                                                                                                                                                
ECHO: loadb CTRIA3        14       6      28      25      21      16   0.0+0                                                                                                                                                                                                
ECHO: loadb CORD2R        16       0   0.0+0   0.0+0   0.0+0   0.0+0  -1.0+0   0.0+0+                                                                                                                                                                                       
ECHO:  nextc +         -1.0+0   0.0+0   0.0+0                                                                                                                                                                                                                                
ECHO: loadb CTRIA3        15       6      29      26      25      17   0.0+0                                                                                                                                                                                                
ECHO: loadb CORD2R        17       0   0.0+0   0.0+0   0.0+0   0.0+0  -1.0+0   0.0+0+                                                                                                                                                                                       
ECHO:  nextc +         -1.0+0   0.0+0   0.0+0                                                                                                                                                                                                                                
ECHO: loadb CTRIA3        16       6      30      27      26      18   0.0+0                                                                                                                                                                                                
ECHO: loadb CORD2R        18       0   0.0+0   0.0+0   0.0+0   0.0+0  -1.0+0   0.0+0+                                                                                                                                                                                       
ECHO:  nextc +         -1.0+0   0.0+0   0.0+0                                                                                                                                                                                                                                
ECHO: loadb CTRIA3        17       6      27      30      23      19   0.0+0                                                                                                                                                                                                
ECHO: loadb CORD2R        19       0   0.0+0   0.0+0   0.0+0   0.0+0   1.0+0   0.0+0+                                                                                                                                                                                       
ECHO:  nextc +          1.0+0   0.0+0   0.0+0                                                                                                                                                                                                                                
ECHO: loadb CTRIA3        18       6      21      22      28      20   0.0+0                                                                                                                                                                                                
ECHO: loadb CORD2R        20       0   0.0+0   0.0+0   0.0+0   0.0+0   1.0+0   0.0+0+                                                                                                                                                                                       
ECHO:  nextc +          1.0+0   0.0+0   0.0+0                                                                                                                                                                                                                                
ECHO: loadb CTRIA3        19       6      25      28      29      21   0.0+0                                                                                                                                                                                                
ECHO: loadb CORD2R        21       0   0.0+0   0.0+0   0.0+0   0.0+0   1.0+0   0.0+0+                                                                                                                                                                                       
ECHO:  nextc +          1.0+0   0.0+0   0.0+0                                                                                                                                                                                                                                
ECHO: loadb CTRIA3        20       6      26      29      30      22   0.0+0                                                                                                                                                                                                
ECHO: loadb CORD2R        22       0   0.0+0   0.0+0   0.0+0   0.0+0   1.0+0   0.0+0+                                                                                                                                                                                       
ECHO:  nextc +          1.0+0   0.0+0   0.0+0                                                                                                                                                                                                                                
ECHO: loadb FORCE          2       3       0   1.0+0   0.0+0   5.0-1   0.0+0                                                                                                                                                                                                
ECHO: loadb FORCE          2       4       0   1.0+0   0.0+0   5.0-1   0.0+0                                                                                                                                                                                                
ECHO: loadb FORCE          2      23       0   1.0+0   0.0+0   5.0-1   0.0+0                                                                                                                                                                                                
ECHO: loadb FORCE          2      24       0   1.0+0   0.0+0   5.0-1   0.0+0                                                                                                                                                                                                
ECHO: loadb FORCE          2      13       0   1.0+0   0.0+0   5.0-1   0.0+0                                                                                                                                                                                                
ECHO: loadb FORCE          2      14       0   1.0+0   0.0+0   5.0-1   0.0+0                                                                                                                                                                                                
ECHO: loadb LOAD           1   1.0+0   1.0+0       2                                                                                                                                                                                                                        
ECHO: loadb ENDDATA                                                                                                                                                                                                                                                         




 >> LINK  0 END


 >> LINK  1 BEGIN

               DEALLOCATED  1.20E-01 MB MEMORY FROM ARRAY STF3


 *INFORMATION: AUTOSPC Summary, Stage 1 after identification of AUTOSPC's at the grid level                                                 

                                     AUTOSPC_RAT = 1.000000E-08

                       Number of DOF's identified for AUTOSPC in component  1         =            0
                       Number of DOF's identified for AUTOSPC in component  2         =            0
                       Number of DOF's identified for AUTOSPC in component  3         =            0
                       Number of DOF's identified for AUTOSPC in component  4         =            0
                       Number of DOF's identified for AUTOSPC in component  5         =            0
                       Number of DOF's identified for AUTOSPC in component  6         =           24
                                                                                        ------------
                       Total number of DOF's identified in this stage                 =           24

               DEALLOCATED  7.20E-04 MB MEMORY FROM ARRAY STFKEY
               DEALLOCATED  1.20E-01 MB MEMORY FROM ARRAY STF3

 >> LINK  1 END


 >> LINK  2 BEGIN



 *INFORMATION: AUTOSPC Summary, Overall: after identification of all AUTOSPC's                                                               

                                     AUTOSPC_RAT = 1.000000E-08

                       Number of DOF's identified for AUTOSPC in component  1         =            0
                       Number of DOF's identified for AUTOSPC in component  2         =            0
                       Number of DOF's identified for AUTOSPC in component  3         =            0
                       Number of DOF's identified for AUTOSPC in component  4         =            0
                       Number of DOF's identified for AUTOSPC in component  5         =            0
                       Number of DOF's identified for AUTOSPC in component  6         =           24
                                                                                        ------------
                       Total number of DOF's identified overall                       =           24


 >> LINK  2 END


 >> LINK  3 BEGIN

 SUPERLU FACTORIZATION OF MATRIX KLL SUCCEEDED IN SUBR SYM_MAT_DECOMP_SUPRLU          

 *INFORMATION: FOR INTERNAL SUBCASE NUMBER        1 EPSILON ERROR ESTIMATE            =  3.376324E-13 Based on U'*(K*U - P)/(U'*P)


 >> LINK  3 END


 >> LINK  5 BEGIN


 >> LINK  5 END


 >> LINK  9 BEGIN



 OUTPUT FOR SUBCASE        1

                                                       D I S P L A C E M E N T S
                                              (in global coordinate system at each grid)
           GRID     COORD      T1            T2            T3            R1            R2            R3
                     SYS
              1        0  0.0           0.0           0.0           0.0           0.0           0.0         
              2        0  0.0           0.0           0.0           0.0           0.0           0.0         
              3        0 -4.485468E-21  3.999995E-08 -2.999995E-06 -5.999991E-06 -4.566984E-19  0.0         
              4        0 -5.078870E-21  3.999995E-08 -2.999995E-06 -5.999991E-06 -5.758789E-19  0.0         
              5        0 -6.389170E-22  9.999987E-09 -1.874997E-07 -1.499998E-06 -1.057770E-19  0.0         
              6        0 -1.721522E-21  1.999997E-08 -7.499989E-07 -2.999995E-06 -2.436504E-19  0.0         
              7        0 -2.958486E-21  2.999996E-08 -1.687497E-06 -4.499993E-06 -3.362673E-19  0.0         
              8        0 -6.365887E-22  9.999987E-09 -1.874997E-07 -1.499998E-06 -1.052902E-19  0.0         
              9        0 -1.713866E-21  1.999997E-08 -7.499989E-07 -2.999995E-06 -2.421203E-19  0.0         
             10        0 -3.391963E-21  2.999996E-08 -1.687497E-06 -4.499993E-06 -4.229280E-19  0.0         
             11        0  0.0           0.0           0.0           0.0           0.0           0.0         
             12        0  0.0           0.0           0.0           0.0           0.0           0.0         
             13        0  2.522398E-22 -2.083768E-12  1.250261E-08  2.500521E-08  9.386880E-24  0.0         
             14        0  2.512587E-22 -2.083768E-12  1.250261E-08  2.500521E-08  9.498188E-24  0.0         
             15        0  2.605871E-23 -5.209420E-13  7.814129E-10  6.251303E-09 -2.510961E-23  0.0         
             16        0  8.974502E-23 -1.041884E-12  3.125651E-09  1.250261E-08 -4.670042E-23  0.0         
             17        0  1.758051E-22 -1.562826E-12  7.032716E-09  1.875391E-08 -2.879859E-23  0.0         
             18        0  2.580031E-23 -5.209420E-13  7.814129E-10  6.251303E-09 -2.418645E-23  0.0         
             19        0  8.918141E-23 -1.041884E-12  3.125651E-09  1.250261E-08 -4.632402E-23  0.0         
             20        0  1.756872E-22 -1.562826E-12  7.032716E-09  1.875391E-08 -2.901213E-23  0.0         
             21        0  0.0           0.0           0.0           0.0           0.0           0.0         
             22        0  0.0           0.0           0.0           0.0           0.0           0.0         
             23        0  3.203284E-22 -2.083768E-12  1.250261E-08  2.500521E-08  1.083708E-22  0.0         
             24        0  3.210443E-22 -2.083768E-12  1.250261E-08  2.500521E-08  1.098317E-22  0.0         
             25        0  2.815179E-23 -5.209420E-13  7.814129E-10  6.251303E-09 -1.328851E-24  0.0         
             26        0  1.000752E-22 -1.041884E-12  3.125651E-09  1.250261E-08  1.309462E-23  0.0         
             27        0  2.044714E-22 -1.562826E-12  7.032716E-09  1.875391E-08  4.889840E-23  0.0         
             28        0  2.796443E-23 -5.209420E-13  7.814129E-10  6.251303E-09 -9.681220E-25  0.0         
             29        0  9.973691E-23 -1.041884E-12  3.125651E-09  1.250261E-08  1.329566E-23  0.0         
             30        0  2.041278E-22 -1.562826E-12  7.032716E-09  1.875391E-08  4.830251E-23  0.0         
                         ------------- ------------- ------------- ------------- ------------- -------------
                MAX* :    3.210443E-22  3.999995E-08  1.250261E-08  2.500521E-08  1.098317E-22  0.0         
                MIN* :   -5.078870E-21 -2.083768E-12 -2.999995E-06 -5.999991E-06 -5.758789E-19  0.0         

                ABS* :    5.078870E-21  3.999995E-08  2.999995E-06  5.999991E-06  5.758789E-19  0.0         
                *for output set

                                                    SPC Force Summary on AUTOSPC'd DOF's
                                                 (in global coordinate system at each grid)
        For detailed information on the SPC forces for the AUTOSPC DOF's, set field 7 (AUTOSPC_SPCF) on the PARAM AUTOSPC entry to Y

                              T1             T2             T3             R1             R2             R3

 ABS AUTOSPC FORCES  :   0.000000E+00   0.000000E+00   0.000000E+00   0.000000E+00   0.000000E+00   0.000000E+00
 AUTOSPC FORCE TOTALS:   0.000000E+00   0.000000E+00   0.000000E+00   0.000000E+00   0.000000E+00   0.000000E+00
     (for output set)

 >> LINK  9 END

    Total CPU time =  1.56E-02 seconds

 >> MYSTRAN END    :  6/ 4/2026 at 11:54:44.515
