   604115448

 MYSTRAN Version 18.0.0   APR 20 2026 MYSTRAN developed by Dr Bill Case
*** Please report any problems to mystransolver@gmail.com ***                                                                                                                                                                                                   

 >> MYSTRAN BEGIN  :  6/ 4/2026 at 11:54:48.486 The input file is C:\Users\victo\Documents\Git\MYSTRAN_Validation\working\NAS S30 truss 9 section shapes.bdf                                                                                                                                                                      


 >> LINK  0 BEGIN


SOL 101                                                                                                                                                                                                                                                         
CEND                                                                                                                                                                                                                                                            
DISPLACEMENT = ALL                                                                                                                                                                                                                                              
SPC = 1                                                                                                                                                                                                                                                         
LOAD = 1                                                                                                                                                                                                                                                        
BEGIN BULK                                                                                                                                                                                                                                                      
ECHO: loadb GRID           1       0   0.0+0   0.0+0   2.5+0       0                                                                                                                                                                                                        
ECHO: loadb GRID           2       0   0.0+0   0.0+0   0.0+0       0                                                                                                                                                                                                        
ECHO: loadb GRID           3       0   1.8+1   0.0+0   2.5+0       0                                                                                                                                                                                                        
ECHO: loadb GRID           4       0   1.8+1   0.0+0   0.0+0       0                                                                                                                                                                                                        
ECHO: loadb GRID           5       0   3.0+0   0.0+0   2.5+0       0                                                                                                                                                                                                        
ECHO: loadb GRID           6       0   3.0+0   0.0+0   0.0+0       0                                                                                                                                                                                                        
ECHO: loadb GRID           7       0   1.5+1   0.0+0   2.5+0       0                                                                                                                                                                                                        
ECHO: loadb GRID           8       0   1.5+1   0.0+0   0.0+0       0                                                                                                                                                                                                        
ECHO: loadb GRID           9       0   6.0+0   0.0+0   2.5+0       0                                                                                                                                                                                                        
ECHO: loadb GRID          10       0   6.0+0   0.0+0   0.0+0       0                                                                                                                                                                                                        
ECHO: loadb GRID          11       0   2.4+1   0.0+0   0.0+0       0                                                                                                                                                                                                        
ECHO: loadb GRID          12       0   2.1+1   0.0+0   2.5+0       0                                                                                                                                                                                                        
ECHO: loadb GRID          13       0   9.0+0   0.0+0   2.5+0       0                                                                                                                                                                                                        
ECHO: loadb GRID          14       0   9.0+0   0.0+0   0.0+0       0                                                                                                                                                                                                        
ECHO: loadb GRID          15       0   2.4+1   0.0+0   2.5+0       0                                                                                                                                                                                                        
ECHO: loadb GRID          16       0   2.1+1   0.0+0   0.0+0       0                                                                                                                                                                                                        
ECHO: loadb GRID          17       0   1.2+1   0.0+0   2.5+0       0                                                                                                                                                                                                        
ECHO: loadb GRID          18       0   1.2+1   0.0+0   0.0+0       0                                                                                                                                                                                                        
ECHO: loadb PARAM    STR_CID      -2                                                                                                                                                                                                                                        
ECHO: loadb MAT1           1  2.0+11  1.0+11   0.0+0   0.0+0   0.0+0   0.0+0                                                                                                                                                                                                
ECHO: loadb MAT1           2  2.0+11  1.0+11   0.0+0   0.0+0   0.0+0   0.0+0                                                                                                                                                                                                
ECHO: loadb MAT1           3  2.0+11  1.0+11   0.0+0   0.0+0   0.0+0   0.0+0                                                                                                                                                                                                
ECHO: loadb MAT1           4  2.0+11  1.0+11   0.0+0   0.0+0   0.0+0   0.0+0                                                                                                                                                                                                
ECHO: loadb MAT1           5  2.0+11  1.0+11   0.0+0   0.0+0   0.0+0   0.0+0                                                                                                                                                                                                
ECHO: loadb MAT1           6  2.0+11  1.0+11   0.0+0   0.0+0   0.0+0   0.0+0                                                                                                                                                                                                
ECHO: loadb MAT1           7  2.0+11  1.0+11   0.0+0   0.0+0   0.0+0   0.0+0                                                                                                                                                                                                
ECHO: loadb MAT1           8  2.0+11  1.0+11   0.0+0   0.0+0   0.0+0   0.0+0                                                                                                                                                                                                
ECHO: loadb MAT1           9  2.0+11  1.0+11   0.0+0   0.0+0   0.0+0   0.0+0                                                                                                                                                                                                
ECHO: loadb SPC            1       1       1   0.0+0                                                                                                                                                                                                                        
ECHO: loadb SPC            1       1       2   0.0+0                                                                                                                                                                                                                        
ECHO: loadb SPC            1       1       3   0.0+0                                                                                                                                                                                                                        
ECHO: loadb SPC            1       2       1   0.0+0                                                                                                                                                                                                                        
ECHO: loadb SPC            1       2       2   0.0+0                                                                                                                                                                                                                        
ECHO: loadb SPC            1       3       1   0.0+0                                                                                                                                                                                                                        
ECHO: loadb SPC            1       3       2   0.0+0                                                                                                                                                                                                                        
ECHO: loadb SPC            1       3       3   0.0+0                                                                                                                                                                                                                        
ECHO: loadb SPC            1       4       1   0.0+0                                                                                                                                                                                                                        
ECHO: loadb SPC            1       4       2   0.0+0                                                                                                                                                                                                                        
ECHO: loadb SPC            1       5       1   0.0+0                                                                                                                                                                                                                        
ECHO: loadb SPC            1       5       2   0.0+0                                                                                                                                                                                                                        
ECHO: loadb SPC            1       5       3   0.0+0                                                                                                                                                                                                                        
ECHO: loadb SPC            1       6       1   0.0+0                                                                                                                                                                                                                        
ECHO: loadb SPC            1       6       2   0.0+0                                                                                                                                                                                                                        
ECHO: loadb SPC            1       7       1   0.0+0                                                                                                                                                                                                                        
ECHO: loadb SPC            1       7       2   0.0+0                                                                                                                                                                                                                        
ECHO: loadb SPC            1       7       3   0.0+0                                                                                                                                                                                                                        
ECHO: loadb SPC            1       8       1   0.0+0                                                                                                                                                                                                                        
ECHO: loadb SPC            1       8       2   0.0+0                                                                                                                                                                                                                        
ECHO: loadb SPC            1       9       1   0.0+0                                                                                                                                                                                                                        
ECHO: loadb SPC            1       9       2   0.0+0                                                                                                                                                                                                                        
ECHO: loadb SPC            1       9       3   0.0+0                                                                                                                                                                                                                        
ECHO: loadb SPC            1      10       1   0.0+0                                                                                                                                                                                                                        
ECHO: loadb SPC            1      10       2   0.0+0                                                                                                                                                                                                                        
ECHO: loadb SPC            1      11       1   0.0+0                                                                                                                                                                                                                        
ECHO: loadb SPC            1      11       2   0.0+0                                                                                                                                                                                                                        
ECHO: loadb SPC            1      12       1   0.0+0                                                                                                                                                                                                                        
ECHO: loadb SPC            1      12       2   0.0+0                                                                                                                                                                                                                        
ECHO: loadb SPC            1      12       3   0.0+0                                                                                                                                                                                                                        
ECHO: loadb SPC            1      13       1   0.0+0                                                                                                                                                                                                                        
ECHO: loadb SPC            1      13       2   0.0+0                                                                                                                                                                                                                        
ECHO: loadb SPC            1      13       3   0.0+0                                                                                                                                                                                                                        
ECHO: loadb SPC            1      14       1   0.0+0                                                                                                                                                                                                                        
ECHO: loadb SPC            1      14       2   0.0+0                                                                                                                                                                                                                        
ECHO: loadb SPC            1      15       1   0.0+0                                                                                                                                                                                                                        
ECHO: loadb SPC            1      15       2   0.0+0                                                                                                                                                                                                                        
ECHO: loadb SPC            1      15       3   0.0+0                                                                                                                                                                                                                        
ECHO: loadb SPC            1      16       1   0.0+0                                                                                                                                                                                                                        
ECHO: loadb SPC            1      16       2   0.0+0                                                                                                                                                                                                                        
ECHO: loadb SPC            1      17       1   0.0+0                                                                                                                                                                                                                        
ECHO: loadb SPC            1      17       2   0.0+0                                                                                                                                                                                                                        
ECHO: loadb SPC            1      17       3   0.0+0                                                                                                                                                                                                                        
ECHO: loadb SPC            1      18       1   0.0+0                                                                                                                                                                                                                        
ECHO: loadb SPC            1      18       2   0.0+0                                                                                                                                                                                                                        
ECHO: loadb PROD           1       1   2.8-3                                                                                                                                                                                                                                
ECHO: loadb CROD           3       1       2       1                                                                                                                                                                                                                        
ECHO: loadb PROD           2       2   2.0-3                                                                                                                                                                                                                                
ECHO: loadb CROD           6       2       6       5                                                                                                                                                                                                                        
ECHO: loadb PROD           3       3   2.9-3                                                                                                                                                                                                                                
ECHO: loadb CROD           9       3      10       9                                                                                                                                                                                                                        
ECHO: loadb PROD           4       4   3.8-3                                                                                                                                                                                                                                
ECHO: loadb CROD           5       4      14      13                                                                                                                                                                                                                        
ECHO: loadb PROD           5       5   3.0-2                                                                                                                                                                                                                                
ECHO: loadb CROD           8       5      18      17                                                                                                                                                                                                                        
ECHO: loadb PROD           6       6   9.6-3                                                                                                                                                                                                                                
ECHO: loadb CROD           4       6       8       7                                                                                                                                                                                                                        
ECHO: loadb PROD*                  7               7 3.14159265359-2                *                                                                                                                                                                                       
ECHO: loadb *                                                                                                                                                                                                                                                               
ECHO: loadb CROD           7       7       4       3                                                                                                                                                                                                                        
ECHO: loadb PROD*                  8               8 4.71238898038-3                *                                                                                                                                                                                       
ECHO: loadb *                                                                                                                                                                                                                                                               
ECHO: loadb CROD           1       8      16      12                                                                                                                                                                                                                        
ECHO: loadb PROD           9       9  2.34-2                                                                                                                                                                                                                                
ECHO: loadb CROD           2       9      11      15                                                                                                                                                                                                                        
ECHO: loadb FORCE          2       2       0   1.0+0   0.0+0   0.0+0   1.5+3                                                                                                                                                                                                
ECHO: loadb FORCE          2       6       0   1.0+0   0.0+0   0.0+0   1.5+3                                                                                                                                                                                                
ECHO: loadb FORCE          2      10       0   1.0+0   0.0+0   0.0+0   1.5+3                                                                                                                                                                                                
ECHO: loadb FORCE          2      14       0   1.0+0   0.0+0   0.0+0   1.5+3                                                                                                                                                                                                
ECHO: loadb FORCE          2      18       0   1.0+0   0.0+0   0.0+0   1.5+3                                                                                                                                                                                                
ECHO: loadb FORCE          2       8       0   1.0+0   0.0+0   0.0+0   1.5+3                                                                                                                                                                                                
ECHO: loadb FORCE          2       4       0   1.0+0   0.0+0   0.0+0   1.5+3                                                                                                                                                                                                
ECHO: loadb FORCE          2      16       0   1.0+0   0.0+0   0.0+0   1.5+3                                                                                                                                                                                                
ECHO: loadb FORCE          2      11       0   1.0+0   0.0+0   0.0+0   1.5+3                                                                                                                                                                                                
ECHO: loadb LOAD           1   1.0+0   1.0+0       2                                                                                                                                                                                                                        
ECHO: loadb ENDDATA                                                                                                                                                                                                                                                         




 >> LINK  0 END


 >> LINK  1 BEGIN

               DEALLOCATED  2.07E-02 MB MEMORY FROM ARRAY STF3


 *INFORMATION: AUTOSPC Summary, Stage 1 after identification of AUTOSPC's at the grid level                                                 

                                     AUTOSPC_RAT = 1.000000E-08

                       Number of DOF's identified for AUTOSPC in component  1         =            0
                       Number of DOF's identified for AUTOSPC in component  2         =            0
                       Number of DOF's identified for AUTOSPC in component  3         =            0
                       Number of DOF's identified for AUTOSPC in component  4         =           18
                       Number of DOF's identified for AUTOSPC in component  5         =           18
                       Number of DOF's identified for AUTOSPC in component  6         =           18
                                                                                        ------------
                       Total number of DOF's identified in this stage                 =           54

               DEALLOCATED  4.32E-04 MB MEMORY FROM ARRAY STFKEY
               DEALLOCATED  2.07E-02 MB MEMORY FROM ARRAY STF3

 >> LINK  1 END


 >> LINK  2 BEGIN



 *INFORMATION: AUTOSPC Summary, Overall: after identification of all AUTOSPC's                                                               

                                     AUTOSPC_RAT = 1.000000E-08

                       Number of DOF's identified for AUTOSPC in component  1         =            0
                       Number of DOF's identified for AUTOSPC in component  2         =            0
                       Number of DOF's identified for AUTOSPC in component  3         =            0
                       Number of DOF's identified for AUTOSPC in component  4         =           18
                       Number of DOF's identified for AUTOSPC in component  5         =           18
                       Number of DOF's identified for AUTOSPC in component  6         =           18
                                                                                        ------------
                       Total number of DOF's identified overall                       =           54


 >> LINK  2 END


 >> LINK  3 BEGIN

 SUPERLU FACTORIZATION OF MATRIX KLL SUCCEEDED IN SUBR SYM_MAT_DECOMP_SUPRLU          

 *INFORMATION: FOR INTERNAL SUBCASE NUMBER        1 EPSILON ERROR ESTIMATE            = -2.908257E-17 Based on U'*(K*U - P)/(U'*P)


 >> LINK  3 END


 >> LINK  5 BEGIN


 >> LINK  5 END


 >> LINK  9 BEGIN



 OUTPUT FOR SUBCASE        1

                                                       D I S P L A C E M E N T S
                                              (in global coordinate system at each grid)
           GRID     COORD      T1            T2            T3            R1            R2            R3
                     SYS
              1        0  0.0           0.0           0.0           0.0           0.0           0.0         
              2        0  0.0           0.0           6.696429E-06  0.0           0.0           0.0         
              3        0  0.0           0.0           0.0           0.0           0.0           0.0         
              4        0  0.0           0.0           5.968310E-07  0.0           0.0           0.0         
              5        0  0.0           0.0           0.0           0.0           0.0           0.0         
              6        0  0.0           0.0           9.375000E-06  0.0           0.0           0.0         
              7        0  0.0           0.0           0.0           0.0           0.0           0.0         
              8        0  0.0           0.0           1.953125E-06  0.0           0.0           0.0         
              9        0  0.0           0.0           0.0           0.0           0.0           0.0         
             10        0  0.0           0.0           6.465517E-06  0.0           0.0           0.0         
             11        0  0.0           0.0           8.012821E-07  0.0           0.0           0.0         
             12        0  0.0           0.0           0.0           0.0           0.0           0.0         
             13        0  0.0           0.0           0.0           0.0           0.0           0.0         
             14        0  0.0           0.0           4.934211E-06  0.0           0.0           0.0         
             15        0  0.0           0.0           0.0           0.0           0.0           0.0         
             16        0  0.0           0.0           3.978874E-06  0.0           0.0           0.0         
             17        0  0.0           0.0           0.0           0.0           0.0           0.0         
             18        0  0.0           0.0           6.250000E-07  0.0           0.0           0.0         
                         ------------- ------------- ------------- ------------- ------------- -------------
                MAX* :    0.0           0.0           9.375000E-06  0.0           0.0           0.0         
                MIN* :    0.0           0.0           0.0           0.0           0.0           0.0         

                ABS* :    0.0           0.0           9.375000E-06  0.0           0.0           0.0         
                *for output set

                                                    SPC Force Summary on AUTOSPC'd DOF's
                                                 (in global coordinate system at each grid)
        For detailed information on the SPC forces for the AUTOSPC DOF's, set field 7 (AUTOSPC_SPCF) on the PARAM AUTOSPC entry to Y

                              T1             T2             T3             R1             R2             R3

 ABS AUTOSPC FORCES  :   0.000000E+00   0.000000E+00   0.000000E+00   0.000000E+00   0.000000E+00   0.000000E+00
 AUTOSPC FORCE TOTALS:   0.000000E+00   0.000000E+00   0.000000E+00   0.000000E+00   0.000000E+00   0.000000E+00
     (for output set)

 >> LINK  9 END

    Total CPU time =  1.56E-02 seconds

 >> MYSTRAN END    :  6/ 4/2026 at 11:54:48.576
