   424093213

 MYSTRAN Version 14.01    Sep 19 2022 MYSTRAN developed by Dr Bill Case
*** Please report any problems to mystransolver@gmail.com ***                                                                                                                                                                                                   

 >> MYSTRAN BEGIN  :  4/24/2026 at  9:32:13.845 The input file is case_0003.DAT                                                                                                                                                                                                                                                   


 >> LINK  0 BEGIN


ID BEAM,CONTN                                                                                                                                                                                                                                                   
SOL 101                                                                                                                                                                                                                                                         
TIME 10000                                                                                                                                                                                                                                                      
CEND                                                                                                                                                                                                                                                            
  TITLE = ANALYSE                                                                                                                                                                                                                                               
  SUBTITLE = TEST                                                                                                                                                                                                                                               
  LABEL = TEST                                                                                                                                                                                                                                                  
  ECHO = NONE                                                                                                                                                                                                                                                   
  DISPLACEMENT(PRINT) = ALL                                                                                                                                                                                                                                     
  SPCFORCE(PRINT) = ALL                                                                                                                                                                                                                                         
  OLOAD(PRINT) = ALL                                                                                                                                                                                                                                            
  MPCFORCE(PRINT) = ALL                                                                                                                                                                                                                                         
  GPFORCE(PRINT) = ALL                                                                                                                                                                                                                                          
  FORCE(PRINT,CORNER) = ALL                                                                                                                                                                                                                                     
  STRESS(PRINT,CORNER) = ALL                                                                                                                                                                                                                                    
SUBCASE 1                                                                                                                                                                                                                                                       
  SUBTITLE = SPC - Force                                                                                                                                                                                                                                        
  SPC = 1                                                                                                                                                                                                                                                       
  LOAD = 1                                                                                                                                                                                                                                                      
SUBCASE 2                                                                                                                                                                                                                                                       
  SUBTITLE = SPC - Mass                                                                                                                                                                                                                                         
  SPC = 1                                                                                                                                                                                                                                                       
  LOAD = 2                                                                                                                                                                                                                                                      
BEGIN BULK                                                                                                                                                                                                                                                      


 *WARNING    : BANDIT DID NOT RUN SUCCESSFULLY. THIS IS A NON-CRITICAL OPTIMIZATION. IT QUIT WITH ERROR =        4
               CHECK FILE BANDIT.OUT IN THE DIRECTORY WHERE MYSTRAN.EXE RESIDES
               SINCE FIELD 4 OF PARAM GRIDSEQ = N, MYSTRAN WILL DEFAULT TO GRID SEQUENCING BASED ON GRID NUMERICAL ORDER.
               (THIS WAS EITHER ENTERED ON A BULK DATA PARAM GRIDSEQ ENTRY OR IS THE DEFAULT. SEE MYSTRAN DOCUMENTATION)




 >> LINK  0 END


 >> LINK  1 BEGIN

               DEALLOCATED  9.22E-03 MB MEMORY FROM ARRAY STF3

               DEALLOCATED  2.16E-04 MB MEMORY FROM ARRAY STFKEY
               DEALLOCATED  9.22E-03 MB MEMORY FROM ARRAY STF3

 >> LINK  1 END


 >> LINK  2 BEGIN


 *INFORMATION: AUTOSPC Summary, Overall: after identification of all AUTOSPC's                                                               

                                     AUTOSPC_RAT = 1.000000E-08

                       Number of DOF's identified for AUTOSPC in component  1         =            0
                       Number of DOF's identified for AUTOSPC in component  2         =            0
                       Number of DOF's identified for AUTOSPC in component  3         =            0
                       Number of DOF's identified for AUTOSPC in component  4         =            0
                       Number of DOF's identified for AUTOSPC in component  5         =            0
                       Number of DOF's identified for AUTOSPC in component  6         =            0
                                                                                        ------------
                       Total number of DOF's identified overall                       =            0


 >> LINK  2 END


 >> LINK  3 BEGIN

 SUPERLU FACTORIZATION OF MATRIX KLL SUCCEEDED IN SUBR SYM_MAT_DECOMP_SUPRLU          

 *INFORMATION: FOR INTERNAL SUBCASE NUMBER        1 EPSILON ERROR ESTIMATE            =  8.271691E-17 Based on U'*(K*U - P)/(U'*P)

 *INFORMATION: FOR INTERNAL SUBCASE NUMBER        2 EPSILON ERROR ESTIMATE            = -3.072969E-15 Based on U'*(K*U - P)/(U'*P)


 >> LINK  3 END


 >> LINK  5 BEGIN


 >> LINK  5 END


 >> LINK  9 BEGIN



 OUTPUT FOR SUBCASE        1
 ANALYSE                                                                                                                                                                                                                                                         
 SPC - Force                                                                                                                                                                                                                                                     
 TEST                                                                                                                                                                                                                                                            

                                                       D I S P L A C E M E N T S
                                              (in global coordinate system at each grid)
           GRID     COORD      T1            T2            T3            R1            R2            R3
                     SYS
              1        0  0.0           0.0           0.0           0.0           0.0           0.0         
              2        0  0.0           0.0           0.0           0.0           0.0           0.0         
              3        0  0.0           0.0           0.0           0.0           0.0           0.0         
              4        0  0.0           0.0           0.0           0.0           0.0           0.0         
              5        0  1.032536E-01  1.457513E-02  6.995114E-02 -1.378676E-03  1.198980E-02  3.387442E-04
              6        0  1.032536E-01  1.796257E-02 -4.994682E-02 -1.378676E-03  1.198980E-02  3.387442E-04
              7        0  9.647875E-02  1.796257E-02 -7.752035E-02 -1.378676E-03  1.198980E-02  3.387442E-04
              8        0  9.647875E-02  1.457513E-02  4.237761E-02 -1.378676E-03  1.198980E-02  3.387442E-04
              9        0  5.494835E-01  6.966294E-02 -6.373358E-02 -1.378676E-03  1.198980E-02  3.387442E-04
                         ------------- ------------- ------------- ------------- ------------- -------------
                MAX* :    5.494835E-01  6.966294E-02  6.995114E-02  0.0           1.198980E-02  3.387442E-04
                MIN* :    0.0           0.0          -7.752035E-02 -1.378676E-03  0.0           0.0         

                ABS* :    5.494835E-01  6.966294E-02  7.752035E-02  1.378676E-03  1.198980E-02  3.387442E-04
                *for output set


 OUTPUT FOR SUBCASE        1
 ANALYSE                                                                                                                                                                                                                                                         
 SPC - Force                                                                                                                                                                                                                                                     
 TEST                                                                                                                                                                                                                                                            

                                                     A P P L I E D    F O R C E S
                                              (in global coordinate system at each grid)
           GRID     COORD      T1            T2            T3            R1            R2            R3
                     SYS
              9        0  1.780000E+03  7.500000E+02 -8.750000E+02  0.0           0.0           0.0         


 OUTPUT FOR SUBCASE        1
 ANALYSE                                                                                                                                                                                                                                                         
 SPC - Force                                                                                                                                                                                                                                                     
 TEST                                                                                                                                                                                                                                                            

                                                          S P C   F O R C E S
                                              (in global coordinate system at each grid)
           GRID     COORD      T1            T2            T3            R1            R2            R3
                     SYS
              1        0 -5.054658E+02 -1.459988E+02 -4.043176E+03  1.146867E+03 -6.396406E+03 -1.253354E+02
              2        0 -5.054658E+02 -2.290012E+02  2.886926E+03  1.665633E+03 -6.396406E+03 -1.253354E+02
              3        0 -3.845342E+02 -2.290012E+02  4.480676E+03  1.665633E+03 -5.640583E+03 -1.253354E+02
              4        0 -3.845342E+02 -1.459988E+02 -2.449426E+03  1.146867E+03 -5.640583E+03 -1.253354E+02
                         ------------- ------------- ------------- ------------- ------------- -------------
                MAX* :    0.0           0.0           4.480676E+03  1.665633E+03  0.0           0.0         
                MIN* :   -5.054658E+02 -2.290012E+02 -4.043176E+03  0.0          -6.396406E+03 -1.253354E+02

                ABS* :    5.054658E+02  2.290012E+02  4.480676E+03  1.665633E+03  6.396406E+03  1.253354E+02
                *for output set
                         ------------- ------------- ------------- ------------- ------------- -------------
     SPC FORCE TOTALS:   -1.780000E+03 -7.500000E+02  8.750000E+02  5.625000E+03 -2.407398E+04 -5.013414E+02
     (for output set)


 OUTPUT FOR SUBCASE        1
 ANALYSE                                                                                                                                                                                                                                                         
 SPC - Force                                                                                                                                                                                                                                                     
 TEST                                                                                                                                                                                                                                                            

                                                          M P C   F O R C E S
                                              (in global coordinate system at each grid)
           GRID     COORD      T1            T2            T3            R1            R2            R3
                     SYS
              5        0  5.054658E+02  1.459988E+02  4.043176E+03  6.781172E+02  7.808339E+01  1.253354E+02
              6        0  5.054658E+02  2.290012E+02 -2.886926E+03  1.196883E+03  7.808339E+01  1.253354E+02
              7        0  3.845342E+02  2.290012E+02 -4.480676E+03  1.196883E+03  8.339064E+02  1.253354E+02
              8        0  3.845342E+02  1.459988E+02  2.449426E+03  6.781172E+02  8.339064E+02  1.253354E+02
              9        0 -1.780000E+03 -7.500000E+02  8.750000E+02  4.081357E-11  2.796696E-11 -1.051603E-11
                         ------------- ------------- ------------- ------------- ------------- -------------
                MAX* :    5.054658E+02  2.290012E+02  4.043176E+03  1.196883E+03  8.339064E+02  1.253354E+02
                MIN* :   -1.780000E+03 -7.500000E+02 -4.480676E+03  0.0           0.0          -1.051603E-11

                ABS* :    1.780000E+03  7.500000E+02  4.480676E+03  1.196883E+03  8.339064E+02  1.253354E+02
                *for output set
                         ------------- ------------- ------------- ------------- ------------- -------------
     MPC FORCE TOTALS:    0.0           0.0           0.0           3.750000E+03  1.823980E+03  5.013414E+02
     (for output set)


 OUTPUT FOR SUBCASE        1
 ANALYSE                                                                                                                                                                                                                                                         
 SPC - Force                                                                                                                                                                                                                                                     
 TEST                                                                                                                                                                                                                                                            



                                           G R I D   P O I N T   F O R C E   B A L A N C E
                                             (in global coordinate system at each grid)

                                FORCE BALANCE FOR GRID POINT        1 IN GLOBAL COORD SYSTEM        0

                               T1            T2            T3            R1            R2            R3

 APPLIED FORCE            0.000000E+00  0.000000E+00  0.000000E+00  0.000000E+00  0.000000E+00  0.000000E+00
 SPC FORCE               -5.054658E+02 -1.459988E+02 -4.043176E+03  1.146867E+03 -6.396406E+03 -1.253354E+02
 MPC FORCE                0.000000E+00  0.000000E+00  0.000000E+00  0.000000E+00  0.000000E+00  0.000000E+00
 BUSH     ELEM         1  5.054658E+02  1.459988E+02  4.043176E+03 -1.146867E+03  6.396406E+03  1.253354E+02
                         ------------- ------------- ------------- ------------- ------------- -------------
 TOTALS                :  3.410605E-13 -2.842171E-14  0.000000E+00  1.136868E-12  0.000000E+00  0.000000E+00
 (should all be 0)


                                FORCE BALANCE FOR GRID POINT        2 IN GLOBAL COORD SYSTEM        0

                               T1            T2            T3            R1            R2            R3

 APPLIED FORCE            0.000000E+00  0.000000E+00  0.000000E+00  0.000000E+00  0.000000E+00  0.000000E+00
 SPC FORCE               -5.054658E+02 -2.290012E+02  2.886926E+03  1.665633E+03 -6.396406E+03 -1.253354E+02
 MPC FORCE                0.000000E+00  0.000000E+00  0.000000E+00  0.000000E+00  0.000000E+00  0.000000E+00
 BUSH     ELEM         2  5.054658E+02  2.290012E+02 -2.886926E+03 -1.665633E+03  6.396406E+03  1.253354E+02
                         ------------- ------------- ------------- ------------- ------------- -------------
 TOTALS                :  3.410605E-13  2.842171E-14  0.000000E+00  6.821210E-13  0.000000E+00  0.000000E+00
 (should all be 0)


                                FORCE BALANCE FOR GRID POINT        3 IN GLOBAL COORD SYSTEM        0

                               T1            T2            T3            R1            R2            R3

 APPLIED FORCE            0.000000E+00  0.000000E+00  0.000000E+00  0.000000E+00  0.000000E+00  0.000000E+00
 SPC FORCE               -3.845342E+02 -2.290012E+02  4.480676E+03  1.665633E+03 -5.640583E+03 -1.253354E+02
 MPC FORCE                0.000000E+00  0.000000E+00  0.000000E+00  0.000000E+00  0.000000E+00  0.000000E+00
 BUSH     ELEM         3  3.845342E+02  2.290012E+02 -4.480676E+03 -1.665633E+03  5.640583E+03  1.253354E+02
                         ------------- ------------- ------------- ------------- ------------- -------------
 TOTALS                :  5.684342E-13  2.842171E-14  0.000000E+00  6.821210E-13  0.000000E+00  0.000000E+00
 (should all be 0)


                                FORCE BALANCE FOR GRID POINT        4 IN GLOBAL COORD SYSTEM        0

                               T1            T2            T3            R1            R2            R3

 APPLIED FORCE            0.000000E+00  0.000000E+00  0.000000E+00  0.000000E+00  0.000000E+00  0.000000E+00
 SPC FORCE               -3.845342E+02 -1.459988E+02 -2.449426E+03  1.146867E+03 -5.640583E+03 -1.253354E+02
 MPC FORCE                0.000000E+00  0.000000E+00  0.000000E+00  0.000000E+00  0.000000E+00  0.000000E+00
 BUSH     ELEM         4  3.845342E+02  1.459988E+02  2.449426E+03 -1.146867E+03  5.640583E+03  1.253354E+02
                         ------------- ------------- ------------- ------------- ------------- -------------
 TOTALS                :  7.958079E-13 -2.842171E-14 -9.094947E-13  1.136868E-12  1.818989E-12  0.000000E+00
 (should all be 0)


                                FORCE BALANCE FOR GRID POINT        5 IN GLOBAL COORD SYSTEM        0

                               T1            T2            T3            R1            R2            R3

 APPLIED FORCE            0.000000E+00  0.000000E+00  0.000000E+00  0.000000E+00  0.000000E+00  0.000000E+00
 SPC FORCE                0.000000E+00  0.000000E+00  0.000000E+00  0.000000E+00  0.000000E+00  0.000000E+00
 MPC FORCE                5.054658E+02  1.459988E+02  4.043176E+03  6.781172E+02  7.808339E+01  1.253354E+02
 BUSH     ELEM         1 -5.054658E+02 -1.459988E+02 -4.043176E+03 -6.781172E+02 -7.808339E+01 -1.253354E+02
                         ------------- ------------- ------------- ------------- ------------- -------------
 TOTALS                : -3.410605E-13  2.842171E-14  0.000000E+00  1.250555E-12 -3.012701E-12  0.000000E+00
 (should all be 0)


                                FORCE BALANCE FOR GRID POINT        6 IN GLOBAL COORD SYSTEM        0

                               T1            T2            T3            R1            R2            R3

 APPLIED FORCE            0.000000E+00  0.000000E+00  0.000000E+00  0.000000E+00  0.000000E+00  0.000000E+00
 SPC FORCE                0.000000E+00  0.000000E+00  0.000000E+00  0.000000E+00  0.000000E+00  0.000000E+00
 MPC FORCE                5.054658E+02  2.290012E+02 -2.886926E+03  1.196883E+03  7.808339E+01  1.253354E+02
 BUSH     ELEM         2 -5.054658E+02 -2.290012E+02  2.886926E+03 -1.196883E+03 -7.808339E+01 -1.253354E+02
                         ------------- ------------- ------------- ------------- ------------- -------------
 TOTALS                : -3.410605E-13 -2.842171E-14  0.000000E+00  6.821210E-13 -3.012701E-12  0.000000E+00
 (should all be 0)


                                FORCE BALANCE FOR GRID POINT        7 IN GLOBAL COORD SYSTEM        0

                               T1            T2            T3            R1            R2            R3

 APPLIED FORCE            0.000000E+00  0.000000E+00  0.000000E+00  0.000000E+00  0.000000E+00  0.000000E+00
 SPC FORCE                0.000000E+00  0.000000E+00  0.000000E+00  0.000000E+00  0.000000E+00  0.000000E+00
 MPC FORCE                3.845342E+02  2.290012E+02 -4.480676E+03  1.196883E+03  8.339064E+02  1.253354E+02
 BUSH     ELEM         3 -3.845342E+02 -2.290012E+02  4.480676E+03 -1.196883E+03 -8.339064E+02 -1.253354E+02
                         ------------- ------------- ------------- ------------- ------------- -------------
 TOTALS                : -5.684342E-13 -2.842171E-14  0.000000E+00  6.821210E-13 -2.501110E-12  0.000000E+00
 (should all be 0)


                                FORCE BALANCE FOR GRID POINT        8 IN GLOBAL COORD SYSTEM        0

                               T1            T2            T3            R1            R2            R3

 APPLIED FORCE            0.000000E+00  0.000000E+00  0.000000E+00  0.000000E+00  0.000000E+00  0.000000E+00
 SPC FORCE                0.000000E+00  0.000000E+00  0.000000E+00  0.000000E+00  0.000000E+00  0.000000E+00
 MPC FORCE                3.845342E+02  1.459988E+02  2.449426E+03  6.781172E+02  8.339064E+02  1.253354E+02
 BUSH     ELEM         4 -3.845342E+02 -1.459988E+02 -2.449426E+03 -6.781172E+02 -8.339064E+02 -1.253354E+02
                         ------------- ------------- ------------- ------------- ------------- -------------
 TOTALS                : -7.958079E-13  2.842171E-14  9.094947E-13  1.250555E-12 -6.821210E-13  0.000000E+00
 (should all be 0)


                                FORCE BALANCE FOR GRID POINT        9 IN GLOBAL COORD SYSTEM        0

                               T1            T2            T3            R1            R2            R3

 APPLIED FORCE            1.780000E+03  7.500000E+02 -8.750000E+02  0.000000E+00  0.000000E+00  0.000000E+00
 SPC FORCE                0.000000E+00  0.000000E+00  0.000000E+00  0.000000E+00  0.000000E+00  0.000000E+00
 MPC FORCE               -1.780000E+03 -7.500000E+02  8.750000E+02  4.081357E-11  2.796696E-11 -1.051603E-11
                         ------------- ------------- ------------- ------------- ------------- -------------
 TOTALS                :  0.000000E+00  9.094947E-13  1.818989E-12  4.081357E-11  2.796696E-11 -1.051603E-11
 (should all be 0)




 OUTPUT FOR SUBCASE        1
 ANALYSE                                                                                                                                                                                                                                                         
 SPC - Force                                                                                                                                                                                                                                                     
 TEST                                                                                                                                                                                                                                                            

                                        E L E M E N T   E N G I N E E R I N G   F O R C E S
                                             F O R   E L E M E N T   T Y P E   B U S H    
                 Element      Force         Force         Force        Moment        Moment        Moment
                    ID         XE            YE            ZE            XE            YE            ZE
                       1  5.054658E+02  1.459988E+02  4.043176E+03 -2.343750E+02  3.237245E+03  1.253354E+02
                       2  5.054658E+02  2.290012E+02 -2.886926E+03 -2.343750E+02  3.237245E+03  1.253354E+02
                       3  3.845342E+02  2.290012E+02 -4.480676E+03 -2.343750E+02  3.237245E+03  1.253354E+02
                       4  3.845342E+02  1.459988E+02  2.449426E+03 -2.343750E+02  3.237245E+03  1.253354E+02
                          ------------- ------------- ------------- ------------- ------------- ------------- 
                MAX* :    5.054658E+02  2.290012E+02  4.043176E+03 -2.343750E+02  3.237245E+03  1.253354E+02
                MIN* :    3.845342E+02  1.459988E+02 -4.480676E+03 -2.343750E+02  3.237245E+03  1.253354E+02

                ABS* :    5.054658E+02  2.290012E+02  4.480676E+03  2.343750E+02  3.237245E+03  1.253354E+02
                *for output set


 OUTPUT FOR SUBCASE        1
 ANALYSE                                                                                                                                                                                                                                                         
 SPC - Force                                                                                                                                                                                                                                                     
 TEST                                                                                                                                                                                                                                                            

           E L E M E N T   S T R E S S E S   I N   L O C A L   E L E M E N T   C O O R D I N A T E   S Y S T E M
                                        F O R   E L E M E N T   T Y P E   B U S H    
                     Element   Stress-1      Stress-2      Stress-3      Stress-4      Stress-5      Stress-6
                        ID
                          1  1.843077E+03  3.571344E+02  4.043176E+03 -2.343750E+02  2.850710E+04 -2.106755E+03
                          2  1.843077E+03  4.401369E+02 -2.886926E+03 -2.343750E+02 -1.480604E+04 -2.625520E+03
                          3  1.722146E+03  4.401369E+02 -4.480676E+03 -2.343750E+02 -2.476698E+04 -2.625520E+03
                          4  1.722146E+03  3.571344E+02  2.449426E+03 -2.343750E+02  1.854616E+04 -2.106755E+03


 OUTPUT FOR SUBCASE        2
 ANALYSE                                                                                                                                                                                                                                                         
 SPC - Mass                                                                                                                                                                                                                                                      
 TEST                                                                                                                                                                                                                                                            

                                                       D I S P L A C E M E N T S
                                              (in global coordinate system at each grid)
           GRID     COORD      T1            T2            T3            R1            R2            R3
                     SYS
              1        0  0.0           0.0           0.0           0.0           0.0           0.0         
              2        0  0.0           0.0           0.0           0.0           0.0           0.0         
              3        0  0.0           0.0           0.0           0.0           0.0           0.0         
              4        0  0.0           0.0           0.0           0.0           0.0           0.0         
              5        0  1.058669E-03  0.0           6.267219E-04  0.0           1.253444E-04  0.0         
              6        0  1.058669E-03  0.0          -6.267219E-04  0.0           1.253444E-04  0.0         
              7        0  1.058669E-03  0.0          -6.267219E-04  0.0           1.253444E-04  0.0         
              8        0  1.058669E-03  0.0           6.267219E-04  0.0           1.253444E-04  0.0         
              9        0  5.759083E-03  0.0          -6.267219E-04  0.0           1.253444E-04  0.0         
                         ------------- ------------- ------------- ------------- ------------- -------------
                MAX* :    5.759083E-03  0.0           6.267219E-04  0.0           1.253444E-04  0.0         
                MIN* :    0.0           0.0          -6.267219E-04  0.0           0.0           0.0         

                ABS* :    5.759083E-03  0.0           6.267219E-04  0.0           1.253444E-04  0.0         
                *for output set


 OUTPUT FOR SUBCASE        2
 ANALYSE                                                                                                                                                                                                                                                         
 SPC - Mass                                                                                                                                                                                                                                                      
 TEST                                                                                                                                                                                                                                                            

                                                     A P P L I E D    F O R C E S
                                              (in global coordinate system at each grid)
           GRID     COORD      T1            T2            T3            R1            R2            R3
                     SYS
              9        0  1.965400E+01  0.0           0.0           0.0           0.0           0.0         


 OUTPUT FOR SUBCASE        2
 ANALYSE                                                                                                                                                                                                                                                         
 SPC - Mass                                                                                                                                                                                                                                                      
 TEST                                                                                                                                                                                                                                                            

                                                          S P C   F O R C E S
                                              (in global coordinate system at each grid)
           GRID     COORD      T1            T2            T3            R1            R2            R3
                     SYS
              1        0 -4.913500E+00  0.0          -3.622453E+01  0.0          -6.455236E+01  0.0         
              2        0 -4.913500E+00  0.0           3.622453E+01  0.0          -6.455236E+01  0.0         
              3        0 -4.913500E+00  0.0           3.622453E+01  0.0          -6.455236E+01  0.0         
              4        0 -4.913500E+00  0.0          -3.622453E+01  0.0          -6.455236E+01  0.0         
                         ------------- ------------- ------------- ------------- ------------- -------------
                MAX* :    0.0           0.0           3.622453E+01  0.0           0.0           0.0         
                MIN* :   -4.913500E+00  0.0          -3.622453E+01  0.0          -6.455236E+01  0.0         

                ABS* :    4.913500E+00  0.0           3.622453E+01  0.0           6.455236E+01  0.0         
                *for output set
                         ------------- ------------- ------------- ------------- ------------- -------------
     SPC FORCE TOTALS:   -1.965400E+01  0.0           0.0           0.0          -2.582094E+02  0.0         
     (for output set)


 OUTPUT FOR SUBCASE        2
 ANALYSE                                                                                                                                                                                                                                                         
 SPC - Mass                                                                                                                                                                                                                                                      
 TEST                                                                                                                                                                                                                                                            

                                                          M P C   F O R C E S
                                              (in global coordinate system at each grid)
           GRID     COORD      T1            T2            T3            R1            R2            R3
                     SYS
              5        0  4.913500E+00  0.0           3.622453E+01  0.0           3.133610E+00  0.0         
              6        0  4.913500E+00  0.0          -3.622453E+01  0.0           3.133610E+00  0.0         
              7        0  4.913500E+00  0.0          -3.622453E+01  0.0           3.133610E+00  0.0         
              8        0  4.913500E+00  0.0           3.622453E+01  0.0           3.133610E+00  0.0         
              9        0 -1.965400E+01  0.0           0.0           0.0          -2.387424E-12  0.0         
                         ------------- ------------- ------------- ------------- ------------- -------------
                MAX* :    4.913500E+00  0.0           3.622453E+01  0.0           3.133610E+00  0.0         
                MIN* :   -1.965400E+01  0.0          -3.622453E+01  0.0          -2.387424E-12  0.0         

                ABS* :    1.965400E+01  0.0           3.622453E+01  0.0           3.133610E+00  0.0         
                *for output set
                         ------------- ------------- ------------- ------------- ------------- -------------
     MPC FORCE TOTALS:    0.0           0.0           0.0           0.0           1.253444E+01  0.0         
     (for output set)


 OUTPUT FOR SUBCASE        2
 ANALYSE                                                                                                                                                                                                                                                         
 SPC - Mass                                                                                                                                                                                                                                                      
 TEST                                                                                                                                                                                                                                                            



                                           G R I D   P O I N T   F O R C E   B A L A N C E
                                             (in global coordinate system at each grid)

                                FORCE BALANCE FOR GRID POINT        1 IN GLOBAL COORD SYSTEM        0

                               T1            T2            T3            R1            R2            R3

 APPLIED FORCE            0.000000E+00  0.000000E+00  0.000000E+00  0.000000E+00  0.000000E+00  0.000000E+00
 SPC FORCE               -4.913500E+00  0.000000E+00 -3.622453E+01  0.000000E+00 -6.455236E+01  0.000000E+00
 MPC FORCE                0.000000E+00  0.000000E+00  0.000000E+00  0.000000E+00  0.000000E+00  0.000000E+00
 BUSH     ELEM         1  4.913500E+00  0.000000E+00  3.622453E+01  0.000000E+00  6.455236E+01  0.000000E+00
                         ------------- ------------- ------------- ------------- ------------- -------------
 TOTALS                : -3.552714E-15  0.000000E+00 -7.105427E-15  0.000000E+00 -8.526513E-14  0.000000E+00
 (should all be 0)


                                FORCE BALANCE FOR GRID POINT        2 IN GLOBAL COORD SYSTEM        0

                               T1            T2            T3            R1            R2            R3

 APPLIED FORCE            0.000000E+00  0.000000E+00  0.000000E+00  0.000000E+00  0.000000E+00  0.000000E+00
 SPC FORCE               -4.913500E+00  0.000000E+00  3.622453E+01  0.000000E+00 -6.455236E+01  0.000000E+00
 MPC FORCE                0.000000E+00  0.000000E+00  0.000000E+00  0.000000E+00  0.000000E+00  0.000000E+00
 BUSH     ELEM         2  4.913500E+00  0.000000E+00 -3.622453E+01  0.000000E+00  6.455236E+01  0.000000E+00
                         ------------- ------------- ------------- ------------- ------------- -------------
 TOTALS                : -3.552714E-15  0.000000E+00  0.000000E+00  0.000000E+00 -8.526513E-14  0.000000E+00
 (should all be 0)


                                FORCE BALANCE FOR GRID POINT        3 IN GLOBAL COORD SYSTEM        0

                               T1            T2            T3            R1            R2            R3

 APPLIED FORCE            0.000000E+00  0.000000E+00  0.000000E+00  0.000000E+00  0.000000E+00  0.000000E+00
 SPC FORCE               -4.913500E+00  0.000000E+00  3.622453E+01  0.000000E+00 -6.455236E+01  0.000000E+00
 MPC FORCE                0.000000E+00  0.000000E+00  0.000000E+00  0.000000E+00  0.000000E+00  0.000000E+00
 BUSH     ELEM         3  4.913500E+00  0.000000E+00 -3.622453E+01  0.000000E+00  6.455236E+01  0.000000E+00
                         ------------- ------------- ------------- ------------- ------------- -------------
 TOTALS                : -3.552714E-15  0.000000E+00  0.000000E+00  0.000000E+00 -8.526513E-14  0.000000E+00
 (should all be 0)


                                FORCE BALANCE FOR GRID POINT        4 IN GLOBAL COORD SYSTEM        0

                               T1            T2            T3            R1            R2            R3

 APPLIED FORCE            0.000000E+00  0.000000E+00  0.000000E+00  0.000000E+00  0.000000E+00  0.000000E+00
 SPC FORCE               -4.913500E+00  0.000000E+00 -3.622453E+01  0.000000E+00 -6.455236E+01  0.000000E+00
 MPC FORCE                0.000000E+00  0.000000E+00  0.000000E+00  0.000000E+00  0.000000E+00  0.000000E+00
 BUSH     ELEM         4  4.913500E+00  0.000000E+00  3.622453E+01  0.000000E+00  6.455236E+01  0.000000E+00
                         ------------- ------------- ------------- ------------- ------------- -------------
 TOTALS                : -3.552714E-15  0.000000E+00 -7.105427E-15  0.000000E+00 -8.526513E-14  0.000000E+00
 (should all be 0)


                                FORCE BALANCE FOR GRID POINT        5 IN GLOBAL COORD SYSTEM        0

                               T1            T2            T3            R1            R2            R3

 APPLIED FORCE            0.000000E+00  0.000000E+00  0.000000E+00  0.000000E+00  0.000000E+00  0.000000E+00
 SPC FORCE                0.000000E+00  0.000000E+00  0.000000E+00  0.000000E+00  0.000000E+00  0.000000E+00
 MPC FORCE                4.913500E+00  0.000000E+00  3.622453E+01  0.000000E+00  3.133610E+00  0.000000E+00
 BUSH     ELEM         1 -4.913500E+00  0.000000E+00 -3.622453E+01  0.000000E+00 -3.133610E+00  0.000000E+00
                         ------------- ------------- ------------- ------------- ------------- -------------
 TOTALS                :  3.552714E-15  0.000000E+00  7.105427E-15  0.000000E+00 -7.105427E-14  0.000000E+00
 (should all be 0)


                                FORCE BALANCE FOR GRID POINT        6 IN GLOBAL COORD SYSTEM        0

                               T1            T2            T3            R1            R2            R3

 APPLIED FORCE            0.000000E+00  0.000000E+00  0.000000E+00  0.000000E+00  0.000000E+00  0.000000E+00
 SPC FORCE                0.000000E+00  0.000000E+00  0.000000E+00  0.000000E+00  0.000000E+00  0.000000E+00
 MPC FORCE                4.913500E+00  0.000000E+00 -3.622453E+01  0.000000E+00  3.133610E+00  0.000000E+00
 BUSH     ELEM         2 -4.913500E+00  0.000000E+00  3.622453E+01  0.000000E+00 -3.133610E+00  0.000000E+00
                         ------------- ------------- ------------- ------------- ------------- -------------
 TOTALS                :  3.552714E-15  0.000000E+00  0.000000E+00  0.000000E+00 -7.105427E-14  0.000000E+00
 (should all be 0)


                                FORCE BALANCE FOR GRID POINT        7 IN GLOBAL COORD SYSTEM        0

                               T1            T2            T3            R1            R2            R3

 APPLIED FORCE            0.000000E+00  0.000000E+00  0.000000E+00  0.000000E+00  0.000000E+00  0.000000E+00
 SPC FORCE                0.000000E+00  0.000000E+00  0.000000E+00  0.000000E+00  0.000000E+00  0.000000E+00
 MPC FORCE                4.913500E+00  0.000000E+00 -3.622453E+01  0.000000E+00  3.133610E+00  0.000000E+00
 BUSH     ELEM         3 -4.913500E+00  0.000000E+00  3.622453E+01  0.000000E+00 -3.133610E+00  0.000000E+00
                         ------------- ------------- ------------- ------------- ------------- -------------
 TOTALS                :  3.552714E-15  0.000000E+00  0.000000E+00  0.000000E+00 -7.105427E-14  0.000000E+00
 (should all be 0)


                                FORCE BALANCE FOR GRID POINT        8 IN GLOBAL COORD SYSTEM        0

                               T1            T2            T3            R1            R2            R3

 APPLIED FORCE            0.000000E+00  0.000000E+00  0.000000E+00  0.000000E+00  0.000000E+00  0.000000E+00
 SPC FORCE                0.000000E+00  0.000000E+00  0.000000E+00  0.000000E+00  0.000000E+00  0.000000E+00
 MPC FORCE                4.913500E+00  0.000000E+00  3.622453E+01  0.000000E+00  3.133610E+00  0.000000E+00
 BUSH     ELEM         4 -4.913500E+00  0.000000E+00 -3.622453E+01  0.000000E+00 -3.133610E+00  0.000000E+00
                         ------------- ------------- ------------- ------------- ------------- -------------
 TOTALS                :  3.552714E-15  0.000000E+00  7.105427E-15  0.000000E+00 -7.105427E-14  0.000000E+00
 (should all be 0)


                                FORCE BALANCE FOR GRID POINT        9 IN GLOBAL COORD SYSTEM        0

                               T1            T2            T3            R1            R2            R3

 APPLIED FORCE            1.965400E+01  0.000000E+00  0.000000E+00  0.000000E+00  0.000000E+00  0.000000E+00
 SPC FORCE                0.000000E+00  0.000000E+00  0.000000E+00  0.000000E+00  0.000000E+00  0.000000E+00
 MPC FORCE               -1.965400E+01  0.000000E+00  0.000000E+00  0.000000E+00 -2.387424E-12  0.000000E+00
                         ------------- ------------- ------------- ------------- ------------- -------------
 TOTALS                :  6.039613E-14  0.000000E+00  0.000000E+00  0.000000E+00 -2.387424E-12  0.000000E+00
 (should all be 0)




 OUTPUT FOR SUBCASE        2
 ANALYSE                                                                                                                                                                                                                                                         
 SPC - Mass                                                                                                                                                                                                                                                      
 TEST                                                                                                                                                                                                                                                            

                                        E L E M E N T   E N G I N E E R I N G   F O R C E S
                                             F O R   E L E M E N T   T Y P E   B U S H    
                 Element      Force         Force         Force        Moment        Moment        Moment
                    ID         XE            YE            ZE            XE            YE            ZE
                       1  4.913500E+00  0.000000E+00  3.622453E+01  0.000000E+00  3.384298E+01  0.000000E+00
                       2  4.913500E+00  0.000000E+00 -3.622453E+01  0.000000E+00  3.384298E+01  0.000000E+00
                       3  4.913500E+00  0.000000E+00 -3.622453E+01  0.000000E+00  3.384298E+01  0.000000E+00
                       4  4.913500E+00  0.000000E+00  3.622453E+01  0.000000E+00  3.384298E+01  0.000000E+00
                          ------------- ------------- ------------- ------------- ------------- ------------- 
                MAX* :    4.913500E+00  0.000000E+00  3.622453E+01  0.000000E+00  3.384298E+01  0.000000E+00
                MIN* :    4.913500E+00  0.000000E+00 -3.622453E+01  0.000000E+00  3.384298E+01  0.000000E+00

                ABS* :    4.913500E+00  0.000000E+00  3.622453E+01  0.000000E+00  3.384298E+01  0.000000E+00
                *for output set


 OUTPUT FOR SUBCASE        2
 ANALYSE                                                                                                                                                                                                                                                         
 SPC - Mass                                                                                                                                                                                                                                                      
 TEST                                                                                                                                                                                                                                                            

           E L E M E N T   S T R E S S E S   I N   L O C A L   E L E M E N T   C O O R D I N A T E   S Y S T E M
                                        F O R   E L E M E N T   T Y P E   B U S H    
                     Element   Stress-1      Stress-2      Stress-3      Stress-4      Stress-5      Stress-6
                        ID
                          1  1.889723E+01  0.000000E+00  3.622453E+01  0.000000E+00  2.602463E+02  0.000000E+00
                          2  1.889723E+01  0.000000E+00 -3.622453E+01  0.000000E+00 -1.925603E+02  0.000000E+00
                          3  1.889723E+01  0.000000E+00 -3.622453E+01  0.000000E+00 -1.925603E+02  0.000000E+00
                          4  1.889723E+01  0.000000E+00  3.622453E+01  0.000000E+00  2.602463E+02  0.000000E+00

 >> LINK  9 END

    Total CPU time =  9.38E-02 seconds

 >> MYSTRAN END    :  4/24/2026 at  9:32:13.985
