   604115550

 MYSTRAN Version 18.0.0   APR 20 2026 MYSTRAN developed by Dr Bill Case
*** Please report any problems to mystransolver@gmail.com ***                                                                                                                                                                                                   

 >> MYSTRAN BEGIN  :  6/ 4/2026 at 11:55:50. 68 The input file is C:\Users\victo\Documents\Git\MYSTRAN_Validation\working\NAS S30 quad4 mitc4 flat.bdf                                                                                                                                                                            


 >> LINK  0 BEGIN


SOL 101                                                                                                                                                                                                                                                         
CEND                                                                                                                                                                                                                                                            
DISPLACEMENT = ALL                                                                                                                                                                                                                                              
SPC = 1                                                                                                                                                                                                                                                         
LOAD = 1                                                                                                                                                                                                                                                        
BEGIN BULK                                                                                                                                                                                                                                                      
ECHO: loadb GRID*                  1               0-2.34080165625-1 2.45437726378-1*                                                                                                                                                                                       
ECHO: loadb *                  0.0+0               0                                                                                                                                                                                                                        
ECHO: loadb GRID*                  2               0 1.22959434986+0 3.26090395451-1*                                                                                                                                                                                       
ECHO: loadb *                  0.0+0               0                                                                                                                                                                                                                        
ECHO: loadb GRID*                  3               0 1.05977731588+0 8.28559277554-1*                                                                                                                                                                                       
ECHO: loadb *                  0.0+0               0                                                                                                                                                                                                                        
ECHO: loadb GRID*                  4               0 4.45697596739-1 9.36838100344-1*                                                                                                                                                                                       
ECHO: loadb *                  0.0+0               0                                                                                                                                                                                                                        
ECHO: loadb GRID*                  5               0 1.05977731588+0 8.28559277554-1*                                                                                                                                                                                       
ECHO: loadb *                 -5.0-1               0                                                                                                                                                                                                                        
ECHO: loadb GRID*                  6               0 3.20910803667-1 9.58841378798-1*                                                                                                                                                                                       
ECHO: loadb *       -5.71713209152-1               0                                                                                                                                                                                                                        
ECHO: loadb GRID*                  7               0 1.05977731588+0 2.82855927755+0*                                                                                                                                                                                       
ECHO: loadb *                  0.0+0               0                                                                                                                                                                                                                        
ECHO: loadb GRID*                  8               0 1.05977731588+0 2.79894708119+0*                                                                                                                                                                                       
ECHO: loadb *                 -3.0-1               0                                                                                                                                                                                                                        
ECHO: loadb PARAM    STR_CID      -2                                                                                                                                                                                                                                        
ECHO: loadb MAT1           1  2.0+11  1.0+11   0.0+0   0.0+0   0.0+0   0.0+0                                                                                                                                                                                                
ECHO: loadb SPC            1       1       1   0.0+0                                                                                                                                                                                                                        
ECHO: loadb SPC            1       1       2   0.0+0                                                                                                                                                                                                                        
ECHO: loadb SPC            1       1       3   0.0+0                                                                                                                                                                                                                        
ECHO: loadb SPC            1       1       4   0.0+0                                                                                                                                                                                                                        
ECHO: loadb SPC            1       1       5   0.0+0                                                                                                                                                                                                                        
ECHO: loadb SPC            1       1       6   0.0+0                                                                                                                                                                                                                        
ECHO: loadb SPC            1       2       1   0.0+0                                                                                                                                                                                                                        
ECHO: loadb SPC            1       2       2   0.0+0                                                                                                                                                                                                                        
ECHO: loadb SPC            1       2       3   0.0+0                                                                                                                                                                                                                        
ECHO: loadb SPC            1       2       4   0.0+0                                                                                                                                                                                                                        
ECHO: loadb SPC            1       2       5   0.0+0                                                                                                                                                                                                                        
ECHO: loadb SPC            1       2       6   0.0+0                                                                                                                                                                                                                        
ECHO: loadb SPC            1       7       4   0.0+0                                                                                                                                                                                                                        
ECHO: loadb SPC            1       8       4   0.0+0                                                                                                                                                                                                                        
ECHO: loadb PSHELL         1       1   5.0-2       1               1           0.0+0                                                                                                                                                                                        
ECHO: loadb CQUAD4         1       1       1       2       3       4   0.0+0   0.0+0                                                                                                                                                                                        
ECHO: loadb CQUAD4*                2               1               4               3*                                                                                                                                                                                       
ECHO: loadb *                      5               6-1.0379738542-31           0.0+0                                                                                                                                                                                        
ECHO: loadb CQUAD4         3       1       5       3       7       8   0.0+0   0.0+0                                                                                                                                                                                        
ECHO: loadb MOMENT         2       3       0   1.0+0   0.0+0   1.8+2   0.0+0                                                                                                                                                                                                
ECHO: loadb FORCE          2       7       0   1.0+0   5.0+0   5.0+1   5.0+1                                                                                                                                                                                                
ECHO: loadb FORCE          2       8       0   1.0+0   5.0+0   5.0+1   5.0+1                                                                                                                                                                                                
ECHO: loadb LOAD           1   1.0+0   1.0+0       2                                                                                                                                                                                                                        
ECHO: loadb PARAM,QUAD4TYP,MITC4                                                                                                                                                                                                                                            
ECHO: loadb ENDDATA                                                                                                                                                                                                                                                         




 >> LINK  0 END


 >> LINK  1 BEGIN

               DEALLOCATED  2.76E-02 MB MEMORY FROM ARRAY STF3


 *INFORMATION: AUTOSPC Summary, Stage 1 after identification of AUTOSPC's at the grid level                                                 

                                     AUTOSPC_RAT = 1.000000E-08

                       Number of DOF's identified for AUTOSPC in component  1         =            0
                       Number of DOF's identified for AUTOSPC in component  2         =            0
                       Number of DOF's identified for AUTOSPC in component  3         =            0
                       Number of DOF's identified for AUTOSPC in component  4         =            0
                       Number of DOF's identified for AUTOSPC in component  5         =            1
                       Number of DOF's identified for AUTOSPC in component  6         =            0
                                                                                        ------------
                       Total number of DOF's identified in this stage                 =            1

               DEALLOCATED  1.92E-04 MB MEMORY FROM ARRAY STFKEY
               DEALLOCATED  2.76E-02 MB MEMORY FROM ARRAY STF3

 >> LINK  1 END


 >> LINK  2 BEGIN



 *INFORMATION: AUTOSPC Summary, Overall: after identification of all AUTOSPC's                                                               

                                     AUTOSPC_RAT = 1.000000E-08

                       Number of DOF's identified for AUTOSPC in component  1         =            0
                       Number of DOF's identified for AUTOSPC in component  2         =            0
                       Number of DOF's identified for AUTOSPC in component  3         =            0
                       Number of DOF's identified for AUTOSPC in component  4         =            0
                       Number of DOF's identified for AUTOSPC in component  5         =            1
                       Number of DOF's identified for AUTOSPC in component  6         =            0
                                                                                        ------------
                       Total number of DOF's identified overall                       =            1


 >> LINK  2 END


 >> LINK  3 BEGIN

 SUPERLU FACTORIZATION OF MATRIX KLL SUCCEEDED IN SUBR SYM_MAT_DECOMP_SUPRLU          

 *INFORMATION: FOR INTERNAL SUBCASE NUMBER        1 EPSILON ERROR ESTIMATE            = -4.189033E-12 Based on U'*(K*U - P)/(U'*P)


 >> LINK  3 END


 >> LINK  5 BEGIN


 >> LINK  5 END


 >> LINK  9 BEGIN



 OUTPUT FOR SUBCASE        1

                                                       D I S P L A C E M E N T S
                                              (in global coordinate system at each grid)
           GRID     COORD      T1            T2            T3            R1            R2            R3
                     SYS
              1        0  0.0           0.0           0.0           0.0           0.0           0.0         
              2        0  0.0           0.0           0.0           0.0           0.0           0.0         
              3        0  2.172609E-08  7.280246E-09  1.756854E-05  6.390323E-05  1.877472E-05  8.341207E-07
              4        0 -1.744528E-08  4.706363E-09  2.673153E-05  6.525415E-05 -1.197571E-05 -5.352820E-07
              5        0  3.904758E-08  4.318480E-05  1.755425E-05  1.081086E-04 -1.853936E-05  5.527532E-06
              6        0 -1.430368E-06  4.055361E-05  2.864134E-05  7.812806E-05  0.0           1.965009E-05
              7        0  1.827494E-05  1.594338E-08  1.905353E-04  0.0          -2.756313E-06 -1.908749E-05
              8        0  1.601070E-05  2.598800E-05  1.879804E-04  0.0           1.354437E-05 -2.223252E-05
                         ------------- ------------- ------------- ------------- ------------- -------------
                MAX* :    1.827494E-05  4.318480E-05  1.905353E-04  1.081086E-04  1.877472E-05  1.965009E-05
                MIN* :   -1.430368E-06  0.0           0.0           0.0          -1.853936E-05 -2.223252E-05

                ABS* :    1.827494E-05  4.318480E-05  1.905353E-04  1.081086E-04  1.877472E-05  2.223252E-05
                *for output set

                                                    SPC Force Summary on AUTOSPC'd DOF's
                                                 (in global coordinate system at each grid)
        For detailed information on the SPC forces for the AUTOSPC DOF's, set field 7 (AUTOSPC_SPCF) on the PARAM AUTOSPC entry to Y

                              T1             T2             T3             R1             R2             R3

 ABS AUTOSPC FORCES  :   0.000000E+00   0.000000E+00   0.000000E+00   0.000000E+00   3.282707E-12   0.000000E+00
 AUTOSPC FORCE TOTALS:   0.000000E+00   0.000000E+00   0.000000E+00   0.000000E+00  -3.282707E-12   0.000000E+00
     (for output set)

 >> LINK  9 END

    Total CPU time =  3.12E-02 seconds

 >> MYSTRAN END    :  6/ 4/2026 at 11:55:50.154
