   604115502

 MYSTRAN Version 18.0.0   APR 20 2026 MYSTRAN developed by Dr Bill Case
*** Please report any problems to mystransolver@gmail.com ***                                                                                                                                                                                                   

 >> MYSTRAN BEGIN  :  6/ 4/2026 at 11:55: 2.271 The input file is C:\Users\victo\Documents\Git\MYSTRAN_Validation\working\NAS S30 3 digit exponent 2.bdf                                                                                                                                                                          


 >> LINK  0 BEGIN


SOL 101                                                                                                                                                                                                                                                         
CEND                                                                                                                                                                                                                                                            
DISPLACEMENT = ALL                                                                                                                                                                                                                                              
STRESS(CORNER) = ALL                                                                                                                                                                                                                                            
SPC = 1                                                                                                                                                                                                                                                         
LOAD = 1                                                                                                                                                                                                                                                        
BEGIN BULK                                                                                                                                                                                                                                                      
ECHO: loadb GRID           1       0   0.0+0   0.0+0   0.0+0       0                                                                                                                                                                                                        
ECHO: loadb GRID*                  2               0 6.1230317691-17           1.0+0*                                                                                                                                                                                       
ECHO: loadb *                  0.0+0               0                                                                                                                                                                                                                        
ECHO: loadb GRID*                  3               0 6.1230317691-17           1.0+0*                                                                                                                                                                                       
ECHO: loadb *                  1.0+0               0                                                                                                                                                                                                                        
ECHO: loadb GRID*                  4               0-6.1230317691-17 7.4983036091-33*                                                                                                                                                                                       
ECHO: loadb *                  1.0+0               0                                                                                                                                                                                                                        
ECHO: loadb GRID*                  5               0           1.0+0           0.0+0*                                                                                                                                                                                       
ECHO: loadb *        1.2246063538-16               0                                                                                                                                                                                                                        
ECHO: loadb GRID*                  6               0           1.0+0           1.0+0*                                                                                                                                                                                       
ECHO: loadb *        1.2246063538-16               0                                                                                                                                                                                                                        
ECHO: loadb GRID           7       0   1.0+0   1.0+0   1.0+0       0                                                                                                                                                                                                        
ECHO: loadb GRID           8       0   1.0+0   0.0+0   1.0+0       0                                                                                                                                                                                                        
ECHO: loadb GRID           9       0   1.0+0   1.0+0   2.0+0       0                                                                                                                                                                                                        
ECHO: loadb GRID          10       0   1.0+0   0.0+0   2.0+0       0                                                                                                                                                                                                        
ECHO: loadb GRID*                 11               0-1.6081428723-16           1.0+0*                                                                                                                                                                                       
ECHO: loadb *                  2.0+0               0                                                                                                                                                                                                                        
ECHO: loadb GRID*                 12               0-1.2246063538-16 1.4996607218-32*                                                                                                                                                                                       
ECHO: loadb *                  2.0+0               0                                                                                                                                                                                                                        
ECHO: loadb GRID*                 13               0           5.0-1 3.7491518046-33*                                                                                                                                                                                       
ECHO: loadb *                  1.0+0               0                                                                                                                                                                                                                        
ECHO: loadb GRID          14       0   0.0+0   5.0-1   1.0+0       0                                                                                                                                                                                                        
ECHO: loadb GRID          15       0   5.0-1   1.0+0   1.0+0       0                                                                                                                                                                                                        
ECHO: loadb GRID          16       0   1.0+0   5.0-1   1.0+0       0                                                                                                                                                                                                        
ECHO: loadb GRID*                 17               0           5.0-1           0.0+0*                                                                                                                                                                                       
ECHO: loadb *        6.1230317691-17               0                                                                                                                                                                                                                        
ECHO: loadb GRID*                 18               0 3.0615158846-17           5.0-1*                                                                                                                                                                                       
ECHO: loadb *                  0.0+0               0                                                                                                                                                                                                                        
ECHO: loadb GRID*                 19               0           5.0-1           1.0+0*                                                                                                                                                                                       
ECHO: loadb *        6.1230317691-17               0                                                                                                                                                                                                                        
ECHO: loadb GRID*                 20               0           1.0+0           5.0-1*                                                                                                                                                                                       
ECHO: loadb *        1.2246063538-16               0                                                                                                                                                                                                                        
ECHO: loadb GRID          21       0   1.0+0   0.0+0   5.0-1       0                                                                                                                                                                                                        
ECHO: loadb GRID*                 22               0-3.0615158846-17 3.7491518046-33*                                                                                                                                                                                       
ECHO: loadb *                  5.0-1               0                                                                                                                                                                                                                        
ECHO: loadb GRID*                 23               0 6.1230317691-17           1.0+0*                                                                                                                                                                                       
ECHO: loadb *                  5.0-1               0                                                                                                                                                                                                                        
ECHO: loadb GRID          24       0   1.0+0   1.0+0   5.0-1       0                                                                                                                                                                                                        
ECHO: loadb GRID*                 25               0           5.0-1 1.8745759023-33*                                                                                                                                                                                       
ECHO: loadb *                  5.0-1               0                                                                                                                                                                                                                        
ECHO: loadb GRID*                 26               0 1.5307579423-17           5.0-1*                                                                                                                                                                                       
ECHO: loadb *                  5.0-1               0                                                                                                                                                                                                                        
ECHO: loadb GRID          27       0   5.0-1   1.0+0   5.0-1       0                                                                                                                                                                                                        
ECHO: loadb GRID          28       0   1.0+0   5.0-1   5.0-1       0                                                                                                                                                                                                        
ECHO: loadb GRID          29       0   5.0-1   5.0-1   1.0+0       0                                                                                                                                                                                                        
ECHO: loadb GRID*                 30               0           5.0-1           5.0-1*                                                                                                                                                                                       
ECHO: loadb *        6.1230317691-17               0                                                                                                                                                                                                                        
ECHO: loadb GRID          31       0   5.0-1   5.0-1   5.0-1       0                                                                                                                                                                                                        
ECHO: loadb GRID*                 32               0           5.0-1 7.4983036091-33*                                                                                                                                                                                       
ECHO: loadb *                  2.0+0               0                                                                                                                                                                                                                        
ECHO: loadb GRID*                 33               0-1.4163746131-16           5.0-1*                                                                                                                                                                                       
ECHO: loadb *                  2.0+0               0                                                                                                                                                                                                                        
ECHO: loadb GRID          34       0   5.0-1   1.0+0   2.0+0       0                                                                                                                                                                                                        
ECHO: loadb GRID          35       0   1.0+0   5.0-1   2.0+0       0                                                                                                                                                                                                        
ECHO: loadb GRID          36       0   1.0+0   0.0+0   1.5+0       0                                                                                                                                                                                                        
ECHO: loadb GRID*                 37               0-9.1845476537-17 1.1247455414-32*                                                                                                                                                                                       
ECHO: loadb *                  1.5+0               0                                                                                                                                                                                                                        
ECHO: loadb GRID*                 38               0-4.9791984771-17           1.0+0*                                                                                                                                                                                       
ECHO: loadb *                  1.5+0               0                                                                                                                                                                                                                        
ECHO: loadb GRID          39       0   1.0+0   1.0+0   1.5+0       0                                                                                                                                                                                                        
ECHO: loadb GRID*                 40               0           5.0-1 5.6237277068-33*                                                                                                                                                                                       
ECHO: loadb *                  1.5+0               0                                                                                                                                                                                                                        
ECHO: loadb GRID*                 41               0-7.0818730654-17           5.0-1*                                                                                                                                                                                       
ECHO: loadb *                  1.5+0               0                                                                                                                                                                                                                        
ECHO: loadb GRID          42       0   5.0-1   1.0+0   1.5+0       0                                                                                                                                                                                                        
ECHO: loadb GRID          43       0   1.0+0   5.0-1   1.5+0       0                                                                                                                                                                                                        
ECHO: loadb GRID          44       0   5.0-1   5.0-1   2.0+0       0                                                                                                                                                                                                        
ECHO: loadb GRID          45       0   5.0-1   5.0-1   1.5+0       0                                                                                                                                                                                                        
ECHO: loadb PARAM    STR_CID      -2                                                                                                                                                                                                                                        
ECHO: loadb MAT1           1  2.0+11  1.0+11   0.0+0   0.0+0   0.0+0   0.0+0                                                                                                                                                                                                
ECHO: loadb SPC            1       1       1   0.0+0                                                                                                                                                                                                                        
ECHO: loadb SPC            1       1       2   0.0+0                                                                                                                                                                                                                        
ECHO: loadb SPC            1       1       3   0.0+0                                                                                                                                                                                                                        
ECHO: loadb SPC            1       2       1   0.0+0                                                                                                                                                                                                                        
ECHO: loadb SPC            1       2       2   0.0+0                                                                                                                                                                                                                        
ECHO: loadb SPC            1       2       3   0.0+0                                                                                                                                                                                                                        
ECHO: loadb SPC            1       5       1   0.0+0                                                                                                                                                                                                                        
ECHO: loadb SPC            1       5       2   0.0+0                                                                                                                                                                                                                        
ECHO: loadb SPC            1       5       3   0.0+0                                                                                                                                                                                                                        
ECHO: loadb SPC            1       6       1   0.0+0                                                                                                                                                                                                                        
ECHO: loadb SPC            1       6       2   0.0+0                                                                                                                                                                                                                        
ECHO: loadb SPC            1       6       3   0.0+0                                                                                                                                                                                                                        
ECHO: loadb SPC            1      17       1   0.0+0                                                                                                                                                                                                                        
ECHO: loadb SPC            1      17       2   0.0+0                                                                                                                                                                                                                        
ECHO: loadb SPC            1      17       3   0.0+0                                                                                                                                                                                                                        
ECHO: loadb SPC            1      18       1   0.0+0                                                                                                                                                                                                                        
ECHO: loadb SPC            1      18       2   0.0+0                                                                                                                                                                                                                        
ECHO: loadb SPC            1      18       3   0.0+0                                                                                                                                                                                                                        
ECHO: loadb SPC            1      19       1   0.0+0                                                                                                                                                                                                                        
ECHO: loadb SPC            1      19       2   0.0+0                                                                                                                                                                                                                        
ECHO: loadb SPC            1      19       3   0.0+0                                                                                                                                                                                                                        
ECHO: loadb SPC            1      20       1   0.0+0                                                                                                                                                                                                                        
ECHO: loadb SPC            1      20       2   0.0+0                                                                                                                                                                                                                        
ECHO: loadb SPC            1      20       3   0.0+0                                                                                                                                                                                                                        
ECHO: loadb SPC            1      30       1   0.0+0                                                                                                                                                                                                                        
ECHO: loadb SPC            1      30       2   0.0+0                                                                                                                                                                                                                        
ECHO: loadb SPC            1      30       3   0.0+0                                                                                                                                                                                                                        
ECHO: loadb PSOLID         1       1       0       2               1                                                                                                                                                                                                        
ECHO: loadb CHEXA          1       1      45      41      38      42      29      14+                                                                                                                                                                                       
ECHO:  nextc +              3      15                                                                                                                                                                                                                                        
ECHO: loadb CHEXA          2       1      43      45      42      39      16      29+                                                                                                                                                                                       
ECHO:  nextc +             15       7                                                                                                                                                                                                                                        
ECHO: loadb CHEXA          3       1       8      13      29      16      21      25+                                                                                                                                                                                       
ECHO:  nextc +             31      28                                                                                                                                                                                                                                        
ECHO: loadb CHEXA          4       1      13       4      14      29      25      22+                                                                                                                                                                                       
ECHO:  nextc +             26      31                                                                                                                                                                                                                                        
ECHO: loadb CHEXA          5       1      29      14       3      15      31      26+                                                                                                                                                                                       
ECHO:  nextc +             23      27                                                                                                                                                                                                                                        
ECHO: loadb CHEXA          6       1      16      29      15       7      28      31+                                                                                                                                                                                       
ECHO:  nextc +             27      24                                                                                                                                                                                                                                        
ECHO: loadb CHEXA          7       1      21      25      31      28       5      17+                                                                                                                                                                                       
ECHO:  nextc +             30      20                                                                                                                                                                                                                                        
ECHO: loadb CHEXA          8       1      25      22      26      31      17       1+                                                                                                                                                                                       
ECHO:  nextc +             18      30                                                                                                                                                                                                                                        
ECHO: loadb CHEXA          9       1      31      26      23      27      30      18+                                                                                                                                                                                       
ECHO:  nextc +              2      19                                                                                                                                                                                                                                        
ECHO: loadb CHEXA         10       1      28      31      27      24      20      30+                                                                                                                                                                                       
ECHO:  nextc +             19       6                                                                                                                                                                                                                                        
ECHO: loadb CHEXA         11       1      10      32      44      35      36      40+                                                                                                                                                                                       
ECHO:  nextc +             45      43                                                                                                                                                                                                                                        
ECHO: loadb CHEXA         12       1      32      12      33      44      40      37+                                                                                                                                                                                       
ECHO:  nextc +             41      45                                                                                                                                                                                                                                        
ECHO: loadb CHEXA         13       1      44      33      11      34      45      41+                                                                                                                                                                                       
ECHO:  nextc +             38      42                                                                                                                                                                                                                                        
ECHO: loadb CHEXA         14       1      35      44      34       9      43      45+                                                                                                                                                                                       
ECHO:  nextc +             42      39                                                                                                                                                                                                                                        
ECHO: loadb CHEXA         15       1      36      40      45      43       8      13+                                                                                                                                                                                       
ECHO:  nextc +             29      16                                                                                                                                                                                                                                        
ECHO: loadb CHEXA         16       1      40      37      41      45      13       4+                                                                                                                                                                                       
ECHO:  nextc +             14      29                                                                                                                                                                                                                                        
ECHO: loadb FORCE          2      10       0   1.0+0   0.0+0   0.0+0 -6.25+6                                                                                                                                                                                                
ECHO: loadb FORCE          2      32       0   1.0+0   0.0+0   0.0+0 -1.25+7                                                                                                                                                                                                
ECHO: loadb FORCE          2      44       0   1.0+0   0.0+0   0.0+0  -2.5+7                                                                                                                                                                                                
ECHO: loadb FORCE          2      35       0   1.0+0   0.0+0   0.0+0 -1.25+7                                                                                                                                                                                                
ECHO: loadb FORCE          2      12       0   1.0+0   0.0+0   0.0+0 -6.25+6                                                                                                                                                                                                
ECHO: loadb FORCE          2      33       0   1.0+0   0.0+0   0.0+0 -1.25+7                                                                                                                                                                                                
ECHO: loadb FORCE          2      11       0   1.0+0   0.0+0   0.0+0 -6.25+6                                                                                                                                                                                                
ECHO: loadb FORCE          2      34       0   1.0+0   0.0+0   0.0+0 -1.25+7                                                                                                                                                                                                
ECHO: loadb FORCE          2       9       0   1.0+0   0.0+0   0.0+0 -6.25+6                                                                                                                                                                                                
ECHO: loadb LOAD           1   1.0+0   1.0+0       2                                                                                                                                                                                                                        
ECHO: loadb ENDDATA                                                                                                                                                                                                                                                         




 >> LINK  0 END


 >> LINK  1 BEGIN

               DEALLOCATED  5.90E-01 MB MEMORY FROM ARRAY STF3


 *INFORMATION: AUTOSPC Summary, Stage 1 after identification of AUTOSPC's at the grid level                                                 

                                     AUTOSPC_RAT = 1.000000E-08

                       Number of DOF's identified for AUTOSPC in component  1         =            0
                       Number of DOF's identified for AUTOSPC in component  2         =            0
                       Number of DOF's identified for AUTOSPC in component  3         =            0
                       Number of DOF's identified for AUTOSPC in component  4         =           45
                       Number of DOF's identified for AUTOSPC in component  5         =           45
                       Number of DOF's identified for AUTOSPC in component  6         =           45
                                                                                        ------------
                       Total number of DOF's identified in this stage                 =          135

               DEALLOCATED  1.08E-03 MB MEMORY FROM ARRAY STFKEY
               DEALLOCATED  5.90E-01 MB MEMORY FROM ARRAY STF3

 >> LINK  1 END


 >> LINK  2 BEGIN



 *INFORMATION: AUTOSPC Summary, Overall: after identification of all AUTOSPC's                                                               

                                     AUTOSPC_RAT = 1.000000E-08

                       Number of DOF's identified for AUTOSPC in component  1         =            0
                       Number of DOF's identified for AUTOSPC in component  2         =            0
                       Number of DOF's identified for AUTOSPC in component  3         =            0
                       Number of DOF's identified for AUTOSPC in component  4         =           45
                       Number of DOF's identified for AUTOSPC in component  5         =           45
                       Number of DOF's identified for AUTOSPC in component  6         =           45
                                                                                        ------------
                       Total number of DOF's identified overall                       =          135


 >> LINK  2 END


 >> LINK  3 BEGIN

 SUPERLU FACTORIZATION OF MATRIX KLL SUCCEEDED IN SUBR SYM_MAT_DECOMP_SUPRLU          

 *INFORMATION: FOR INTERNAL SUBCASE NUMBER        1 EPSILON ERROR ESTIMATE            = -3.766036E-16 Based on U'*(K*U - P)/(U'*P)


 >> LINK  3 END


 >> LINK  5 BEGIN


 >> LINK  5 END


 >> LINK  9 BEGIN



 OUTPUT FOR SUBCASE        1

                                                       D I S P L A C E M E N T S
                                              (in global coordinate system at each grid)
           GRID     COORD      T1            T2            T3            R1            R2            R3
                     SYS
              1        0  0.0           0.0           0.0           0.0           0.0           0.0         
              2        0  0.0           0.0           0.0           0.0           0.0           0.0         
              3        0  6.327453E-19 -1.325948E-19 -5.000000E-04  0.0           0.0           0.0         
              4        0  4.934007E-19 -6.836350E-20 -5.000000E-04  0.0           0.0           0.0         
              5        0  0.0           0.0           0.0           0.0           0.0           0.0         
              6        0  0.0           0.0           0.0           0.0           0.0           0.0         
              7        0  5.578362E-19 -2.061040E-19 -5.000000E-04  0.0           0.0           0.0         
              8        0  5.859039E-19 -1.493817E-19 -5.000000E-04  0.0           0.0           0.0         
              9        0  1.787617E-18  0.0          -1.000000E-03  0.0           0.0           0.0         
             10        0  2.009141E-18 -2.790148E-19 -1.000000E-03  0.0           0.0           0.0         
             11        0  1.672085E-18 -3.186802E-19 -1.000000E-03  0.0           0.0           0.0         
             12        0  1.562770E-18 -1.114414E-19 -1.000000E-03  0.0           0.0           0.0         
             13        0  5.362392E-19 -1.321689E-19 -5.000000E-04  0.0           0.0           0.0         
             14        0  5.457039E-19 -1.188642E-19 -5.000000E-04  0.0           0.0           0.0         
             15        0  5.665681E-19 -2.089368E-19 -5.000000E-04  0.0           0.0           0.0         
             16        0  5.093616E-19 -1.753082E-19 -5.000000E-04  0.0           0.0           0.0         
             17        0  0.0           0.0           0.0           0.0           0.0           0.0         
             18        0  0.0           0.0           0.0           0.0           0.0           0.0         
             19        0  0.0           0.0           0.0           0.0           0.0           0.0         
             20        0  0.0           0.0           0.0           0.0           0.0           0.0         
             21        0  1.466812E-19 -1.232766E-19 -2.500000E-04  0.0           0.0           0.0         
             22        0  1.869616E-19 -5.759328E-20 -2.500000E-04  0.0           0.0           0.0         
             23        0  1.863813E-19 -3.657033E-20 -2.500000E-04  0.0           0.0           0.0         
             24        0  1.895197E-19 -7.482247E-20 -2.500000E-04  0.0           0.0           0.0         
             25        0  1.603087E-19 -6.035317E-20 -2.500000E-04  0.0           0.0           0.0         
             26        0  1.815655E-19 -3.815201E-20 -2.500000E-04  0.0           0.0           0.0         
             27        0  1.899345E-19 -6.663745E-20 -2.500000E-04  0.0           0.0           0.0         
             28        0  1.763396E-19 -9.470901E-20 -2.500000E-04  0.0           0.0           0.0         
             29        0  5.489475E-19 -1.553436E-19 -5.000000E-04  0.0           0.0           0.0         
             30        0  0.0           0.0           0.0           0.0           0.0           0.0         
             31        0  1.613768E-19 -5.712563E-20 -2.500000E-04  0.0           0.0           0.0         
             32        0  1.723561E-18 -3.075026E-19 -1.000000E-03  0.0           0.0           0.0         
             33        0  1.795996E-18 -1.888067E-19 -1.000000E-03  0.0           0.0           0.0         
             34        0  1.804951E-18 -1.308672E-19 -1.000000E-03  0.0           0.0           0.0         
             35        0  1.704702E-18 -1.914619E-19 -1.000000E-03  0.0           0.0           0.0         
             36        0  9.651773E-19 -1.449600E-19 -7.500000E-04  0.0           0.0           0.0         
             37        0  1.111368E-18 -2.739562E-19 -7.500000E-04  0.0           0.0           0.0         
             38        0  1.117696E-18 -1.358749E-19 -7.500000E-04  0.0           0.0           0.0         
             39        0  1.075769E-18 -2.101107E-19 -7.500000E-04  0.0           0.0           0.0         
             40        0  1.066530E-18 -1.792347E-19 -7.500000E-04  0.0           0.0           0.0         
             41        0  1.130466E-18 -1.743792E-19 -7.500000E-04  0.0           0.0           0.0         
             42        0  1.162141E-18 -1.869269E-19 -7.500000E-04  0.0           0.0           0.0         
             43        0  1.172682E-18 -1.825885E-19 -7.500000E-04  0.0           0.0           0.0         
             44        0  1.739351E-18 -1.599872E-19 -1.000000E-03  0.0           0.0           0.0         
             45        0  1.112690E-18 -2.058223E-19 -7.500000E-04  0.0           0.0           0.0         
                         ------------- ------------- ------------- ------------- ------------- -------------
                MAX* :    2.009141E-18  0.0           0.0           0.0           0.0           0.0         
                MIN* :    0.0          -3.186802E-19 -1.000000E-03  0.0           0.0           0.0         

                ABS* :    2.009141E-18  3.186802E-19  1.000000E-03  0.0           0.0           0.0         
                *for output set

                                                    SPC Force Summary on AUTOSPC'd DOF's
                                                 (in global coordinate system at each grid)
        For detailed information on the SPC forces for the AUTOSPC DOF's, set field 7 (AUTOSPC_SPCF) on the PARAM AUTOSPC entry to Y

                              T1             T2             T3             R1             R2             R3

 ABS AUTOSPC FORCES  :   0.000000E+00   0.000000E+00   0.000000E+00   0.000000E+00   0.000000E+00   0.000000E+00
 AUTOSPC FORCE TOTALS:   0.000000E+00   0.000000E+00   0.000000E+00   0.000000E+00   0.000000E+00   0.000000E+00
     (for output set)


 OUTPUT FOR SUBCASE        1

                                E L E M E N T   S T R E S S E S   I N   M A T E R I A L   C O O R D I N A T E   S Y S T E M
                                                       F O R   E L E M E N T   T Y P E   H E X A  8 
    Elem  Location            Sigma-xx      Sigma-yy      Sigma-zz       Tau-xy        Tau-yz        Tau-zx       von Mises
     ID
        1  CENTER           -3.626285E-09 -9.924053E-10 -1.000000E+08 -2.698673E-09 -3.252607E-08  3.794708E-08  1.000000E+08
           GRD      45      -7.110046E-09  7.558156E-09 -1.000000E+08  3.601589E-09 -5.566745E-08  6.368285E-08  1.000000E+08
           GRD      41      -7.110046E-09  1.540175E-08 -1.000000E+08 -8.842620E-09 -4.127929E-08  6.433157E-08  1.000000E+08
           GRD      38       1.777837E-08  1.540175E-08 -1.000000E+08 -1.276442E-08 -2.691052E-08  2.523924E-08  1.000000E+08
           GRD      42       1.777837E-08  7.558156E-09 -1.000000E+08 -3.202083E-10 -4.494881E-08  6.015873E-08  1.000000E+08
           GRD      29       1.297431E-09 -2.143729E-08 -1.000000E+08 -3.771752E-09 -2.168404E-08  4.336809E-08  1.000000E+08
           GRD      14       1.297431E-09 -5.492241E-09 -1.000000E+08  1.011241E-08  0.000000E+00  4.336809E-08  1.000000E+08
           GRD       3      -2.647090E-08 -5.492241E-09 -1.000000E+08  2.139889E-09  1.110223E-08 -2.168404E-08  1.000000E+08
           GRD      15      -2.647090E-08 -2.143729E-08 -1.000000E+08 -1.174427E-08 -2.168404E-08  2.168404E-08  1.000000E+08
        2  CENTER           -7.469908E-09 -9.301581E-09 -1.000000E+08  7.757881E-11 -4.878910E-08 -2.710505E-08  1.000000E+08
           GRD      43       2.399654E-08 -1.100886E-08 -1.000000E+08 -1.473584E-08 -1.167267E-07 -1.513614E-08  1.000000E+08
           GRD      45       2.399654E-08  7.558156E-09 -1.000000E+08  1.453696E-08 -5.566745E-08 -4.473737E-08  1.000000E+08
           GRD      42      -3.454905E-08  7.558156E-09 -1.000000E+08  5.253450E-09 -4.494881E-08 -9.162958E-08  1.000000E+08
           GRD      39      -3.454905E-08 -1.100886E-08 -1.000000E+08 -2.401934E-08 -1.105675E-07 -1.115672E-07  1.000000E+08
           GRD      16      -1.583436E-08 -1.231833E-08 -1.000000E+08  5.702011E-09 -2.168404E-08  2.168404E-08  1.000000E+08
           GRD      29      -1.583436E-08 -2.143729E-08 -1.000000E+08 -4.687885E-10 -2.168404E-08  0.000000E+00  1.000000E+08
           GRD      15      -3.492763E-09 -2.143729E-08 -1.000000E+08  4.090690E-09 -2.168404E-08  0.000000E+00  1.000000E+08
           GRD       7      -3.492763E-09 -1.231833E-08 -1.000000E+08  1.026149E-08 -2.168404E-08  0.000000E+00  1.000000E+08
        3  CENTER            1.141404E-09 -1.730606E-09 -1.000000E+08 -8.539582E-09 -1.897354E-08 -1.422693E-40  1.000000E+08
           GRD       8       1.986586E-08 -1.037059E-08 -1.000000E+08 -1.875102E-08 -1.871276E-08 -7.652190E-09  1.000000E+08
           GRD      13       1.986586E-08 -9.269895E-09 -1.000000E+08 -9.009092E-10 -9.613409E-09 -1.037769E-08  1.000000E+08
           GRD      29      -1.583436E-08 -9.269895E-09 -1.000000E+08 -1.451257E-09 -1.025892E-08 -3.227536E-08  1.000000E+08
           GRD      16      -1.583436E-08 -1.037059E-08 -1.000000E+08 -1.930137E-08 -4.611033E-08 -3.526792E-08  1.000000E+08
           GRD      21      -5.451003E-09  1.142704E-08 -1.000000E+08 -6.652999E-09 -2.438903E-40  3.252607E-08  1.000000E+08
           GRD      25      -5.451003E-09  1.291019E-09 -1.000000E+08 -1.237106E-08 -1.084202E-08  2.168404E-08  1.000000E+08
           GRD      31       5.985120E-09  1.291019E-09 -1.000000E+08 -7.303048E-09 -2.168404E-08  2.168404E-08  1.000000E+08
           GRD      28       5.985120E-09  1.142704E-08 -1.000000E+08 -1.584987E-09 -1.084202E-08  1.084202E-08  1.000000E+08
        4  CENTER           -7.595527E-11 -5.100665E-09 -1.000000E+08 -3.066736E-09 -5.421011E-09  4.336809E-08  1.000000E+08
           GRD      13       1.713539E-08 -9.269895E-09 -1.000000E+08 -1.021942E-08 -9.613409E-09  7.635848E-08  1.000000E+08
           GRD       4       1.713539E-08 -2.020029E-08 -1.000000E+08 -2.300440E-09  5.488674E-08  7.102790E-08  1.000000E+08
           GRD      14       1.297431E-09 -2.020029E-08 -1.000000E+08  3.164757E-09  5.151891E-08  7.054983E-09  1.000000E+08
           GRD      29       1.297431E-09 -9.269895E-09 -1.000000E+08 -4.754221E-09 -1.025892E-08  1.109272E-08  1.000000E+08
           GRD      25      -1.066116E-08  1.291019E-09 -1.000000E+08 -3.383498E-10 -1.084202E-08  4.336809E-08  1.000000E+08
           GRD      22      -1.066116E-08  7.776507E-09 -1.000000E+08 -1.631191E-09 -2.438903E-40  3.252607E-08  1.000000E+08
           GRD      26      -8.075479E-09  7.776507E-09 -1.000000E+08 -4.873934E-09 -1.084202E-08  4.336809E-08  1.000000E+08
           GRD      31      -8.075479E-09  1.291019E-09 -1.000000E+08 -3.581094E-09 -2.168404E-08  4.336809E-08  1.000000E+08
        5  CENTER           -7.956920E-09 -7.525397E-09 -1.000000E+08 -1.191329E-09 -1.626303E-08  1.355253E-08  1.000000E+08
           GRD      29       1.297431E-09 -2.143729E-08 -1.000000E+08 -3.771752E-09 -3.194296E-08  1.109272E-08  1.000000E+08
           GRD      14       1.297431E-09 -5.492241E-09 -1.000000E+08  1.011241E-08 -1.405364E-08  7.054983E-09  1.000000E+08
           GRD       3      -2.647090E-08 -5.492241E-09 -1.000000E+08  2.139889E-09 -3.267746E-09 -1.559222E-08  1.000000E+08
           GRD      15      -2.647090E-08 -2.143729E-08 -1.000000E+08 -1.174427E-08 -5.172464E-08 -3.798690E-08  1.000000E+08
           GRD      31      -8.075479E-09 -3.804730E-09 -1.000000E+08  1.916810E-09 -1.084202E-08  4.336809E-08  1.000000E+08
           GRD      26      -8.075479E-09  6.326702E-10 -1.000000E+08 -2.831561E-09  1.084202E-08  4.336809E-08  1.000000E+08
           GRD      23       1.421263E-09  6.326702E-10 -1.000000E+08 -5.050261E-09  1.639314E-08  3.252607E-08  1.000000E+08
           GRD      27       1.421263E-09 -3.804730E-09 -1.000000E+08 -3.018902E-10 -2.168404E-08  1.084202E-08  1.000000E+08
        6  CENTER           -3.376977E-09 -7.401432E-09 -1.000000E+08  2.246644E-09 -2.981556E-08 -1.084202E-08  1.000000E+08
           GRD      16      -1.583436E-08 -1.231833E-08 -1.000000E+08  5.702011E-09 -4.611033E-08 -3.526792E-08  1.000000E+08
           GRD      29      -1.583436E-08 -2.143729E-08 -1.000000E+08 -4.687885E-10 -3.194296E-08 -3.227536E-08  1.000000E+08
           GRD      15      -3.492763E-09 -2.143729E-08 -1.000000E+08  4.090690E-09 -5.172464E-08 -3.798690E-08  1.000000E+08
           GRD       7      -3.492763E-09 -1.231833E-08 -1.000000E+08  1.026149E-08 -5.008764E-08 -3.790395E-08  1.000000E+08
           GRD      28       5.985120E-09  7.954618E-09 -1.000000E+08 -4.880654E-09 -1.084202E-08  1.084202E-08  1.000000E+08
           GRD      31       5.985120E-09 -3.804730E-09 -1.000000E+08 -1.805144E-09 -1.084202E-08  2.168404E-08  1.000000E+08
           GRD      27      -1.658999E-10 -3.804730E-09 -1.000000E+08  4.074530E-09 -2.168404E-08  1.084202E-08  1.000000E+08
           GRD      24      -1.658999E-10  7.954618E-09 -1.000000E+08  9.990198E-10 -3.252607E-08  1.084202E-08  1.000000E+08
        7  CENTER            1.335292E-10  3.179516E-09 -1.000000E+08 -3.489012E-09 -1.897354E-08  1.084202E-08  1.000000E+08
           GRD      21      -5.451003E-09  1.142704E-08 -1.000000E+08 -6.652999E-09 -2.168404E-08 -2.168404E-08  1.000000E+08
           GRD      25      -5.451003E-09  1.291019E-09 -1.000000E+08 -1.237106E-08 -1.084202E-08 -2.168404E-08  1.000000E+08
           GRD      31       5.985120E-09  1.291019E-09 -1.000000E+08 -7.303048E-09 -1.084202E-08 -2.168404E-08  1.000000E+08
           GRD      28       5.985120E-09  1.142704E-08 -1.000000E+08 -1.584987E-09 -2.168404E-08 -2.168404E-08  1.000000E+08
           GRD       5      -6.513952E-24  0.000000E+00 -1.000000E+08  2.737291E-24 -2.465532E-08  3.488735E-08  1.000000E+08
           GRD      17      -7.119135E-24 -1.004855E-56 -1.000000E+08  1.340110E-24 -1.207063E-08  3.761285E-08  1.000000E+08
           GRD      30      -7.166570E-24 -9.511176E-57 -1.000000E+08  1.268444E-24 -1.142513E-08  3.782648E-08  1.000000E+08
           GRD      20      -7.831052E-24 -2.263920E-72 -1.000000E+08  2.102963E-24 -1.894180E-08  4.081904E-08  1.000000E+08
        8  CENTER           -4.684160E-09  2.266881E-09 -1.000000E+08 -1.303071E-09 -1.084202E-08  2.194425E-08  1.000000E+08
           GRD      25      -1.066116E-08  1.291019E-09 -1.000000E+08 -3.383498E-10 -1.084202E-08 -1.058181E-08  1.000000E+08
           GRD      22      -1.066116E-08  7.776507E-09 -1.000000E+08 -1.631191E-09 -1.084202E-08  2.602085E-10  1.000000E+08
           GRD      26      -8.075479E-09  7.776507E-09 -1.000000E+08 -4.873934E-09 -1.084202E-08  2.602085E-10  1.000000E+08
           GRD      31      -8.075479E-09  1.291019E-09 -1.000000E+08 -3.581094E-09 -1.084202E-08 -1.058181E-08  1.000000E+08
           GRD      17      -7.119135E-24  1.412438-121 -1.000000E+08  1.340110E-24 -1.207063E-08  3.761285E-08  1.000000E+08
           GRD       1      -8.302762E-24  1.347849-121 -1.000000E+08  1.278828E-24 -1.151866E-08  4.294343E-08  1.000000E+08
           GRD      18      -8.063129E-24  8.928669-122 -1.000000E+08  8.471448E-25 -7.630402E-09  4.186422E-08  1.000000E+08
           GRD      30      -7.166570E-24  1.336904-121 -1.000000E+08  1.268444E-24 -1.142513E-08  3.782648E-08  1.000000E+08
        9  CENTER           -1.663554E-09 -7.930149E-10 -1.000000E+08 -7.833628E-10 -7.032683E-25  1.923375E-08  1.000000E+08
           GRD      31      -8.075479E-09 -3.804730E-09 -1.000000E+08  1.916810E-09 -4.034889E-25 -1.058181E-08  1.000000E+08
           GRD      26      -8.075479E-09  6.326702E-10 -1.000000E+08 -2.831561E-09  2.168404E-08  2.602085E-10  1.000000E+08
           GRD      23       1.421263E-09  6.326702E-10 -1.000000E+08 -5.050261E-09  1.639314E-08 -2.142383E-08  1.000000E+08
           GRD      27       1.421263E-09 -3.804730E-09 -1.000000E+08 -3.018902E-10 -6.498141E-25 -2.142383E-08  1.000000E+08
           GRD      30      -7.166570E-24 -1.408255E-40 -1.000000E+08  1.268444E-24 -1.142513E-08  3.782648E-08  1.000000E+08
           GRD      18      -8.063129E-24 -9.405197E-41 -1.000000E+08  8.471448E-25 -7.630402E-09  4.186422E-08  1.000000E+08
           GRD       2      -8.276994E-24 -9.015283E-41 -1.000000E+08  8.120245E-25 -7.314067E-09  4.282738E-08  1.000000E+08
           GRD      19      -8.434786E-24 -1.642740E-40 -1.000000E+08  1.479649E-24 -1.332749E-08  4.353801E-08  1.000000E+08
       10  CENTER            1.454805E-09  1.037472E-09 -1.000000E+08 -2.015311E-10 -1.355253E-08  1.084202E-08  1.000000E+08
           GRD      28       5.985120E-09  7.954618E-09 -1.000000E+08 -4.880654E-09 -2.168404E-08 -2.168404E-08  1.000000E+08
           GRD      31       5.985120E-09 -3.804730E-09 -1.000000E+08 -1.805144E-09  0.000000E+00 -2.168404E-08  1.000000E+08
           GRD      27      -1.658999E-10 -3.804730E-09 -1.000000E+08  4.074530E-09  0.000000E+00 -2.168404E-08  1.000000E+08
           GRD      24      -1.658999E-10  7.954618E-09 -1.000000E+08  9.990198E-10 -1.084202E-08 -3.252607E-08  1.000000E+08
           GRD      20      -7.831052E-24  0.000000E+00 -1.000000E+08  2.102963E-24 -1.894180E-08  4.081904E-08  1.000000E+08
           GRD      30      -7.166570E-24  0.000000E+00 -1.000000E+08  1.268444E-24 -1.142513E-08  3.782648E-08  1.000000E+08
           GRD      19      -8.434786E-24  0.000000E+00 -1.000000E+08  1.479649E-24 -1.332749E-08  4.353801E-08  1.000000E+08
           GRD       6      -8.416367E-24  0.000000E+00 -1.000000E+08  1.661393E-24 -1.496449E-08  4.345506E-08  1.000000E+08
       11  CENTER            2.095691E-08  1.708523E-08 -1.000000E+08  9.768841E-10  3.794708E-08 -2.168404E-08  1.000000E+08
           GRD      10       1.142320E-07  3.502119E-08 -1.000000E+08 -5.519023E-08  1.157282E-07 -1.062993E-07  1.000000E+08
           GRD      32       1.142320E-07  5.900619E-08 -1.000000E+08  8.855611E-09 -9.425733E-08 -1.699379E-07  1.000000E+08
           GRD      44      -1.385972E-08  5.900619E-08 -1.000000E+08 -3.136890E-09 -8.893980E-08  3.767043E-08  1.000000E+08
           GRD      35      -1.385972E-08  3.502119E-08 -1.000000E+08 -6.718273E-08  1.232539E-07  2.567216E-08  1.000000E+08
           GRD      36      -4.054113E-08 -1.505139E-08 -1.000000E+08  4.835583E-08  2.168404E-08  1.084202E-07  1.000000E+08
           GRD      40      -4.054113E-08 -1.063505E-08 -1.000000E+08  1.608700E-08  6.505213E-08  2.168404E-08  1.000000E+08
           GRD      45       2.399654E-08 -1.063505E-08 -1.000000E+08  1.387882E-08  1.084202E-07 -2.168404E-08  1.000000E+08
           GRD      43       2.399654E-08 -1.505139E-08 -1.000000E+08  4.614766E-08  4.336809E-08 -4.336809E-08  1.000000E+08
       12  CENTER            4.153430E-09  1.431396E-08 -1.000000E+08  1.051557E-08 -1.084202E-08  3.794708E-08  1.000000E+08
           GRD      32       6.431652E-08  5.900619E-08 -1.000000E+08 -3.605420E-08 -9.425733E-08  9.027059E-08  1.000000E+08
           GRD      12       6.431652E-08 -3.094611E-08 -1.000000E+08  7.432956E-09 -3.194493E-08  3.793501E-08  1.000000E+08
           GRD      33      -2.265778E-08 -3.094611E-08 -1.000000E+08  5.240910E-08 -5.186033E-08  3.411541E-08  1.000000E+08
           GRD      44      -2.265778E-08  5.900619E-08 -1.000000E+08  8.921951E-09 -8.893980E-08  3.767043E-08  1.000000E+08
           GRD      40      -1.793498E-08 -1.063505E-08 -1.000000E+08  2.817638E-08  6.505213E-08 -2.168404E-08  1.000000E+08
           GRD      37      -1.793498E-08  3.983079E-08 -1.000000E+08  2.276391E-08  9.755612E-40 -6.505213E-08  1.000000E+08
           GRD      41      -7.110046E-09  3.983079E-08 -1.000000E+08 -2.469012E-09 -2.168404E-08  8.673617E-08  1.000000E+08
           GRD      45      -7.110046E-09 -1.063505E-08 -1.000000E+08  2.943455E-09  1.084202E-07  8.673617E-08  1.000000E+08
       13  CENTER            1.028926E-08 -4.335384E-09 -1.000000E+08  5.625404E-09 -2.710505E-08  3.252607E-08  1.000000E+08
           GRD      44      -2.265778E-08  1.164798E-08 -1.000000E+08  1.888394E-08 -4.557171E-08  3.767043E-08  1.000000E+08
           GRD      33      -2.265778E-08 -5.194942E-08 -1.000000E+08 -1.901819E-08  3.487585E-08  3.411541E-08  1.000000E+08
           GRD      11       5.314648E-08 -5.194942E-08 -1.000000E+08  1.278051E-08  2.717497E-08 -5.006676E-08  1.000000E+08
           GRD      34       5.314648E-08  1.164798E-08 -1.000000E+08  5.068264E-08 -4.935079E-08 -5.895594E-08  1.000000E+08
           GRD      45      -7.110046E-09  7.558156E-09 -1.000000E+08  3.601589E-09 -4.336809E-08  8.673617E-08  1.000000E+08
           GRD      41      -7.110046E-09  1.540175E-08 -1.000000E+08 -8.842620E-09 -4.336809E-08  1.084202E-07  1.000000E+08
           GRD      38       1.777837E-08  1.540175E-08 -1.000000E+08 -1.276442E-08 -7.511353E-08  4.336809E-08  1.000000E+08
           GRD      42       1.777837E-08  7.558156E-09 -1.000000E+08 -3.202083E-10 -2.168404E-08  6.505213E-08  1.000000E+08
       14  CENTER           -7.836518E-09  2.119550E-08 -1.000000E+08  1.002478E-08 -5.421011E-08 -2.710505E-08  1.000000E+08
           GRD      35      -1.385972E-08  7.658475E-08 -1.000000E+08  1.028803E-08 -9.358656E-08  2.567216E-08  1.000000E+08
           GRD      44      -1.385972E-08  1.164798E-08 -1.000000E+08  6.825096E-09 -4.557171E-08  3.767043E-08  1.000000E+08
           GRD      34      -6.933845E-09  1.164798E-08 -1.000000E+08  3.929348E-08 -4.935079E-08 -1.558786E-08  1.000000E+08
           GRD       9      -6.933845E-09  7.658475E-08 -1.000000E+08  4.275642E-08 -4.471404E-08  1.686667E-09  1.000000E+08
           GRD      43       2.399654E-08 -1.100886E-08 -1.000000E+08 -1.473584E-08 -1.084202E-07 -4.336809E-08  1.000000E+08
           GRD      45       2.399654E-08  7.558156E-09 -1.000000E+08  1.453696E-08 -4.336809E-08 -2.168404E-08  1.000000E+08
           GRD      42      -3.454905E-08  7.558156E-09 -1.000000E+08  5.253450E-09 -2.168404E-08 -8.673617E-08  1.000000E+08
           GRD      39      -3.454905E-08 -1.100886E-08 -1.000000E+08 -2.401934E-08 -6.505213E-08 -8.673617E-08  1.000000E+08
       15  CENTER           -3.128274E-09 -1.133173E-08 -1.000000E+08  1.050809E-08  2.710505E-08 -5.421011E-09  1.000000E+08
           GRD      36      -4.054113E-08 -1.505139E-08 -1.000000E+08  4.835583E-08  5.156038E-08 -3.044460E-08  1.000000E+08
           GRD      40      -4.054113E-08 -1.063505E-08 -1.000000E+08  1.608700E-08  6.980186E-08  1.172376E-09  1.000000E+08
           GRD      45       2.399654E-08 -1.063505E-08 -1.000000E+08  1.387882E-08  7.443681E-08 -4.473737E-08  1.000000E+08
           GRD      43       2.399654E-08 -1.505139E-08 -1.000000E+08  4.614766E-08  3.506163E-08 -1.513614E-08  1.000000E+08
           GRD       8       1.986586E-08 -1.037059E-08 -1.000000E+08 -1.875102E-08 -2.168404E-08 -2.168404E-08  1.000000E+08
           GRD      13       1.986586E-08 -9.269895E-09 -1.000000E+08 -9.009092E-10 -2.438903E-40  2.168404E-08  1.000000E+08
           GRD      29      -1.583436E-08 -9.269895E-09 -1.000000E+08 -1.451257E-09 -2.168404E-08 -2.438903E-40  1.000000E+08
           GRD      16      -1.583436E-08 -1.037059E-08 -1.000000E+08 -1.930137E-08 -2.168404E-08  2.168404E-08  1.000000E+08
       16  CENTER           -1.653051E-09 -6.860984E-11 -1.000000E+08  4.663176E-09 -7.222237E-24  4.336809E-08  1.000000E+08
           GRD      40      -1.793498E-08 -1.063505E-08 -1.000000E+08  2.817638E-08  6.980186E-08 -6.058378E-08  1.000000E+08
           GRD      37      -1.793498E-08  3.983079E-08 -1.000000E+08  2.276391E-08 -5.137943E-08 -3.033204E-08  1.000000E+08
           GRD      41      -7.110046E-09  3.983079E-08 -1.000000E+08 -2.469012E-09 -3.121789E-08  8.601561E-08  1.000000E+08
           GRD      45      -7.110046E-09 -1.063505E-08 -1.000000E+08  2.943455E-09  5.275276E-08  4.199881E-08  1.000000E+08
           GRD      13       1.713539E-08 -9.269895E-09 -1.000000E+08 -1.021942E-08 -1.721781E-23  1.033895E-07  1.000000E+08
           GRD       4       1.713539E-08 -2.020029E-08 -1.000000E+08 -2.300440E-09  2.168404E-08  1.033895E-07  1.000000E+08
           GRD      14       1.297431E-09 -2.020029E-08 -1.000000E+08  3.164757E-09  4.336809E-08  4.336809E-08  1.000000E+08
           GRD      29       1.297431E-09 -9.269895E-09 -1.000000E+08 -4.754221E-09 -2.168404E-08  4.336809E-08  1.000000E+08
                            ------------- ------------- ------------- ------------- ------------- ------------- -------------
                MAX* :       1.142320E-07  7.658475E-08 -1.000000E+08  5.240910E-08  1.232539E-07  1.084202E-07  1.000000E+08
                MIN* :      -4.054113E-08 -5.194942E-08 -1.000000E+08 -6.718273E-08 -1.167267E-07 -1.699379E-07  1.000000E+08

                ABS* :       1.142320E-07  7.658475E-08  1.000000E+08  6.718273E-08  1.232539E-07  1.699379E-07  1.000000E+08
                * for output set

 >> LINK  9 END

    Total CPU time =  6.25E-02 seconds

 >> MYSTRAN END    :  6/ 4/2026 at 11:55: 2.370
