   604115502

 MYSTRAN Version 18.0.0   APR 20 2026 MYSTRAN developed by Dr Bill Case
*** Please report any problems to mystransolver@gmail.com ***                                                                                                                                                                                                   

 >> MYSTRAN BEGIN  :  6/ 4/2026 at 11:55: 2.163 The input file is C:\Users\victo\Documents\Git\MYSTRAN_Validation\working\NAS S30 3 digit exponent 1.bdf                                                                                                                                                                          


 >> LINK  0 BEGIN


SOL 101                                                                                                                                                                                                                                                         
CEND                                                                                                                                                                                                                                                            
DISPLACEMENT = ALL                                                                                                                                                                                                                                              
SPCFORCES = ALL                                                                                                                                                                                                                                                 
MPCFORCES = ALL                                                                                                                                                                                                                                                 
STRESS(CORNER) = ALL                                                                                                                                                                                                                                            
SPC = 1                                                                                                                                                                                                                                                         
LOAD = 1                                                                                                                                                                                                                                                        
BEGIN BULK                                                                                                                                                                                                                                                      
ECHO: loadb GRID           1       0   0.0+0   0.0+0   0.0+0       0                                                                                                                                                                                                        
ECHO: loadb GRID           2       0  1.0+20   0.0+0   0.0+0       0                                                                                                                                                                                                        
ECHO: loadb GRID           3       0  1.0+20   1.0+0   0.0+0       0                                                                                                                                                                                                        
ECHO: loadb GRID           4       0   0.0+0   1.0+0   0.0+0       0                                                                                                                                                                                                        
ECHO: loadb GRID           5       0   0.0+0   0.0+0  1.0+20       0                                                                                                                                                                                                        
ECHO: loadb GRID           6       0  1.0+20   0.0+0  1.0+20       0                                                                                                                                                                                                        
ECHO: loadb GRID           7       0  1.0+20   1.0+0  1.0+20       0                                                                                                                                                                                                        
ECHO: loadb GRID           8       0   0.0+0   1.0+0  1.0+20       0                                                                                                                                                                                                        
ECHO: loadb PARAM    STR_CID      -2                                                                                                                                                                                                                                        
ECHO: loadb MAT1           1  2.0+14  1.0+14   0.0+0   0.0+0   0.0+0   0.0+0                                                                                                                                                                                                
ECHO: loadb SPC            1       1       1   0.0+0                                                                                                                                                                                                                        
ECHO: loadb SPC            1       1       2   0.0+0                                                                                                                                                                                                                        
ECHO: loadb SPC            1       1       3   0.0+0                                                                                                                                                                                                                        
ECHO: loadb SPC            1       2       1   0.0+0                                                                                                                                                                                                                        
ECHO: loadb SPC            1       2       2   0.0+0                                                                                                                                                                                                                        
ECHO: loadb SPC            1       2       3   0.0+0                                                                                                                                                                                                                        
ECHO: loadb SPC            1       5       1   0.0+0                                                                                                                                                                                                                        
ECHO: loadb SPC            1       5       2   0.0+0                                                                                                                                                                                                                        
ECHO: loadb SPC            1       5       3   0.0+0                                                                                                                                                                                                                        
ECHO: loadb SPC            1       6       1   0.0+0                                                                                                                                                                                                                        
ECHO: loadb SPC            1       6       2   0.0+0                                                                                                                                                                                                                        
ECHO: loadb SPC            1       6       3   0.0+0                                                                                                                                                                                                                        
ECHO: loadb PSOLID         1       1       0       2               1                                                                                                                                                                                                        
ECHO: loadb CHEXA          1       1       1       2       3       4       5       6+                                                                                                                                                                                       
ECHO:  nextc +              7       8                                                                                                                                                                                                                                        
ECHO: loadb FORCE          2       3       0   1.0+0   0.0+0  2.5-16   0.0+0                                                                                                                                                                                                
ECHO: loadb FORCE          2       4       0   1.0+0   0.0+0  2.5-16   0.0+0                                                                                                                                                                                                
ECHO: loadb FORCE          2       7       0   1.0+0   0.0+0  2.5-16   0.0+0                                                                                                                                                                                                
ECHO: loadb FORCE          2       8       0   1.0+0   0.0+0  2.5-16   0.0+0                                                                                                                                                                                                
ECHO: loadb LOAD           1   1.0+0   1.0+0       2                                                                                                                                                                                                                        
ECHO: loadb ENDDATA                                                                                                                                                                                                                                                         




 >> LINK  0 END


 >> LINK  1 BEGIN

               DEALLOCATED  3.69E-02 MB MEMORY FROM ARRAY STF3


 *INFORMATION: AUTOSPC Summary, Stage 1 after identification of AUTOSPC's at the grid level                                                 

                                     AUTOSPC_RAT = 1.000000E-08

                       Number of DOF's identified for AUTOSPC in component  1         =            0
                       Number of DOF's identified for AUTOSPC in component  2         =            0
                       Number of DOF's identified for AUTOSPC in component  3         =            0
                       Number of DOF's identified for AUTOSPC in component  4         =            8
                       Number of DOF's identified for AUTOSPC in component  5         =            8
                       Number of DOF's identified for AUTOSPC in component  6         =            8
                                                                                        ------------
                       Total number of DOF's identified in this stage                 =           24

               DEALLOCATED  1.92E-04 MB MEMORY FROM ARRAY STFKEY
               DEALLOCATED  3.69E-02 MB MEMORY FROM ARRAY STF3

 >> LINK  1 END


 >> LINK  2 BEGIN



 *INFORMATION: AUTOSPC Summary, Overall: after identification of all AUTOSPC's                                                               

                                     AUTOSPC_RAT = 1.000000E-08

                       Number of DOF's identified for AUTOSPC in component  1         =            0
                       Number of DOF's identified for AUTOSPC in component  2         =            0
                       Number of DOF's identified for AUTOSPC in component  3         =            0
                       Number of DOF's identified for AUTOSPC in component  4         =            8
                       Number of DOF's identified for AUTOSPC in component  5         =            8
                       Number of DOF's identified for AUTOSPC in component  6         =            8
                                                                                        ------------
                       Total number of DOF's identified overall                       =           24


 >> LINK  2 END


 >> LINK  3 BEGIN

 SUPERLU FACTORIZATION OF MATRIX KLL SUCCEEDED IN SUBR SYM_MAT_DECOMP_SUPRLU          

 *INFORMATION: FOR INTERNAL SUBCASE NUMBER        1 EPSILON ERROR ESTIMATE            = -4.930381E-17 Based on U'*(K*U - P)/(U'*P)


 >> LINK  3 END


 >> LINK  5 BEGIN


 >> LINK  5 END


 >> LINK  9 BEGIN



 OUTPUT FOR SUBCASE        1

                                                       D I S P L A C E M E N T S
                                              (in global coordinate system at each grid)
           GRID     COORD      T1            T2            T3            R1            R2            R3
                     SYS
              1        0  0.0           0.0           0.0           0.0           0.0           0.0         
              2        0  0.0           0.0           0.0           0.0           0.0           0.0         
              3        0  2.255145-105  5.000000E-70  5.844909-106  0.0           0.0           0.0         
              4        0 -1.002287-105  5.000000E-70  5.408418-106  0.0           0.0           0.0         
              5        0  0.0           0.0           0.0           0.0           0.0           0.0         
              6        0  0.0           0.0           0.0           0.0           0.0           0.0         
              7        0  1.503430-105  5.000000E-70  1.670478-105  0.0           0.0           0.0         
              8        0 -6.681912-106  5.000000E-70  6.681912-106  0.0           0.0           0.0         
                         ------------- ------------- ------------- ------------- ------------- -------------
                MAX* :    2.255145-105  5.000000E-70  1.670478-105  0.0           0.0           0.0         
                MIN* :   -1.002287-105  0.0           0.0           0.0           0.0           0.0         

                ABS* :    2.255145-105  5.000000E-70  1.670478-105  0.0           0.0           0.0         
                *for output set


 OUTPUT FOR SUBCASE        1

                                                          S P C   F O R C E S
                                              (in global coordinate system at each grid)
           GRID     COORD      T1            T2            T3            R1            R2            R3
                     SYS
              1        0  2.505717E-52 -2.500000E-16 -3.712173E-53  0.0           0.0           0.0         
              2        0  2.784130E-93 -2.500000E-16  2.320108E-53  0.0           0.0           0.0         
              5        0  2.505717E-52 -2.500000E-16  1.763282E-52  0.0           0.0           0.0         
              6        0 -2.784130E-93 -2.500000E-16 -1.206456E-52  0.0           0.0           0.0         
                         ------------- ------------- ------------- ------------- ------------- -------------
                MAX* :    2.505717E-52  0.0           1.763282E-52  0.0           0.0           0.0         
                MIN* :   -2.784130E-93 -2.500000E-16 -1.206456E-52  0.0           0.0           0.0         

                ABS* :    2.505717E-52  2.500000E-16  1.763282E-52  0.0           0.0           0.0         
                *for output set
                         ------------- ------------- ------------- ------------- ------------- -------------
     SPC FORCE TOTALS:    5.011434E-52 -1.000000E-15  4.176195E-53  0.0           0.0           0.0         
     (for output set)

                                                    SPC Force Summary on AUTOSPC'd DOF's
                                                 (in global coordinate system at each grid)
        For detailed information on the SPC forces for the AUTOSPC DOF's, set field 7 (AUTOSPC_SPCF) on the PARAM AUTOSPC entry to Y

                              T1             T2             T3             R1             R2             R3

 ABS AUTOSPC FORCES  :   0.000000E+00   0.000000E+00   0.000000E+00   0.000000E+00   0.000000E+00   0.000000E+00
 AUTOSPC FORCE TOTALS:   0.000000E+00   0.000000E+00   0.000000E+00   0.000000E+00   0.000000E+00   0.000000E+00
     (for output set)


 OUTPUT FOR SUBCASE        1

                                E L E M E N T   S T R E S S E S   I N   M A T E R I A L   C O O R D I N A T E   S Y S T E M
                                                       F O R   E L E M E N T   T Y P E   H E X A  8 
    Elem  Location            Sigma-xx      Sigma-yy      Sigma-zz       Tau-xy        Tau-yz        Tau-zx       von Mises
     ID
        1  CENTER            2.714527-111  1.000000E-55  6.066682-112  0.000000E+00  1.670478E-92  1.570791-112  1.000000E-55
           GRD       1       0.000000E+00  1.000000E-55  0.000000E+00 -1.002287E-91  5.408418E-92  0.000000E+00  1.000000E-55
           GRD       2       0.000000E+00  1.000000E-55  0.000000E+00  2.255145E-91  5.844909E-92  0.000000E+00  1.000000E-55
           GRD       3       6.514864-111  1.000000E-55  2.171974-111  1.744060E-91 -8.720302E-92 -7.080660-112  1.000000E-55
           GRD       4       6.514864-111  1.000000E-55  2.546987-112 -1.744060E-91  0.000000E+00  3.777447-112  1.000000E-55
           GRD       5       0.000000E+00  1.000000E-55  0.000000E+00 -6.681912E-92  6.681912E-92  0.000000E+00  1.000000E-55
           GRD       6       0.000000E+00  1.000000E-55  0.000000E+00  1.503430E-91  1.670478E-91  0.000000E+00  1.000000E-55
           GRD       7       4.343243-111  1.000000E-55  2.171974-111  0.000000E+00 -7.358241E-93  2.505717-112  1.000000E-55
           GRD       8       4.343243-111  1.000000E-55  2.546987-112 -2.616091E-91 -2.038390E-92  1.336382-111  1.000000E-55
                            ------------- ------------- ------------- ------------- ------------- ------------- -------------
                MAX* :       6.514864-111  1.000000E-55  2.171974-111  2.255145E-91  1.670478E-91  1.336382-111  1.000000E-55
                MIN* :       0.000000E+00  1.000000E-55  0.000000E+00 -2.616091E-91 -8.720302E-92 -7.080660-112  1.000000E-55

                ABS* :       6.514864-111  1.000000E-55  2.171974-111  2.616091E-91  1.670478E-91  1.336382-111  1.000000E-55
                * for output set

 >> LINK  9 END

    Total CPU time =  3.12E-02 seconds

 >> MYSTRAN END    :  6/ 4/2026 at 11:55: 2.249
