   604115627

 MYSTRAN Version 18.0.0   APR 20 2026 MYSTRAN developed by Dr Bill Case
*** Please report any problems to mystransolver@gmail.com ***                                                                                                                                                                                                   

 >> MYSTRAN BEGIN  :  6/ 4/2026 at 11:56:27.701 The input file is C:\Users\victo\Documents\Git\MYSTRAN_Validation\working\V30 beam released dof x-x.bdf                                                                                                                                                                           


 >> LINK  0 BEGIN


SOL 103                                                                                                                                                                                                                                                         
CEND                                                                                                                                                                                                                                                            
METHOD = 1                                                                                                                                                                                                                                                      
DISPLACEMENT = ALL                                                                                                                                                                                                                                              
SPC = 1                                                                                                                                                                                                                                                         
MPC = 1                                                                                                                                                                                                                                                         
BEGIN BULK                                                                                                                                                                                                                                                      
ECHO: loadb GRID           1       0   0.0+0   0.0+0   0.0+0       0                                                                                                                                                                                                        
ECHO: loadb GRID           2       0   9.0-1   0.0+0   0.0+0       0                                                                                                                                                                                                        
ECHO: loadb GRID           3       0   5.0-1   0.0+0   0.0+0       0                                                                                                                                                                                                        
ECHO: loadb GRID           4       0   9.0-1   1.0-1   0.0+0       0                                                                                                                                                                                                        
ECHO: loadb GRID           5       0   9.0-1  -1.0-1   0.0+0       0                                                                                                                                                                                                        
ECHO: loadb GRID           6       0   9.0-1   1.0+0   0.0+0       0                                                                                                                                                                                                        
ECHO: loadb GRID           7       0   5.0-1   1.0+0   0.0+0       0                                                                                                                                                                                                        
ECHO: loadb GRID           8       0   9.0-1   1.1+0   0.0+0       0                                                                                                                                                                                                        
ECHO: loadb GRID           9       0   9.0-1   9.0-1   0.0+0       0                                                                                                                                                                                                        
ECHO: loadb GRID          10       0   1.4+0   1.0+0   0.0+0       0                                                                                                                                                                                                        
ECHO: loadb GRID          11       0   1.4+0   0.0+0   0.0+0       0                                                                                                                                                                                                        
ECHO: loadb GRID          12       0   0.0+0   1.0+0   0.0+0       0                                                                                                                                                                                                        
ECHO: loadb GRID          13       0   5.0-1   1.0+0   0.0+0       0                                                                                                                                                                                                        
ECHO: loadb GRID          14       0   9.0-1   1.0+0   0.0+0       0                                                                                                                                                                                                        
ECHO: loadb PARAM    STR_CID      -2                                                                                                                                                                                                                                        
ECHO: loadb MAT1           1  2.0+11  1.0+11   0.0+0   8.0+3   0.0+0   0.0+0                                                                                                                                                                                                
ECHO: loadb SPC            1       1       1   0.0+0                                                                                                                                                                                                                        
ECHO: loadb SPC            1       1       2   0.0+0                                                                                                                                                                                                                        
ECHO: loadb SPC            1       1       3   0.0+0                                                                                                                                                                                                                        
ECHO: loadb SPC            1       1       4   0.0+0                                                                                                                                                                                                                        
ECHO: loadb SPC            1       1       5   0.0+0                                                                                                                                                                                                                        
ECHO: loadb SPC            1       1       6   0.0+0                                                                                                                                                                                                                        
ECHO: loadb SPC            1       6       4   0.0+0                                                                                                                                                                                                                        
ECHO: loadb SPC            1      10       1   0.0+0                                                                                                                                                                                                                        
ECHO: loadb SPC            1      10       2   0.0+0                                                                                                                                                                                                                        
ECHO: loadb SPC            1      10       3   0.0+0                                                                                                                                                                                                                        
ECHO: loadb SPC            1      10       4   0.0+0                                                                                                                                                                                                                        
ECHO: loadb SPC            1      10       5   0.0+0                                                                                                                                                                                                                        
ECHO: loadb SPC            1      10       6   0.0+0                                                                                                                                                                                                                        
ECHO: loadb SPC            1      11       1   0.0+0                                                                                                                                                                                                                        
ECHO: loadb SPC            1      11       2   0.0+0                                                                                                                                                                                                                        
ECHO: loadb SPC            1      11       3   0.0+0                                                                                                                                                                                                                        
ECHO: loadb SPC            1      11       4   0.0+0                                                                                                                                                                                                                        
ECHO: loadb SPC            1      11       5   0.0+0                                                                                                                                                                                                                        
ECHO: loadb SPC            1      11       6   0.0+0                                                                                                                                                                                                                        
ECHO: loadb SPC            1      12       1   0.0+0                                                                                                                                                                                                                        
ECHO: loadb SPC            1      12       2   0.0+0                                                                                                                                                                                                                        
ECHO: loadb SPC            1      12       3   0.0+0                                                                                                                                                                                                                        
ECHO: loadb SPC            1      12       4   0.0+0                                                                                                                                                                                                                        
ECHO: loadb SPC            1      12       5   0.0+0                                                                                                                                                                                                                        
ECHO: loadb SPC            1      12       6   0.0+0                                                                                                                                                                                                                        
ECHO: loadb MPC            1      13       1   1.0+0       7       1  -1.0+0                                                                                                                                                                                                
ECHO: loadb MPC            1      13       2   1.0+0       7       2  -1.0+0                                                                                                                                                                                                
ECHO: loadb MPC            1      13       3   1.0+0       7       3  -1.0+0                                                                                                                                                                                                
ECHO: loadb MPC            1      13       5   1.0+0       7       5  -1.0+0                                                                                                                                                                                                
ECHO: loadb MPC            1      13       6   1.0+0       7       6  -1.0+0                                                                                                                                                                                                
ECHO: loadb MPC            1       6       1   1.0+0      14       1  -1.0+0                                                                                                                                                                                                
ECHO: loadb MPC            1       6       2   1.0+0      14       2  -1.0+0                                                                                                                                                                                                
ECHO: loadb MPC            1       6       3   1.0+0      14       3  -1.0+0                                                                                                                                                                                                
ECHO: loadb MPC            1       6       5   1.0+0      14       5  -1.0+0                                                                                                                                                                                                
ECHO: loadb MPC            1       6       6   1.0+0      14       6  -1.0+0                                                                                                                                                                                                
ECHO: loadb PBAR*                  1               1           5.0-3 4.16666666667-6*                                                                                                                                                                                       
ECHO: loadb *        1.04166666667-6 2.86100260417-6           0.0+0                                                                                                                                                                                                        
ECHO: loadb CBAR           1       1       3       2   0.0+0   1.0+0   0.0+0        +                                                                                                                                                                                       
ECHO:  nextc +              4       4                                                                                                                                                                                                                                        
ECHO: loadb CBAR           2       1       1       3   0.0+0   1.0+0   0.0+0                                                                                                                                                                                                
ECHO: loadb CBAR           3       1       2       4  -1.0+0   0.0+0   0.0+0                                                                                                                                                                                                
ECHO: loadb CBAR           4       1       2       5   1.0+0   0.0+0   0.0+0                                                                                                                                                                                                
ECHO: loadb CBAR           5       1       7       6   0.0+0   1.0+0   0.0+0                                                                                                                                                                                                
ECHO: loadb CBAR           6       1      14       8  -1.0+0   0.0+0   0.0+0                                                                                                                                                                                                
ECHO: loadb CBAR           7       1      14       9   1.0+0   0.0+0   0.0+0                                                                                                                                                                                                
ECHO: loadb CBAR           8       1      14      10   0.0+0   1.0+0   0.0+0                                                                                                                                                                                                
ECHO: loadb CBAR           9       1       2      11   0.0+0   1.0+0   0.0+0                                                                                                                                                                                                
ECHO: loadb CBAR          10       1      12      13   0.0+0   1.0+0   0.0+0                                                                                                                                                                                                
ECHO: loadb EIGRL          1                      14       0                    MASS                                                                                                                                                                                        
ECHO: loadb ENDDATA                                                                                                                                                                                                                                                         




 >> LINK  0 END


 >> LINK  1 BEGIN

 *ERROR  1937: DURING THE PROCESS OF APPLYING PIN FLAGS ON BAR      ELEMENT        1 THE DIAGONAL STIFFNESS FOR DISPL 
               COMPONENT 10 HAS BECOME ZERO. CANNOT PIN FLAG THIS COMPONENT
 Stopping processing due to        1 errors found in subr EMG
