   627193423

 MYSTRAN Version 18.0.0   APR 20 2026 MYSTRAN developed by Dr Bill Case
*** Please report any problems to mystransolver@gmail.com ***                                                                                                                                                                                                   

 >> MYSTRAN BEGIN  :  6/27/2026 at 19:34:23.867 The input file is C:\Users\victo\Documents\Git\MYSTRAN_Validation\working\V30 beam released dof n-y.bdf                                                                                                                                                                           


 >> LINK  0 BEGIN


SOL 103                                                                                                                                                                                                                                                         
CEND                                                                                                                                                                                                                                                            
METHOD = 1                                                                                                                                                                                                                                                      
DISPLACEMENT = ALL                                                                                                                                                                                                                                              
SPC = 1                                                                                                                                                                                                                                                         
MPC = 1                                                                                                                                                                                                                                                         
BEGIN BULK                                                                                                                                                                                                                                                      
ECHO: loadb GRID           1       0   0.0+0   0.0+0   0.0+0       0                                                                                                                                                                                                        
ECHO: loadb GRID           2       0   9.0-1   0.0+0   0.0+0       0                                                                                                                                                                                                        
ECHO: loadb GRID           3       0   5.0-1   0.0+0   0.0+0       0                                                                                                                                                                                                        
ECHO: loadb GRID           4       0   9.0-1   1.0-1   0.0+0       0                                                                                                                                                                                                        
ECHO: loadb GRID           5       0   9.0-1  -1.0-1   0.0+0       0                                                                                                                                                                                                        
ECHO: loadb GRID           6       0   9.0-1   1.0+0   0.0+0       0                                                                                                                                                                                                        
ECHO: loadb GRID           7       0   5.0-1   1.0+0   0.0+0       0                                                                                                                                                                                                        
ECHO: loadb GRID           8       0   9.0-1   1.1+0   0.0+0       0                                                                                                                                                                                                        
ECHO: loadb GRID           9       0   9.0-1   9.0-1   0.0+0       0                                                                                                                                                                                                        
ECHO: loadb GRID          10       0   1.4+0   1.0+0   0.0+0       0                                                                                                                                                                                                        
ECHO: loadb GRID          11       0   1.4+0   0.0+0   0.0+0       0                                                                                                                                                                                                        
ECHO: loadb GRID          12       0   0.0+0   1.0+0   0.0+0       0                                                                                                                                                                                                        
ECHO: loadb GRID          13       0   5.0-1   1.0+0   0.0+0       0                                                                                                                                                                                                        
ECHO: loadb PARAM    STR_CID      -2                                                                                                                                                                                                                                        
ECHO: loadb MAT1           1  2.0+11  1.0+11   0.0+0   8.0+3   0.0+0   0.0+0                                                                                                                                                                                                
ECHO: loadb SPC            1       1       1   0.0+0                                                                                                                                                                                                                        
ECHO: loadb SPC            1       1       2   0.0+0                                                                                                                                                                                                                        
ECHO: loadb SPC            1       1       3   0.0+0                                                                                                                                                                                                                        
ECHO: loadb SPC            1       1       4   0.0+0                                                                                                                                                                                                                        
ECHO: loadb SPC            1       1       5   0.0+0                                                                                                                                                                                                                        
ECHO: loadb SPC            1       1       6   0.0+0                                                                                                                                                                                                                        
ECHO: loadb SPC            1      10       1   0.0+0                                                                                                                                                                                                                        
ECHO: loadb SPC            1      10       2   0.0+0                                                                                                                                                                                                                        
ECHO: loadb SPC            1      10       3   0.0+0                                                                                                                                                                                                                        
ECHO: loadb SPC            1      10       4   0.0+0                                                                                                                                                                                                                        
ECHO: loadb SPC            1      10       5   0.0+0                                                                                                                                                                                                                        
ECHO: loadb SPC            1      10       6   0.0+0                                                                                                                                                                                                                        
ECHO: loadb SPC            1      11       1   0.0+0                                                                                                                                                                                                                        
ECHO: loadb SPC            1      11       2   0.0+0                                                                                                                                                                                                                        
ECHO: loadb SPC            1      11       3   0.0+0                                                                                                                                                                                                                        
ECHO: loadb SPC            1      11       4   0.0+0                                                                                                                                                                                                                        
ECHO: loadb SPC            1      11       5   0.0+0                                                                                                                                                                                                                        
ECHO: loadb SPC            1      11       6   0.0+0                                                                                                                                                                                                                        
ECHO: loadb SPC            1      12       1   0.0+0                                                                                                                                                                                                                        
ECHO: loadb SPC            1      12       2   0.0+0                                                                                                                                                                                                                        
ECHO: loadb SPC            1      12       3   0.0+0                                                                                                                                                                                                                        
ECHO: loadb SPC            1      12       4   0.0+0                                                                                                                                                                                                                        
ECHO: loadb SPC            1      12       5   0.0+0                                                                                                                                                                                                                        
ECHO: loadb SPC            1      12       6   0.0+0                                                                                                                                                                                                                        
ECHO: loadb MPC            1      13       1   1.0+0       7       1  -1.0+0                                                                                                                                                                                                
ECHO: loadb MPC            1      13       2   1.0+0       7       2  -1.0+0                                                                                                                                                                                                
ECHO: loadb MPC            1      13       3   1.0+0       7       3  -1.0+0                                                                                                                                                                                                
ECHO: loadb MPC            1      13       4   1.0+0       7       4  -1.0+0                                                                                                                                                                                                
ECHO: loadb MPC            1      13       6   1.0+0       7       6  -1.0+0                                                                                                                                                                                                
ECHO: loadb PBAR*                  1               1           5.0-3 4.16666666667-6*                                                                                                                                                                                       
ECHO: loadb *        1.04166666667-6 2.86100260417-6           0.0+0                                                                                                                                                                                                        
ECHO: loadb CBAR           1       1       2       3   0.0+0  -1.0+0   0.0+0        +                                                                                                                                                                                       
ECHO:  nextc +                      5                                                                                                                                                                                                                                        
ECHO: loadb CBAR           2       1       1       3   0.0+0   1.0+0   0.0+0                                                                                                                                                                                                
ECHO: loadb CBAR           3       1       2       4  -1.0+0   0.0+0   0.0+0                                                                                                                                                                                                
ECHO: loadb CBAR           4       1       2       5   1.0+0   0.0+0   0.0+0                                                                                                                                                                                                
ECHO: loadb CBAR           5       1       7       6   0.0+0   1.0+0   0.0+0                                                                                                                                                                                                
ECHO: loadb CBAR           6       1       6       8  -1.0+0   0.0+0   0.0+0                                                                                                                                                                                                
ECHO: loadb CBAR           7       1       6       9   1.0+0   0.0+0   0.0+0                                                                                                                                                                                                
ECHO: loadb CBAR           8       1       6      10   0.0+0   1.0+0   0.0+0                                                                                                                                                                                                
ECHO: loadb CBAR           9       1       2      11   0.0+0   1.0+0   0.0+0                                                                                                                                                                                                
ECHO: loadb CBAR          10       1      12      13   0.0+0   1.0+0   0.0+0                                                                                                                                                                                                
ECHO: loadb EIGRL          1                      10       0                    MASS                                                                                                                                                                                        
ECHO: loadb ENDDATA                                                                                                                                                                                                                                                         




 >> LINK  0 END


 >> LINK  1 BEGIN

               DEALLOCATED  2.30E-02 MB MEMORY FROM ARRAY STF3

               DEALLOCATED  3.12E-04 MB MEMORY FROM ARRAY STFKEY
               DEALLOCATED  2.30E-02 MB MEMORY FROM ARRAY STF3

 >> LINK  1 END


 >> LINK  2 BEGIN



 *INFORMATION: AUTOSPC Summary, Overall: after identification of all AUTOSPC's                                                               

                                     AUTOSPC_RAT = 1.000000E-08

                       Number of DOF's identified for AUTOSPC in component  1         =            0
                       Number of DOF's identified for AUTOSPC in component  2         =            0
                       Number of DOF's identified for AUTOSPC in component  3         =            0
                       Number of DOF's identified for AUTOSPC in component  4         =            0
                       Number of DOF's identified for AUTOSPC in component  5         =            0
                       Number of DOF's identified for AUTOSPC in component  6         =            0
                                                                                        ------------
                       Total number of DOF's identified overall                       =            0


 >> LINK  2 END


 >> LINK  4 BEGIN

 SUPERLU FACTORIZATION OF MATRIX KMSM SUCCEEDED IN SUBR SYM_MAT_DECOMP_SUPRLU          



                           E I G E N V A L U E   A N A L Y S I S   S U M M A R Y   (LANCZOS  Mode 3 DGB, Shift eigen = -1.00E+00)
                                                                      (SPARSE solution)

                                NUMBER OF EIGENVALUES EXTRACTED  . . . . . .        10

                                LARGEST OFF-DIAGONAL GENERALIZED MASS TERM    -7.0E-16 (Vecs renormed to 1.0 for gen masses)

                                                                       . . .         2
                                          MODE PAIR . . . . . . . . . .
                                                                       . . .         1

                                NUMBER OF OFF DIAGONAL GENERALIZED MASS
                                TERMS FAILING CRITERION OF  1.0E-04. . . . .         0





                                            R E A L   E I G E N V A L U E S
    MODE  EXTRACTION      EIGENVALUE           RADIANS              CYCLES            GENERALIZED         GENERALIZED        
   NUMBER   ORDER                                                                        MASS              STIFFNESS

        1       1        2.570224E+05        5.069738E+02        8.068738E+01        1.000000E+00        2.570224E+05
        2       2        2.570224E+05        5.069738E+02        8.068738E+01        1.000000E+00        2.570224E+05
        3       3        1.430595E+06        1.196075E+03        1.903612E+02        1.000000E+00        1.430595E+06
        4       4        1.430595E+06        1.196075E+03        1.903612E+02        1.000000E+00        1.430595E+06
        5       5        1.941611E+06        1.393417E+03        2.217692E+02        1.000000E+00        1.941611E+06
        6       6        1.941611E+06        1.393417E+03        2.217692E+02        1.000000E+00        1.941611E+06
        7       7        1.400227E+07        3.741961E+03        5.955516E+02        1.000000E+00        1.400227E+07
        8       8        1.400227E+07        3.741961E+03        5.955516E+02        1.000000E+00        1.400227E+07
        9       9        2.077305E+07        4.557746E+03        7.253879E+02        1.000000E+00        2.077305E+07
       10      10        2.077305E+07        4.557746E+03        7.253879E+02        1.000000E+00        2.077305E+07



 >> LINK  4 END


 >> LINK  5 BEGIN


 >> LINK  5 END


 >> LINK  9 BEGIN



 OUTPUT FOR SUBCASE        1
 OUTPUT FOR EIGENVECTOR        1

                                                         E I G E N V E C T O R
                                              (in global coordinate system at each grid)
           GRID     COORD      T1            T2            T3            R1            R2            R3
                     SYS
              1        0  0.0           0.0           0.0           0.0           0.0           0.0         
              2        0 -6.344399E-17  6.406227E-17  9.900549E-02  2.892311E-16  2.788344E-01  3.954544E-16
              3        0  8.446037E-17  8.324984E-17  2.027816E-01  1.122297E-16 -6.083448E-01 -5.428833E-17
              4        0 -1.904207E-16  4.872563E-17  9.908699E-02  1.222444E-03  2.788344E-01  1.665868E-15
              5        0 -7.375673E-17  7.571057E-17  9.908699E-02 -1.222444E-03  2.788344E-01 -3.306468E-16
              6        0  1.700949E-17 -2.353789E-16 -6.957688E-03 -7.666689E-17 -1.959531E-02  1.089825E-15
              7        0  9.326273E-18 -2.352693E-16 -1.425063E-02 -4.294032E-17 -1.755090E-02 -6.137666E-16
              8        0 -2.511396E-17 -2.440182E-16 -6.963415E-03 -8.590818E-05 -1.959531E-02  3.854365E-17
              9        0  2.266570E-16 -2.271274E-16 -6.963415E-03  8.590818E-05 -1.959531E-02  2.589701E-15
             10        0  0.0           0.0           0.0           0.0           0.0           0.0         
             11        0  0.0           0.0           0.0           0.0           0.0           0.0         
             12        0  0.0           0.0           0.0           0.0           0.0           0.0         
             13        0  9.326273E-18 -2.352693E-16 -1.425063E-02 -4.294032E-17  4.275190E-02 -6.137666E-16
                         ------------- ------------- ------------- ------------- ------------- -------------
                MAX* :    2.266570E-16  8.324984E-17  2.027816E-01  1.222444E-03  2.788344E-01  2.589701E-15
                MIN* :   -1.904207E-16 -2.440182E-16 -1.425063E-02 -1.222444E-03 -6.083448E-01 -6.137666E-16

                ABS* :    2.266570E-16  2.440182E-16  2.027816E-01  1.222444E-03  6.083448E-01  2.589701E-15
                *for output set


 OUTPUT FOR SUBCASE        1
 OUTPUT FOR EIGENVECTOR        2

                                                         E I G E N V E C T O R
                                              (in global coordinate system at each grid)
           GRID     COORD      T1            T2            T3            R1            R2            R3
                     SYS
              1        0  0.0           0.0           0.0           0.0           0.0           0.0         
              2        0  1.858997E-17 -6.938894E-18  6.957688E-03 -2.601245E-16  1.959531E-02 -1.717376E-16
              3        0 -2.826967E-17  4.336809E-18  1.425063E-02 -1.279312E-16 -4.275190E-02  3.903128E-17
              4        0  6.337162E-17  3.903128E-18  6.963415E-03  8.590818E-05  1.959531E-02 -5.785303E-16
              5        0  1.572093E-17 -6.505213E-18  6.963415E-03 -8.590818E-05  1.959531E-02  5.377643E-17
              6        0 -3.197229E-18  1.387779E-17  9.900549E-02  5.343074E-15  2.788344E-01 -2.220446E-16
              7        0 -9.318239E-19  5.204170E-18  2.027816E-01  2.967700E-15  2.497432E-01  8.673617E-17
              8        0 -2.168404E-18  1.734723E-17  9.908699E-02  1.222444E-03  2.788344E-01  1.144917E-16
              9        0 -5.637851E-17  6.938894E-18  9.908699E-02 -1.222444E-03  2.788344E-01 -6.904199E-16
             10        0  0.0           0.0           0.0           0.0           0.0           0.0         
             11        0  0.0           0.0           0.0           0.0           0.0           0.0         
             12        0  0.0           0.0           0.0           0.0           0.0           0.0         
             13        0 -9.318239E-19  5.204170E-18  2.027816E-01  2.967700E-15 -6.083448E-01  8.673617E-17
                         ------------- ------------- ------------- ------------- ------------- -------------
                MAX* :    6.337162E-17  1.734723E-17  2.027816E-01  1.222444E-03  2.788344E-01  1.144917E-16
                MIN* :   -5.637851E-17 -6.938894E-18  0.0          -1.222444E-03 -6.083448E-01 -6.904199E-16

                ABS* :    6.337162E-17  1.734723E-17  2.027816E-01  1.222444E-03  6.083448E-01  6.904199E-16
                *for output set


 OUTPUT FOR SUBCASE        1
 OUTPUT FOR EIGENVECTOR        3

                                                         E I G E N V E C T O R
                                              (in global coordinate system at each grid)
           GRID     COORD      T1            T2            T3            R1            R2            R3
                     SYS
              1        0  0.0           0.0           0.0           0.0           0.0           0.0         
              2        0 -1.328618E-17  6.938894E-16 -1.265442E-01 -7.758897E-15  6.518352E-02 -1.568190E-15
              3        0  4.599667E-17  6.938894E-16  8.931741E-02 -4.282518E-15 -2.679522E-01  1.346145E-15
              4        0 -1.778092E-16  5.898060E-16 -1.271261E-01 -8.729571E-03  6.518352E-02  3.011480E-15
              5        0 -5.030698E-16  7.702172E-16 -1.271261E-01  8.729571E-03  6.518352E-02 -6.356027E-15
              6        0 -4.561940E-17 -2.386980E-15 -1.120474E-01 -9.504208E-15  5.771615E-02  3.885781E-15
              7        0  3.938351E-17 -2.275957E-15  7.908528E-02 -5.278475E-15  6.878894E-01 -4.329870E-15
              8        0  8.326673E-17 -2.470246E-15 -1.125627E-01 -7.729518E-03  5.771615E-02 -3.885781E-15
              9        0  8.430756E-16 -2.331468E-15 -1.125627E-01  7.729518E-03  5.771615E-02  1.154632E-14
             10        0  0.0           0.0           0.0           0.0           0.0           0.0         
             11        0  0.0           0.0           0.0           0.0           0.0           0.0         
             12        0  0.0           0.0           0.0           0.0           0.0           0.0         
             13        0  3.938351E-17 -2.275957E-15  7.908528E-02 -5.278475E-15 -2.372558E-01 -4.329870E-15
                         ------------- ------------- ------------- ------------- ------------- -------------
                MAX* :    8.430756E-16  7.702172E-16  8.931741E-02  8.729571E-03  6.878894E-01  1.154632E-14
                MIN* :   -5.030698E-16 -2.470246E-15 -1.271261E-01 -8.729571E-03 -2.679522E-01 -6.356027E-15

                ABS* :    8.430756E-16  2.470246E-15  1.271261E-01  8.729571E-03  6.878894E-01  1.154632E-14
                *for output set


 OUTPUT FOR SUBCASE        1
 OUTPUT FOR EIGENVECTOR        4

                                                         E I G E N V E C T O R
                                              (in global coordinate system at each grid)
           GRID     COORD      T1            T2            T3            R1            R2            R3
                     SYS
              1        0  0.0           0.0           0.0           0.0           0.0           0.0         
              2        0 -1.924497E-17  8.161874E-16 -1.120474E-01  2.185752E-15  5.771615E-02 -1.554312E-15
              3        0 -4.567043E-17  8.534840E-16  7.908528E-02  1.207368E-15 -2.372558E-01  1.496633E-15
              4        0  2.211772E-16  8.495808E-16 -1.125627E-01 -7.729518E-03  5.771615E-02 -2.831069E-15
              5        0 -8.239937E-17  7.966718E-16 -1.125627E-01  7.729518E-03  5.771615E-02 -2.359224E-16
              6        0  5.250508E-17 -2.838008E-15  1.265442E-01  7.827072E-15 -6.518352E-02  5.134781E-15
              7        0  2.339309E-17 -2.726985E-15 -8.931741E-02  4.348518E-15 -7.768892E-01 -5.329071E-15
              8        0 -5.915407E-16 -2.824130E-15  1.271261E-01  8.729571E-03 -6.518352E-02  7.202572E-15
              9        0  4.232725E-16 -2.844947E-15  1.271261E-01 -8.729571E-03 -6.518352E-02  3.025358E-15
             10        0  0.0           0.0           0.0           0.0           0.0           0.0         
             11        0  0.0           0.0           0.0           0.0           0.0           0.0         
             12        0  0.0           0.0           0.0           0.0           0.0           0.0         
             13        0  2.339309E-17 -2.726985E-15 -8.931741E-02  4.348518E-15  2.679522E-01 -5.329071E-15
                         ------------- ------------- ------------- ------------- ------------- -------------
                MAX* :    4.232725E-16  8.534840E-16  1.271261E-01  8.729571E-03  2.679522E-01  7.202572E-15
                MIN* :   -5.915407E-16 -2.844947E-15 -1.125627E-01 -8.729571E-03 -7.768892E-01 -5.329071E-15

                ABS* :    5.915407E-16  2.844947E-15  1.271261E-01  8.729571E-03  7.768892E-01  7.202572E-15
                *for output set


 OUTPUT FOR SUBCASE        1
 OUTPUT FOR EIGENVECTOR        5

                                                         E I G E N V E C T O R
                                              (in global coordinate system at each grid)
           GRID     COORD      T1            T2            T3            R1            R2            R3
                     SYS
              1        0  0.0           0.0           0.0           0.0           0.0           0.0         
              2        0  1.296606E-17  1.439456E-01 -3.216255E-16 -4.996004E-16  2.064145E-16 -2.502289E-01
              3        0 -1.883801E-18  1.356165E-01  2.565075E-16 -2.775558E-16 -2.904031E-16  2.676824E-01
              4        0  2.506182E-02  1.440015E-01 -3.330669E-16 -8.326673E-17  2.067976E-16 -2.508128E-01
              5        0 -2.506182E-02  1.440015E-01 -2.220446E-16 -9.992007E-16  2.067976E-16 -2.508128E-01
              6        0 -1.783724E-17  5.506138E-02  3.264805E-17 -1.457168E-16 -3.735940E-17 -9.571634E-02
              7        0 -1.230262E-17  5.187535E-02 -3.618503E-17 -8.326673E-17 -2.442015E-16  1.023926E-01
              8        0  9.586525E-03  5.508277E-02  9.540979E-17  1.235123E-15 -3.692454E-17 -9.593970E-02
              9        0 -9.586525E-03  5.508277E-02  1.179612E-16 -1.006140E-15 -3.735940E-17 -9.593970E-02
             10        0  0.0           0.0           0.0           0.0           0.0           0.0         
             11        0  0.0           0.0           0.0           0.0           0.0           0.0         
             12        0  0.0           0.0           0.0           0.0           0.0           0.0         
             13        0 -1.230262E-17  5.187535E-02 -3.618503E-17 -8.326673E-17  7.919343E-17  1.023926E-01
                         ------------- ------------- ------------- ------------- ------------- -------------
                MAX* :    2.506182E-02  1.440015E-01  2.565075E-16  1.235123E-15  2.067976E-16  2.676824E-01
                MIN* :   -2.506182E-02  0.0          -3.330669E-16 -1.006140E-15 -2.904031E-16 -2.508128E-01

                ABS* :    2.506182E-02  1.440015E-01  3.330669E-16  1.235123E-15  2.904031E-16  2.676824E-01
                *for output set


 OUTPUT FOR SUBCASE        1
 OUTPUT FOR EIGENVECTOR        6

                                                         E I G E N V E C T O R
                                              (in global coordinate system at each grid)
           GRID     COORD      T1            T2            T3            R1            R2            R3
                     SYS
              1        0  0.0           0.0           0.0           0.0           0.0           0.0         
              2        0  1.230569E-17  5.506138E-02  4.047920E-15  1.615944E-35 -2.844221E-15 -9.571634E-02
              3        0 -5.936007E-18  5.187535E-02 -3.293936E-15  9.402455E-36  3.304995E-15  1.023926E-01
              4        0  9.586525E-03  5.508277E-02  3.996803E-15  1.370942E-35 -2.849132E-15 -9.593970E-02
              5        0 -9.586525E-03  5.508277E-02  4.052314E-15 -8.881784E-16 -2.849132E-15 -9.593970E-02
              6        0  3.577867E-18 -1.439456E-01 -6.635047E-16 -2.220446E-16  4.290506E-16  2.502289E-01
              7        0  9.419006E-18 -1.356165E-01  4.967268E-16 -1.110223E-16  4.171051E-15 -2.676824E-01
              8        0 -2.506182E-02 -1.440015E-01 -7.216450E-16 -2.220446E-16  4.339816E-16  2.508128E-01
              9        0  2.506182E-02 -1.440015E-01 -6.383782E-16 -2.220446E-16  4.290506E-16  2.508128E-01
             10        0  0.0           0.0           0.0           0.0           0.0           0.0         
             11        0  0.0           0.0           0.0           0.0           0.0           0.0         
             12        0  0.0           0.0           0.0           0.0           0.0           0.0         
             13        0  9.419006E-18 -1.356165E-01  4.967268E-16 -1.110223E-16 -1.130456E-15 -2.676824E-01
                         ------------- ------------- ------------- ------------- ------------- -------------
                MAX* :    2.506182E-02  5.508277E-02  4.052314E-15  1.615944E-35  4.171051E-15  2.508128E-01
                MIN* :   -2.506182E-02 -1.440015E-01 -3.293936E-15 -8.881784E-16 -2.849132E-15 -2.676824E-01

                ABS* :    2.506182E-02  1.440015E-01  4.052314E-15  8.881784E-16  4.171051E-15  2.676824E-01
                *for output set


 OUTPUT FOR SUBCASE        1
 OUTPUT FOR EIGENVECTOR        7

                                                         E I G E N V E C T O R
                                              (in global coordinate system at each grid)
           GRID     COORD      T1            T2            T3            R1            R2            R3
                     SYS
              1        0  0.0           0.0           0.0           0.0           0.0           0.0         
              2        0  2.775613E-17 -7.870794E-02  6.547348E-18 -9.019075E-16 -7.201910E-16 -2.686334E-01
              3        0  6.938833E-18  1.196154E-01 -6.526793E-18 -2.300330E-16 -1.228702E-15 -1.790660E-01
              4        0  2.716766E-02 -7.892898E-02 -5.551116E-17 -8.998260E-16 -7.200963E-16 -2.731983E-01
              5        0 -2.716766E-02 -7.892898E-02  5.551114E-17 -8.816022E-16 -7.200963E-16 -2.731983E-01
              6        0 -4.163430E-17 -9.217055E-02 -1.231439E-17 -2.350967E-16 -6.371881E-19 -3.145818E-01
              7        0 -4.163326E-17  1.400750E-01  1.672615E-18 -7.220237E-18  4.522388E-17 -2.096944E-01
              8        0  3.181456E-02 -9.242940E-02 -4.163338E-17  2.338895E-16 -6.903403E-19 -3.199275E-01
              9        0 -3.181456E-02 -9.242940E-02  5.551114E-17 -6.684335E-16 -6.371881E-19 -3.199275E-01
             10        0  0.0           0.0           0.0           0.0           0.0           0.0         
             11        0  0.0           0.0           0.0           0.0           0.0           0.0         
             12        0  0.0           0.0           0.0           0.0           0.0           0.0         
             13        0 -4.163326E-17  1.400750E-01  1.672615E-18 -7.220237E-18 -6.450582E-17 -2.096944E-01
                         ------------- ------------- ------------- ------------- ------------- -------------
                MAX* :    3.181456E-02  1.400750E-01  5.551114E-17  2.338895E-16  4.522388E-17  0.0         
                MIN* :   -3.181456E-02 -9.242940E-02 -5.551116E-17 -9.019075E-16 -1.228702E-15 -3.199275E-01

                ABS* :    3.181456E-02  1.400750E-01  5.551116E-17  9.019075E-16  1.228702E-15  3.199275E-01
                *for output set


 OUTPUT FOR SUBCASE        1
 OUTPUT FOR EIGENVECTOR        8

                                                         E I G E N V E C T O R
                                              (in global coordinate system at each grid)
           GRID     COORD      T1            T2            T3            R1            R2            R3
                     SYS
              1        0  0.0           0.0           0.0           0.0           0.0           0.0         
              2        0  4.163334E-17 -9.217055E-02  4.419561E-17 -2.663928E-15 -1.653426E-15 -3.145818E-01
              3        0  4.163337E-17  1.400750E-01 -7.706799E-17 -1.553959E-15 -2.222898E-15 -2.096944E-01
              4        0  3.181456E-02 -9.242940E-02 -2.220446E-16 -3.108109E-15 -1.653554E-15 -3.199275E-01
              5        0 -3.181456E-02 -9.242940E-02  3.330669E-16 -3.108915E-15 -1.653554E-15 -3.199275E-01
              6        0 -5.551111E-17  7.870794E-02 -2.782309E-17 -1.775779E-15 -2.092867E-18  2.686334E-01
              7        0 -5.551116E-17 -1.196154E-01  1.263411E-17 -8.878589E-16  8.318502E-17  1.790660E-01
              8        0 -2.716766E-02  7.892898E-02 -1.804112E-16 -1.554836E-15 -1.986615E-18  2.731983E-01
              9        0  2.716766E-02  7.892898E-02  1.526557E-16 -1.776255E-15 -2.092867E-18  2.731983E-01
             10        0  0.0           0.0           0.0           0.0           0.0           0.0         
             11        0  0.0           0.0           0.0           0.0           0.0           0.0         
             12        0  0.0           0.0           0.0           0.0           0.0           0.0         
             13        0 -5.551116E-17 -1.196154E-01  1.263411E-17 -8.878589E-16  1.611551E-16  1.790660E-01
                         ------------- ------------- ------------- ------------- ------------- -------------
                MAX* :    3.181456E-02  1.400750E-01  3.330669E-16  0.0           1.611551E-16  2.731983E-01
                MIN* :   -3.181456E-02 -1.196154E-01 -2.220446E-16 -3.108915E-15 -2.222898E-15 -3.199275E-01

                ABS* :    3.181456E-02  1.400750E-01  3.330669E-16  3.108915E-15  2.222898E-15  3.199275E-01
                *for output set


 OUTPUT FOR SUBCASE        1
 OUTPUT FOR EIGENVECTOR        9

                                                         E I G E N V E C T O R
                                              (in global coordinate system at each grid)
           GRID     COORD      T1            T2            T3            R1            R2            R3
                     SYS
              1        0  0.0           0.0           0.0           0.0           0.0           0.0         
              2        0  1.387665E-17 -1.481338E-17 -6.118964E-17  4.656184E-02 -1.005885E-15 -3.295111E-16
              3        0 -6.938768E-18  6.538121E-17  1.201003E-17  2.586769E-02  1.575785E-14 -3.820508E-17
              4        0  5.551646E-17 -6.788786E-17  4.987737E-03  5.153514E-02 -1.006293E-15 -6.663565E-16
              5        0  5.435677E-21  4.865072E-18 -4.987737E-03  5.153514E-02 -1.006293E-15  1.997406E-19
              6        0 -1.387584E-17  7.767191E-19 -6.228148E-16  4.667399E+00 -1.052213E-16 -4.983372E-17
              7        0 -2.133825E-22 -3.005654E-17  8.859080E-17  2.592999E+00  2.750430E-15  6.116593E-17
              8        0 -9.101541E-21 -1.977814E-17  4.999751E-01  5.165927E+00 -1.051239E-16  3.609101E-16
              9        0 -4.164257E-17  2.105287E-17 -4.999751E-01  5.165927E+00 -1.052213E-16 -6.778999E-16
             10        0  0.0           0.0           0.0           0.0           0.0           0.0         
             11        0  0.0           0.0           0.0           0.0           0.0           0.0         
             12        0  0.0           0.0           0.0           0.0           0.0           0.0         
             13        0 -2.133825E-22 -3.005654E-17  8.859080E-17  2.592999E+00 -1.481321E-16  6.116593E-17
                         ------------- ------------- ------------- ------------- ------------- -------------
                MAX* :    5.551646E-17  6.538121E-17  4.999751E-01  5.165927E+00  1.575785E-14  3.609101E-16
                MIN* :   -4.164257E-17 -6.788786E-17 -4.999751E-01  0.0          -1.006293E-15 -6.778999E-16

                ABS* :    5.551646E-17  6.788786E-17  4.999751E-01  5.165927E+00  1.575785E-14  6.778999E-16
                *for output set


 OUTPUT FOR SUBCASE        1
 OUTPUT FOR EIGENVECTOR       10

                                                         E I G E N V E C T O R
                                              (in global coordinate system at each grid)
           GRID     COORD      T1            T2            T3            R1            R2            R3
                     SYS
              1        0  0.0           0.0           0.0           0.0           0.0           0.0         
              2        0  1.484528E-17  1.431258E-17 -1.779413E-16  4.667399E+00  1.106864E-15 -4.431620E-16
              3        0 -3.195537E-17  8.500144E-17  4.518251E-17  2.592999E+00  1.773754E-14  1.110454E-16
              4        0  1.110136E-16 -1.865328E-17  4.999751E-01  5.165927E+00  1.106581E-15 -8.878124E-16
              5        0 -5.552009E-17 -1.605338E-17 -4.999751E-01  5.165927E+00  1.106581E-15 -8.885067E-16
              6        0 -5.795205E-18  3.426194E-17 -2.141103E-16 -4.656184E-02  1.712814E-16 -4.441543E-16
              7        0  2.101863E-17 -7.979728E-17  1.932857E-16 -2.586769E-02  1.457466E-15  3.314798E-16
              8        0  5.552611E-17  4.509710E-17 -4.987737E-03 -5.153514E-02  1.710641E-16 -8.883225E-16
              9        0 -5.549601E-17  3.245699E-18  4.987737E-03 -5.153514E-02  1.712814E-16 -3.470831E-18
             10        0  0.0           0.0           0.0           0.0           0.0           0.0         
             11        0  0.0           0.0           0.0           0.0           0.0           0.0         
             12        0  0.0           0.0           0.0           0.0           0.0           0.0         
             13        0  2.101863E-17 -7.979728E-17  1.932857E-16 -2.586769E-02 -7.988203E-16  3.314798E-16
                         ------------- ------------- ------------- ------------- ------------- -------------
                MAX* :    1.110136E-16  8.500144E-17  4.999751E-01  5.165927E+00  1.773754E-14  3.314798E-16
                MIN* :   -5.552009E-17 -7.979728E-17 -4.999751E-01 -5.153514E-02 -7.988203E-16 -8.885067E-16

                ABS* :    1.110136E-16  8.500144E-17  4.999751E-01  5.165927E+00  1.773754E-14  8.885067E-16
                *for output set

 >> LINK  9 END

    Total CPU time =  3.12E-02 seconds

 >> MYSTRAN END    :  6/27/2026 at 19:34:23.951

                                          * * * END OF JOB * * *
