   604115627

 MYSTRAN Version 18.0.0   APR 20 2026 MYSTRAN developed by Dr Bill Case
*** Please report any problems to mystransolver@gmail.com ***                                                                                                                                                                                                   

 >> MYSTRAN BEGIN  :  6/ 4/2026 at 11:56:27.603 The input file is C:\Users\victo\Documents\Git\MYSTRAN_Validation\working\V30 beam released dof x-n.bdf                                                                                                                                                                           


 >> LINK  0 BEGIN


SOL 103                                                                                                                                                                                                                                                         
CEND                                                                                                                                                                                                                                                            
METHOD = 1                                                                                                                                                                                                                                                      
DISPLACEMENT = ALL                                                                                                                                                                                                                                              
SPC = 1                                                                                                                                                                                                                                                         
MPC = 1                                                                                                                                                                                                                                                         
BEGIN BULK                                                                                                                                                                                                                                                      
ECHO: loadb GRID           1       0   0.0+0   0.0+0   0.0+0       0                                                                                                                                                                                                        
ECHO: loadb GRID           2       0   9.0-1   0.0+0   0.0+0       0                                                                                                                                                                                                        
ECHO: loadb GRID           3       0   5.0-1   0.0+0   0.0+0       0                                                                                                                                                                                                        
ECHO: loadb GRID           4       0   9.0-1   1.0-1   0.0+0       0                                                                                                                                                                                                        
ECHO: loadb GRID           5       0   9.0-1  -1.0-1   0.0+0       0                                                                                                                                                                                                        
ECHO: loadb GRID           6       0   9.0-1   1.0+0   0.0+0       0                                                                                                                                                                                                        
ECHO: loadb GRID           7       0   5.0-1   1.0+0   0.0+0       0                                                                                                                                                                                                        
ECHO: loadb GRID           8       0   9.0-1   1.1+0   0.0+0       0                                                                                                                                                                                                        
ECHO: loadb GRID           9       0   9.0-1   9.0-1   0.0+0       0                                                                                                                                                                                                        
ECHO: loadb GRID          10       0   1.4+0   1.0+0   0.0+0       0                                                                                                                                                                                                        
ECHO: loadb GRID          11       0   1.4+0   0.0+0   0.0+0       0                                                                                                                                                                                                        
ECHO: loadb GRID          12       0   0.0+0   1.0+0   0.0+0       0                                                                                                                                                                                                        
ECHO: loadb GRID          13       0   5.0-1   1.0+0   0.0+0       0                                                                                                                                                                                                        
ECHO: loadb GRID          14       0   9.0-1   1.0+0   0.0+0       0                                                                                                                                                                                                        
ECHO: loadb PARAM    STR_CID      -2                                                                                                                                                                                                                                        
ECHO: loadb MAT1           1  2.0+11  1.0+11   0.0+0   8.0+3   0.0+0   0.0+0                                                                                                                                                                                                
ECHO: loadb SPC            1       1       1   0.0+0                                                                                                                                                                                                                        
ECHO: loadb SPC            1       1       2   0.0+0                                                                                                                                                                                                                        
ECHO: loadb SPC            1       1       3   0.0+0                                                                                                                                                                                                                        
ECHO: loadb SPC            1       1       4   0.0+0                                                                                                                                                                                                                        
ECHO: loadb SPC            1       1       5   0.0+0                                                                                                                                                                                                                        
ECHO: loadb SPC            1       1       6   0.0+0                                                                                                                                                                                                                        
ECHO: loadb SPC            1      10       1   0.0+0                                                                                                                                                                                                                        
ECHO: loadb SPC            1      10       2   0.0+0                                                                                                                                                                                                                        
ECHO: loadb SPC            1      10       3   0.0+0                                                                                                                                                                                                                        
ECHO: loadb SPC            1      10       4   0.0+0                                                                                                                                                                                                                        
ECHO: loadb SPC            1      10       5   0.0+0                                                                                                                                                                                                                        
ECHO: loadb SPC            1      10       6   0.0+0                                                                                                                                                                                                                        
ECHO: loadb SPC            1      11       1   0.0+0                                                                                                                                                                                                                        
ECHO: loadb SPC            1      11       2   0.0+0                                                                                                                                                                                                                        
ECHO: loadb SPC            1      11       3   0.0+0                                                                                                                                                                                                                        
ECHO: loadb SPC            1      11       4   0.0+0                                                                                                                                                                                                                        
ECHO: loadb SPC            1      11       5   0.0+0                                                                                                                                                                                                                        
ECHO: loadb SPC            1      11       6   0.0+0                                                                                                                                                                                                                        
ECHO: loadb SPC            1      12       1   0.0+0                                                                                                                                                                                                                        
ECHO: loadb SPC            1      12       2   0.0+0                                                                                                                                                                                                                        
ECHO: loadb SPC            1      12       3   0.0+0                                                                                                                                                                                                                        
ECHO: loadb SPC            1      12       4   0.0+0                                                                                                                                                                                                                        
ECHO: loadb SPC            1      12       5   0.0+0                                                                                                                                                                                                                        
ECHO: loadb SPC            1      12       6   0.0+0                                                                                                                                                                                                                        
ECHO: loadb MPC            1      13       1   1.0+0       7       1  -1.0+0                                                                                                                                                                                                
ECHO: loadb MPC            1      13       2   1.0+0       7       2  -1.0+0                                                                                                                                                                                                
ECHO: loadb MPC            1      13       3   1.0+0       7       3  -1.0+0                                                                                                                                                                                                
ECHO: loadb MPC            1      13       5   1.0+0       7       5  -1.0+0                                                                                                                                                                                                
ECHO: loadb MPC            1      13       6   1.0+0       7       6  -1.0+0                                                                                                                                                                                                
ECHO: loadb MPC            1       6       1   1.0+0      14       1  -1.0+0                                                                                                                                                                                                
ECHO: loadb MPC            1       6       2   1.0+0      14       2  -1.0+0                                                                                                                                                                                                
ECHO: loadb MPC            1       6       3   1.0+0      14       3  -1.0+0                                                                                                                                                                                                
ECHO: loadb MPC            1       6       4   1.0+0      14       4  -1.0+0                                                                                                                                                                                                
ECHO: loadb MPC            1       6       5   1.0+0      14       5  -1.0+0                                                                                                                                                                                                
ECHO: loadb MPC            1       6       6   1.0+0      14       6  -1.0+0                                                                                                                                                                                                
ECHO: loadb PBAR*                  1               1           5.0-3 4.16666666667-6*                                                                                                                                                                                       
ECHO: loadb *        1.04166666667-6 2.86100260417-6           0.0+0                                                                                                                                                                                                        
ECHO: loadb CBAR           1       1       3       2   0.0+0   1.0+0   0.0+0        +                                                                                                                                                                                       
ECHO:  nextc +              4                                                                                                                                                                                                                                                
ECHO: loadb CBAR           2       1       1       3   0.0+0   1.0+0   0.0+0                                                                                                                                                                                                
ECHO: loadb CBAR           3       1       2       4  -1.0+0   0.0+0   0.0+0                                                                                                                                                                                                
ECHO: loadb CBAR           4       1       2       5   1.0+0   0.0+0   0.0+0                                                                                                                                                                                                
ECHO: loadb CBAR           5       1       7       6   0.0+0   1.0+0   0.0+0                                                                                                                                                                                                
ECHO: loadb CBAR           6       1      14       8  -1.0+0   0.0+0   0.0+0                                                                                                                                                                                                
ECHO: loadb CBAR           7       1      14       9   1.0+0   0.0+0   0.0+0                                                                                                                                                                                                
ECHO: loadb CBAR           8       1      14      10   0.0+0   1.0+0   0.0+0                                                                                                                                                                                                
ECHO: loadb CBAR           9       1       2      11   0.0+0   1.0+0   0.0+0                                                                                                                                                                                                
ECHO: loadb CBAR          10       1      12      13   0.0+0   1.0+0   0.0+0                                                                                                                                                                                                
ECHO: loadb EIGRL          1                      10       0                    MASS                                                                                                                                                                                        
ECHO: loadb ENDDATA                                                                                                                                                                                                                                                         




 >> LINK  0 END


 >> LINK  1 BEGIN

               DEALLOCATED  2.30E-02 MB MEMORY FROM ARRAY STF3

               DEALLOCATED  3.36E-04 MB MEMORY FROM ARRAY STFKEY
               DEALLOCATED  2.30E-02 MB MEMORY FROM ARRAY STF3

 >> LINK  1 END


 >> LINK  2 BEGIN



 *INFORMATION: AUTOSPC Summary, Overall: after identification of all AUTOSPC's                                                               

                                     AUTOSPC_RAT = 1.000000E-08

                       Number of DOF's identified for AUTOSPC in component  1         =            0
                       Number of DOF's identified for AUTOSPC in component  2         =            0
                       Number of DOF's identified for AUTOSPC in component  3         =            0
                       Number of DOF's identified for AUTOSPC in component  4         =            0
                       Number of DOF's identified for AUTOSPC in component  5         =            0
                       Number of DOF's identified for AUTOSPC in component  6         =            0
                                                                                        ------------
                       Total number of DOF's identified overall                       =            0


 >> LINK  2 END


 >> LINK  4 BEGIN

 SUPERLU FACTORIZATION OF MATRIX KMSM SUCCEEDED IN SUBR SYM_MAT_DECOMP_SUPRLU          


                           E I G E N V A L U E   A N A L Y S I S   S U M M A R Y   (LANCZOS  Mode 3 DGB, Shift eigen = -1.00E+00)
                                                                      (SPARSE solution)

                                NUMBER OF EIGENVALUES EXTRACTED  . . . . . .        10

                                LARGEST OFF-DIAGONAL GENERALIZED MASS TERM     5.6E-16 (Vecs renormed to 1.0 for gen masses)

                                                                       . . .        10
                                          MODE PAIR . . . . . . . . . .
                                                                       . . .         9

                                NUMBER OF OFF DIAGONAL GENERALIZED MASS
                                TERMS FAILING CRITERION OF  1.0E-04. . . . .         0



                                            R E A L   E I G E N V A L U E S
    MODE  EXTRACTION      EIGENVALUE           RADIANS              CYCLES            GENERALIZED         GENERALIZED        
   NUMBER   ORDER                                                                        MASS              STIFFNESS

        1       1        4.867389E+05        6.976668E+02        1.110371E+02        1.000000E+00        4.867389E+05
        2       2        4.867389E+05        6.976668E+02        1.110371E+02        1.000000E+00        4.867389E+05
        3       3        1.941611E+06        1.393417E+03        2.217692E+02        1.000000E+00        1.941611E+06
        4       4        1.941611E+06        1.393417E+03        2.217692E+02        1.000000E+00        1.941611E+06
        5       5        3.522293E+06        1.876777E+03        2.986984E+02        1.000000E+00        3.522293E+06
        6       6        3.522293E+06        1.876777E+03        2.986984E+02        1.000000E+00        3.522293E+06
        7       7        1.367885E+07        3.698493E+03        5.886334E+02        1.000000E+00        1.367885E+07
        8       8        1.367885E+07        3.698493E+03        5.886334E+02        1.000000E+00        1.367885E+07
        9       9        1.400227E+07        3.741961E+03        5.955516E+02        1.000000E+00        1.400227E+07
       10      10        1.400227E+07        3.741961E+03        5.955516E+02        1.000000E+00        1.400227E+07



 >> LINK  4 END


 >> LINK  5 BEGIN


 >> LINK  5 END


 >> LINK  9 BEGIN



 OUTPUT FOR EIGENVECTOR        1

                                                         E I G E N V E C T O R
                                              (in global coordinate system at each grid)
           GRID     COORD      T1            T2            T3            R1            R2            R3
                     SYS
              1        0  0.0           0.0           0.0           0.0           0.0           0.0         
              2        0  7.073633E-18 -6.688596E-18  1.544046E-01  8.813939E-16  2.664763E-01 -2.780767E-17
              3        0 -1.895189E-17 -2.205822E-17  1.452607E-01  0.0          -2.867519E-01  1.617706E-17
              4        0 -7.330541E-19 -1.073911E-17  1.546455E-01  3.613055E-03  2.664763E-01  1.278728E-16
              5        0 -1.101561E-17 -2.788644E-18  1.546455E-01 -3.613055E-03  2.664763E-01 -1.930481E-16
              6        0 -1.742165E-18  6.736961E-17  8.452022E-04 -1.202117E-15  1.458676E-03 -1.604280E-16
              7        0  4.960006E-18  3.989864E-17  7.951488E-04 -1.157328E-15 -1.569664E-03  1.563148E-16
              8        0  1.132695E-18  6.797948E-17  8.465207E-04  1.977766E-05  1.458676E-03  6.588730E-17
              9        0 -3.878606E-17  6.137601E-17  8.465207E-04 -1.977766E-05  1.458676E-03 -4.204316E-16
             10        0  0.0           0.0           0.0           0.0           0.0           0.0         
             11        0  0.0           0.0           0.0           0.0           0.0           0.0         
             12        0  0.0           0.0           0.0           0.0           0.0           0.0         
             13        0  4.960006E-18  3.989864E-17  7.951488E-04  0.0          -1.569664E-03  1.563148E-16
             14        0 -1.742165E-18  6.736961E-17  8.452022E-04 -1.202117E-15  1.458676E-03 -1.604280E-16
                         ------------- ------------- ------------- ------------- ------------- -------------
                MAX* :    7.073633E-18  6.797948E-17  1.546455E-01  3.613055E-03  2.664763E-01  1.563148E-16
                MIN* :   -3.878606E-17 -2.205822E-17  0.0          -3.613055E-03 -2.867519E-01 -4.204316E-16

                ABS* :    3.878606E-17  6.797948E-17  1.546455E-01  3.613055E-03  2.867519E-01  4.204316E-16
                *for output set


 OUTPUT FOR EIGENVECTOR        2

                                                         E I G E N V E C T O R
                                              (in global coordinate system at each grid)
           GRID     COORD      T1            T2            T3            R1            R2            R3
                     SYS
              1        0  0.0           0.0           0.0           0.0           0.0           0.0         
              2        0 -5.644878E-18 -6.938894E-18  8.452022E-04  1.075535E-16  1.458676E-03  2.081668E-17
              3        0  1.465993E-17  1.040834E-17  7.951488E-04  0.0          -1.569664E-03 -2.081668E-17
              4        0  8.673617E-19  6.938894E-18  8.465207E-04  1.977766E-05  1.458676E-03 -1.040834E-16
              5        0  9.540979E-18 -4.145616E-55  8.465207E-04 -1.977766E-05  1.458676E-03  1.457168E-16
              6        0  1.349262E-18 -2.775558E-17 -1.544046E-01  1.050767E-15 -2.664763E-01  1.110223E-16
              7        0 -3.830419E-18  6.394890E-59 -1.452607E-01  1.008700E-15  2.867519E-01 -5.551115E-17
              8        0  3.469447E-18 -5.551115E-17 -1.546455E-01 -3.613055E-03 -2.664763E-01 -1.110223E-16
              9        0  2.775558E-17 -5.551115E-17 -1.546455E-01  3.613055E-03 -2.664763E-01  3.330669E-16
             10        0  0.0           0.0           0.0           0.0           0.0           0.0         
             11        0  0.0           0.0           0.0           0.0           0.0           0.0         
             12        0  0.0           0.0           0.0           0.0           0.0           0.0         
             13        0 -3.830419E-18  6.394890E-59 -1.452607E-01  0.0           2.867519E-01 -5.551115E-17
             14        0  1.349262E-18 -2.775558E-17 -1.544046E-01  1.050767E-15 -2.664763E-01  1.110223E-16
                         ------------- ------------- ------------- ------------- ------------- -------------
                MAX* :    2.775558E-17  1.040834E-17  8.465207E-04  3.613055E-03  2.867519E-01  3.330669E-16
                MIN* :   -5.644878E-18 -5.551115E-17 -1.546455E-01 -3.613055E-03 -2.664763E-01 -1.110223E-16

                ABS* :    2.775558E-17  5.551115E-17  1.546455E-01  3.613055E-03  2.867519E-01  3.330669E-16
                *for output set


 OUTPUT FOR EIGENVECTOR        3

                                                         E I G E N V E C T O R
                                              (in global coordinate system at each grid)
           GRID     COORD      T1            T2            T3            R1            R2            R3
                     SYS
              1        0  0.0           0.0           0.0           0.0           0.0           0.0         
              2        0 -9.142387E-18  1.102491E-02 -1.249001E-16 -2.741134E-16 -1.332268E-15 -1.916523E-02
              3        0 -1.055325E-17  1.038697E-02  5.551115E-17  0.0           5.273559E-15  2.050200E-02
              4        0  1.919504E-03  1.102919E-02 -1.110223E-16 -1.006140E-16 -1.332268E-15 -1.920995E-02
              5        0 -1.919504E-03  1.102919E-02 -6.938894E-17 -2.949030E-16 -1.332268E-15 -1.920995E-02
              6        0 -9.258899E-18  1.537223E-01 -2.567391E-16 -2.688821E-17 -4.246603E-15 -2.672243E-01
              7        0 -2.172570E-18  1.448274E-01  3.053113E-16 -4.201283E-17  1.867950E-14  2.858632E-01
              8        0  2.676400E-02  1.537820E-01 -2.844947E-16 -7.285839E-17 -4.246603E-15 -2.678479E-01
              9        0 -2.676400E-02  1.537820E-01 -3.053113E-16 -1.266348E-16 -4.246603E-15 -2.678479E-01
             10        0  0.0           0.0           0.0           0.0           0.0           0.0         
             11        0  0.0           0.0           0.0           0.0           0.0           0.0         
             12        0  0.0           0.0           0.0           0.0           0.0           0.0         
             13        0 -2.172570E-18  1.448274E-01  3.053113E-16  0.0           1.867950E-14  2.858632E-01
             14        0 -9.258899E-18  1.537223E-01 -2.567391E-16 -2.688821E-17 -4.246603E-15 -2.672243E-01
                         ------------- ------------- ------------- ------------- ------------- -------------
                MAX* :    2.676400E-02  1.537820E-01  3.053113E-16  0.0           1.867950E-14  2.858632E-01
                MIN* :   -2.676400E-02  0.0          -3.053113E-16 -2.949030E-16 -4.246603E-15 -2.678479E-01

                ABS* :    2.676400E-02  1.537820E-01  3.053113E-16  2.949030E-16  1.867950E-14  2.858632E-01
                *for output set


 OUTPUT FOR EIGENVECTOR        4

                                                         E I G E N V E C T O R
                                              (in global coordinate system at each grid)
           GRID     COORD      T1            T2            T3            R1            R2            R3
                     SYS
              1        0  0.0           0.0           0.0           0.0           0.0           0.0         
              2        0  3.230351E-17 -1.537223E-01 -3.979022E-17 -4.440892E-16 -4.132979E-16  2.672243E-01
              3        0  3.781875E-17 -1.448274E-01  2.211772E-17  0.0           1.632808E-15 -2.858632E-01
              4        0 -2.676400E-02 -1.537820E-01 -2.775558E-17  4.440892E-16 -4.132979E-16  2.678479E-01
              5        0  2.676400E-02 -1.537820E-01 -2.775558E-17  2.220446E-16 -4.132979E-16  2.678479E-01
              6        0 -3.909639E-18  1.102491E-02 -7.350891E-17 -4.440892E-16 -1.215824E-15 -1.916523E-02
              7        0 -1.609138E-17  1.038697E-02  8.391725E-17 -4.440892E-16  5.329071E-15  2.050200E-02
              8        0  1.919504E-03  1.102919E-02 -1.110223E-16 -8.881784E-16 -1.217125E-15 -1.920995E-02
              9        0 -1.919504E-03  1.102919E-02 -5.551115E-17  5.458728E-36 -1.207584E-15 -1.920995E-02
             10        0  0.0           0.0           0.0           0.0           0.0           0.0         
             11        0  0.0           0.0           0.0           0.0           0.0           0.0         
             12        0  0.0           0.0           0.0           0.0           0.0           0.0         
             13        0 -1.609138E-17  1.038697E-02  8.391725E-17  0.0           5.329071E-15  2.050200E-02
             14        0 -3.909639E-18  1.102491E-02 -7.350891E-17 -4.440892E-16 -1.215824E-15 -1.916523E-02
                         ------------- ------------- ------------- ------------- ------------- -------------
                MAX* :    2.676400E-02  1.102919E-02  8.391725E-17  4.440892E-16  5.329071E-15  2.678479E-01
                MIN* :   -2.676400E-02 -1.537820E-01 -1.110223E-16 -8.881784E-16 -1.217125E-15 -2.858632E-01

                ABS* :    2.676400E-02  1.537820E-01  1.110223E-16  8.881784E-16  5.329071E-15  2.858632E-01
                *for output set


 OUTPUT FOR EIGENVECTOR        5

                                                         E I G E N V E C T O R
                                              (in global coordinate system at each grid)
           GRID     COORD      T1            T2            T3            R1            R2            R3
                     SYS
              1        0  0.0           0.0           0.0           0.0           0.0           0.0         
              2        0 -7.746116E-18  3.469447E-17 -1.051762E-01 -7.771561E-16  3.482774E-01 -6.869505E-16
              3        0 -4.871159E-17  7.285839E-17  1.618069E-01  0.0           2.437286E-01  2.255141E-16
              4        0 -6.591949E-17 -1.734723E-18 -1.063752E-01 -1.798487E-02  3.482774E-01  1.207368E-15
              5        0 -2.341877E-16  5.724587E-17 -1.063752E-01  1.798487E-02  3.482774E-01 -3.011480E-15
              6        0  3.009910E-17 -1.873501E-16 -5.912112E-02  2.220446E-16  1.957719E-01 -3.955170E-16
              7        0  2.307895E-17 -1.561251E-16  9.095403E-02  2.220446E-16  1.370034E-01 -1.318390E-16
              8        0 -1.335737E-16 -2.012279E-16 -5.979509E-02 -1.010956E-02  1.957719E-01  2.636780E-15
              9        0 -2.376571E-16 -2.012279E-16 -5.979509E-02  1.010956E-02  1.957719E-01 -3.774758E-15
             10        0  0.0           0.0           0.0           0.0           0.0           0.0         
             11        0  0.0           0.0           0.0           0.0           0.0           0.0         
             12        0  0.0           0.0           0.0           0.0           0.0           0.0         
             13        0  2.307895E-17 -1.561251E-16  9.095403E-02  0.0           1.370034E-01 -1.318390E-16
             14        0  3.009910E-17 -1.873501E-16 -5.912112E-02  2.220446E-16  1.957719E-01 -3.955170E-16
                         ------------- ------------- ------------- ------------- ------------- -------------
                MAX* :    3.009910E-17  7.285839E-17  1.618069E-01  1.798487E-02  3.482774E-01  2.636780E-15
                MIN* :   -2.376571E-16 -2.012279E-16 -1.063752E-01 -1.798487E-02  0.0          -3.774758E-15

                ABS* :    2.376571E-16  2.012279E-16  1.618069E-01  1.798487E-02  3.482774E-01  3.774758E-15
                *for output set


 OUTPUT FOR EIGENVECTOR        6

                                                         E I G E N V E C T O R
                                              (in global coordinate system at each grid)
           GRID     COORD      T1            T2            T3            R1            R2            R3
                     SYS
              1        0  0.0           0.0           0.0           0.0           0.0           0.0         
              2        0  5.048316E-18 -4.163336E-17 -5.912112E-02 -6.661338E-16  1.957719E-01  4.440892E-16
              3        0  3.291231E-17 -5.551115E-17  9.095403E-02  0.0           1.370034E-01 -1.110223E-16
              4        0  4.857226E-17 -6.938894E-18 -5.979509E-02 -1.010956E-02  1.957719E-01 -8.049117E-16
              5        0  1.491862E-16 -6.245005E-17 -5.979509E-02  1.010956E-02  1.957719E-01  1.998401E-15
              6        0 -2.047363E-17  3.053113E-16  1.051762E-01  8.881784E-16 -3.482774E-01 -5.551115E-17
              7        0 -1.462021E-17  2.220446E-16 -1.618069E-01  8.881784E-16 -2.437286E-01  5.828671E-16
              8        0  1.110223E-16  3.330669E-16  1.063752E-01  1.798487E-02 -3.482774E-01 -1.942890E-15
              9        0  1.353084E-16  3.747003E-16  1.063752E-01 -1.798487E-02 -3.482774E-01  2.275957E-15
             10        0  0.0           0.0           0.0           0.0           0.0           0.0         
             11        0  0.0           0.0           0.0           0.0           0.0           0.0         
             12        0  0.0           0.0           0.0           0.0           0.0           0.0         
             13        0 -1.462021E-17  2.220446E-16 -1.618069E-01  0.0          -2.437286E-01  5.828671E-16
             14        0 -2.047363E-17  3.053113E-16  1.051762E-01  8.881784E-16 -3.482774E-01 -5.551115E-17
                         ------------- ------------- ------------- ------------- ------------- -------------
                MAX* :    1.491862E-16  3.747003E-16  1.063752E-01  1.798487E-02  1.957719E-01  2.275957E-15
                MIN* :   -2.047363E-17 -6.245005E-17 -1.618069E-01 -1.798487E-02 -3.482774E-01 -1.942890E-15

                ABS* :    1.491862E-16  3.747003E-16  1.618069E-01  1.798487E-02  3.482774E-01  2.275957E-15
                *for output set


 OUTPUT FOR EIGENVECTOR        7

                                                         E I G E N V E C T O R
                                              (in global coordinate system at each grid)
           GRID     COORD      T1            T2            T3            R1            R2            R3
                     SYS
              1        0  0.0           0.0           0.0           0.0           0.0           0.0         
              2        0 -5.551117E-17  9.891176E-15  2.186009E-17  6.865398E-01  5.308643E-16  3.397244E-14
              3        0  5.551115E-17 -1.506119E-14  5.527560E-19  0.0          -1.899864E-15  2.249637E-14
              4        0 -3.413936E-15  9.908849E-15  7.179669E-02  7.336804E-01  5.411421E-16  3.436145E-14
              5        0  3.469447E-15  9.909174E-15 -7.179669E-02  7.336804E-01  5.411421E-16  3.455569E-14
              6        0 -3.563491E-23  1.387258E-14 -6.522874E-17  4.731590E+00 -1.918163E-15  4.739125E-14
              7        0 -3.469443E-18 -2.111744E-14  4.202978E-17  4.731590E+00  7.182469E-15  3.161741E-14
              8        0 -4.777428E-15  1.397417E-14  4.948184E-01  5.056481E+00 -1.889797E-15  4.794080E-14
              9        0  4.794776E-15  1.393904E-14 -4.948184E-01  5.056481E+00 -1.881882E-15  4.831184E-14
             10        0  0.0           0.0           0.0           0.0           0.0           0.0         
             11        0  0.0           0.0           0.0           0.0           0.0           0.0         
             12        0  0.0           0.0           0.0           0.0           0.0           0.0         
             13        0 -3.469443E-18 -2.111744E-14  4.202978E-17  0.0           7.182469E-15  3.161741E-14
             14        0 -3.563491E-23  1.387258E-14 -6.522874E-17  4.731590E+00 -1.918163E-15  4.739125E-14
                         ------------- ------------- ------------- ------------- ------------- -------------
                MAX* :    4.794776E-15  1.397417E-14  4.948184E-01  5.056481E+00  7.182469E-15  4.831184E-14
                MIN* :   -4.777428E-15 -2.111744E-14 -4.948184E-01  0.0          -1.918163E-15  0.0         

                ABS* :    4.794776E-15  2.111744E-14  4.948184E-01  5.056481E+00  7.182469E-15  4.831184E-14
                *for output set


 OUTPUT FOR EIGENVECTOR        8

                                                         E I G E N V E C T O R
                                              (in global coordinate system at each grid)
           GRID     COORD      T1            T2            T3            R1            R2            R3
                     SYS
              1        0  0.0           0.0           0.0           0.0           0.0           0.0         
              2        0  5.551119E-17  4.635181E-15  5.312387E-17 -4.731590E+00 -4.312170E-15  1.605650E-14
              3        0  1.387778E-17 -7.042977E-15 -1.935928E-17  0.0           1.524790E-14  1.049153E-14
              4        0 -1.637579E-15  4.649060E-15 -4.948184E-01 -5.056481E+00 -4.307819E-15  1.668102E-14
              5        0  1.637579E-15  4.638650E-15  4.948184E-01 -5.056481E+00 -4.307819E-15  1.604272E-14
              6        0  6.938958E-18  6.016021E-15 -1.553218E-17  6.865398E-01 -1.407149E-15  2.081685E-14
              7        0 -1.040835E-17 -9.166279E-15  1.169362E-17  6.865398E-01  5.095877E-15  1.368290E-14
              8        0 -2.126771E-15  6.071532E-15  7.179669E-02  7.336804E-01 -1.393809E-15  2.159386E-14
              9        0  2.081668E-15  6.043777E-15 -7.179669E-02  7.336804E-01 -1.393031E-15  2.073378E-14
             10        0  0.0           0.0           0.0           0.0           0.0           0.0         
             11        0  0.0           0.0           0.0           0.0           0.0           0.0         
             12        0  0.0           0.0           0.0           0.0           0.0           0.0         
             13        0 -1.040835E-17 -9.166279E-15  1.169362E-17  0.0           5.095877E-15  1.368290E-14
             14        0  6.938958E-18  6.016021E-15 -1.553218E-17  6.865398E-01 -1.407149E-15  2.081685E-14
                         ------------- ------------- ------------- ------------- ------------- -------------
                MAX* :    2.081668E-15  6.071532E-15  4.948184E-01  7.336804E-01  1.524790E-14  2.159386E-14
                MIN* :   -2.126771E-15 -9.166279E-15 -4.948184E-01 -5.056481E+00 -4.312170E-15  0.0         

                ABS* :    2.126771E-15  9.166279E-15  4.948184E-01  5.056481E+00  1.524790E-14  2.159386E-14
                *for output set


 OUTPUT FOR EIGENVECTOR        9

                                                         E I G E N V E C T O R
                                              (in global coordinate system at each grid)
           GRID     COORD      T1            T2            T3            R1            R2            R3
                     SYS
              1        0  0.0           0.0           0.0           0.0           0.0           0.0         
              2        0  6.937630E-18  8.433676E-02  4.587913E-18 -2.569176E-14  2.814796E-15  2.878447E-01
              3        0  1.393661E-22 -1.281697E-01  5.569288E-18  0.0          -9.751743E-15  1.918720E-01
              4        0 -2.911056E-02  8.457360E-02 -2.672800E-15 -2.709231E-14  2.810038E-15  2.927361E-01
              5        0  2.911056E-02  8.457360E-02  2.706119E-15 -2.778481E-14  2.810038E-15  2.927361E-01
              6        0 -1.041025E-17 -8.704977E-02  9.273310E-18  1.265008E-13 -5.629838E-15 -2.971044E-01
              7        0 -8.673409E-18  1.322928E-01 -7.680518E-18  1.266329E-13  2.038762E-14 -1.980443E-01
              8        0  3.004702E-02 -8.729424E-02  1.322507E-14  1.350141E-13 -5.657827E-15 -3.021531E-01
              9        0 -3.004702E-02 -8.729424E-02 -1.322075E-14  1.359502E-13 -5.598398E-15 -3.021531E-01
             10        0  0.0           0.0           0.0           0.0           0.0           0.0         
             11        0  0.0           0.0           0.0           0.0           0.0           0.0         
             12        0  0.0           0.0           0.0           0.0           0.0           0.0         
             13        0 -8.673409E-18  1.322928E-01 -7.680518E-18  0.0           2.038762E-14 -1.980443E-01
             14        0 -1.041025E-17 -8.704977E-02  9.273310E-18  1.265008E-13 -5.629838E-15 -2.971044E-01
                         ------------- ------------- ------------- ------------- ------------- -------------
                MAX* :    3.004702E-02  1.322928E-01  1.322507E-14  1.359502E-13  2.038762E-14  2.927361E-01
                MIN* :   -3.004702E-02 -1.281697E-01 -1.322075E-14 -2.778481E-14 -9.751743E-15 -3.021531E-01

                ABS* :    3.004702E-02  1.322928E-01  1.322507E-14  1.359502E-13  2.038762E-14  3.021531E-01
                *for output set


 OUTPUT FOR EIGENVECTOR       10

                                                         E I G E N V E C T O R
                                              (in global coordinate system at each grid)
           GRID     COORD      T1            T2            T3            R1            R2            R3
                     SYS
              1        0  0.0           0.0           0.0           0.0           0.0           0.0         
              2        0  3.011517E-17 -8.704977E-02  2.240395E-17 -1.985723E-13 -1.650748E-15 -2.971044E-01
              3        0 -3.198557E-18  1.322928E-01  2.680119E-17  0.0           5.862592E-15 -1.980443E-01
              4        0  3.004702E-02 -8.729424E-02 -2.074324E-14 -2.124323E-13 -1.675932E-15 -3.021531E-01
              5        0 -3.004702E-02 -8.729424E-02  2.083571E-14 -2.117624E-13 -1.675932E-15 -3.021531E-01
              6        0 -1.647429E-17 -8.433676E-02  5.748655E-17  6.978469E-13  5.071576E-15 -2.878447E-01
              7        0  5.292022E-18  1.281697E-01 -4.079013E-17  6.983591E-13 -1.885774E-14 -1.918720E-01
              8        0  2.911056E-02 -8.457360E-02  7.308745E-14  7.470525E-13  5.107139E-15 -2.927361E-01
              9        0 -2.911056E-02 -8.457360E-02 -7.289354E-14  7.473604E-13  5.070391E-15 -2.927361E-01
             10        0  0.0           0.0           0.0           0.0           0.0           0.0         
             11        0  0.0           0.0           0.0           0.0           0.0           0.0         
             12        0  0.0           0.0           0.0           0.0           0.0           0.0         
             13        0  5.292022E-18  1.281697E-01 -4.079013E-17  0.0          -1.885774E-14 -1.918720E-01
             14        0 -1.647429E-17 -8.433676E-02  5.748655E-17  6.978469E-13  5.071576E-15 -2.878447E-01
                         ------------- ------------- ------------- ------------- ------------- -------------
                MAX* :    3.004702E-02  1.322928E-01  7.308745E-14  7.473604E-13  5.862592E-15  0.0         
                MIN* :   -3.004702E-02 -8.729424E-02 -7.289354E-14 -2.124323E-13 -1.885774E-14 -3.021531E-01

                ABS* :    3.004702E-02  1.322928E-01  7.308745E-14  7.473604E-13  1.885774E-14  3.021531E-01
                *for output set

 >> LINK  9 END

    Total CPU time =  3.12E-02 seconds

 >> MYSTRAN END    :  6/ 4/2026 at 11:56:27.681
