   604115628

 MYSTRAN Version 18.0.0   APR 20 2026 MYSTRAN developed by Dr Bill Case
*** Please report any problems to mystransolver@gmail.com ***                                                                                                                                                                                                   

 >> MYSTRAN BEGIN  :  6/ 4/2026 at 11:56:28. 20 The input file is C:\Users\victo\Documents\Git\MYSTRAN_Validation\working\V30 beam released dof y-z rotated.bdf                                                                                                                                                                   


 >> LINK  0 BEGIN


SOL 103                                                                                                                                                                                                                                                         
CEND                                                                                                                                                                                                                                                            
METHOD = 1                                                                                                                                                                                                                                                      
DISPLACEMENT = ALL                                                                                                                                                                                                                                              
SPC = 1                                                                                                                                                                                                                                                         
BEGIN BULK                                                                                                                                                                                                                                                      
ECHO: loadb GRID           1       0   0.0+0   0.0+0   0.0+0       0                                                                                                                                                                                                        
ECHO: loadb GRID*                  2               0 8.45111787319-1 4.85520102084-2*                                                                                                                                                                                       
ECHO: loadb *       -6.63475841284-2               0                                                                                                                                                                                                                        
ECHO: loadb GRID*                  3               0 4.79621857405-1-1.36085733771-1*                                                                                                                                                                                       
ECHO: loadb *        8.69443565607-2               0                                                                                                                                                                                                                        
ECHO: loadb GRID*                  4               0 1.25400602818+0 3.08036088943-1*                                                                                                                                                                                       
ECHO: loadb *       -3.53301137686-1               0                                                                                                                                                                                                                        
ECHO: loadb GRID           5       0   0.0+0   1.0+0   0.0+0       0                                                                                                                                                                                                        
ECHO: loadb GRID*                  6               0 6.98714484792-1 1.04855201021+0*                                                                                                                                                                                       
ECHO: loadb *       -4.80014586994-1               0                                                                                                                                                                                                                        
ECHO: loadb GRID*                  7               0 4.58836891003-1 8.63914266229-1*                                                                                                                                                                                       
ECHO: loadb *       -1.64514907205-1               0                                                                                                                                                                                                                        
ECHO: loadb GRID*                  8               0 9.09350508056-1 1.30803608894+0*                                                                                                                                                                                       
ECHO: loadb *        -9.3297077451-1               0                                                                                                                                                                                                                        
ECHO: loadb GRID*                  9               0          -1.0+0-1.2246063538-16*                                                                                                                                                                                       
ECHO: loadb *                  0.0+0               0                                                                                                                                                                                                                        
ECHO: loadb GRID*                 10               0-9.51447989792-1-8.45111787319-1*                                                                                                                                                                                       
ECHO: loadb *       -6.63475841284-2               0                                                                                                                                                                                                                        
ECHO: loadb GRID*                 11               0-1.13608573377+0-4.79621857405-1*                                                                                                                                                                                       
ECHO: loadb *        8.69443565607-2               0                                                                                                                                                                                                                        
ECHO: loadb GRID*                 12               0-6.91963911057-1-1.25400602818+0*                                                                                                                                                                                       
ECHO: loadb *       -3.53301137686-1               0                                                                                                                                                                                                                        
ECHO: loadb PARAM    STR_CID      -2                                                                                                                                                                                                                                        
ECHO: loadb MAT1           1  2.0+11  1.0+11   0.0+0   8.0+3   0.0+0   0.0+0                                                                                                                                                                                                
ECHO: loadb SPC            1       1       1   0.0+0                                                                                                                                                                                                                        
ECHO: loadb SPC            1       1       2   0.0+0                                                                                                                                                                                                                        
ECHO: loadb SPC            1       1       3   0.0+0                                                                                                                                                                                                                        
ECHO: loadb SPC            1       1       4   0.0+0                                                                                                                                                                                                                        
ECHO: loadb SPC            1       1       5   0.0+0                                                                                                                                                                                                                        
ECHO: loadb SPC            1       1       6   0.0+0                                                                                                                                                                                                                        
ECHO: loadb SPC            1       4       1   0.0+0                                                                                                                                                                                                                        
ECHO: loadb SPC            1       4       2   0.0+0                                                                                                                                                                                                                        
ECHO: loadb SPC            1       4       3   0.0+0                                                                                                                                                                                                                        
ECHO: loadb SPC            1       4       4   0.0+0                                                                                                                                                                                                                        
ECHO: loadb SPC            1       4       5   0.0+0                                                                                                                                                                                                                        
ECHO: loadb SPC            1       4       6   0.0+0                                                                                                                                                                                                                        
ECHO: loadb SPC            1       5       1   0.0+0                                                                                                                                                                                                                        
ECHO: loadb SPC            1       5       2   0.0+0                                                                                                                                                                                                                        
ECHO: loadb SPC            1       5       3   0.0+0                                                                                                                                                                                                                        
ECHO: loadb SPC            1       5       4   0.0+0                                                                                                                                                                                                                        
ECHO: loadb SPC            1       5       5   0.0+0                                                                                                                                                                                                                        
ECHO: loadb SPC            1       5       6   0.0+0                                                                                                                                                                                                                        
ECHO: loadb SPC            1       8       1   0.0+0                                                                                                                                                                                                                        
ECHO: loadb SPC            1       8       2   0.0+0                                                                                                                                                                                                                        
ECHO: loadb SPC            1       8       3   0.0+0                                                                                                                                                                                                                        
ECHO: loadb SPC            1       8       4   0.0+0                                                                                                                                                                                                                        
ECHO: loadb SPC            1       8       5   0.0+0                                                                                                                                                                                                                        
ECHO: loadb SPC            1       8       6   0.0+0                                                                                                                                                                                                                        
ECHO: loadb SPC            1       9       1   0.0+0                                                                                                                                                                                                                        
ECHO: loadb SPC            1       9       2   0.0+0                                                                                                                                                                                                                        
ECHO: loadb SPC            1       9       3   0.0+0                                                                                                                                                                                                                        
ECHO: loadb SPC            1       9       4   0.0+0                                                                                                                                                                                                                        
ECHO: loadb SPC            1       9       5   0.0+0                                                                                                                                                                                                                        
ECHO: loadb SPC            1       9       6   0.0+0                                                                                                                                                                                                                        
ECHO: loadb SPC            1      12       1   0.0+0                                                                                                                                                                                                                        
ECHO: loadb SPC            1      12       2   0.0+0                                                                                                                                                                                                                        
ECHO: loadb SPC            1      12       3   0.0+0                                                                                                                                                                                                                        
ECHO: loadb SPC            1      12       4   0.0+0                                                                                                                                                                                                                        
ECHO: loadb SPC            1      12       5   0.0+0                                                                                                                                                                                                                        
ECHO: loadb SPC            1      12       6   0.0+0                                                                                                                                                                                                                        
ECHO: loadb PBAR*                  1               1           5.0-3 4.16666666667-6*                                                                                                                                                                                       
ECHO: loadb *        1.04166666667-6 2.86100260417-6           0.0+0                                                                                                                                                                                                        
ECHO: loadb CBAR*                  1               1               3               2*                                                                                                                                                                                       
ECHO: loadb *        -2.3365301661-1 8.51795751476-1 4.68881931403-1                *                                                                                                                                                                                       
ECHO nextc2: *                      5               6                                *                                                                                                                                                                                       
ECHO nextc2: *                                                                                                                                                                                                                                                               
ECHO: loadb CBAR*                  2               1               1               3*                                                                                                                                                                                       
ECHO: loadb *        1.87627194457-1 9.05081366509-1 3.81606807982-1                                                                                                                                                                                                        
ECHO: loadb CBAR*                  3               1               2               4*                                                                                                                                                                                       
ECHO: loadb *       -1.58098859148-1 8.33898887078-1 5.28788612648-1                                                                                                                                                                                                        
ECHO: loadb CBAR*                  4               1               7               6*                                                                                                                                                                                       
ECHO: loadb *        3.20915176461-2 8.51795751476-1 5.22890172276-1                *                                                                                                                                                                                       
ECHO nextc2: *                      5               6                                *                                                                                                                                                                                       
ECHO nextc2: *                                                                                                                                                                                                                                                               
ECHO: loadb CBAR*                  5               1               5               7*                                                                                                                                                                                       
ECHO: loadb *        3.53293320831-1 9.05081366509-1 2.36667592741-1                                                                                                                                                                                                        
ECHO: loadb CBAR*                  6               1               6               8*                                                                                                                                                                                       
ECHO: loadb *        1.27476677993-1 8.33898887078-1 5.36993801359-1                                                                                                                                                                                                        
ECHO: loadb CBAR*                  7               1              11              10*                                                                                                                                                                                       
ECHO: loadb *        8.51795751476-1  2.3365301661-1 4.68881931403-1                *                                                                                                                                                                                       
ECHO nextc2: *                      5               6                                *                                                                                                                                                                                       
ECHO nextc2: *                                                                                                                                                                                                                                                               
ECHO: loadb CBAR*                  8               1               9              11*                                                                                                                                                                                       
ECHO: loadb *        9.05081366509-1-1.87627194457-1 3.81606807982-1                                                                                                                                                                                                        
ECHO: loadb CBAR*                  9               1              10              12*                                                                                                                                                                                       
ECHO: loadb *        8.33898887078-1 1.58098859148-1 5.28788612648-1                                                                                                                                                                                                        
ECHO: loadb EIGRL          1                       6       0                    MASS                                                                                                                                                                                        
ECHO: loadb ENDDATA                                                                                                                                                                                                                                                         




 >> LINK  0 END


 >> LINK  1 BEGIN

               DEALLOCATED  2.07E-02 MB MEMORY FROM ARRAY STF3

               DEALLOCATED  2.88E-04 MB MEMORY FROM ARRAY STFKEY
               DEALLOCATED  2.07E-02 MB MEMORY FROM ARRAY STF3

 >> LINK  1 END


 >> LINK  2 BEGIN



 *INFORMATION: AUTOSPC Summary, Overall: after identification of all AUTOSPC's                                                               

                                     AUTOSPC_RAT = 1.000000E-08

                       Number of DOF's identified for AUTOSPC in component  1         =            0
                       Number of DOF's identified for AUTOSPC in component  2         =            0
                       Number of DOF's identified for AUTOSPC in component  3         =            0
                       Number of DOF's identified for AUTOSPC in component  4         =            0
                       Number of DOF's identified for AUTOSPC in component  5         =            0
                       Number of DOF's identified for AUTOSPC in component  6         =            0
                                                                                        ------------
                       Total number of DOF's identified overall                       =            0


 >> LINK  2 END


 >> LINK  4 BEGIN

 SUPERLU FACTORIZATION OF MATRIX KMSM SUCCEEDED IN SUBR SYM_MAT_DECOMP_SUPRLU          


                           E I G E N V A L U E   A N A L Y S I S   S U M M A R Y   (LANCZOS  Mode 3 DGB, Shift eigen = -1.00E+00)
                                                                      (SPARSE solution)

                                NUMBER OF EIGENVALUES EXTRACTED  . . . . . .         6

                                LARGEST OFF-DIAGONAL GENERALIZED MASS TERM     2.6E-16 (Vecs renormed to 1.0 for gen masses)

                                                                       . . .         6
                                          MODE PAIR . . . . . . . . . .
                                                                       . . .         4

                                NUMBER OF OFF DIAGONAL GENERALIZED MASS
                                TERMS FAILING CRITERION OF  1.0E-04. . . . .         0



                                            R E A L   E I G E N V A L U E S
    MODE  EXTRACTION      EIGENVALUE           RADIANS              CYCLES            GENERALIZED         GENERALIZED        
   NUMBER   ORDER                                                                        MASS              STIFFNESS

        1       1        7.392886E+05        8.598189E+02        1.368444E+02        1.000000E+00        7.392886E+05
        2       2        7.392886E+05        8.598189E+02        1.368444E+02        1.000000E+00        7.392886E+05
        3       3        7.392886E+05        8.598189E+02        1.368444E+02        1.000000E+00        7.392886E+05
        4       4        1.145444E+06        1.070254E+03        1.703363E+02        1.000000E+00        1.145444E+06
        5       5        1.145444E+06        1.070254E+03        1.703363E+02        1.000000E+00        1.145444E+06
        6       6        1.145444E+06        1.070254E+03        1.703363E+02        1.000000E+00        1.145444E+06



 >> LINK  4 END


 >> LINK  5 BEGIN


 >> LINK  5 END


 >> LINK  9 BEGIN



 OUTPUT FOR EIGENVECTOR        1

                                                         E I G E N V E C T O R
                                              (in global coordinate system at each grid)
           GRID     COORD      T1            T2            T3            R1            R2            R3
                     SYS
              1        0  0.0           0.0           0.0           0.0           0.0           0.0         
              2        0 -5.183197E-06  2.256990E-05  1.309831E-05 -5.023773E-05  2.022798E-05 -4.640378E-05
              3        0  5.997176E-07  8.374265E-06  9.870655E-06  1.207636E-06 -3.033697E-05  2.766217E-05
              4        0  0.0           0.0           0.0           0.0           0.0           0.0         
              5        0  0.0           0.0           0.0           0.0           0.0           0.0         
              6        0  3.374551E-07  3.696574E-06  2.282332E-06 -1.466098E-05 -2.816801E-06  2.369143E-06
              7        0  8.933889E-07  1.371565E-06  1.350947E-06  2.123960E-06 -4.947979E-06  3.854515E-06
              8        0  0.0           0.0           0.0           0.0           0.0           0.0         
              9        0  0.0           0.0           0.0           0.0           0.0           0.0         
             10        0  1.714638E-01  3.937681E-02  9.950801E-02  1.472462E-01  3.847207E-01 -3.492877E-01
             11        0  6.361939E-02 -4.556062E-03  7.498748E-02 -2.307784E-01 -1.038451E-02  2.101468E-01
             12        0  0.0           0.0           0.0           0.0           0.0           0.0         
                         ------------- ------------- ------------- ------------- ------------- -------------
                MAX* :    1.714638E-01  3.937681E-02  9.950801E-02  1.472462E-01  3.847207E-01  2.101468E-01
                MIN* :   -5.183197E-06 -4.556062E-03  0.0          -2.307784E-01 -1.038451E-02 -3.492877E-01

                ABS* :    1.714638E-01  3.937681E-02  9.950801E-02  2.307784E-01  3.847207E-01  3.492877E-01
                *for output set


 OUTPUT FOR EIGENVECTOR        2

                                                         E I G E N V E C T O R
                                              (in global coordinate system at each grid)
           GRID     COORD      T1            T2            T3            R1            R2            R3
                     SYS
              1        0  0.0           0.0           0.0           0.0           0.0           0.0         
              2        0 -3.937681E-02  1.714638E-01  9.950801E-02 -3.847177E-01  1.472460E-01 -3.492880E-01
              3        0  4.556062E-03  6.361939E-02  7.498748E-02  1.038561E-02 -2.307786E-01  2.101469E-01
              4        0  0.0           0.0           0.0           0.0           0.0           0.0         
              5        0  0.0           0.0           0.0           0.0           0.0           0.0         
              6        0 -5.750598E-08 -6.299361E-07 -3.889340E-07  1.345308E-05  1.815682E-05 -1.439907E-05
              7        0 -1.522431E-07 -2.337295E-07 -2.302160E-07  6.270448E-07  7.624763E-07 -7.834181E-07
              8        0  0.0           0.0           0.0           0.0           0.0           0.0         
              9        0  0.0           0.0           0.0           0.0           0.0           0.0         
             10        0 -2.256988E-05 -5.183194E-06 -1.309830E-05 -1.152494E-05 -6.404226E-05  4.076722E-05
             11        0 -8.374260E-06  5.997173E-07 -9.870649E-06  3.003392E-05 -5.321093E-07 -2.735666E-05
             12        0  0.0           0.0           0.0           0.0           0.0           0.0         
                         ------------- ------------- ------------- ------------- ------------- -------------
                MAX* :    4.556062E-03  1.714638E-01  9.950801E-02  1.038561E-02  1.472460E-01  2.101469E-01
                MIN* :   -3.937681E-02 -5.183194E-06 -1.309830E-05 -3.847177E-01 -2.307786E-01 -3.492880E-01

                ABS* :    3.937681E-02  1.714638E-01  9.950801E-02  3.847177E-01  2.307786E-01  3.492880E-01
                *for output set


 OUTPUT FOR EIGENVECTOR        3

                                                         E I G E N V E C T O R
                                              (in global coordinate system at each grid)
           GRID     COORD      T1            T2            T3            R1            R2            R3
                     SYS
              1        0  0.0           0.0           0.0           0.0           0.0           0.0         
              2        0 -1.445536E-07  6.294495E-07  3.652973E-07 -1.425474E-06  5.129126E-07 -1.268308E-06
              3        0  1.672546E-08  2.335490E-07  2.752816E-07  4.333407E-08 -8.485223E-07  7.714436E-07
              4        0  0.0           0.0           0.0           0.0           0.0           0.0         
              5        0  0.0           0.0           0.0           0.0           0.0           0.0         
              6        0  1.565269E-02  1.714638E-01  1.058649E-01 -5.078187E-01  1.472489E-01 -1.101354E-01
              7        0  4.143941E-02  6.361939E-02  6.266303E-02  1.140672E-01 -2.307785E-01  1.768000E-01
              8        0  0.0           0.0           0.0           0.0           0.0           0.0         
              9        0  0.0           0.0           0.0           0.0           0.0           0.0         
             10        0 -3.696657E-06 -8.489406E-07 -2.145334E-06 -3.092282E-06 -8.434647E-06  7.475894E-06
             11        0 -1.371596E-06  9.822598E-08 -1.616685E-06  4.971848E-06  2.040028E-07 -4.527445E-06
             12        0  0.0           0.0           0.0           0.0           0.0           0.0         
                         ------------- ------------- ------------- ------------- ------------- -------------
                MAX* :    4.143941E-02  1.714638E-01  1.058649E-01  1.140672E-01  1.472489E-01  1.768000E-01
                MIN* :   -3.696657E-06 -8.489406E-07 -2.145334E-06 -5.078187E-01 -2.307785E-01 -1.101354E-01

                ABS* :    4.143941E-02  1.714638E-01  1.058649E-01  5.078187E-01  2.307785E-01  1.768000E-01
                *for output set


 OUTPUT FOR EIGENVECTOR        4

                                                         E I G E N V E C T O R
                                              (in global coordinate system at each grid)
           GRID     COORD      T1            T2            T3            R1            R2            R3
                     SYS
              1        0  0.0           0.0           0.0           0.0           0.0           0.0         
              2        0 -1.436034E-01  5.726648E-02 -1.533083E-01  3.466407E-02 -1.045244E-02 -1.641039E-02
              3        0 -1.756096E-02 -3.861055E-02  3.073673E-02  1.179467E-01 -1.340977E-01 -8.258079E-02
              4        0  0.0           0.0           0.0           0.0           0.0           0.0         
              5        0  0.0           0.0           0.0           0.0           0.0           0.0         
              6        0  4.021749E-06 -1.145723E-06  1.219763E-06 -6.371669E-03 -1.028058E-02  8.140292E-03
              7        0 -3.203524E-09  7.724764E-07 -7.082287E-07 -5.764182E-04  4.962669E-05  7.622485E-05
              8        0  0.0           0.0           0.0           0.0           0.0           0.0         
              9        0  0.0           0.0           0.0           0.0           0.0           0.0         
             10        0  1.393238E-06  3.493732E-06 -3.729844E-06 -4.320665E-03  7.368035E-03  2.864264E-03
             11        0 -9.393574E-07  4.272413E-07  7.477948E-07  1.856635E-04  1.041332E-03 -1.697684E-04
             12        0  0.0           0.0           0.0           0.0           0.0           0.0         
                         ------------- ------------- ------------- ------------- ------------- -------------
                MAX* :    4.021749E-06  5.726648E-02  3.073673E-02  1.179467E-01  7.368035E-03  8.140292E-03
                MIN* :   -1.436034E-01 -3.861055E-02 -1.533083E-01 -6.371669E-03 -1.340977E-01 -8.258079E-02

                ABS* :    1.436034E-01  5.726648E-02  1.533083E-01  1.179467E-01  1.340977E-01  8.258079E-02
                *for output set


 OUTPUT FOR EIGENVECTOR        5

                                                         E I G E N V E C T O R
                                              (in global coordinate system at each grid)
           GRID     COORD      T1            T2            T3            R1            R2            R3
                     SYS
              1        0  0.0           0.0           0.0           0.0           0.0           0.0         
              2        0 -3.493729E-06  1.393237E-06 -3.729840E-06 -6.145304E-03 -1.290307E-02  6.509117E-03
              3        0 -4.272409E-07 -9.393565E-07  7.477942E-07  2.434757E-03 -6.223983E-04 -7.977635E-06
              4        0  0.0           0.0           0.0           0.0           0.0           0.0         
              5        0  0.0           0.0           0.0           0.0           0.0           0.0         
              6        0  2.218467E-07 -6.320007E-08  6.728424E-08  5.665917E-02  9.142695E-02 -7.238587E-02
              7        0 -1.766793E-10  4.261113E-08 -3.906713E-08  5.115131E-03 -4.173093E-04 -6.544795E-04
              8        0  0.0           0.0           0.0           0.0           0.0           0.0         
              9        0  0.0           0.0           0.0           0.0           0.0           0.0         
             10        0 -5.726648E-02 -1.436034E-01  1.533083E-01  5.032429E-02 -3.155809E-02 -9.796791E-03
             11        0  3.861055E-02 -1.756096E-02 -3.073673E-02  1.324872E-01  1.089340E-01  8.407334E-02
             12        0  0.0           0.0           0.0           0.0           0.0           0.0         
                         ------------- ------------- ------------- ------------- ------------- -------------
                MAX* :    3.861055E-02  1.393237E-06  1.533083E-01  1.324872E-01  1.089340E-01  8.407334E-02
                MIN* :   -5.726648E-02 -1.436034E-01 -3.073673E-02 -6.145304E-03 -3.155809E-02 -7.238587E-02

                ABS* :    5.726648E-02  1.436034E-01  1.533083E-01  1.324872E-01  1.089340E-01  8.407334E-02
                *for output set


 OUTPUT FOR EIGENVECTOR        6

                                                         E I G E N V E C T O R
                                              (in global coordinate system at each grid)
           GRID     COORD      T1            T2            T3            R1            R2            R3
                     SYS
              1        0  0.0           0.0           0.0           0.0           0.0           0.0         
              2        0 -2.873059E-06  1.145725E-06 -3.067225E-06  1.018292E-04  2.121086E-04 -1.074433E-04
              3        0 -3.513405E-07 -7.724774E-07  6.149466E-07 -3.765731E-05  7.505090E-06 -1.553973E-06
              4        0  0.0           0.0           0.0           0.0           0.0           0.0         
              5        0  0.0           0.0           0.0           0.0           0.0           0.0         
              6        0 -2.010184E-01  5.726648E-02 -6.096721E-02  2.064977E-02 -1.340799E-02 -2.937308E-02
              7        0  1.601210E-04 -3.861055E-02  3.539927E-02  6.100673E-02 -1.341604E-01 -1.306169E-01
              8        0  0.0           0.0           0.0           0.0           0.0           0.0         
              9        0  0.0           0.0           0.0           0.0           0.0           0.0         
             10        0 -6.317220E-08 -1.584128E-07  1.691186E-07 -6.322973E-04  1.078510E-03  4.192737E-04
             11        0  4.259234E-08 -1.937198E-08 -3.390652E-08  2.779859E-05  1.529559E-04 -2.446138E-05
             12        0  0.0           0.0           0.0           0.0           0.0           0.0         
                         ------------- ------------- ------------- ------------- ------------- -------------
                MAX* :    1.601210E-04  5.726648E-02  3.539927E-02  6.100673E-02  1.078510E-03  4.192737E-04
                MIN* :   -2.010184E-01 -3.861055E-02 -6.096721E-02 -6.322973E-04 -1.341604E-01 -1.306169E-01

                ABS* :    2.010184E-01  5.726648E-02  6.096721E-02  6.100673E-02  1.341604E-01  1.306169E-01
                *for output set

 >> LINK  9 END

    Total CPU time =  3.12E-02 seconds

 >> MYSTRAN END    :  6/ 4/2026 at 11:56:28.111
