   627193401

 MYSTRAN Version 18.0.0   APR 20 2026 MYSTRAN developed by Dr Bill Case
*** Please report any problems to mystransolver@gmail.com ***                                                                                                                                                                                                   

 >> MYSTRAN BEGIN  :  6/27/2026 at 19:34: 1.625 The input file is C:\Users\victo\Documents\Git\MYSTRAN_Validation\working\S30 node-surface coupling RBE3 5.bdf                                                                                                                                                                    


 >> LINK  0 BEGIN


SOL 101                                                                                                                                                                                                                                                         
CEND                                                                                                                                                                                                                                                            
DISPLACEMENT = ALL                                                                                                                                                                                                                                              
SPCFORCES = ALL                                                                                                                                                                                                                                                 
MPCFORCES = ALL                                                                                                                                                                                                                                                 
SPC = 1                                                                                                                                                                                                                                                         
LOAD = 1                                                                                                                                                                                                                                                        
BEGIN BULK                                                                                                                                                                                                                                                      
ECHO: loadb GRID           1       0   0.0+0  -1.0+0   0.0+0       0                                                                                                                                                                                                        
ECHO: loadb GRID           2       0   1.0+0   0.0+0   0.0+0       0                                                                                                                                                                                                        
ECHO: loadb GRID           3       0   0.0+0   1.0+0   0.0+0       0                                                                                                                                                                                                        
ECHO: loadb GRID           4       0  -1.0+0   0.0+0   0.0+0       0                                                                                                                                                                                                        
ECHO: loadb GRID           5       0   0.0+0  -1.0+0   1.0+0       0                                                                                                                                                                                                        
ECHO: loadb GRID           6       0   1.0+0   0.0+0   1.0+0       0                                                                                                                                                                                                        
ECHO: loadb GRID           7       0   0.0+0   1.0+0   1.0+0       0                                                                                                                                                                                                        
ECHO: loadb GRID           8       0  -1.0+0   0.0+0   1.0+0       0                                                                                                                                                                                                        
ECHO: loadb GRID           9       0   2.0+0   0.0+0   1.0+0       0                                                                                                                                                                                                        
ECHO: loadb PARAM    STR_CID      -2                                                                                                                                                                                                                                        
ECHO: loadb MAT1           1  2.0+11  1.0+11   0.0+0   0.0+0   0.0+0   0.0+0                                                                                                                                                                                                
ECHO: loadb SPC            1       1       1   0.0+0                                                                                                                                                                                                                        
ECHO: loadb SPC            1       1       2   0.0+0                                                                                                                                                                                                                        
ECHO: loadb SPC            1       1       3   0.0+0                                                                                                                                                                                                                        
ECHO: loadb SPC            1       2       1   0.0+0                                                                                                                                                                                                                        
ECHO: loadb SPC            1       2       2   0.0+0                                                                                                                                                                                                                        
ECHO: loadb SPC            1       2       3   0.0+0                                                                                                                                                                                                                        
ECHO: loadb SPC            1       3       1   0.0+0                                                                                                                                                                                                                        
ECHO: loadb SPC            1       3       2   0.0+0                                                                                                                                                                                                                        
ECHO: loadb SPC            1       3       3   0.0+0                                                                                                                                                                                                                        
ECHO: loadb SPC            1       4       1   0.0+0                                                                                                                                                                                                                        
ECHO: loadb SPC            1       4       2   0.0+0                                                                                                                                                                                                                        
ECHO: loadb SPC            1       4       3   0.0+0                                                                                                                                                                                                                        
ECHO: loadb PSOLID         1       1       0       2               1                                                                                                                                                                                                        
ECHO: loadb CHEXA          1       1       1       2       3       4       5       6+                                                                                                                                                                                       
ECHO:  nextc +              7       8                                                                                                                                                                                                                                        
ECHO: loadb FORCE          2       9       0   1.0+0   0.0+0   1.0+8   0.0+0                                                                                                                                                                                                
ECHO: loadb RBE3           2               9  123456   5.0-1     123       5   5.0-1+                                                                                                                                                                                       
ECHO:  nextc +            123       6   5.0-1     123       7   5.0-1     123       8                                                                                                                                                                                        
ECHO: loadb LOAD           1   1.0+0   1.0+0       2                                                                                                                                                                                                                        
ECHO: loadb ENDDATA                                                                                                                                                                                                                                                         




 >> LINK  0 END


 >> LINK  1 BEGIN

               DEALLOCATED  3.69E-02 MB MEMORY FROM ARRAY STF3


 *INFORMATION: AUTOSPC Summary, Stage 1 after identification of AUTOSPC's at the grid level                                                 

                                     AUTOSPC_RAT = 1.000000E-08

                       Number of DOF's identified for AUTOSPC in component  1         =            0
                       Number of DOF's identified for AUTOSPC in component  2         =            0
                       Number of DOF's identified for AUTOSPC in component  3         =            0
                       Number of DOF's identified for AUTOSPC in component  4         =            8
                       Number of DOF's identified for AUTOSPC in component  5         =            8
                       Number of DOF's identified for AUTOSPC in component  6         =            8
                                                                                        ------------
                       Total number of DOF's identified in this stage                 =           24

               DEALLOCATED  2.16E-04 MB MEMORY FROM ARRAY STFKEY
               DEALLOCATED  3.69E-02 MB MEMORY FROM ARRAY STF3

 >> LINK  1 END


 >> LINK  2 BEGIN

 SUPERLU FACTORIZATION OF MATRIX RMM SUCCEEDED IN SUBR SYM_MAT_DECOMP_SUPRLU          


 *INFORMATION: AUTOSPC Summary, Overall: after identification of all AUTOSPC's                                                               

                                     AUTOSPC_RAT = 1.000000E-08

                       Number of DOF's identified for AUTOSPC in component  1         =            0
                       Number of DOF's identified for AUTOSPC in component  2         =            0
                       Number of DOF's identified for AUTOSPC in component  3         =            0
                       Number of DOF's identified for AUTOSPC in component  4         =            8
                       Number of DOF's identified for AUTOSPC in component  5         =            8
                       Number of DOF's identified for AUTOSPC in component  6         =            8
                                                                                        ------------
                       Total number of DOF's identified overall                       =           24


 >> LINK  2 END


 >> LINK  3 BEGIN

 SUPERLU FACTORIZATION OF MATRIX KLL SUCCEEDED IN SUBR SYM_MAT_DECOMP_SUPRLU          

 *INFORMATION: FOR INTERNAL SUBCASE NUMBER        1 EPSILON ERROR ESTIMATE            = -2.651530E-16 Based on U'*(K*U - P)/(U'*P)


 >> LINK  3 END


 >> LINK  5 BEGIN


 >> LINK  5 END


 >> LINK  9 BEGIN



 OUTPUT FOR SUBCASE        1

                                                       D I S P L A C E M E N T S
                                              (in global coordinate system at each grid)
           GRID     COORD      T1            T2            T3            R1            R2            R3
                     SYS
              1        0  0.0           0.0           0.0           0.0           0.0           0.0         
              2        0  0.0           0.0           0.0           0.0           0.0           0.0         
              3        0  0.0           0.0           0.0           0.0           0.0           0.0         
              4        0  0.0           0.0           0.0           0.0           0.0           0.0         
              5        0  3.000000E-03  8.000000E-04  6.000000E-04  0.0           0.0           0.0         
              6        0  1.339910E-18  3.800000E-03 -4.871690E-19  0.0           0.0           0.0         
              7        0 -3.000000E-03  8.000000E-04 -6.000000E-04  0.0           0.0           0.0         
              8        0  3.654984E-20 -2.200000E-03  4.040388E-19  0.0           0.0           0.0         
              9        0  7.777957E-19  6.800000E-03 -8.673617E-19 -6.000000E-04  4.456039E-19  3.000000E-03
                         ------------- ------------- ------------- ------------- ------------- -------------
                MAX* :    3.000000E-03  6.800000E-03  6.000000E-04  0.0           4.456039E-19  3.000000E-03
                MIN* :   -3.000000E-03 -2.200000E-03 -6.000000E-04 -6.000000E-04  0.0           0.0         

                ABS* :    3.000000E-03  6.800000E-03  6.000000E-04  6.000000E-04  4.456039E-19  3.000000E-03
                *for output set


 OUTPUT FOR SUBCASE        1

                                                          S P C   F O R C E S
                                              (in global coordinate system at each grid)
           GRID     COORD      T1            T2            T3            R1            R2            R3
                     SYS
              1        0 -5.000000E+07 -2.500000E+07 -5.000000E+07  0.0           0.0           0.0         
              2        0 -6.156148E-09 -7.500000E+07  2.675549E-08  0.0           0.0           0.0         
              3        0  5.000000E+07 -2.500000E+07  5.000000E+07  0.0           0.0           0.0         
              4        0 -2.265866E-08  2.500000E+07 -5.064457E-08  0.0           0.0           0.0         
                         ------------- ------------- ------------- ------------- ------------- -------------
                MAX* :    5.000000E+07  2.500000E+07  5.000000E+07  0.0           0.0           0.0         
                MIN* :   -5.000000E+07 -7.500000E+07 -5.000000E+07  0.0           0.0           0.0         

                ABS* :    5.000000E+07  7.500000E+07  5.000000E+07  0.0           0.0           0.0         
                *for output set
                         ------------- ------------- ------------- ------------- ------------- -------------
     SPC FORCE TOTALS:   -5.991156E-08 -1.000000E+08  1.509491E-09  0.0           0.0           0.0         
     (for output set)

                                                    SPC Force Summary on AUTOSPC'd DOF's
                                                 (in global coordinate system at each grid)
        For detailed information on the SPC forces for the AUTOSPC DOF's, set field 7 (AUTOSPC_SPCF) on the PARAM AUTOSPC entry to Y

                              T1             T2             T3             R1             R2             R3

 ABS AUTOSPC FORCES  :   0.000000E+00   0.000000E+00   0.000000E+00   0.000000E+00   0.000000E+00   0.000000E+00
 AUTOSPC FORCE TOTALS:   0.000000E+00   0.000000E+00   0.000000E+00   0.000000E+00   0.000000E+00   0.000000E+00
     (for output set)


 OUTPUT FOR SUBCASE        1

                                                          M P C   F O R C E S
                                              (in global coordinate system at each grid)
           GRID     COORD      T1            T2            T3            R1            R2            R3
                     SYS
              5        0  5.000000E+07  2.500000E+07  0.0           0.0           0.0           0.0         
              6        0  0.0           7.500000E+07  0.0           0.0           0.0           0.0         
              7        0 -5.000000E+07  2.500000E+07  0.0           0.0           0.0           0.0         
              8        0  0.0          -2.500000E+07  0.0           0.0           0.0           0.0         
              9        0  0.0          -1.000000E+08  0.0           0.0           0.0           0.0         
                         ------------- ------------- ------------- ------------- ------------- -------------
                MAX* :    5.000000E+07  7.500000E+07  0.0           0.0           0.0           0.0         
                MIN* :   -5.000000E+07 -1.000000E+08  0.0           0.0           0.0           0.0         

                ABS* :    5.000000E+07  1.000000E+08  0.0           0.0           0.0           0.0         
                *for output set
                         ------------- ------------- ------------- ------------- ------------- -------------
     MPC FORCE TOTALS:    0.0           0.0           0.0           0.0           0.0           0.0         
     (for output set)

 >> LINK  9 END

    Total CPU time =  1.56E-02 seconds

 >> MYSTRAN END    :  6/27/2026 at 19:34: 1.706

                                          * * * END OF JOB * * *
