   604115606

 MYSTRAN Version 18.0.0   APR 20 2026 MYSTRAN developed by Dr Bill Case
*** Please report any problems to mystransolver@gmail.com ***                                                                                                                                                                                                   

 >> MYSTRAN BEGIN  :  6/ 4/2026 at 11:56: 6.849 The input file is C:\Users\victo\Documents\Git\MYSTRAN_Validation\working\S30 node-surface coupling RBE3 8.bdf                                                                                                                                                                    


 >> LINK  0 BEGIN


SOL 101                                                                                                                                                                                                                                                         
CEND                                                                                                                                                                                                                                                            
DISPLACEMENT = ALL                                                                                                                                                                                                                                              
SPCFORCES = ALL                                                                                                                                                                                                                                                 
MPCFORCES = ALL                                                                                                                                                                                                                                                 
STRESS(CORNER) = ALL                                                                                                                                                                                                                                            
SPC = 1                                                                                                                                                                                                                                                         
LOAD = 1                                                                                                                                                                                                                                                        
BEGIN BULK                                                                                                                                                                                                                                                      
ECHO: loadb GRID*                  1               0 -7.0440851036-4  1.1084773404-3*                                                                                                                                                                                       
ECHO: loadb *        5.14846828782-4               0                                                                                                                                                                                                                        
ECHO: loadb GRID*                  2               0 1.84730900814-4 1.48589462854-3*                                                                                                                                                                                       
ECHO: loadb *        2.56027783679-4               0                                                                                                                                                                                                                        
ECHO: loadb GRID*                  3               0-1.00951946292-4 2.38547428468-3*                                                                                                                                                                                       
ECHO: loadb *        5.86393873229-4               0                                                                                                                                                                                                                        
ECHO: loadb GRID*                  4               0 2.56562274916-4 2.16567293604-3*                                                                                                                                                                                       
ECHO: loadb *        1.49406724442-3               0                                                                                                                                                                                                                        
ECHO: loadb GRID*                  5               0-3.46894289152-4 8.88675991754-4*                                                                                                                                                                                       
ECHO: loadb *        1.42252019997-3               0                                                                                                                                                                                                                        
ECHO: loadb GRID*                  6               0 5.42245122022-4  1.2660932799-3*                                                                                                                                                                                       
ECHO: loadb *        1.16370115487-3               0                                                                                                                                                                                                                        
ECHO: loadb GRID*                  7               0 2.30467225188-4 9.71028045508-4*                                                                                                                                                                                       
ECHO: loadb *        2.00884943445-3               0                                                                                                                                                                                                                        
ECHO: loadb GRID*                  8               0 1.29559148964-3  1.1084773404-3*                                                                                                                                                                                       
ECHO: loadb *        5.14846828782-4               0                                                                                                                                                                                                                        
ECHO: loadb GRID*                  9               0 2.18473090081-3 1.48589462854-3*                                                                                                                                                                                       
ECHO: loadb *        2.56027783679-4               0                                                                                                                                                                                                                        
ECHO: loadb GRID*                 10               0 1.89904805371-3 2.38547428468-3*                                                                                                                                                                                       
ECHO: loadb *        5.86393873229-4               0                                                                                                                                                                                                                        
ECHO: loadb GRID*                 11               0 2.25656227492-3 2.16567293604-3*                                                                                                                                                                                       
ECHO: loadb *        1.49406724442-3               0                                                                                                                                                                                                                        
ECHO: loadb GRID*                 12               0 1.65310571085-3 8.88675991754-4*                                                                                                                                                                                       
ECHO: loadb *        1.42252019997-3               0                                                                                                                                                                                                                        
ECHO: loadb GRID*                 13               0 2.54224512202-3  1.2660932799-3*                                                                                                                                                                                       
ECHO: loadb *        1.16370115487-3               0                                                                                                                                                                                                                        
ECHO: loadb GRID*                 14               0 2.23046722519-3 9.71028045508-4*                                                                                                                                                                                       
ECHO: loadb *        2.00884943445-3               0                                                                                                                                                                                                                        
ECHO: loadb PARAM    STR_CID      -2                                                                                                                                                                                                                                        
ECHO: loadb MAT1*                  1           5.0+9 1.92307692308+9           3.0-1*                                                                                                                                                                                       
ECHO: loadb *                  0.0+0           0.0+0           0.0+0                                                                                                                                                                                                        
ECHO: loadb MAT1*                  2           5.0+9 1.92307692308+9           3.0-1*                                                                                                                                                                                       
ECHO: loadb *                  0.0+0           0.0+0           0.0+0                                                                                                                                                                                                        
ECHO: loadb SPC            1       1       1   0.0+0                                                                                                                                                                                                                        
ECHO: loadb SPC            1       1       2   0.0+0                                                                                                                                                                                                                        
ECHO: loadb SPC            1       1       3   0.0+0                                                                                                                                                                                                                        
ECHO: loadb SPC            1       2       1   0.0+0                                                                                                                                                                                                                        
ECHO: loadb SPC            1       2       2   0.0+0                                                                                                                                                                                                                        
ECHO: loadb SPC            1       2       3   0.0+0                                                                                                                                                                                                                        
ECHO: loadb SPC            1       3       1   0.0+0                                                                                                                                                                                                                        
ECHO: loadb SPC            1       3       2   0.0+0                                                                                                                                                                                                                        
ECHO: loadb SPC            1       3       3   0.0+0                                                                                                                                                                                                                        
ECHO: loadb SPC            1       8       1   0.0+0                                                                                                                                                                                                                        
ECHO: loadb SPC            1       8       2   0.0+0                                                                                                                                                                                                                        
ECHO: loadb SPC            1       8       3   0.0+0                                                                                                                                                                                                                        
ECHO: loadb SPC            1       9       1   0.0+0                                                                                                                                                                                                                        
ECHO: loadb SPC            1       9       2   0.0+0                                                                                                                                                                                                                        
ECHO: loadb SPC            1       9       3   0.0+0                                                                                                                                                                                                                        
ECHO: loadb SPC            1      10       1   0.0+0                                                                                                                                                                                                                        
ECHO: loadb SPC            1      10       2   0.0+0                                                                                                                                                                                                                        
ECHO: loadb SPC            1      10       3   0.0+0                                                                                                                                                                                                                        
ECHO: loadb PSOLID         1       1       0       2               1                                                                                                                                                                                                        
ECHO: loadb CPENTA         1       1       1       2       3       5       6       4                                                                                                                                                                                        
ECHO: loadb CPENTA         2       1       8       9      10      12      13      11                                                                                                                                                                                        
ECHO: loadb PBAR*                  2               2           1.0-8 8.3333333333-18*                                                                                                                                                                                       
ECHO: loadb *        8.3333333333-18 1.4083333333-17           0.0+0                                                                                                                                                                                                        
ECHO: loadb CBAR*                  3               2              13              14*                                                                                                                                                                                       
ECHO: loadb *        6.87372198163-1-7.26305349831-1           0.0+0                                                                                                                                                                                                        
ECHO: loadb CBAR*                  4               2              11              14*                                                                                                                                                                                       
ECHO: loadb *        9.99761519308-1-2.18381435099-2           0.0+0                                                                                                                                                                                                        
ECHO: loadb CBAR*                  5               2              12              14*                                                                                                                                                                                       
ECHO: loadb *       -1.41205992411-1 9.89980236019-1           0.0+0                                                                                                                                                                                                        
ECHO: loadb MOMENT         2       7       0   1.0+0  1.23-3  2.01-3  -3.3-3                                                                                                                                                                                                
ECHO: loadb FORCE*                 2              12               0           1.0+0*                                                                                                                                                                                       
ECHO: loadb *        -9.6337294345-1 9.84805651775-1 1.02177532012+0                                                                                                                                                                                                        
ECHO: loadb FORCE*                 2              13               0           1.0+0*                                                                                                                                                                                       
ECHO: loadb *       -1.55080630253+0-2.81481581959-1-2.84281217328+0                                                                                                                                                                                                        
ECHO: loadb FORCE*                 2              11               0           1.0+0*                                                                                                                                                                                       
ECHO: loadb *        2.51417924598+0-7.03324069816-1 1.82103685316+0                                                                                                                                                                                                        
ECHO: loadb RBE3*                  6                               7          123456*                                                                                                                                                                                       
ECHO: loadb *        1.66666666667-7             123               5 1.66666666667-7*                                                                                                                                                                                       
ECHO nextc2: *                    123               6 1.66666666667-7             123*                                                                                                                                                                                       
ECHO nextc2: *                      4                                                                                                                                                                                                                                        
ECHO: loadb LOAD           1   1.0+0   1.0+0       2                                                                                                                                                                                                                        
ECHO: loadb ENDDATA                                                                                                                                                                                                                                                         




 >> LINK  0 END


 >> LINK  1 BEGIN

               DEALLOCATED  4.84E-02 MB MEMORY FROM ARRAY STF3


 *INFORMATION: AUTOSPC Summary, Stage 1 after identification of AUTOSPC's at the grid level                                                 

                                     AUTOSPC_RAT = 1.000000E-08

                       Number of DOF's identified for AUTOSPC in component  1         =            0
                       Number of DOF's identified for AUTOSPC in component  2         =            0
                       Number of DOF's identified for AUTOSPC in component  3         =            0
                       Number of DOF's identified for AUTOSPC in component  4         =            9
                       Number of DOF's identified for AUTOSPC in component  5         =            9
                       Number of DOF's identified for AUTOSPC in component  6         =            9
                                                                                        ------------
                       Total number of DOF's identified in this stage                 =           27

               DEALLOCATED  3.36E-04 MB MEMORY FROM ARRAY STFKEY
               DEALLOCATED  4.84E-02 MB MEMORY FROM ARRAY STF3

 >> LINK  1 END


 >> LINK  2 BEGIN

 SUPERLU FACTORIZATION OF MATRIX RMM SUCCEEDED IN SUBR SYM_MAT_DECOMP_SUPRLU          


 *INFORMATION: AUTOSPC Summary, Overall: after identification of all AUTOSPC's                                                               

                                     AUTOSPC_RAT = 1.000000E-08

                       Number of DOF's identified for AUTOSPC in component  1         =            0
                       Number of DOF's identified for AUTOSPC in component  2         =            0
                       Number of DOF's identified for AUTOSPC in component  3         =            0
                       Number of DOF's identified for AUTOSPC in component  4         =            9
                       Number of DOF's identified for AUTOSPC in component  5         =            9
                       Number of DOF's identified for AUTOSPC in component  6         =            9
                                                                                        ------------
                       Total number of DOF's identified overall                       =           27


 >> LINK  2 END


 >> LINK  3 BEGIN

 SUPERLU FACTORIZATION OF MATRIX KLL SUCCEEDED IN SUBR SYM_MAT_DECOMP_SUPRLU          

 *INFORMATION: FOR INTERNAL SUBCASE NUMBER        1 EPSILON ERROR ESTIMATE            =  2.571601E-15 Based on U'*(K*U - P)/(U'*P)


 >> LINK  3 END


 >> LINK  5 BEGIN


 >> LINK  5 END


 >> LINK  9 BEGIN



 OUTPUT FOR SUBCASE        1

                                                       D I S P L A C E M E N T S
                                              (in global coordinate system at each grid)
           GRID     COORD      T1            T2            T3            R1            R2            R3
                     SYS
              1        0  0.0           0.0           0.0           0.0           0.0           0.0         
              2        0  0.0           0.0           0.0           0.0           0.0           0.0         
              3        0  0.0           0.0           0.0           0.0           0.0           0.0         
              4        0  2.573605E-05 -7.097376E-06 -5.031002E-06  0.0           0.0           0.0         
              5        0 -9.544072E-06  8.978439E-06  5.608946E-06  0.0           0.0           0.0         
              6        0 -3.533136E-06 -1.502761E-05 -8.747564E-06  0.0           0.0           0.0         
              7        0  1.907001E-06 -5.947560E-06 -3.570576E-06 -8.779229E-04  1.577387E-02 -2.674364E-02
              8        0  0.0           0.0           0.0           0.0           0.0           0.0         
              9        0  0.0           0.0           0.0           0.0           0.0           0.0         
             10        0  0.0           0.0           0.0           0.0           0.0           0.0         
             11        0  2.573605E-05 -7.097376E-06 -5.031002E-06 -8.779229E-04  1.577387E-02 -2.674364E-02
             12        0 -9.544072E-06  8.978439E-06  5.608946E-06 -8.779229E-04  1.577387E-02 -2.674364E-02
             13        0 -3.533136E-06 -1.502761E-05 -8.747564E-06 -8.779229E-04  1.577387E-02 -2.674364E-02
             14        0  1.907001E-06 -5.947560E-06 -3.570576E-06 -8.779229E-04  1.577387E-02 -2.674364E-02
                         ------------- ------------- ------------- ------------- ------------- -------------
                MAX* :    2.573605E-05  8.978439E-06  5.608946E-06  0.0           1.577387E-02  0.0         
                MIN* :   -9.544072E-06 -1.502761E-05 -8.747564E-06 -8.779229E-04  0.0          -2.674364E-02

                ABS* :    2.573605E-05  1.502761E-05  8.747564E-06  8.779229E-04  1.577387E-02  2.674364E-02
                *for output set


 OUTPUT FOR SUBCASE        1

                                                          S P C   F O R C E S
                                              (in global coordinate system at each grid)
           GRID     COORD      T1            T2            T3            R1            R2            R3
                     SYS
              1        0  9.633729E-01 -9.848057E-01 -1.021775E+00  0.0           0.0           0.0         
              2        0  1.550806E+00  2.814816E-01  2.842812E+00  0.0           0.0           0.0         
              3        0 -2.514179E+00  7.033241E-01 -1.821037E+00  0.0           0.0           0.0         
              8        0  9.633729E-01 -9.848057E-01 -1.021775E+00  0.0           0.0           0.0         
              9        0  1.550806E+00  2.814816E-01  2.842812E+00  0.0           0.0           0.0         
             10        0 -2.514179E+00  7.033241E-01 -1.821037E+00  0.0           0.0           0.0         
                         ------------- ------------- ------------- ------------- ------------- -------------
                MAX* :    1.550806E+00  7.033241E-01  2.842812E+00  0.0           0.0           0.0         
                MIN* :   -2.514179E+00 -9.848057E-01 -1.821037E+00  0.0           0.0           0.0         

                ABS* :    2.514179E+00  9.848057E-01  2.842812E+00  0.0           0.0           0.0         
                *for output set
                         ------------- ------------- ------------- ------------- ------------- -------------
     SPC FORCE TOTALS:    5.773160E-15 -1.221245E-15 -3.108624E-15  0.0           0.0           0.0         
     (for output set)

                                                    SPC Force Summary on AUTOSPC'd DOF's
                                                 (in global coordinate system at each grid)
        For detailed information on the SPC forces for the AUTOSPC DOF's, set field 7 (AUTOSPC_SPCF) on the PARAM AUTOSPC entry to Y

                              T1             T2             T3             R1             R2             R3

 ABS AUTOSPC FORCES  :   0.000000E+00   0.000000E+00   0.000000E+00   0.000000E+00   0.000000E+00   0.000000E+00
 AUTOSPC FORCE TOTALS:   0.000000E+00   0.000000E+00   0.000000E+00   0.000000E+00   0.000000E+00   0.000000E+00
     (for output set)


 OUTPUT FOR SUBCASE        1

                                                          M P C   F O R C E S
                                              (in global coordinate system at each grid)
           GRID     COORD      T1            T2            T3            R1            R2            R3
                     SYS
              4        0  2.514179E+00 -7.033241E-01  1.821037E+00  0.0           0.0           0.0         
              5        0 -9.633729E-01  9.848057E-01  1.021775E+00  0.0           0.0           0.0         
              6        0 -1.550806E+00 -2.814816E-01 -2.842812E+00  0.0           0.0           0.0         
              7        0  0.0           0.0           0.0          -1.230000E-03 -2.010000E-03  3.300000E-03
                         ------------- ------------- ------------- ------------- ------------- -------------
                MAX* :    2.514179E+00  9.848057E-01  1.821037E+00  0.0           0.0           3.300000E-03
                MIN* :   -1.550806E+00 -7.033241E-01 -2.842812E+00 -1.230000E-03 -2.010000E-03  0.0         

                ABS* :    2.514179E+00  9.848057E-01  2.842812E+00  1.230000E-03  2.010000E-03  3.300000E-03
                *for output set
                         ------------- ------------- ------------- ------------- ------------- -------------
     MPC FORCE TOTALS:    2.220446E-15  5.329071E-15  8.881784E-16 -1.230000E-03 -2.010000E-03  3.300000E-03
     (for output set)


 OUTPUT FOR SUBCASE        1

             E L E M E N T   S T R E S S E S   I N   L O C A L   E L E M E N T   C O O R D I N A T E   S Y S T E M
                                          F O R   E L E M E N T   T Y P E   B A R      
  Element      SA1           SA2           SA3           SA4          Axial         SA-Max        SA-Min      M.S.-T
     ID        SB1           SB2           SB3           SB4          Stress        SB-Max        SB-Min      M.S.-C

        3  0.0           0.0           0.0           0.0          -7.458217E-05 -7.458217E-05 -7.458217E-05                          
           0.0           0.0           0.0           0.0                        -7.458217E-05 -7.458217E-05                          

        4  0.0           0.0           0.0           0.0           2.273358E-05  2.273358E-05  2.273358E-05                          
           0.0           0.0           0.0           0.0                         2.273358E-05  2.273358E-05                          

        5  0.0           0.0           0.0           0.0          -5.408749E-05 -5.408749E-05 -5.408749E-05                          
           0.0           0.0           0.0           0.0                        -5.408749E-05 -5.408749E-05                          
          ------------- ------------- ------------- ------------- ------------- ------------- ------------- ---------
 MAX* :    0.0           0.0           0.0           0.0           2.273358E-05  2.273358E-05  2.273358E-05 -1.00E+00
 MAX* :    0.0           0.0           0.0           0.0           2.273358E-05  2.273358E-05  2.273358E-05 -1.00E+00

 MIN* :    0.0           0.0           0.0           0.0          -7.458217E-05 -7.458217E-05 -7.458217E-05 -1.00E+00
 MIN* :    0.0           0.0           0.0           0.0          -7.458217E-05 -7.458217E-05 -7.458217E-05 -1.00E+00

 ABS* :    0.0           0.0           0.0           0.0           7.458217E-05  7.458217E-05  7.458217E-05  1.00E+00
 ABS* :    0.0           0.0           0.0           0.0           7.458217E-05  7.458217E-05  7.458217E-05  1.00E+00
 *for output set


 OUTPUT FOR SUBCASE        1

                                E L E M E N T   S T R E S S E S   I N   M A T E R I A L   C O O R D I N A T E   S Y S T E M
                                                       F O R   E L E M E N T   T Y P E   P E N T A  
    Elem  Location            Sigma-xx      Sigma-yy      Sigma-zz       Tau-xy        Tau-yz        Tau-zx       von Mises
     ID
        1  CENTER            1.655970E-04  7.209448E-05  4.422755E-05  2.796488E-05 -4.763403E-06 -2.545558E-05  1.283864E-04
           GRD       1      -1.397321E+07 -8.439867E+06  1.873153E+07  1.020715E+07  1.330122E+07 -1.280312E+07  4.747985E+07
           GRD       2      -2.187745E+07 -4.315005E+06 -4.755739E+07 -8.838456E+06 -2.253353E+07 -1.218137E+07  6.018051E+07
           GRD       3       5.325726E+07  2.386883E+07  3.052943E+05 -1.575814E+07 -1.026207E+07  4.146399E+07  9.126933E+07
           GRD       5      -2.557761E+07 -1.584917E+07  3.774524E+07  1.980011E+07  2.629748E+07 -2.378945E+07  9.185322E+07
           GRD       6      -3.348185E+07 -1.172431E+07 -2.854368E+07  7.545049E+05 -9.537278E+06 -2.316770E+07  4.769851E+07
           GRD       4       4.165286E+07  1.645952E+07  1.931900E+07 -6.165177E+06  2.734182E+06  3.047765E+07  5.910972E+07
        2  CENTER            1.573765E-04  1.096744E-04  4.790287E-05  1.366878E-05  1.000975E-05 -2.570628E-05  1.090017E-04
           GRD       8      -1.397321E+07 -8.439867E+06  1.873153E+07  1.020715E+07  1.330122E+07 -1.280312E+07  4.747985E+07
           GRD       9      -2.187745E+07 -4.315005E+06 -4.755739E+07 -8.838456E+06 -2.253353E+07 -1.218137E+07  6.018051E+07
           GRD      10       5.325726E+07  2.386883E+07  3.052943E+05 -1.575814E+07 -1.026207E+07  4.146399E+07  9.126933E+07
           GRD      12      -2.557761E+07 -1.584917E+07  3.774524E+07  1.980011E+07  2.629748E+07 -2.378945E+07  9.185322E+07
           GRD      13      -3.348185E+07 -1.172431E+07 -2.854368E+07  7.545049E+05 -9.537278E+06 -2.316770E+07  4.769851E+07
           GRD      11       4.165286E+07  1.645952E+07  1.931900E+07 -6.165177E+06  2.734182E+06  3.047765E+07  5.910972E+07
                            ------------- ------------- ------------- ------------- ------------- ------------- -------------
                MAX* :       5.325726E+07  2.386883E+07  3.774524E+07  1.980011E+07  2.629748E+07  4.146399E+07  9.185322E+07
                MIN* :      -3.348185E+07 -1.584917E+07 -4.755739E+07 -1.575814E+07 -2.253353E+07 -2.378945E+07  1.090017E-04

                ABS* :       5.325726E+07  2.386883E+07  4.755739E+07  1.980011E+07  2.629748E+07  4.146399E+07  9.185322E+07
                * for output set

 >> LINK  9 END

    Total CPU time =  3.12E-02 seconds

 >> MYSTRAN END    :  6/ 4/2026 at 11:56: 6.948
