   627193400

 MYSTRAN Version 18.0.0   APR 20 2026 MYSTRAN developed by Dr Bill Case
*** Please report any problems to mystransolver@gmail.com ***                                                                                                                                                                                                   

 >> MYSTRAN BEGIN  :  6/27/2026 at 19:34: 0. 29 The input file is C:\Users\victo\Documents\Git\MYSTRAN_Validation\working\S30 node-surface coupling RBE3 14.bdf                                                                                                                                                                   


 >> LINK  0 BEGIN


SOL 101                                                                                                                                                                                                                                                         
CEND                                                                                                                                                                                                                                                            
DISPLACEMENT = ALL                                                                                                                                                                                                                                              
SPCFORCES = ALL                                                                                                                                                                                                                                                 
MPCFORCES = ALL                                                                                                                                                                                                                                                 
STRESS(CORNER) = ALL                                                                                                                                                                                                                                            
STRAIN(CORNER) = ALL                                                                                                                                                                                                                                            
SPC = 1                                                                                                                                                                                                                                                         
LOAD = 1                                                                                                                                                                                                                                                        
BEGIN BULK                                                                                                                                                                                                                                                      
ECHO: loadb GRID           1       0   0.0+0   0.0+0   0.0+0       0                                                                                                                                                                                                        
ECHO: loadb GRID           2       0   1.0+0   0.0+0   0.0+0       0                                                                                                                                                                                                        
ECHO: loadb GRID           3       0   1.0+0   1.0+0   0.0+0       0                                                                                                                                                                                                        
ECHO: loadb GRID           4       0   0.0+0   1.0+0   0.0+0       0                                                                                                                                                                                                        
ECHO: loadb GRID           5       0   0.0+0   0.0+0   1.0+0       0                                                                                                                                                                                                        
ECHO: loadb GRID           6       0   1.0+0   0.0+0   1.0+0       0                                                                                                                                                                                                        
ECHO: loadb GRID           7       0   1.0+0   1.0+0   1.0+0       0                                                                                                                                                                                                        
ECHO: loadb GRID           8       0   0.0+0   1.0+0   1.0+0       0                                                                                                                                                                                                        
ECHO: loadb GRID           9       0   5.0-1   5.0-1   1.0+0       0                                                                                                                                                                                                        
ECHO: loadb GRID          10       0   0.0+0   5.0-1   1.0+0       0                                                                                                                                                                                                        
ECHO: loadb GRID          11       0   5.0-1   0.0+0   0.0+0       0                                                                                                                                                                                                        
ECHO: loadb GRID          12       0   1.0+0   5.0-1   0.0+0       0                                                                                                                                                                                                        
ECHO: loadb GRID          13       0   5.0-1   1.0+0   0.0+0       0                                                                                                                                                                                                        
ECHO: loadb GRID          14       0   0.0+0   5.0-1   0.0+0       0                                                                                                                                                                                                        
ECHO: loadb GRID          15       0   0.0+0   0.0+0   5.0-1       0                                                                                                                                                                                                        
ECHO: loadb GRID          16       0   1.0+0   0.0+0   5.0-1       0                                                                                                                                                                                                        
ECHO: loadb GRID          17       0   1.0+0   1.0+0   5.0-1       0                                                                                                                                                                                                        
ECHO: loadb GRID          18       0   0.0+0   1.0+0   5.0-1       0                                                                                                                                                                                                        
ECHO: loadb GRID          19       0   5.0-1   0.0+0   1.0+0       0                                                                                                                                                                                                        
ECHO: loadb GRID          20       0   1.0+0   5.0-1   1.0+0       0                                                                                                                                                                                                        
ECHO: loadb GRID          21       0   5.0-1   1.0+0   1.0+0       0                                                                                                                                                                                                        
ECHO: loadb GRID*                 22               0           0.0+0 1.2246063538-16*                                                                                                                                                                                       
ECHO: loadb *                  2.0+0               0                                                                                                                                                                                                                        
ECHO: loadb GRID*                 23               0           1.0+0 1.2246063538-16*                                                                                                                                                                                       
ECHO: loadb *                  2.0+0               0                                                                                                                                                                                                                        
ECHO: loadb GRID*                 24               0           1.0+0 1.8369095307-16*                                                                                                                                                                                       
ECHO: loadb *                  3.0+0               0                                                                                                                                                                                                                        
ECHO: loadb GRID*                 25               0           0.0+0 1.8369095307-16*                                                                                                                                                                                       
ECHO: loadb *                  3.0+0               0                                                                                                                                                                                                                        
ECHO: loadb GRID          26       0   0.0+0  -1.0+0   2.0+0       0                                                                                                                                                                                                        
ECHO: loadb GRID          27       0   0.0+0  -1.0+0   3.0+0       0                                                                                                                                                                                                        
ECHO: loadb GRID*                 28               0 3.33333333333-1-3.33333333333-1*                                                                                                                                                                                       
ECHO: loadb *                  3.0+0               0                                                                                                                                                                                                                        
ECHO: loadb GRID          29       0   0.0+0  -5.0-1   3.0+0       0                                                                                                                                                                                                        
ECHO: loadb GRID*                 30               0           5.0-1 1.8369095307-16*                                                                                                                                                                                       
ECHO: loadb *                  3.0+0               0                                                                                                                                                                                                                        
ECHO: loadb GRID          31       0   5.0-1  -5.0-1   3.0+0       0                                                                                                                                                                                                        
ECHO: loadb GRID          32       0   0.0+0  -1.0+0   2.5+0       0                                                                                                                                                                                                        
ECHO: loadb GRID*                 33               0           0.0+0 1.5307579423-16*                                                                                                                                                                                       
ECHO: loadb *                  2.5+0               0                                                                                                                                                                                                                        
ECHO: loadb GRID*                 34               0           1.0+0 1.5307579423-16*                                                                                                                                                                                       
ECHO: loadb *                  2.5+0               0                                                                                                                                                                                                                        
ECHO: loadb GRID          35       0   0.0+0  -5.0-1   2.0+0       0                                                                                                                                                                                                        
ECHO: loadb GRID*                 36               0           5.0-1 1.2246063538-16*                                                                                                                                                                                       
ECHO: loadb *                  2.0+0               0                                                                                                                                                                                                                        
ECHO: loadb GRID          37       0   5.0-1  -5.0-1   2.0+0       0                                                                                                                                                                                                        
ECHO: loadb PARAM    STR_CID      -2                                                                                                                                                                                                                                        
ECHO: loadb MAT1           1  1.0+11  5.0+10   0.0+0   0.0+0   0.0+0   0.0+0                                                                                                                                                                                                
ECHO: loadb SPC            1       1       1   0.0+0                                                                                                                                                                                                                        
ECHO: loadb SPC            1       1       2   0.0+0                                                                                                                                                                                                                        
ECHO: loadb SPC            1       1       3   0.0+0                                                                                                                                                                                                                        
ECHO: loadb SPC            1       2       1   0.0+0                                                                                                                                                                                                                        
ECHO: loadb SPC            1       2       2   0.0+0                                                                                                                                                                                                                        
ECHO: loadb SPC            1       2       3   0.0+0                                                                                                                                                                                                                        
ECHO: loadb SPC            1       3       1   0.0+0                                                                                                                                                                                                                        
ECHO: loadb SPC            1       3       2   0.0+0                                                                                                                                                                                                                        
ECHO: loadb SPC            1       3       3   0.0+0                                                                                                                                                                                                                        
ECHO: loadb SPC            1       4       1   0.0+0                                                                                                                                                                                                                        
ECHO: loadb SPC            1       4       2   0.0+0                                                                                                                                                                                                                        
ECHO: loadb SPC            1       4       3   0.0+0                                                                                                                                                                                                                        
ECHO: loadb SPC            1      11       1   0.0+0                                                                                                                                                                                                                        
ECHO: loadb SPC            1      11       2   0.0+0                                                                                                                                                                                                                        
ECHO: loadb SPC            1      11       3   0.0+0                                                                                                                                                                                                                        
ECHO: loadb SPC            1      12       1   0.0+0                                                                                                                                                                                                                        
ECHO: loadb SPC            1      12       2   0.0+0                                                                                                                                                                                                                        
ECHO: loadb SPC            1      12       3   0.0+0                                                                                                                                                                                                                        
ECHO: loadb SPC            1      13       1   0.0+0                                                                                                                                                                                                                        
ECHO: loadb SPC            1      13       2   0.0+0                                                                                                                                                                                                                        
ECHO: loadb SPC            1      13       3   0.0+0                                                                                                                                                                                                                        
ECHO: loadb SPC            1      14       1   0.0+0                                                                                                                                                                                                                        
ECHO: loadb SPC            1      14       2   0.0+0                                                                                                                                                                                                                        
ECHO: loadb SPC            1      14       3   0.0+0                                                                                                                                                                                                                        
ECHO: loadb SPC            1      22       1   0.0+0                                                                                                                                                                                                                        
ECHO: loadb SPC            1      22       2   0.0+0                                                                                                                                                                                                                        
ECHO: loadb SPC            1      22       3   0.0+0                                                                                                                                                                                                                        
ECHO: loadb SPC            1      23       1   0.0+0                                                                                                                                                                                                                        
ECHO: loadb SPC            1      23       2   0.0+0                                                                                                                                                                                                                        
ECHO: loadb SPC            1      23       3   0.0+0                                                                                                                                                                                                                        
ECHO: loadb SPC            1      26       1   0.0+0                                                                                                                                                                                                                        
ECHO: loadb SPC            1      26       2   0.0+0                                                                                                                                                                                                                        
ECHO: loadb SPC            1      26       3   0.0+0                                                                                                                                                                                                                        
ECHO: loadb SPC            1      35       1   0.0+0                                                                                                                                                                                                                        
ECHO: loadb SPC            1      35       2   0.0+0                                                                                                                                                                                                                        
ECHO: loadb SPC            1      35       3   0.0+0                                                                                                                                                                                                                        
ECHO: loadb SPC            1      36       1   0.0+0                                                                                                                                                                                                                        
ECHO: loadb SPC            1      36       2   0.0+0                                                                                                                                                                                                                        
ECHO: loadb SPC            1      36       3   0.0+0                                                                                                                                                                                                                        
ECHO: loadb SPC            1      37       1   0.0+0                                                                                                                                                                                                                        
ECHO: loadb SPC            1      37       2   0.0+0                                                                                                                                                                                                                        
ECHO: loadb SPC            1      37       3   0.0+0                                                                                                                                                                                                                        
ECHO: loadb PSOLID         1       1       0       3               1                                                                                                                                                                                                        
ECHO: loadb CHEXA          1       1       8       4       3       7       5       1+                                                                                                                                                                                       
ECHO:  nextc +              2       6      18      13      17      21      10      14+                                                                                                                                                                                       
ECHO:  nextc +             12      20      15      11      16      19                                                                                                                                                                                                        
ECHO: loadb PSOLID         2       1       0       3               1                                                                                                                                                                                                        
ECHO: loadb CPENTA         2       2      27      25      24      26      22      23+                                                                                                                                                                                       
ECHO:  nextc +             29      30      31      32      33      34      35      36+                                                                                                                                                                                       
ECHO:  nextc +             37                                                                                                                                                                                                                                                
ECHO: loadb FORCE          2       9       0   1.0+0   0.0+0   0.0+0   1.0+6                                                                                                                                                                                                
ECHO: loadb FORCE          2      28       0   1.0+0   0.0+0   0.0+0   5.0+5                                                                                                                                                                                                
ECHO: loadb RBE3*                  3                               9          123456*                                                                                                                                                                                       
ECHO: loadb *       -8.33333333333-2             123               7 3.33333333333-1*                                                                                                                                                                                       
ECHO nextc2: *                    123              21-8.33333333333-2             123*                                                                                                                                                                                       
ECHO nextc2: *                      8 3.33333333333-1             123              10*                                                                                                                                                                                       
ECHO nextc2: *       -8.33333333333-2             123               5 3.33333333333-1*                                                                                                                                                                                       
ECHO nextc2: *                    123              19-8.33333333333-2             123*                                                                                                                                                                                       
ECHO nextc2: *                      6 3.33333333333-1             123              20*                                                                                                                                                                                       
ECHO nextc2: *                                                                                                                                                                                                                                                               
ECHO: loadb RBE3*                  4                              28          123456*                                                                                                                                                                                       
ECHO: loadb *        2.3673591733-11             123              27 1.66666666802-1*                                                                                                                                                                                       
ECHO nextc2: *                    123              31-3.9295977063-11             123*                                                                                                                                                                                       
ECHO nextc2: *                     24  1.6666666655-1             123              30*                                                                                                                                                                                       
ECHO nextc2: *       -3.9295993542-11             123              25 1.66666666802-1*                                                                                                                                                                                       
ECHO nextc2: *                    123              29                                                                                                                                                                                                                        
ECHO: loadb LOAD           1   1.0+0   1.0+0       2                                                                                                                                                                                                                        
ECHO: loadb ENDDATA                                                                                                                                                                                                                                                         




 >> LINK  0 END


 >> LINK  1 BEGIN

               DEALLOCATED  3.60E-01 MB MEMORY FROM ARRAY STF3


 *INFORMATION: AUTOSPC Summary, Stage 1 after identification of AUTOSPC's at the grid level                                                 

                                     AUTOSPC_RAT = 1.000000E-08

                       Number of DOF's identified for AUTOSPC in component  1         =            0
                       Number of DOF's identified for AUTOSPC in component  2         =            0
                       Number of DOF's identified for AUTOSPC in component  3         =            0
                       Number of DOF's identified for AUTOSPC in component  4         =           35
                       Number of DOF's identified for AUTOSPC in component  5         =           35
                       Number of DOF's identified for AUTOSPC in component  6         =           35
                                                                                        ------------
                       Total number of DOF's identified in this stage                 =          105

               DEALLOCATED  8.88E-04 MB MEMORY FROM ARRAY STFKEY
               DEALLOCATED  3.60E-01 MB MEMORY FROM ARRAY STF3

 >> LINK  1 END


 >> LINK  2 BEGIN

 SUPERLU FACTORIZATION OF MATRIX RMM SUCCEEDED IN SUBR SYM_MAT_DECOMP_SUPRLU          


 *INFORMATION: AUTOSPC Summary, Overall: after identification of all AUTOSPC's                                                               

                                     AUTOSPC_RAT = 1.000000E-08

                       Number of DOF's identified for AUTOSPC in component  1         =            0
                       Number of DOF's identified for AUTOSPC in component  2         =            0
                       Number of DOF's identified for AUTOSPC in component  3         =            0
                       Number of DOF's identified for AUTOSPC in component  4         =           35
                       Number of DOF's identified for AUTOSPC in component  5         =           35
                       Number of DOF's identified for AUTOSPC in component  6         =           35
                                                                                        ------------
                       Total number of DOF's identified overall                       =          105


 >> LINK  2 END


 >> LINK  3 BEGIN

 SUPERLU FACTORIZATION OF MATRIX KLL SUCCEEDED IN SUBR SYM_MAT_DECOMP_SUPRLU          

 *INFORMATION: FOR INTERNAL SUBCASE NUMBER        1 EPSILON ERROR ESTIMATE            =  2.112126E-16 Based on U'*(K*U - P)/(U'*P)


 >> LINK  3 END


 >> LINK  5 BEGIN


 >> LINK  5 END


 >> LINK  9 BEGIN



 OUTPUT FOR SUBCASE        1

                                                       D I S P L A C E M E N T S
                                              (in global coordinate system at each grid)
           GRID     COORD      T1            T2            T3            R1            R2            R3
                     SYS
              1        0  0.0           0.0           0.0           0.0           0.0           0.0         
              2        0  0.0           0.0           0.0           0.0           0.0           0.0         
              3        0  0.0           0.0           0.0           0.0           0.0           0.0         
              4        0  0.0           0.0           0.0           0.0           0.0           0.0         
              5        0 -1.289209E-18 -1.278702E-18  1.000000E-05  0.0           0.0           0.0         
              6        0  1.280947E-18 -1.280719E-18  1.000000E-05  0.0           0.0           0.0         
              7        0  1.268077E-18  1.272219E-18  1.000000E-05  0.0           0.0           0.0         
              8        0 -1.266682E-18  1.257528E-18  1.000000E-05  0.0           0.0           0.0         
              9        0 -9.187582E-22 -8.378434E-21  1.000000E-05 -2.541099E-20 -2.371692E-20  2.521314E-22
             10        0 -1.276818E-18 -1.061685E-20  1.000000E-05  0.0           0.0           0.0         
             11        0  0.0           0.0           0.0           0.0           0.0           0.0         
             12        0  0.0           0.0           0.0           0.0           0.0           0.0         
             13        0  0.0           0.0           0.0           0.0           0.0           0.0         
             14        0  0.0           0.0           0.0           0.0           0.0           0.0         
             15        0  2.497166E-19  2.451387E-19  5.000000E-06  0.0           0.0           0.0         
             16        0 -2.487288E-19  2.461568E-19  5.000000E-06  0.0           0.0           0.0         
             17        0 -2.486523E-19 -2.499178E-19  5.000000E-06  0.0           0.0           0.0         
             18        0  2.455282E-19 -2.501287E-19  5.000000E-06  0.0           0.0           0.0         
             19        0 -3.970384E-21 -1.281934E-18  1.000000E-05  0.0           0.0           0.0         
             20        0  1.275113E-18 -4.437884E-21  1.000000E-05  0.0           0.0           0.0         
             21        0  1.202121E-21  1.264435E-18  1.000000E-05  0.0           0.0           0.0         
             22        0  0.0           0.0           0.0           0.0           0.0           0.0         
             23        0  0.0           0.0           0.0           0.0           0.0           0.0         
             24        0  4.321318E-15 -1.462589E-14  1.000000E-05  0.0           0.0           0.0         
             25        0  1.113061E-16 -5.274035E-15  1.000000E-05  0.0           0.0           0.0         
             26        0  0.0           0.0           0.0           0.0           0.0           0.0         
             27        0 -3.519743E-15 -1.710841E-15  1.000000E-05  0.0           0.0           0.0         
             28        0 -4.593620E-17 -6.853357E-15  1.000000E-05  1.906492E-14 -3.568211E-16 -8.434754E-15
             29        0 -1.895628E-15 -3.615970E-15  1.000000E-05  0.0           0.0           0.0         
             30        0  2.339846E-15 -9.271691E-15  1.000000E-05  0.0           0.0           0.0         
             31        0 -5.820267E-16 -7.672411E-15  1.000000E-05  0.0           0.0           0.0         
             32        0 -1.179017E-15 -1.467971E-15  5.000000E-06  0.0           0.0           0.0         
             33        0  9.793571E-16 -8.400112E-16  5.000000E-06  0.0           0.0           0.0         
             34        0  6.905602E-16 -3.357395E-15  5.000000E-06  0.0           0.0           0.0         
             35        0  0.0           0.0           0.0           0.0           0.0           0.0         
             36        0  0.0           0.0           0.0           0.0           0.0           0.0         
             37        0  0.0           0.0           0.0           0.0           0.0           0.0         
                         ------------- ------------- ------------- ------------- ------------- -------------
                MAX* :    4.321318E-15  1.272219E-18  1.000000E-05  1.906492E-14  0.0           2.521314E-22
                MIN* :   -3.519743E-15 -1.462589E-14  0.0          -2.541099E-20 -3.568211E-16 -8.434754E-15

                ABS* :    4.321318E-15  1.462589E-14  1.000000E-05  1.906492E-14  3.568211E-16  8.434754E-15
                *for output set


 OUTPUT FOR SUBCASE        1

                                                          S P C   F O R C E S
                                              (in global coordinate system at each grid)
           GRID     COORD      T1            T2            T3            R1            R2            R3
                     SYS
              1        0 -1.633452E-09 -1.586159E-09  8.333333E+04  0.0           0.0           0.0         
              2        0  1.549779E-09 -1.586159E-09  8.333333E+04  0.0           0.0           0.0         
              3        0  1.567969E-09  1.571607E-09  8.333333E+04  0.0           0.0           0.0         
              4        0 -1.593435E-09  1.593435E-09  8.333333E+04  0.0           0.0           0.0         
             11        0  3.578047E-11 -6.344635E-09 -3.333333E+05  0.0           0.0           0.0         
             12        0  6.395567E-09  0.0          -3.333333E+05  0.0           0.0           0.0         
             13        0  6.481606E-11  6.330083E-09 -3.333333E+05  0.0           0.0           0.0         
             14        0 -6.293703E-09 -2.910383E-11 -3.333333E+05  0.0           0.0           0.0         
             22        0 -8.048863E-06 -3.357224E-06 -1.195491E-05  0.0           0.0           0.0         
             23        0  4.367893E-06 -2.805411E-06 -1.143743E-05  0.0           0.0           0.0         
             26        0  2.805366E-06  7.038106E-06  3.702935E-05  0.0           0.0           0.0         
             35        0  1.145781E-05 -4.373787E-06 -1.666667E+05  0.0           0.0           0.0         
             36        0  4.373840E-06  7.832801E-06 -1.666667E+05  0.0           0.0           0.0         
             37        0 -1.495608E-05 -4.334388E-06 -1.666667E+05  0.0           0.0           0.0         
                         ------------- ------------- ------------- ------------- ------------- -------------
                MAX* :    1.145781E-05  7.832801E-06  8.333333E+04  0.0           0.0           0.0         
                MIN* :   -1.495608E-05 -4.373787E-06 -3.333333E+05  0.0           0.0           0.0         

                ABS* :    1.495608E-05  7.832801E-06  3.333333E+05  0.0           0.0           0.0         
                *for output set
                         ------------- ------------- ------------- ------------- ------------- -------------
     SPC FORCE TOTALS:    6.400090E-11  4.548718E-11 -1.500000E+06  0.0           0.0           0.0         
     (for output set)

                                                    SPC Force Summary on AUTOSPC'd DOF's
                                                 (in global coordinate system at each grid)
        For detailed information on the SPC forces for the AUTOSPC DOF's, set field 7 (AUTOSPC_SPCF) on the PARAM AUTOSPC entry to Y

                              T1             T2             T3             R1             R2             R3

 ABS AUTOSPC FORCES  :   0.000000E+00   0.000000E+00   0.000000E+00   0.000000E+00   0.000000E+00   0.000000E+00
 AUTOSPC FORCE TOTALS:   0.000000E+00   0.000000E+00   0.000000E+00   0.000000E+00   0.000000E+00   0.000000E+00
     (for output set)


 OUTPUT FOR SUBCASE        1

                                                          M P C   F O R C E S
                                              (in global coordinate system at each grid)
           GRID     COORD      T1            T2            T3            R1            R2            R3
                     SYS
              5        0  0.0           0.0          -8.333333E+04  0.0           0.0           0.0         
              6        0  0.0           0.0          -8.333333E+04  0.0           0.0           0.0         
              7        0  0.0           0.0          -8.333333E+04  0.0           0.0           0.0         
              8        0  0.0           0.0          -8.333333E+04  0.0           0.0           0.0         
              9        0  0.0           0.0          -1.000000E+06  0.0           0.0           0.0         
             10        0  0.0           0.0           3.333333E+05  0.0           0.0           0.0         
             19        0  0.0           0.0           3.333333E+05  0.0           0.0           0.0         
             20        0  0.0           0.0           3.333333E+05  0.0           0.0           0.0         
             21        0  0.0           0.0           3.333333E+05  0.0           0.0           0.0         
             24        0  0.0           0.0          -3.929598E-05  0.0           0.0           0.0         
             25        0  0.0           0.0          -3.929599E-05  0.0           0.0           0.0         
             27        0  0.0           0.0           2.367359E-05  0.0           0.0           0.0         
             28        0  0.0           0.0          -5.000000E+05  0.0           0.0           0.0         
             29        0  0.0           0.0           1.666667E+05  0.0           0.0           0.0         
             30        0  0.0           0.0           1.666667E+05  0.0           0.0           0.0         
             31        0  0.0           0.0           1.666667E+05  0.0           0.0           0.0         
                         ------------- ------------- ------------- ------------- ------------- -------------
                MAX* :    0.0           0.0           3.333333E+05  0.0           0.0           0.0         
                MIN* :    0.0           0.0          -1.000000E+06  0.0           0.0           0.0         

                ABS* :    0.0           0.0           1.000000E+06  0.0           0.0           0.0         
                *for output set
                         ------------- ------------- ------------- ------------- ------------- -------------
     MPC FORCE TOTALS:    0.0           0.0          -5.820766E-11  0.0           0.0           0.0         
     (for output set)


 OUTPUT FOR SUBCASE        1

                                E L E M E N T   S T R E S S E S   I N   M A T E R I A L   C O O R D I N A T E   S Y S T E M
                                                       F O R   E L E M E N T   T Y P E   H E X A  20
    Elem  Location            Sigma-xx      Sigma-yy      Sigma-zz       Tau-xy        Tau-yz        Tau-zx       von Mises
     ID
        1  CENTER           -4.965761E-08 -4.947791E-08  1.000000E+06 -6.742228E-11 -3.049256E-11  6.619519E-12  1.000000E+06
           GRD       8       2.536777E-07  2.536350E-07  1.000000E+06  1.547553E-09 -1.961728E-07  1.968505E-07  1.000000E+06
           GRD       4       0.000000E+00  0.000000E+00  1.000000E+06  0.000000E+00 -1.129022E-07  1.124397E-07  1.000000E+06
           GRD       3       0.000000E+00  0.000000E+00  1.000000E+06  0.000000E+00 -1.135945E-07 -1.131343E-07  1.000000E+06
           GRD       7       2.532741E-07  2.553690E-07  1.000000E+06  5.862118E-11 -1.988833E-07 -1.985445E-07  1.000000E+06
           GRD       5       2.570798E-07  2.536111E-07  1.000000E+06  8.064148E-10  1.986447E-07  1.995610E-07  1.000000E+06
           GRD       1       0.000000E+00  0.000000E+00  1.000000E+06  0.000000E+00  1.129629E-07  1.144038E-07  1.000000E+06
           GRD       2       0.000000E+00  0.000000E+00  1.000000E+06  0.000000E+00  1.132673E-07 -1.137931E-07  1.000000E+06
           GRD       6       2.569514E-07  2.552186E-07  1.000000E+06 -1.795006E-10  1.994575E-07 -2.002386E-07  1.000000E+06
                            ------------- ------------- ------------- ------------- ------------- ------------- -------------
                MAX* :       2.570798E-07  2.553690E-07  1.000000E+06  1.547553E-09  1.994575E-07  1.995610E-07  1.000000E+06
                MIN* :      -4.965761E-08 -4.947791E-08  1.000000E+06 -1.795006E-10 -1.988833E-07 -2.002386E-07  1.000000E+06

                ABS* :       2.570798E-07  2.553690E-07  1.000000E+06  1.547553E-09  1.994575E-07  2.002386E-07  1.000000E+06
                * for output set


 OUTPUT FOR SUBCASE        1

                                E L E M E N T   S T R E S S E S   I N   M A T E R I A L   C O O R D I N A T E   S Y S T E M
                                                       F O R   E L E M E N T   T Y P E   P E N T A  
    Elem  Location            Sigma-xx      Sigma-yy      Sigma-zz       Tau-xy        Tau-yz        Tau-zx       von Mises
     ID
        2  CENTER           -8.164003E-05  7.495037E-05  1.000000E+06  3.957738E-05  5.837158E-06 -5.837370E-06  1.000000E+06
           GRD      27       1.044392E-04 -4.057322E-04  1.000000E+06 -2.004247E-04 -5.291638E-04 -2.345777E-04  1.000000E+06
           GRD      25       4.704146E-04 -3.069065E-04  1.000000E+06 -1.121041E-04  2.420499E-04  7.702327E-04  1.000000E+06
           GRD      24       3.715877E-04 -2.833929E-04  1.000000E+06 -2.004254E-04  2.345761E-04 -4.831197E-04  1.000000E+06
           GRD      26       0.000000E+00  0.000000E+00  1.000000E+06  0.000000E+00 -2.080521E-04 -5.981630E-05  1.000000E+06
           GRD      22       0.000000E+00  0.000000E+00  1.000000E+06  0.000000E+00  9.569950E-05  1.903061E-04  1.000000E+06
           GRD      23       0.000000E+00  0.000000E+00  1.000000E+06  0.000000E+00  5.981559E-05 -7.795386E-05  1.000000E+06
                            ------------- ------------- ------------- ------------- ------------- ------------- -------------
                MAX* :       4.704146E-04  7.495037E-05  1.000000E+06  3.957738E-05  2.420499E-04  7.702327E-04  1.000000E+06
                MIN* :      -8.164003E-05 -4.057322E-04  1.000000E+06 -2.004254E-04 -5.291638E-04 -4.831197E-04  1.000000E+06

                ABS* :       4.704146E-04  4.057322E-04  1.000000E+06  2.004254E-04  5.291638E-04  7.702327E-04  1.000000E+06
                * for output set


 OUTPUT FOR SUBCASE        1

                                 E L E M E N T   S T R A I N S   I N   M A T E R I A L   C O O R D I N A T E   S Y S T E M
                                                       F O R   E L E M E N T   T Y P E   H E X A  20
    Elem  Location            Epsilon-xx    Epsilon-yy    Epsilon-zz     Gamma-xy      Gamma-yz      Gamma-zx     von Mises
     ID
        1  CENTER           -4.965761E-19 -4.947791E-19  1.000000E-05 -1.348446E-21 -6.098513E-22  1.323904E-22  1.000000E-05
           GRD       8       2.536777E-18  2.536350E-18  1.000000E-05  3.095107E-20 -3.923457E-18  3.937009E-18  1.000000E-05
           GRD       4       0.000000E+00  0.000000E+00  1.000000E-05  0.000000E+00 -2.258043E-18  2.248795E-18  1.000000E-05
           GRD       3       0.000000E+00  0.000000E+00  1.000000E-05  0.000000E+00 -2.271890E-18 -2.262686E-18  1.000000E-05
           GRD       7       2.532741E-18  2.553690E-18  1.000000E-05  1.172424E-21 -3.977667E-18 -3.970890E-18  1.000000E-05
           GRD       5       2.570798E-18  2.536111E-18  1.000000E-05  1.612830E-20  3.972894E-18  3.991219E-18  1.000000E-05
           GRD       1       0.000000E+00  0.000000E+00  1.000000E-05  0.000000E+00  2.259257E-18  2.288075E-18  1.000000E-05
           GRD       2       0.000000E+00  0.000000E+00  1.000000E-05  0.000000E+00  2.265346E-18 -2.275863E-18  1.000000E-05
           GRD       6       2.569514E-18  2.552186E-18  1.000000E-05 -3.590012E-21  3.989150E-18 -4.004772E-18  1.000000E-05
                            ------------- ------------- ------------- ------------- ------------- ------------- -------------
                MAX* :       2.570798E-18  2.553690E-18  1.000000E-05  3.095107E-20  3.989150E-18  3.991219E-18  1.000000E-05
                MIN* :      -4.965761E-19 -4.947791E-19  1.000000E-05 -3.590012E-21 -3.977667E-18 -4.004772E-18  1.000000E-05

                ABS* :       2.570798E-18  2.553690E-18  1.000000E-05  3.095107E-20  3.989150E-18  4.004772E-18  1.000000E-05
                * for output set


 OUTPUT FOR SUBCASE        1

                                 E L E M E N T   S T R A I N S   I N   M A T E R I A L   C O O R D I N A T E   S Y S T E M
                                                       F O R   E L E M E N T   T Y P E   P E N T A  
    Elem  Location            Epsilon-xx    Epsilon-yy    Epsilon-zz     Gamma-xy      Gamma-yz      Gamma-zx     von Mises
     ID
        2  CENTER           -8.164003E-16  7.495037E-16  1.000000E-05  7.915476E-16  1.167432E-16 -1.167474E-16  1.000000E-05
           GRD      27       1.044392E-15 -4.057322E-15  1.000000E-05 -4.008493E-15 -1.058328E-14 -4.691554E-15  1.000000E-05
           GRD      25       4.704146E-15 -3.069065E-15  1.000000E-05 -2.242083E-15  4.840997E-15  1.540465E-14  1.000000E-05
           GRD      24       3.715877E-15 -2.833929E-15  1.000000E-05 -4.008509E-15  4.691522E-15 -9.662395E-15  1.000000E-05
           GRD      26       0.000000E+00  0.000000E+00  1.000000E-05  0.000000E+00 -4.161042E-15 -1.196326E-15  1.000000E-05
           GRD      22       0.000000E+00  0.000000E+00  1.000000E-05  0.000000E+00  1.913990E-15  3.806122E-15  1.000000E-05
           GRD      23       0.000000E+00  0.000000E+00  1.000000E-05  0.000000E+00  1.196312E-15 -1.559077E-15  1.000000E-05
                            ------------- ------------- ------------- ------------- ------------- ------------- -------------
                MAX* :       4.704146E-15  7.495037E-16  1.000000E-05  7.915476E-16  4.840997E-15  1.540465E-14  1.000000E-05
                MIN* :      -8.164003E-16 -4.057322E-15  1.000000E-05 -4.008509E-15 -1.058328E-14 -9.662395E-15  1.000000E-05

                ABS* :       4.704146E-15  4.057322E-15  1.000000E-05  4.008509E-15  1.058328E-14  1.540465E-14  1.000000E-05
                * for output set

 >> LINK  9 END

    Total CPU time =  3.12E-02 seconds

 >> MYSTRAN END    :  6/27/2026 at 19:34: 0.125

                                          * * * END OF JOB * * *
