   627193401

 MYSTRAN Version 18.0.0   APR 20 2026 MYSTRAN developed by Dr Bill Case
*** Please report any problems to mystransolver@gmail.com ***                                                                                                                                                                                                   

 >> MYSTRAN BEGIN  :  6/27/2026 at 19:34: 1.116 The input file is C:\Users\victo\Documents\Git\MYSTRAN_Validation\working\S30 node-surface coupling RBE3 23.bdf                                                                                                                                                                   


 >> LINK  0 BEGIN


SOL 101                                                                                                                                                                                                                                                         
CEND                                                                                                                                                                                                                                                            
DISPLACEMENT = ALL                                                                                                                                                                                                                                              
SPCFORCES = ALL                                                                                                                                                                                                                                                 
MPCFORCES = ALL                                                                                                                                                                                                                                                 
SPC = 1                                                                                                                                                                                                                                                         
LOAD = 1                                                                                                                                                                                                                                                        
BEGIN BULK                                                                                                                                                                                                                                                      
ECHO: loadb GRID           1       0   0.0+0   0.0+0   0.0+0       0                                                                                                                                                                                                        
ECHO: loadb GRID           2       0   1.0+0   0.0+0   0.0+0       0                                                                                                                                                                                                        
ECHO: loadb GRID           3       0   1.0+0   1.0+0   0.0+0       0                                                                                                                                                                                                        
ECHO: loadb GRID           4       0   0.0+0   1.0+0   0.0+0       0                                                                                                                                                                                                        
ECHO: loadb GRID           5       0   0.0+0   0.0+0   1.0+0       0                                                                                                                                                                                                        
ECHO: loadb GRID           6       0   1.0+0   0.0+0   1.0+0       0                                                                                                                                                                                                        
ECHO: loadb GRID           7       0   1.0+0   1.0+0   1.0+0       0                                                                                                                                                                                                        
ECHO: loadb GRID           8       0   0.0+0   1.0+0   1.0+0       0                                                                                                                                                                                                        
ECHO: loadb GRID           9       0   5.0-1   5.0-1   1.0+0       0                                                                                                                                                                                                        
ECHO: loadb GRID          10       0   0.0+0   5.0-1   1.0+0       0                                                                                                                                                                                                        
ECHO: loadb GRID          11       0   5.0-1   0.0+0   0.0+0       0                                                                                                                                                                                                        
ECHO: loadb GRID          12       0   1.0+0   5.0-1   0.0+0       0                                                                                                                                                                                                        
ECHO: loadb GRID          13       0   5.0-1   1.0+0   0.0+0       0                                                                                                                                                                                                        
ECHO: loadb GRID          14       0   0.0+0   5.0-1   0.0+0       0                                                                                                                                                                                                        
ECHO: loadb GRID          15       0   0.0+0   0.0+0   5.0-1       0                                                                                                                                                                                                        
ECHO: loadb GRID          16       0   1.0+0   0.0+0   5.0-1       0                                                                                                                                                                                                        
ECHO: loadb GRID          17       0   1.0+0   1.0+0   5.0-1       0                                                                                                                                                                                                        
ECHO: loadb GRID          18       0   0.0+0   1.0+0   5.0-1       0                                                                                                                                                                                                        
ECHO: loadb GRID          19       0   5.0-1   0.0+0   1.0+0       0                                                                                                                                                                                                        
ECHO: loadb GRID          20       0   1.0+0   5.0-1   1.0+0       0                                                                                                                                                                                                        
ECHO: loadb GRID          21       0   5.0-1   1.0+0   1.0+0       0                                                                                                                                                                                                        
ECHO: loadb GRID          22       0   0.0+0   2.0+0   0.0+0       0                                                                                                                                                                                                        
ECHO: loadb GRID          23       0   1.0+0   2.0+0   0.0+0       0                                                                                                                                                                                                        
ECHO: loadb GRID          24       0   1.0+0   3.0+0   0.0+0       0                                                                                                                                                                                                        
ECHO: loadb GRID          25       0   0.0+0   3.0+0   0.0+0       0                                                                                                                                                                                                        
ECHO: loadb GRID          26       0   0.0+0   2.0+0   1.0+0       0                                                                                                                                                                                                        
ECHO: loadb GRID          27       0   1.0+0   2.0+0   1.0+0       0                                                                                                                                                                                                        
ECHO: loadb GRID          28       0   1.0+0   3.0+0   1.0+0       0                                                                                                                                                                                                        
ECHO: loadb GRID          29       0   0.0+0   3.0+0   1.0+0       0                                                                                                                                                                                                        
ECHO: loadb GRID          30       0   0.0+0   2.5+0   1.0+0       0                                                                                                                                                                                                        
ECHO: loadb GRID          31       0   5.0-1   2.0+0   0.0+0       0                                                                                                                                                                                                        
ECHO: loadb GRID          32       0   1.0+0   2.5+0   0.0+0       0                                                                                                                                                                                                        
ECHO: loadb GRID          33       0   5.0-1   3.0+0   0.0+0       0                                                                                                                                                                                                        
ECHO: loadb GRID          34       0   0.0+0   2.5+0   0.0+0       0                                                                                                                                                                                                        
ECHO: loadb GRID          35       0   0.0+0   2.0+0   5.0-1       0                                                                                                                                                                                                        
ECHO: loadb GRID          36       0   1.0+0   2.0+0   5.0-1       0                                                                                                                                                                                                        
ECHO: loadb GRID          37       0   1.0+0   3.0+0   5.0-1       0                                                                                                                                                                                                        
ECHO: loadb GRID          38       0   0.0+0   3.0+0   5.0-1       0                                                                                                                                                                                                        
ECHO: loadb GRID          39       0   5.0-1   2.0+0   1.0+0       0                                                                                                                                                                                                        
ECHO: loadb GRID          40       0   1.0+0   2.5+0   1.0+0       0                                                                                                                                                                                                        
ECHO: loadb GRID          41       0   5.0-1   3.0+0   1.0+0       0                                                                                                                                                                                                        
ECHO: loadb GRID          42       0   5.0-1   2.5+0   1.0+0       0                                                                                                                                                                                                        
ECHO: loadb PARAM    STR_CID      -2                                                                                                                                                                                                                                        
ECHO: loadb MAT1           1  1.0+11  5.0+10   0.0+0   0.0+0   0.0+0   0.0+0                                                                                                                                                                                                
ECHO: loadb SPC            1       1       1   0.0+0                                                                                                                                                                                                                        
ECHO: loadb SPC            1       1       2   0.0+0                                                                                                                                                                                                                        
ECHO: loadb SPC            1       1       3   0.0+0                                                                                                                                                                                                                        
ECHO: loadb SPC            1       2       1   0.0+0                                                                                                                                                                                                                        
ECHO: loadb SPC            1       2       2   0.0+0                                                                                                                                                                                                                        
ECHO: loadb SPC            1       2       3   0.0+0                                                                                                                                                                                                                        
ECHO: loadb SPC            1       3       1   0.0+0                                                                                                                                                                                                                        
ECHO: loadb SPC            1       3       2   0.0+0                                                                                                                                                                                                                        
ECHO: loadb SPC            1       3       3   0.0+0                                                                                                                                                                                                                        
ECHO: loadb SPC            1       4       1   0.0+0                                                                                                                                                                                                                        
ECHO: loadb SPC            1       4       2   0.0+0                                                                                                                                                                                                                        
ECHO: loadb SPC            1       4       3   0.0+0                                                                                                                                                                                                                        
ECHO: loadb SPC            1      11       1   0.0+0                                                                                                                                                                                                                        
ECHO: loadb SPC            1      11       2   0.0+0                                                                                                                                                                                                                        
ECHO: loadb SPC            1      11       3   0.0+0                                                                                                                                                                                                                        
ECHO: loadb SPC            1      12       1   0.0+0                                                                                                                                                                                                                        
ECHO: loadb SPC            1      12       2   0.0+0                                                                                                                                                                                                                        
ECHO: loadb SPC            1      12       3   0.0+0                                                                                                                                                                                                                        
ECHO: loadb SPC            1      13       1   0.0+0                                                                                                                                                                                                                        
ECHO: loadb SPC            1      13       2   0.0+0                                                                                                                                                                                                                        
ECHO: loadb SPC            1      13       3   0.0+0                                                                                                                                                                                                                        
ECHO: loadb SPC            1      14       1   0.0+0                                                                                                                                                                                                                        
ECHO: loadb SPC            1      14       2   0.0+0                                                                                                                                                                                                                        
ECHO: loadb SPC            1      14       3   0.0+0                                                                                                                                                                                                                        
ECHO: loadb SPC            1      22       1   0.0+0                                                                                                                                                                                                                        
ECHO: loadb SPC            1      22       2   0.0+0                                                                                                                                                                                                                        
ECHO: loadb SPC            1      22       3   0.0+0                                                                                                                                                                                                                        
ECHO: loadb SPC            1      23       1   0.0+0                                                                                                                                                                                                                        
ECHO: loadb SPC            1      23       2   0.0+0                                                                                                                                                                                                                        
ECHO: loadb SPC            1      23       3   0.0+0                                                                                                                                                                                                                        
ECHO: loadb SPC            1      24       1   0.0+0                                                                                                                                                                                                                        
ECHO: loadb SPC            1      24       2   0.0+0                                                                                                                                                                                                                        
ECHO: loadb SPC            1      24       3   0.0+0                                                                                                                                                                                                                        
ECHO: loadb SPC            1      25       1   0.0+0                                                                                                                                                                                                                        
ECHO: loadb SPC            1      25       2   0.0+0                                                                                                                                                                                                                        
ECHO: loadb SPC            1      25       3   0.0+0                                                                                                                                                                                                                        
ECHO: loadb SPC            1      31       1   0.0+0                                                                                                                                                                                                                        
ECHO: loadb SPC            1      31       2   0.0+0                                                                                                                                                                                                                        
ECHO: loadb SPC            1      31       3   0.0+0                                                                                                                                                                                                                        
ECHO: loadb SPC            1      32       1   0.0+0                                                                                                                                                                                                                        
ECHO: loadb SPC            1      32       2   0.0+0                                                                                                                                                                                                                        
ECHO: loadb SPC            1      32       3   0.0+0                                                                                                                                                                                                                        
ECHO: loadb SPC            1      33       1   0.0+0                                                                                                                                                                                                                        
ECHO: loadb SPC            1      33       2   0.0+0                                                                                                                                                                                                                        
ECHO: loadb SPC            1      33       3   0.0+0                                                                                                                                                                                                                        
ECHO: loadb SPC            1      34       1   0.0+0                                                                                                                                                                                                                        
ECHO: loadb SPC            1      34       2   0.0+0                                                                                                                                                                                                                        
ECHO: loadb SPC            1      34       3   0.0+0                                                                                                                                                                                                                        
ECHO: loadb PSOLID         1       1       0       3               1                                                                                                                                                                                                        
ECHO: loadb CHEXA          1       1       8       4       3       7       5       1+                                                                                                                                                                                       
ECHO:  nextc +              2       6      18      13      17      21      10      14+                                                                                                                                                                                       
ECHO:  nextc +             12      20      15      11      16      19                                                                                                                                                                                                        
ECHO: loadb CHEXA          2       1      29      25      24      28      26      22+                                                                                                                                                                                       
ECHO:  nextc +             23      27      38      33      37      41      30      34+                                                                                                                                                                                       
ECHO:  nextc +             32      40      35      31      36      39                                                                                                                                                                                                        
ECHO: loadb MOMENT         2       9       0   1.0+0   0.0+0   1.0+6   0.0+0                                                                                                                                                                                                
ECHO: loadb MOMENT         2      42       0   1.0+0   0.0+0   1.0+6   0.0+0                                                                                                                                                                                                
ECHO: loadb RBE3*                  3                               9          123456*                                                                                                                                                                                       
ECHO: loadb *       -8.33333333333-2             123               7 3.33333333333-1*                                                                                                                                                                                       
ECHO nextc2: *                    123              21-8.33333333333-2             123*                                                                                                                                                                                       
ECHO nextc2: *                      8 3.33333333333-1             123              10*                                                                                                                                                                                       
ECHO nextc2: *       -8.33333333333-2             123               5 3.33333333333-1*                                                                                                                                                                                       
ECHO nextc2: *                    123              19-8.33333333333-2             123*                                                                                                                                                                                       
ECHO nextc2: *                      6 3.33333333333-1             123              20*                                                                                                                                                                                       
ECHO nextc2: *                                                                                                                                                                                                                                                               
ECHO: loadb RBE3*                  4                              42          123456*                                                                                                                                                                                       
ECHO: loadb *       -8.33333333333-2             123              28 3.33333333333-1*                                                                                                                                                                                       
ECHO nextc2: *                    123              41-8.33333333333-2             123*                                                                                                                                                                                       
ECHO nextc2: *                     29 3.33333333333-1             123              30*                                                                                                                                                                                       
ECHO nextc2: *       -8.33333333333-2             123              26 3.33333333333-1*                                                                                                                                                                                       
ECHO nextc2: *                    123              39-8.33333333333-2             123*                                                                                                                                                                                       
ECHO nextc2: *                     27 3.33333333333-1             123              40*                                                                                                                                                                                       
ECHO nextc2: *                                                                                                                                                                                                                                                               
ECHO: loadb LOAD           1   1.0+0   1.0+0       2                                                                                                                                                                                                                        
ECHO: loadb ENDDATA                                                                                                                                                                                                                                                         




 >> LINK  0 END


 >> LINK  1 BEGIN

               DEALLOCATED  4.61E-01 MB MEMORY FROM ARRAY STF3


 *INFORMATION: AUTOSPC Summary, Stage 1 after identification of AUTOSPC's at the grid level                                                 

                                     AUTOSPC_RAT = 1.000000E-08

                       Number of DOF's identified for AUTOSPC in component  1         =            0
                       Number of DOF's identified for AUTOSPC in component  2         =            0
                       Number of DOF's identified for AUTOSPC in component  3         =            0
                       Number of DOF's identified for AUTOSPC in component  4         =           40
                       Number of DOF's identified for AUTOSPC in component  5         =           40
                       Number of DOF's identified for AUTOSPC in component  6         =           40
                                                                                        ------------
                       Total number of DOF's identified in this stage                 =          120

               DEALLOCATED  1.01E-03 MB MEMORY FROM ARRAY STFKEY
               DEALLOCATED  4.61E-01 MB MEMORY FROM ARRAY STF3

 >> LINK  1 END


 >> LINK  2 BEGIN



 *INFORMATION: AUTOSPC Summary, Overall: after identification of all AUTOSPC's                                                               

                                     AUTOSPC_RAT = 1.000000E-08

                       Number of DOF's identified for AUTOSPC in component  1         =            0
                       Number of DOF's identified for AUTOSPC in component  2         =            0
                       Number of DOF's identified for AUTOSPC in component  3         =            0
                       Number of DOF's identified for AUTOSPC in component  4         =           40
                       Number of DOF's identified for AUTOSPC in component  5         =           40
                       Number of DOF's identified for AUTOSPC in component  6         =           40
                                                                                        ------------
                       Total number of DOF's identified overall                       =          120


 >> LINK  2 END


 >> LINK  3 BEGIN

 SUPERLU FACTORIZATION OF MATRIX KLL SUCCEEDED IN SUBR SYM_MAT_DECOMP_SUPRLU          

 *INFORMATION: FOR INTERNAL SUBCASE NUMBER        1 EPSILON ERROR ESTIMATE            = -1.340687E-16 Based on U'*(K*U - P)/(U'*P)


 >> LINK  3 END


 >> LINK  5 BEGIN


 >> LINK  5 END


 >> LINK  9 BEGIN



 OUTPUT FOR SUBCASE        1

                                                       D I S P L A C E M E N T S
                                              (in global coordinate system at each grid)
           GRID     COORD      T1            T2            T3            R1            R2            R3
                     SYS
              1        0  0.0           0.0           0.0           0.0           0.0           0.0         
              2        0  0.0           0.0           0.0           0.0           0.0           0.0         
              3        0  0.0           0.0           0.0           0.0           0.0           0.0         
              4        0  0.0           0.0           0.0           0.0           0.0           0.0         
              5        0  6.118641E-05 -4.456767E-05 -2.647495E-06  0.0           0.0           0.0         
              6        0  6.118641E-05  4.456767E-05  2.647495E-06  0.0           0.0           0.0         
              7        0  6.118641E-05 -4.456767E-05  2.647495E-06  0.0           0.0           0.0         
              8        0  6.118641E-05  4.456767E-05 -2.647495E-06  0.0           0.0           0.0         
              9        0  6.000000E-05  9.426733E-20 -1.355253E-20 -8.766791E-20  3.705900E-04 -2.529463E-19
             10        0  5.940680E-05  1.902275E-19  9.132375E-05  0.0           0.0           0.0         
             11        0  0.0           0.0           0.0           0.0           0.0           0.0         
             12        0  0.0           0.0           0.0           0.0           0.0           0.0         
             13        0  0.0           0.0           0.0           0.0           0.0           0.0         
             14        0  0.0           0.0           0.0           0.0           0.0           0.0         
             15        0  1.559320E-05  9.149526E-06 -1.323748E-06  0.0           0.0           0.0         
             16        0  1.559320E-05 -9.149526E-06  1.323748E-06  0.0           0.0           0.0         
             17        0  1.559320E-05  9.149526E-06  1.323748E-06  0.0           0.0           0.0         
             18        0  1.559320E-05 -9.149526E-06 -1.323748E-06  0.0           0.0           0.0         
             19        0  6.118641E-05  1.092155E-19  7.503087E-20  0.0           0.0           0.0         
             20        0  5.940680E-05  4.551676E-21 -9.132375E-05  0.0           0.0           0.0         
             21        0  6.118641E-05  7.448525E-20 -5.562834E-20  0.0           0.0           0.0         
             22        0  0.0           0.0           0.0           0.0           0.0           0.0         
             23        0  0.0           0.0           0.0           0.0           0.0           0.0         
             24        0  0.0           0.0           0.0           0.0           0.0           0.0         
             25        0  0.0           0.0           0.0           0.0           0.0           0.0         
             26        0  6.118641E-05 -4.456767E-05 -2.647495E-06  0.0           0.0           0.0         
             27        0  6.118641E-05  4.456767E-05  2.647495E-06  0.0           0.0           0.0         
             28        0  6.118641E-05 -4.456767E-05  2.647495E-06  0.0           0.0           0.0         
             29        0  6.118641E-05  4.456767E-05 -2.647495E-06  0.0           0.0           0.0         
             30        0  5.940680E-05  4.809312E-20  9.132375E-05  0.0           0.0           0.0         
             31        0  0.0           0.0           0.0           0.0           0.0           0.0         
             32        0  0.0           0.0           0.0           0.0           0.0           0.0         
             33        0  0.0           0.0           0.0           0.0           0.0           0.0         
             34        0  0.0           0.0           0.0           0.0           0.0           0.0         
             35        0  1.559320E-05  9.149526E-06 -1.323748E-06  0.0           0.0           0.0         
             36        0  1.559320E-05 -9.149526E-06  1.323748E-06  0.0           0.0           0.0         
             37        0  1.559320E-05  9.149526E-06  1.323748E-06  0.0           0.0           0.0         
             38        0  1.559320E-05 -9.149526E-06 -1.323748E-06  0.0           0.0           0.0         
             39        0  6.118641E-05  3.805982E-20  4.869336E-20  0.0           0.0           0.0         
             40        0  5.940680E-05  5.635092E-20 -9.132375E-05  0.0           0.0           0.0         
             41        0  6.118641E-05  5.327646E-20 -3.373216E-20  0.0           0.0           0.0         
             42        0  6.000000E-05  4.800628E-20 -1.694066E-20 -6.988022E-20  3.705900E-04  2.077553E-20
                         ------------- ------------- ------------- ------------- ------------- -------------
                MAX* :    6.118641E-05  4.456767E-05  9.132375E-05  0.0           3.705900E-04  2.077553E-20
                MIN* :    0.0          -4.456767E-05 -9.132375E-05 -8.766791E-20  0.0          -2.529463E-19

                ABS* :    6.118641E-05  4.456767E-05  9.132375E-05  8.766791E-20  3.705900E-04  2.529463E-19
                *for output set


 OUTPUT FOR SUBCASE        1

                                                          S P C   F O R C E S
                                              (in global coordinate system at each grid)
           GRID     COORD      T1            T2            T3            R1            R2            R3
                     SYS
              1        0  1.504503E+04 -3.675285E+04 -5.093064E+05  0.0           0.0           0.0         
              2        0  1.504503E+04  3.675285E+04  5.093064E+05  0.0           0.0           0.0         
              3        0  1.504503E+04 -3.675285E+04  5.093064E+05  0.0           0.0           0.0         
              4        0  1.504503E+04  3.675285E+04 -5.093064E+05  0.0           0.0           0.0         
             11        0  5.820766E-11  6.593531E-11 -2.787755E-10  0.0           0.0           0.0         
             12        0 -3.009006E+04  4.482122E-10 -1.861285E+04  0.0           0.0           0.0         
             13        0 -1.629815E-09  1.373649E-10  1.912853E-09  0.0           0.0           0.0         
             14        0 -3.009006E+04 -4.831104E-10  1.861285E+04  0.0           0.0           0.0         
             22        0  1.504503E+04 -3.675285E+04 -5.093064E+05  0.0           0.0           0.0         
             23        0  1.504503E+04  3.675285E+04  5.093064E+05  0.0           0.0           0.0         
             24        0  1.504503E+04 -3.675285E+04  5.093064E+05  0.0           0.0           0.0         
             25        0  1.504503E+04  3.675285E+04 -5.093064E+05  0.0           0.0           0.0         
             31        0 -1.804437E-09  4.530961E-10  1.985226E-10  0.0           0.0           0.0         
             32        0 -3.009006E+04 -1.085794E-10 -1.861285E+04  0.0           0.0           0.0         
             33        0 -2.095476E-09 -3.177549E-11  1.338239E-09  0.0           0.0           0.0         
             34        0 -3.009006E+04  2.406665E-10  1.861285E+04  0.0           0.0           0.0         
                         ------------- ------------- ------------- ------------- ------------- -------------
                MAX* :    1.504503E+04  3.675285E+04  5.093064E+05  0.0           0.0           0.0         
                MIN* :   -3.009006E+04 -3.675285E+04 -5.093064E+05  0.0           0.0           0.0         

                ABS* :    3.009006E+04  3.675285E+04  5.093064E+05  0.0           0.0           0.0         
                *for output set
                         ------------- ------------- ------------- ------------- ------------- -------------
     SPC FORCE TOTALS:   -1.239823E-08  2.114377E-10  4.551111E-09  0.0           0.0           0.0         
     (for output set)

                                                    SPC Force Summary on AUTOSPC'd DOF's
                                                 (in global coordinate system at each grid)
        For detailed information on the SPC forces for the AUTOSPC DOF's, set field 7 (AUTOSPC_SPCF) on the PARAM AUTOSPC entry to Y

                              T1             T2             T3             R1             R2             R3

 ABS AUTOSPC FORCES  :   0.000000E+00   0.000000E+00   0.000000E+00   0.000000E+00   0.000000E+00   0.000000E+00
 AUTOSPC FORCE TOTALS:   0.000000E+00   0.000000E+00   0.000000E+00   0.000000E+00   0.000000E+00   0.000000E+00
     (for output set)


 OUTPUT FOR SUBCASE        1

                                                          M P C   F O R C E S
                                              (in global coordinate system at each grid)
           GRID     COORD      T1            T2            T3            R1            R2            R3
                     SYS
              5        0  0.0           0.0          -5.000000E+05  0.0           0.0           0.0         
              6        0  0.0           0.0           5.000000E+05  0.0           0.0           0.0         
              7        0  0.0           0.0           5.000000E+05  0.0           0.0           0.0         
              8        0  0.0           0.0          -5.000000E+05  0.0           0.0           0.0         
              9        0  0.0           0.0           0.0           0.0          -1.000000E+06  0.0         
             10        0  0.0           0.0           2.000000E+06  0.0           0.0           0.0         
             20        0  0.0           0.0          -2.000000E+06  0.0           0.0           0.0         
             26        0  0.0           0.0          -5.000000E+05  0.0           0.0           0.0         
             27        0  0.0           0.0           5.000000E+05  0.0           0.0           0.0         
             28        0  0.0           0.0           5.000000E+05  0.0           0.0           0.0         
             29        0  0.0           0.0          -5.000000E+05  0.0           0.0           0.0         
             30        0  0.0           0.0           2.000000E+06  0.0           0.0           0.0         
             40        0  0.0           0.0          -2.000000E+06  0.0           0.0           0.0         
             42        0  0.0           0.0           0.0           0.0          -1.000000E+06  0.0         
                         ------------- ------------- ------------- ------------- ------------- -------------
                MAX* :    0.0           0.0           2.000000E+06  0.0           0.0           0.0         
                MIN* :    0.0           0.0          -2.000000E+06  0.0          -1.000000E+06  0.0         

                ABS* :    0.0           0.0           2.000000E+06  0.0           1.000000E+06  0.0         
                *for output set
                         ------------- ------------- ------------- ------------- ------------- -------------
     MPC FORCE TOTALS:    0.0           0.0           0.0           0.0          -2.000000E+06  0.0         
     (for output set)

 >> LINK  9 END

    Total CPU time =  6.25E-02 seconds

 >> MYSTRAN END    :  6/27/2026 at 19:34: 1.209

                                          * * * END OF JOB * * *
