   604115605

 MYSTRAN Version 18.0.0   APR 20 2026 MYSTRAN developed by Dr Bill Case
*** Please report any problems to mystransolver@gmail.com ***                                                                                                                                                                                                   

 >> MYSTRAN BEGIN  :  6/ 4/2026 at 11:56: 5.426 The input file is C:\Users\victo\Documents\Git\MYSTRAN_Validation\working\S30 node-surface coupling RBE3 17.bdf                                                                                                                                                                   


 >> LINK  0 BEGIN


SOL 101                                                                                                                                                                                                                                                         
CEND                                                                                                                                                                                                                                                            
DISPLACEMENT = ALL                                                                                                                                                                                                                                              
SPCFORCES = ALL                                                                                                                                                                                                                                                 
MPCFORCES = ALL                                                                                                                                                                                                                                                 
SPC = 1                                                                                                                                                                                                                                                         
LOAD = 1                                                                                                                                                                                                                                                        
BEGIN BULK                                                                                                                                                                                                                                                      
ECHO: loadb GRID           1       0   5.0-2   5.0-2  1.15+0       0                                                                                                                                                                                                        
ECHO: loadb GRID           2       0   0.0+0   0.0+0   9.5-1       0                                                                                                                                                                                                        
ECHO: loadb GRID           3       0   5.0-2   0.0+0   9.0-1       0                                                                                                                                                                                                        
ECHO: loadb GRID           4       0   1.0-1   0.0+0   9.5-1       0                                                                                                                                                                                                        
ECHO: loadb GRID           5       0   0.0+0   0.0+0   1.0+0       0                                                                                                                                                                                                        
ECHO: loadb GRID           6       0   1.0-1   0.0+0   1.0+0       0                                                                                                                                                                                                        
ECHO: loadb GRID           7       0   1.0-1   1.0-1   1.0+0       0                                                                                                                                                                                                        
ECHO: loadb GRID           8       0   0.0+0   1.0-1   1.0+0       0                                                                                                                                                                                                        
ECHO: loadb GRID           9       0   5.0-2   5.0-2   1.0+0       0                                                                                                                                                                                                        
ECHO: loadb GRID          10       0   5.0-2   0.0+0   1.0+0       0                                                                                                                                                                                                        
ECHO: loadb GRID          11       0   0.0+0   1.0-1   9.0-1       0                                                                                                                                                                                                        
ECHO: loadb GRID          12       0   0.0+0   0.0+0   9.0-1       0                                                                                                                                                                                                        
ECHO: loadb GRID          13       0   1.0-1   1.0-1   9.0-1       0                                                                                                                                                                                                        
ECHO: loadb GRID          14       0   1.0-1   0.0+0   9.0-1       0                                                                                                                                                                                                        
ECHO: loadb GRID          15       0   0.0+0   5.0-2   1.0+0       0                                                                                                                                                                                                        
ECHO: loadb GRID          16       0   0.0+0   5.0-2   9.0-1       0                                                                                                                                                                                                        
ECHO: loadb GRID          17       0   1.0-1   5.0-2   9.0-1       0                                                                                                                                                                                                        
ECHO: loadb GRID          18       0   1.0-1   5.0-2   1.0+0       0                                                                                                                                                                                                        
ECHO: loadb GRID          19       0   0.0+0   5.0-2   9.5-1       0                                                                                                                                                                                                        
ECHO: loadb GRID          20       0   5.0-2   5.0-2   9.0-1       0                                                                                                                                                                                                        
ECHO: loadb GRID          21       0   1.0-1   5.0-2   9.5-1       0                                                                                                                                                                                                        
ECHO: loadb GRID          22       0   5.0-2   5.0-2   1.0+0       0                                                                                                                                                                                                        
ECHO: loadb GRID          23       0   5.0-2   1.0-1   9.5-1       0                                                                                                                                                                                                        
ECHO: loadb GRID          24       0   5.0-2   0.0+0   9.5-1       0                                                                                                                                                                                                        
ECHO: loadb GRID          25       0   5.0-2   5.0-2   9.5-1       0                                                                                                                                                                                                        
ECHO: loadb GRID          26       0   5.0-2   5.0-2   1.1+0       0                                                                                                                                                                                                        
ECHO: loadb GRID          27       0   5.0-2   5.0-2  1.05+0       0                                                                                                                                                                                                        
ECHO: loadb GRID          28       0   0.0+0   1.0-1   9.5-1       0                                                                                                                                                                                                        
ECHO: loadb GRID          29       0   5.0-2   1.0-1   9.0-1       0                                                                                                                                                                                                        
ECHO: loadb GRID          30       0   1.0-1   1.0-1   9.5-1       0                                                                                                                                                                                                        
ECHO: loadb GRID          31       0   5.0-2   1.0-1   1.0+0       0                                                                                                                                                                                                        
ECHO: loadb PARAM    STR_CID      -2                                                                                                                                                                                                                                        
ECHO: loadb MAT1           1  1.0+11  5.0+10   0.0+0   0.0+0   0.0+0   0.0+0                                                                                                                                                                                                
ECHO: loadb MAT1           2  1.0+11  5.0+10   0.0+0   0.0+0   0.0+0   0.0+0                                                                                                                                                                                                
ECHO: loadb SPC            1       3       1   0.0+0                                                                                                                                                                                                                        
ECHO: loadb SPC            1       3       2   0.0+0                                                                                                                                                                                                                        
ECHO: loadb SPC            1       3       3   0.0+0                                                                                                                                                                                                                        
ECHO: loadb SPC            1      11       1   0.0+0                                                                                                                                                                                                                        
ECHO: loadb SPC            1      11       2   0.0+0                                                                                                                                                                                                                        
ECHO: loadb SPC            1      11       3   0.0+0                                                                                                                                                                                                                        
ECHO: loadb SPC            1      12       1   0.0+0                                                                                                                                                                                                                        
ECHO: loadb SPC            1      12       2   0.0+0                                                                                                                                                                                                                        
ECHO: loadb SPC            1      12       3   0.0+0                                                                                                                                                                                                                        
ECHO: loadb SPC            1      13       1   0.0+0                                                                                                                                                                                                                        
ECHO: loadb SPC            1      13       2   0.0+0                                                                                                                                                                                                                        
ECHO: loadb SPC            1      13       3   0.0+0                                                                                                                                                                                                                        
ECHO: loadb SPC            1      14       1   0.0+0                                                                                                                                                                                                                        
ECHO: loadb SPC            1      14       2   0.0+0                                                                                                                                                                                                                        
ECHO: loadb SPC            1      14       3   0.0+0                                                                                                                                                                                                                        
ECHO: loadb SPC            1      16       1   0.0+0                                                                                                                                                                                                                        
ECHO: loadb SPC            1      16       2   0.0+0                                                                                                                                                                                                                        
ECHO: loadb SPC            1      16       3   0.0+0                                                                                                                                                                                                                        
ECHO: loadb SPC            1      17       1   0.0+0                                                                                                                                                                                                                        
ECHO: loadb SPC            1      17       2   0.0+0                                                                                                                                                                                                                        
ECHO: loadb SPC            1      17       3   0.0+0                                                                                                                                                                                                                        
ECHO: loadb SPC            1      20       1   0.0+0                                                                                                                                                                                                                        
ECHO: loadb SPC            1      20       2   0.0+0                                                                                                                                                                                                                        
ECHO: loadb SPC            1      20       3   0.0+0                                                                                                                                                                                                                        
ECHO: loadb SPC            1      29       1   0.0+0                                                                                                                                                                                                                        
ECHO: loadb SPC            1      29       2   0.0+0                                                                                                                                                                                                                        
ECHO: loadb SPC            1      29       3   0.0+0                                                                                                                                                                                                                        
ECHO: loadb PSOLID         1       1       0       2               1                                                                                                                                                                                                        
ECHO: loadb CHEXA          1       1      15      19      25      22       5       2+                                                                                                                                                                                       
ECHO:  nextc +             24      10                                                                                                                                                                                                                                        
ECHO: loadb CHEXA          3       1      19      16      20      25       2      12+                                                                                                                                                                                       
ECHO:  nextc +              3      24                                                                                                                                                                                                                                        
ECHO: loadb CHEXA          4       1      25      20      17      21      24       3+                                                                                                                                                                                       
ECHO:  nextc +             14       4                                                                                                                                                                                                                                        
ECHO: loadb CHEXA          5       1      22      25      21      18      10      24+                                                                                                                                                                                       
ECHO:  nextc +              4       6                                                                                                                                                                                                                                        
ECHO: loadb CHEXA          6       1       8      28      23      31      15      19+                                                                                                                                                                                       
ECHO:  nextc +             25      22                                                                                                                                                                                                                                        
ECHO: loadb CHEXA          7       1      23      29      13      30      25      20+                                                                                                                                                                                       
ECHO:  nextc +             17      21                                                                                                                                                                                                                                        
ECHO: loadb CHEXA          9       1      31      23      30       7      22      25+                                                                                                                                                                                       
ECHO:  nextc +             21      18                                                                                                                                                                                                                                        
ECHO: loadb CHEXA         10       1      28      11      29      23      19      16+                                                                                                                                                                                       
ECHO:  nextc +             20      25                                                                                                                                                                                                                                        
ECHO: loadb PBAR*                  2               2           1.0-2 8.33333333333-6*                                                                                                                                                                                       
ECHO: loadb *        8.33333333333-6 1.40833333333-5           0.0+0                                                                                                                                                                                                        
ECHO: loadb CBAR           2       2      27      26   0.0+0   1.0+0   0.0+0                                                                                                                                                                                                
ECHO: loadb CBAR           8       2      26       1   0.0+0   1.0+0   0.0+0                                                                                                                                                                                                
ECHO: loadb CBAR          11       2       9      27   0.0+0   1.0+0   0.0+0                                                                                                                                                                                                
ECHO: loadb FORCE          2       1       0   1.0+0   0.0+0   1.3+4   0.0+0                                                                                                                                                                                                
ECHO: loadb MOMENT         2       1       0   1.0+0   0.0+0   0.0+0   1.0+4                                                                                                                                                                                                
ECHO: loadb RBE3          12               9  123456  6.25-4     123       7  1.25-3+                                                                                                                                                                                       
ECHO:  nextc +            123      31   2.5-3     123      22  1.25-3     123      18+                                                                                                                                                                                       
ECHO:  nextc +         6.25-4     123       8  1.25-3     123      15  1.25-3     123+                                                                                                                                                                                       
ECHO:  nextc +             10  6.25-4     123       6  6.25-4     123       5                                                                                                                                                                                                
ECHO: loadb LOAD           1   1.0+0   1.0+0       2                                                                                                                                                                                                                        
ECHO: loadb ENDDATA                                                                                                                                                                                                                                                         




 >> LINK  0 END


 >> LINK  1 BEGIN

               DEALLOCATED  3.02E-01 MB MEMORY FROM ARRAY STF3


 *INFORMATION: AUTOSPC Summary, Stage 1 after identification of AUTOSPC's at the grid level                                                 

                                     AUTOSPC_RAT = 1.000000E-08

                       Number of DOF's identified for AUTOSPC in component  1         =            0
                       Number of DOF's identified for AUTOSPC in component  2         =            0
                       Number of DOF's identified for AUTOSPC in component  3         =            0
                       Number of DOF's identified for AUTOSPC in component  4         =           27
                       Number of DOF's identified for AUTOSPC in component  5         =           27
                       Number of DOF's identified for AUTOSPC in component  6         =           27
                                                                                        ------------
                       Total number of DOF's identified in this stage                 =           81

               DEALLOCATED  7.44E-04 MB MEMORY FROM ARRAY STFKEY
               DEALLOCATED  3.02E-01 MB MEMORY FROM ARRAY STF3

 >> LINK  1 END


 >> LINK  2 BEGIN



 *INFORMATION: AUTOSPC Summary, Overall: after identification of all AUTOSPC's                                                               

                                     AUTOSPC_RAT = 1.000000E-08

                       Number of DOF's identified for AUTOSPC in component  1         =            0
                       Number of DOF's identified for AUTOSPC in component  2         =            0
                       Number of DOF's identified for AUTOSPC in component  3         =            0
                       Number of DOF's identified for AUTOSPC in component  4         =           27
                       Number of DOF's identified for AUTOSPC in component  5         =           27
                       Number of DOF's identified for AUTOSPC in component  6         =           27
                                                                                        ------------
                       Total number of DOF's identified overall                       =           81


 >> LINK  2 END


 >> LINK  3 BEGIN

 SUPERLU FACTORIZATION OF MATRIX KLL SUCCEEDED IN SUBR SYM_MAT_DECOMP_SUPRLU          

 *INFORMATION: FOR INTERNAL SUBCASE NUMBER        1 EPSILON ERROR ESTIMATE            =  9.920394E-16 Based on U'*(K*U - P)/(U'*P)


 >> LINK  3 END


 >> LINK  5 BEGIN


 >> LINK  5 END


 >> LINK  9 BEGIN



 OUTPUT FOR SUBCASE        1

                                                       D I S P L A C E M E N T S
                                              (in global coordinate system at each grid)
           GRID     COORD      T1            T2            T3            R1            R2            R3
                     SYS
              1        0 -5.788934E-20  7.648333E-05  1.113038E-20 -4.528333E-04 -3.819878E-20  3.330178E-03
              2        0  3.000000E-05 -2.480000E-05  7.800000E-06  0.0           0.0           0.0         
              3        0  0.0           0.0           0.0           0.0           0.0           0.0         
              4        0  3.000000E-05  3.520000E-05  7.800000E-06  0.0           0.0           0.0         
              5        0  6.000000E-05 -4.266667E-05  1.386667E-05  0.0           0.0           0.0         
              6        0  6.000000E-05  7.733333E-05  1.386667E-05  0.0           0.0           0.0         
              7        0 -6.000000E-05  7.733333E-05 -1.386667E-05  0.0           0.0           0.0         
              8        0 -6.000000E-05 -4.266667E-05 -1.386667E-05  0.0           0.0           0.0         
              9        0 -4.573978E-20  1.733333E-05  1.048203E-20 -2.773333E-04 -2.574980E-19  1.200000E-03
             10        0  6.000000E-05  1.733333E-05  1.386667E-05  0.0           0.0           0.0         
             11        0  0.0           0.0           0.0           0.0           0.0           0.0         
             12        0  0.0           0.0           0.0           0.0           0.0           0.0         
             13        0  0.0           0.0           0.0           0.0           0.0           0.0         
             14        0  0.0           0.0           0.0           0.0           0.0           0.0         
             15        0 -5.284442E-20 -4.266667E-05  6.805181E-21  0.0           0.0           0.0         
             16        0  0.0           0.0           0.0           0.0           0.0           0.0         
             17        0  0.0           0.0           0.0           0.0           0.0           0.0         
             18        0 -3.028957E-20  7.733333E-05  1.159246E-20  0.0           0.0           0.0         
             19        0 -2.117626E-20 -2.480000E-05  3.196425E-21  0.0           0.0           0.0         
             20        0  0.0           0.0           0.0           0.0           0.0           0.0         
             21        0 -2.640232E-20  3.520000E-05  2.124871E-20  0.0           0.0           0.0         
             22        0 -5.212974E-20  1.733333E-05  1.846246E-20  0.0           0.0           0.0         
             23        0 -3.000000E-05  5.200000E-06 -7.800000E-06  0.0           0.0           0.0         
             24        0  3.000000E-05  5.200000E-06  7.800000E-06  0.0           0.0           0.0         
             25        0 -1.730332E-20  5.200000E-06  8.781332E-21  0.0           0.0           0.0         
             26        0 -5.597940E-20  5.416667E-05  1.113038E-20 -4.333333E-04 -3.819878E-20  2.620118E-03
             27        0 -5.406946E-20  3.380000E-05  1.113038E-20 -3.748333E-04 -3.819878E-20  1.910059E-03
             28        0 -3.000000E-05 -2.480000E-05 -7.800000E-06  0.0           0.0           0.0         
             29        0  0.0           0.0           0.0           0.0           0.0           0.0         
             30        0 -3.000000E-05  3.520000E-05 -7.800000E-06  0.0           0.0           0.0         
             31        0 -6.000000E-05  1.733333E-05 -1.386667E-05  0.0           0.0           0.0         
                         ------------- ------------- ------------- ------------- ------------- -------------
                MAX* :    6.000000E-05  7.733333E-05  1.386667E-05  0.0           0.0           3.330178E-03
                MIN* :   -6.000000E-05 -4.266667E-05 -1.386667E-05 -4.528333E-04 -2.574980E-19  0.0         

                ABS* :    6.000000E-05  7.733333E-05  1.386667E-05  4.528333E-04  2.574980E-19  3.330178E-03
                *for output set


 OUTPUT FOR SUBCASE        1

                                                          S P C   F O R C E S
                                              (in global coordinate system at each grid)
           GRID     COORD      T1            T2            T3            R1            R2            R3
                     SYS
              3        0 -2.500000E+04 -1.625000E+03 -1.625000E+04  0.0           0.0           0.0         
             11        0  1.250000E+04  1.168750E+04  8.125000E+03  0.0           0.0           0.0         
             12        0 -1.250000E+04  1.168750E+04 -8.125000E+03  0.0           0.0           0.0         
             13        0  1.250000E+04 -1.331250E+04  8.125000E+03  0.0           0.0           0.0         
             14        0 -1.250000E+04 -1.331250E+04 -8.125000E+03  0.0           0.0           0.0         
             16        0  1.125500E-11  2.337500E+04  2.637535E-11  0.0           0.0           0.0         
             17        0  1.193712E-11 -2.662500E+04 -5.638867E-11  0.0           0.0           0.0         
             20        0  2.967226E-11 -3.250000E+03 -3.046807E-11  0.0           0.0           0.0         
             29        0  2.500000E+04 -1.625000E+03  1.625000E+04  0.0           0.0           0.0         
                         ------------- ------------- ------------- ------------- ------------- -------------
                MAX* :    2.500000E+04  2.337500E+04  1.625000E+04  0.0           0.0           0.0         
                MIN* :   -2.500000E+04 -2.662500E+04 -1.625000E+04  0.0           0.0           0.0         

                ABS* :    2.500000E+04  2.662500E+04  1.625000E+04  0.0           0.0           0.0         
                *for output set
                         ------------- ------------- ------------- ------------- ------------- -------------
     SPC FORCE TOTALS:    1.164153E-10 -1.300000E+04 -1.236913E-10  0.0           0.0           0.0         
     (for output set)

                                                    SPC Force Summary on AUTOSPC'd DOF's
                                                 (in global coordinate system at each grid)
        For detailed information on the SPC forces for the AUTOSPC DOF's, set field 7 (AUTOSPC_SPCF) on the PARAM AUTOSPC entry to Y

                              T1             T2             T3             R1             R2             R3

 ABS AUTOSPC FORCES  :   0.000000E+00   0.000000E+00   0.000000E+00   0.000000E+00   0.000000E+00   0.000000E+00
 AUTOSPC FORCE TOTALS:   0.000000E+00   0.000000E+00   0.000000E+00   0.000000E+00   0.000000E+00   0.000000E+00
     (for output set)


 OUTPUT FOR SUBCASE        1

                                                          M P C   F O R C E S
                                              (in global coordinate system at each grid)
           GRID     COORD      T1            T2            T3            R1            R2            R3
                     SYS
              5        0  1.250000E+04 -1.168750E+04  4.875000E+03  0.0           0.0           0.0         
              6        0  1.250000E+04  1.331250E+04  4.875000E+03  0.0           0.0           0.0         
              7        0 -1.250000E+04  1.331250E+04 -4.875000E+03  0.0           0.0           0.0         
              8        0 -1.250000E+04 -1.168750E+04 -4.875000E+03  0.0           0.0           0.0         
              9        0  0.0          -1.300000E+04 -2.910383E-11  1.950000E+03  3.637979E-12 -1.000000E+04
             10        0  2.500000E+04  1.625000E+03  9.750000E+03  0.0           0.0           0.0         
             15        0  0.0          -2.337500E+04 -1.455192E-11  0.0           0.0           0.0         
             18        0  0.0           2.662500E+04  2.182787E-11  0.0           0.0           0.0         
             22        0  0.0           3.250000E+03  7.275958E-12  0.0           0.0           0.0         
             31        0 -2.500000E+04  1.625000E+03 -9.750000E+03  0.0           0.0           0.0         
                         ------------- ------------- ------------- ------------- ------------- -------------
                MAX* :    2.500000E+04  2.662500E+04  9.750000E+03  1.950000E+03  3.637979E-12  0.0         
                MIN* :   -2.500000E+04 -2.337500E+04 -9.750000E+03  0.0           0.0          -1.000000E+04

                ABS* :    2.500000E+04  2.662500E+04  9.750000E+03  1.950000E+03  3.637979E-12  1.000000E+04
                *for output set
                         ------------- ------------- ------------- ------------- ------------- -------------
     MPC FORCE TOTALS:    0.0          -1.364242E-12  0.0           1.950000E+03  3.637979E-12 -1.000000E+04
     (for output set)

 >> LINK  9 END

    Total CPU time =  6.25E-02 seconds

 >> MYSTRAN END    :  6/ 4/2026 at 11:56: 5.528
