   602044410

 MYSTRAN Version 18.0.0   APR 20 2026 MYSTRAN developed by Dr Bill Case
*** Please report any problems to mystransolver@gmail.com ***                                                                                                                                                                                                   

 >> MYSTRAN BEGIN  :  6/ 2/2026 at  4:44:10.289 The input file is C:\Users\victo\Documents\Git\MYSTRAN_Validation\working\NAS S30 tri3 quad4.bdf                                                                                                                                                                                  


 >> LINK  0 BEGIN


SOL 101                                                                                                                                                                                                                                                         
CEND                                                                                                                                                                                                                                                            
DISPLACEMENT = ALL                                                                                                                                                                                                                                              
SPC = 1                                                                                                                                                                                                                                                         
LOAD = 1                                                                                                                                                                                                                                                        
STRESS(CORNER) = ALL                                                                                                                                                                                                                                            
STRAIN(CORNER) = ALL                                                                                                                                                                                                                                            
FORCE(CORNER) = ALL                                                                                                                                                                                                                                             
BEGIN BULK                                                                                                                                                                                                                                                      
ECHO: loadb PARAM,QUAD4TYP,MITC4+                                                                                                                                                                                                                                           
ECHO: loadb GRID           1       0   1.0+0   0.0+0   0.0+0       0                                                                                                                                                                                                        
ECHO: loadb GRID           2       0   2.0+0   0.0+0   0.0+0       0                                                                                                                                                                                                        
ECHO: loadb GRID           3       0   2.0+0   1.0+0   0.0+0       0                                                                                                                                                                                                        
ECHO: loadb GRID           4       0   1.0+0   1.0+0   0.0+0       0                                                                                                                                                                                                        
ECHO: loadb GRID           5       0   3.0+0   1.0+0   0.0+0       0                                                                                                                                                                                                        
ECHO: loadb GRID           6       0   3.0+0   0.0+0   0.0+0       0                                                                                                                                                                                                        
ECHO: loadb GRID*                  7               0 8.66025403784-1           0.0+0*                                                                                                                                                                                       
ECHO: loadb *                 -5.0-1               1                                                                                                                                                                                                                        
ECHO: loadb GRID*                  8               0 1.73205080757+0           0.0+0*                                                                                                                                                                                       
ECHO: loadb *                 -1.0+0               1                                                                                                                                                                                                                        
ECHO: loadb GRID*                  9               0 1.73205080757+0           1.0+0*                                                                                                                                                                                       
ECHO: loadb *                 -1.0+0               0                                                                                                                                                                                                                        
ECHO: loadb GRID*                 10               0 8.66025403784-1           1.0+0*                                                                                                                                                                                       
ECHO: loadb *                 -5.0-1               0                                                                                                                                                                                                                        
ECHO: loadb GRID*                 11               0 2.59807621135+0           1.0+0*                                                                                                                                                                                       
ECHO: loadb *                 -1.5+0               0                                                                                                                                                                                                                        
ECHO: loadb GRID*                 12               0 2.59807621135+0           0.0+0*                                                                                                                                                                                       
ECHO: loadb *                 -1.5+0               1                                                                                                                                                                                                                        
ECHO: loadb GRID          13       0   1.0+0   0.0+0   1.0+0       0                                                                                                                                                                                                        
ECHO: loadb GRID          14       0   2.0+0   0.0+0   1.0+0       0                                                                                                                                                                                                        
ECHO: loadb GRID*                 15               0           2.0+0 6.1230317691-17*                                                                                                                                                                                       
ECHO: loadb *                  2.0+0               0                                                                                                                                                                                                                        
ECHO: loadb GRID*                 16               0           1.0+0 6.1230317691-17*                                                                                                                                                                                       
ECHO: loadb *                  2.0+0               0                                                                                                                                                                                                                        
ECHO: loadb GRID*                 17               0           3.0+0 6.1230317691-17*                                                                                                                                                                                       
ECHO: loadb *                  2.0+0               0                                                                                                                                                                                                                        
ECHO: loadb GRID          18       0   3.0+0   0.0+0   1.0+0       0                                                                                                                                                                                                        
ECHO: loadb GRID          19       0   1.0+0   2.0+0   0.0+0       0                                                                                                                                                                                                        
ECHO: loadb GRID          20       0   2.0+0   2.0+0   0.0+0       0                                                                                                                                                                                                        
ECHO: loadb GRID          21       0   2.0+0   3.0+0   0.0+0       0                                                                                                                                                                                                        
ECHO: loadb GRID          22       0   1.0+0   3.0+0   0.0+0       0                                                                                                                                                                                                        
ECHO: loadb GRID          23       0   3.0+0   3.0+0   0.0+0       0                                                                                                                                                                                                        
ECHO: loadb GRID          24       0   3.0+0   2.0+0   0.0+0       0                                                                                                                                                                                                        
ECHO: loadb GRID*                 25               0 8.66025403784-1           2.0+0*                                                                                                                                                                                       
ECHO: loadb *                 -5.0-1               1                                                                                                                                                                                                                        
ECHO: loadb GRID*                 26               0 1.73205080757+0           2.0+0*                                                                                                                                                                                       
ECHO: loadb *                 -1.0+0               1                                                                                                                                                                                                                        
ECHO: loadb GRID*                 27               0 1.73205080757+0           3.0+0*                                                                                                                                                                                       
ECHO: loadb *                 -1.0+0               0                                                                                                                                                                                                                        
ECHO: loadb GRID*                 28               0 8.66025403784-1           3.0+0*                                                                                                                                                                                       
ECHO: loadb *                 -5.0-1               0                                                                                                                                                                                                                        
ECHO: loadb GRID*                 29               0 2.59807621135+0           3.0+0*                                                                                                                                                                                       
ECHO: loadb *                 -1.5+0               0                                                                                                                                                                                                                        
ECHO: loadb GRID*                 30               0 2.59807621135+0           2.0+0*                                                                                                                                                                                       
ECHO: loadb *                 -1.5+0               1                                                                                                                                                                                                                        
ECHO: loadb GRID          31       0   1.0+0   2.0+0   1.0+0       0                                                                                                                                                                                                        
ECHO: loadb GRID          32       0   2.0+0   2.0+0   1.0+0       0                                                                                                                                                                                                        
ECHO: loadb GRID          33       0   2.0+0   2.0+0   2.0+0       0                                                                                                                                                                                                        
ECHO: loadb GRID          34       0   1.0+0   2.0+0   2.0+0       0                                                                                                                                                                                                        
ECHO: loadb GRID          35       0   3.0+0   2.0+0   2.0+0       0                                                                                                                                                                                                        
ECHO: loadb GRID          36       0   3.0+0   2.0+0   1.0+0       0                                                                                                                                                                                                        
ECHO: loadb PARAM    STR_CID      -2                                                                                                                                                                                                                                        
ECHO: loadb MAT1*                  1          2.0+11 7.6923076923+10           3.0-1*                                                                                                                                                                                       
ECHO: loadb *                  0.0+0           0.0+0           0.0+0                                                                                                                                                                                                        
ECHO: loadb CORD2R*                1               0           0.0+0           0.0+0*                                                                                                                                                                                       
ECHO: loadb *                  0.0+0           5.0-1           0.0+0 8.66025403784-1*                                                                                                                                                                                       
ECHO nextc2: *        8.66025403784-1           0.0+0          -5.0-1                *                                                                                                                                                                                       
ECHO nextc2: *                                                                                                                                                                                                                                                               
ECHO: loadb SPC            1       1       2   0.0+0                                                                                                                                                                                                                        
ECHO: loadb SPC            1       1       3   0.0+0                                                                                                                                                                                                                        
ECHO: loadb SPC            1       1       4   0.0+0                                                                                                                                                                                                                        
ECHO: loadb SPC            1       1       6   0.0+0                                                                                                                                                                                                                        
ECHO: loadb SPC            1       2       1   0.0+0                                                                                                                                                                                                                        
ECHO: loadb SPC            1       2       3   0.0+0                                                                                                                                                                                                                        
ECHO: loadb SPC            1       2       2   0.0+0                                                                                                                                                                                                                        
ECHO: loadb SPC            1       2       4   0.0+0                                                                                                                                                                                                                        
ECHO: loadb SPC            1       2       6   0.0+0                                                                                                                                                                                                                        
ECHO: loadb SPC            1       6       2   0.0+0                                                                                                                                                                                                                        
ECHO: loadb SPC            1       6       4   0.0+0                                                                                                                                                                                                                        
ECHO: loadb SPC            1       6       6   0.0+0                                                                                                                                                                                                                        
ECHO: loadb SPC            1       7       2   0.0+0                                                                                                                                                                                                                        
ECHO: loadb SPC            1       7       4   0.0+0                                                                                                                                                                                                                        
ECHO: loadb SPC            1       7       6   0.0+0                                                                                                                                                                                                                        
ECHO: loadb SPC            1       8       1   0.0+0                                                                                                                                                                                                                        
ECHO: loadb SPC            1       8       3   0.0+0                                                                                                                                                                                                                        
ECHO: loadb SPC            1       8       2   0.0+0                                                                                                                                                                                                                        
ECHO: loadb SPC            1       8       4   0.0+0                                                                                                                                                                                                                        
ECHO: loadb SPC            1       8       6   0.0+0                                                                                                                                                                                                                        
ECHO: loadb SPC            1      12       2   0.0+0                                                                                                                                                                                                                        
ECHO: loadb SPC            1      12       3   0.0+0                                                                                                                                                                                                                        
ECHO: loadb SPC            1      12       4   0.0+0                                                                                                                                                                                                                        
ECHO: loadb SPC            1      12       6   0.0+0                                                                                                                                                                                                                        
ECHO: loadb SPC            1      13       3   0.0+0                                                                                                                                                                                                                        
ECHO: loadb SPC            1      13       2   0.0+0                                                                                                                                                                                                                        
ECHO: loadb SPC            1      13       4   0.0+0                                                                                                                                                                                                                        
ECHO: loadb SPC            1      13       5   0.0+0                                                                                                                                                                                                                        
ECHO: loadb SPC            1      14       3   0.0+0                                                                                                                                                                                                                        
ECHO: loadb SPC            1      14       1   0.0+0                                                                                                                                                                                                                        
ECHO: loadb SPC            1      14       4   0.0+0                                                                                                                                                                                                                        
ECHO: loadb SPC            1      14       5   0.0+0                                                                                                                                                                                                                        
ECHO: loadb SPC            1      15       2   0.0+0                                                                                                                                                                                                                        
ECHO: loadb SPC            1      18       3   0.0+0                                                                                                                                                                                                                        
ECHO: loadb SPC            1      18       4   0.0+0                                                                                                                                                                                                                        
ECHO: loadb SPC            1      18       5   0.0+0                                                                                                                                                                                                                        
ECHO: loadb SPC            1      19       2   0.0+0                                                                                                                                                                                                                        
ECHO: loadb SPC            1      19       3   0.0+0                                                                                                                                                                                                                        
ECHO: loadb SPC            1      19       4   0.0+0                                                                                                                                                                                                                        
ECHO: loadb SPC            1      19       6   0.0+0                                                                                                                                                                                                                        
ECHO: loadb SPC            1      20       1   0.0+0                                                                                                                                                                                                                        
ECHO: loadb SPC            1      20       3   0.0+0                                                                                                                                                                                                                        
ECHO: loadb SPC            1      20       2   0.0+0                                                                                                                                                                                                                        
ECHO: loadb SPC            1      20       4   0.0+0                                                                                                                                                                                                                        
ECHO: loadb SPC            1      20       6   0.0+0                                                                                                                                                                                                                        
ECHO: loadb SPC            1      24       2   0.0+0                                                                                                                                                                                                                        
ECHO: loadb SPC            1      24       4   0.0+0                                                                                                                                                                                                                        
ECHO: loadb SPC            1      24       6   0.0+0                                                                                                                                                                                                                        
ECHO: loadb SPC            1      25       2   0.0+0                                                                                                                                                                                                                        
ECHO: loadb SPC            1      25       4   0.0+0                                                                                                                                                                                                                        
ECHO: loadb SPC            1      25       6   0.0+0                                                                                                                                                                                                                        
ECHO: loadb SPC            1      26       1   0.0+0                                                                                                                                                                                                                        
ECHO: loadb SPC            1      26       3   0.0+0                                                                                                                                                                                                                        
ECHO: loadb SPC            1      26       2   0.0+0                                                                                                                                                                                                                        
ECHO: loadb SPC            1      26       4   0.0+0                                                                                                                                                                                                                        
ECHO: loadb SPC            1      26       6   0.0+0                                                                                                                                                                                                                        
ECHO: loadb SPC            1      30       2   0.0+0                                                                                                                                                                                                                        
ECHO: loadb SPC            1      30       3   0.0+0                                                                                                                                                                                                                        
ECHO: loadb SPC            1      30       4   0.0+0                                                                                                                                                                                                                        
ECHO: loadb SPC            1      30       6   0.0+0                                                                                                                                                                                                                        
ECHO: loadb SPC            1      31       3   0.0+0                                                                                                                                                                                                                        
ECHO: loadb SPC            1      31       2   0.0+0                                                                                                                                                                                                                        
ECHO: loadb SPC            1      31       4   0.0+0                                                                                                                                                                                                                        
ECHO: loadb SPC            1      31       5   0.0+0                                                                                                                                                                                                                        
ECHO: loadb SPC            1      32       3   0.0+0                                                                                                                                                                                                                        
ECHO: loadb SPC            1      32       1   0.0+0                                                                                                                                                                                                                        
ECHO: loadb SPC            1      32       4   0.0+0                                                                                                                                                                                                                        
ECHO: loadb SPC            1      32       5   0.0+0                                                                                                                                                                                                                        
ECHO: loadb SPC            1      33       2   0.0+0                                                                                                                                                                                                                        
ECHO: loadb SPC            1      36       3   0.0+0                                                                                                                                                                                                                        
ECHO: loadb SPC            1      36       4   0.0+0                                                                                                                                                                                                                        
ECHO: loadb SPC            1      36       5   0.0+0                                                                                                                                                                                                                        
ECHO: loadb PSHELL         2       1   2.0-1       1               1           0.0+0                                                                                                                                                                                        
ECHO: loadb CTRIA3         1       2       1       3       4   0.0+0   0.0+0                                                                                                                                                                                                
ECHO: loadb CTRIA3         2       2       2       1       3   0.0+0   0.0+0                                                                                                                                                                                                
ECHO: loadb CTRIA3         3       2       3       2       5   0.0+0   0.0+0                                                                                                                                                                                                
ECHO: loadb CTRIA3         4       2       6       5       2   0.0+0   0.0+0                                                                                                                                                                                                
ECHO: loadb CTRIA3*                5               2               7               9*                                                                                                                                                                                       
ECHO: loadb *                     10  4.344718493-15           0.0+0                                                                                                                                                                                                        
ECHO: loadb CTRIA3         6       2       7       8       9   0.0+0   0.0+0                                                                                                                                                                                                
ECHO: loadb CTRIA3         7       2       9       8      11   0.0+0   0.0+0                                                                                                                                                                                                
ECHO: loadb CTRIA3         8       2      12      11       8   0.0+0   0.0+0                                                                                                                                                                                                
ECHO: loadb CTRIA3         9       2      13      15      16   0.0+0   0.0+0                                                                                                                                                                                                
ECHO: loadb CTRIA3        10       2      13      14      15   0.0+0   0.0+0                                                                                                                                                                                                
ECHO: loadb CTRIA3        11       2      15      14      17   0.0+0   0.0+0                                                                                                                                                                                                
ECHO: loadb CTRIA3        12       2      18      17      14   0.0+0   0.0+0                                                                                                                                                                                                
ECHO: loadb PSHELL         3       1   2.0-1       1               1           0.0+0                                                                                                                                                                                        
ECHO: loadb CQUAD4        13       3      20      24      23      21   0.0+0   0.0+0                                                                                                                                                                                        
ECHO: loadb CQUAD4        14       3      21      20      19      22   0.0+0   0.0+0                                                                                                                                                                                        
ECHO: loadb CQUAD4        15       3      31      34      33      32   0.0+0   0.0+0                                                                                                                                                                                        
ECHO: loadb CQUAD4        16       3      36      32      33      35   0.0+0   0.0+0                                                                                                                                                                                        
ECHO: loadb CQUAD4        17       3      26      27      29      30   0.0+0   0.0+0                                                                                                                                                                                        
ECHO: loadb CQUAD4        18       3      28      27      26      25   0.0+0   0.0+0                                                                                                                                                                                        
ECHO: loadb FORCE          2       3       0   1.0+0   0.0+0   5.0+6   0.0+0                                                                                                                                                                                                
ECHO: loadb FORCE          2       5       0   1.0+0   0.0+0   2.5+6   0.0+0                                                                                                                                                                                                
ECHO: loadb FORCE          2       4       0   1.0+0   0.0+0   2.5+6   0.0+0                                                                                                                                                                                                
ECHO: loadb FORCE          2       9       0   1.0+0   0.0+0   5.0+6   0.0+0                                                                                                                                                                                                
ECHO: loadb FORCE          2      10       0   1.0+0   0.0+0   2.5+6   0.0+0                                                                                                                                                                                                
ECHO: loadb FORCE          2      11       0   1.0+0   0.0+0   2.5+6   0.0+0                                                                                                                                                                                                
ECHO: loadb FORCE          2      27       0   1.0+0   0.0+0   5.0+6   0.0+0                                                                                                                                                                                                
ECHO: loadb FORCE          2      29       0   1.0+0   0.0+0   2.5+6   0.0+0                                                                                                                                                                                                
ECHO: loadb FORCE          2      28       0   1.0+0   0.0+0   2.5+6   0.0+0                                                                                                                                                                                                
ECHO: loadb FORCE          2      23       0   1.0+0   0.0+0   2.5+6   0.0+0                                                                                                                                                                                                
ECHO: loadb FORCE          2      21       0   1.0+0   0.0+0   5.0+6   0.0+0                                                                                                                                                                                                
ECHO: loadb FORCE          2      22       0   1.0+0   0.0+0   2.5+6   0.0+0                                                                                                                                                                                                
ECHO: loadb FORCE          2      15       0   1.0+0   0.0+0   0.0+0   5.0+6                                                                                                                                                                                                
ECHO: loadb FORCE          2      16       0   1.0+0   0.0+0   0.0+0   2.5+6                                                                                                                                                                                                
ECHO: loadb FORCE          2      17       0   1.0+0   0.0+0   0.0+0   2.5+6                                                                                                                                                                                                
ECHO: loadb FORCE          2      34       0   1.0+0   0.0+0   0.0+0   2.5+6                                                                                                                                                                                                
ECHO: loadb FORCE          2      33       0   1.0+0   0.0+0   0.0+0   5.0+6                                                                                                                                                                                                
ECHO: loadb FORCE          2      35       0   1.0+0   0.0+0   0.0+0   2.5+6                                                                                                                                                                                                
ECHO: loadb LOAD           1   1.0+0   1.0+0       2                                                                                                                                                                                                                        
ECHO: loadb ENDDATA                                                                                                                                                                                                                                                         




 >> LINK  0 END


 >> LINK  1 BEGIN

               DEALLOCATED  1.18E-01 MB MEMORY FROM ARRAY STF3


 *INFORMATION: AUTOSPC Summary, Stage 1 after identification of AUTOSPC's at the grid level                                                 

                                     AUTOSPC_RAT = 1.000000E-08

                       Number of DOF's identified for AUTOSPC in component  1         =            0
                       Number of DOF's identified for AUTOSPC in component  2         =            0
                       Number of DOF's identified for AUTOSPC in component  3         =            0
                       Number of DOF's identified for AUTOSPC in component  4         =            0
                       Number of DOF's identified for AUTOSPC in component  5         =            6
                       Number of DOF's identified for AUTOSPC in component  6         =           12
                                                                                        ------------
                       Total number of DOF's identified in this stage                 =           18

               DEALLOCATED  8.64E-04 MB MEMORY FROM ARRAY STFKEY
               DEALLOCATED  1.18E-01 MB MEMORY FROM ARRAY STF3

 >> LINK  1 END


 >> LINK  2 BEGIN



 *INFORMATION: AUTOSPC Summary, Overall: after identification of all AUTOSPC's                                                               

                                     AUTOSPC_RAT = 1.000000E-08

                       Number of DOF's identified for AUTOSPC in component  1         =            0
                       Number of DOF's identified for AUTOSPC in component  2         =            0
                       Number of DOF's identified for AUTOSPC in component  3         =            0
                       Number of DOF's identified for AUTOSPC in component  4         =            0
                       Number of DOF's identified for AUTOSPC in component  5         =            6
                       Number of DOF's identified for AUTOSPC in component  6         =           12
                                                                                        ------------
                       Total number of DOF's identified overall                       =           18


 >> LINK  2 END


 >> LINK  3 BEGIN

 SUPERLU FACTORIZATION OF MATRIX KLL SUCCEEDED IN SUBR SYM_MAT_DECOMP_SUPRLU          

 *INFORMATION: FOR INTERNAL SUBCASE NUMBER        1 EPSILON ERROR ESTIMATE            = -2.971681E-18 Based on U'*(K*U - P)/(U'*P)


 >> LINK  3 END


 >> LINK  5 BEGIN


 >> LINK  5 END


 >> LINK  9 BEGIN



 OUTPUT FOR SUBCASE        1

                                                       D I S P L A C E M E N T S
                                              (in global coordinate system at each grid)
           GRID     COORD      T1            T2            T3            R1            R2            R3
                     SYS
              1        0  3.750000E-05  0.0           0.0           0.0           0.0           0.0         
              2        0  0.0           0.0           0.0           0.0           0.0           0.0         
              3        0 -3.717412E-20  1.250000E-04  0.0           0.0           0.0           0.0         
              4        0  3.750000E-05  1.250000E-04  0.0           0.0           0.0           0.0         
              5        0 -3.750000E-05  1.250000E-04  0.0           0.0           0.0           0.0         
              6        0 -3.750000E-05  0.0           0.0           0.0           0.0           0.0         
              7        1  3.750000E-05  0.0           1.127028E-16  0.0           7.518956E-17  0.0         
              8        1  0.0           0.0           0.0           0.0           7.510345E-17  0.0         
              9        0 -1.217945E-16  1.250000E-04  7.036838E-17  7.596600E-20  7.517570E-17  0.0         
             10        0  3.247595E-05  1.250000E-04 -1.875000E-05  4.407915E-19  7.484604E-17  0.0         
             11        0 -3.247595E-05  1.250000E-04  1.875000E-05  3.742709E-19  7.467176E-17  0.0         
             12        1 -3.750000E-05  0.0           0.0           0.0           7.497512E-17  0.0         
             13        0  3.750000E-05  0.0           0.0           0.0           0.0           5.305781E-19
             14        0  0.0           7.910405E-19  0.0           0.0           0.0           1.017560E-18
             15        0 -2.778734E-20  0.0           1.250000E-04  1.153717E-18  0.0           9.632591E-19
             16        0  3.750000E-05 -7.801614E-19  1.250000E-04  9.055248E-19  0.0           8.324680E-19
             17        0 -3.750000E-05  1.050215E-18  1.250000E-04  1.379315E-18  0.0           1.189055E-18
             18        0 -3.750000E-05  2.012613E-18  0.0           0.0           0.0           1.551673E-18
             19        0  3.750000E-05  0.0           0.0           0.0           0.0           0.0         
             20        0  0.0           0.0           0.0           0.0           0.0           0.0         
             21        0  9.552107E-21  1.250000E-04  0.0           0.0           0.0           0.0         
             22        0  3.750000E-05  1.250000E-04  0.0           0.0           0.0           0.0         
             23        0 -3.750000E-05  1.250000E-04  0.0           0.0           0.0           0.0         
             24        0 -3.750000E-05  0.0           0.0           0.0           0.0           0.0         
             25        1  3.750000E-05  0.0           1.117333E-16  0.0           7.355686E-17  0.0         
             26        1  0.0           0.0           0.0           0.0           7.485491E-17  0.0         
             27        0 -1.883206E-16  1.250000E-04  1.084481E-16 -4.376717E-19  7.430131E-17  0.0         
             28        0  3.247595E-05  1.250000E-04 -1.875000E-05 -5.927663E-19  7.432577E-17  0.0         
             29        0 -3.247595E-05  1.250000E-04  1.875000E-05  1.184744E-19  7.504622E-17  0.0         
             30        1 -3.750000E-05  0.0           0.0           0.0           7.513862E-17  0.0         
             31        0  3.750000E-05  0.0           0.0           0.0           0.0           0.0         
             32        0  0.0           0.0           0.0           0.0           0.0           0.0         
             33        0  3.184036E-21  0.0           1.250000E-04  0.0           0.0           0.0         
             34        0  3.750000E-05  0.0           1.250000E-04  0.0           0.0           0.0         
             35        0 -3.750000E-05  0.0           1.250000E-04  0.0           0.0           0.0         
             36        0 -3.750000E-05  0.0           0.0           0.0           0.0           0.0         
                         ------------- ------------- ------------- ------------- ------------- -------------
                MAX* :    3.750000E-05  1.250000E-04  1.250000E-04  1.379315E-18  7.518956E-17  1.551673E-18
                MIN* :   -3.750000E-05 -7.801614E-19 -1.875000E-05 -5.927663E-19  0.0           0.0         

                ABS* :    3.750000E-05  1.250000E-04  1.250000E-04  1.379315E-18  7.518956E-17  1.551673E-18
                *for output set

                                                    SPC Force Summary on AUTOSPC'd DOF's
                                                 (in global coordinate system at each grid)
        For detailed information on the SPC forces for the AUTOSPC DOF's, set field 7 (AUTOSPC_SPCF) on the PARAM AUTOSPC entry to Y

                              T1             T2             T3             R1             R2             R3

 ABS AUTOSPC FORCES  :   0.000000E+00   0.000000E+00   0.000000E+00   0.000000E+00   5.500947E-29   4.296516E-11
 AUTOSPC FORCE TOTALS:   0.000000E+00   0.000000E+00   0.000000E+00   0.000000E+00   2.173918E-40  -8.468144E-11
     (for output set)


 OUTPUT FOR SUBCASE        1

                                                       E L E M E N T   E N G I N E E R I N G   F O R C E S
                                                           F O R   E L E M E N T   T Y P E   Q U A D 4  
  Element Location               N o r m a l   F o r c e s                       M o m e n t s                   T r a n s v e r s e
     ID                                                                                                        S h e a r   F o r c e s
                              Nxx           Nyy           Nxy           Mxx           Myy           Mxy            Qx           Qy
       13                -1.862645E-10  5.000000E+06  4.170008E-10  0.000000E+00  0.000000E+00  0.000000E+00  0.000000E+00  0.000000E+00
           GRD      20   -3.226196E-10  5.000000E+06  1.973403E-10  0.000000E+00  0.000000E+00  0.000000E+00  0.000000E+00  0.000000E+00
           GRD      24    6.452392E-10  5.000000E+06 -2.992180E-10  0.000000E+00  0.000000E+00  0.000000E+00  0.000000E+00  0.000000E+00
           GRD      23    3.226196E-10  5.000000E+06  5.584737E-10  0.000000E+00  0.000000E+00  0.000000E+00  0.000000E+00  0.000000E+00
           GRD      21   -6.452392E-10  5.000000E+06  1.055032E-09  0.000000E+00  0.000000E+00  0.000000E+00  0.000000E+00  0.000000E+00
       14                 5.000000E+06 -7.450581E-10 -5.212510E-11  0.000000E+00  0.000000E+00  0.000000E+00  0.000000E+00  0.000000E+00
           GRD      21    5.000000E+06  1.826812E-11  1.414728E-10  0.000000E+00  0.000000E+00  0.000000E+00  0.000000E+00  0.000000E+00
           GRD      20    5.000000E+06 -9.495907E-10  1.866145E-10  0.000000E+00  0.000000E+00  0.000000E+00  0.000000E+00  0.000000E+00
           GRD      19    5.000000E+06 -9.495907E-10 -2.196605E-10  0.000000E+00  0.000000E+00  0.000000E+00  0.000000E+00  0.000000E+00
           GRD      22    5.000000E+06  1.826812E-11 -2.648022E-10  0.000000E+00  0.000000E+00  0.000000E+00  0.000000E+00  0.000000E+00
       15                 5.000000E+06 -7.450581E-10 -1.840078E-10  0.000000E+00  0.000000E+00  0.000000E+00  0.000000E+00  0.000000E+00
           GRD      31    5.000000E+06 -1.204033E-09 -3.820836E-10  0.000000E+00  0.000000E+00  0.000000E+00  0.000000E+00  0.000000E+00
           GRD      34    5.000000E+06 -2.361739E-10 -5.626503E-10  0.000000E+00  0.000000E+00  0.000000E+00  0.000000E+00  0.000000E+00
           GRD      33    5.000000E+06  8.644566E-11  1.183182E-10  0.000000E+00  0.000000E+00  0.000000E+00  0.000000E+00  0.000000E+00
           GRD      32    5.000000E+06 -8.814131E-10  2.988848E-10  0.000000E+00  0.000000E+00  0.000000E+00  0.000000E+00  0.000000E+00
       16                -5.587935E-10  5.000000E+06  0.000000E+00  0.000000E+00  0.000000E+00  0.000000E+00  0.000000E+00  0.000000E+00
           GRD      36   -5.587935E-10  5.000000E+06 -1.815023E-10  0.000000E+00  0.000000E+00  0.000000E+00  0.000000E+00  0.000000E+00
           GRD      32   -5.587935E-10  5.000000E+06  4.420606E-11  0.000000E+00  0.000000E+00  0.000000E+00  0.000000E+00  0.000000E+00
           GRD      33   -5.587935E-10  5.000000E+06 -9.356035E-13  0.000000E+00  0.000000E+00  0.000000E+00  0.000000E+00  0.000000E+00
           GRD      35   -5.587935E-10  5.000000E+06 -2.266439E-10  0.000000E+00  0.000000E+00  0.000000E+00  0.000000E+00  0.000000E+00
       17                 5.000000E+06 -7.450581E-10 -1.563753E-10  4.285842E-11  8.143184E-11 -2.891399E-11  2.925823E-10  2.778116E-10
           GRD      26    5.000000E+06 -2.866339E-06 -3.343215E-06  6.800695E-11  5.822990E-11 -2.838991E-11  6.658997E-10  1.242945E-10
           GRD      27    5.000000E+06 -2.865048E-06  3.342356E-06  8.827936E-11  1.258046E-10 -5.308922E-11  6.658997E-10  4.313286E-10
           GRD      29    5.000000E+06  2.865966E-06  3.342537E-06  1.770989E-11  1.046338E-10 -2.943807E-11 -8.073508E-11  4.313286E-10
           GRD      30    5.000000E+06  2.864676E-06 -3.343034E-06 -2.562523E-12  3.705906E-11 -4.738758E-12 -8.073508E-11  1.242945E-10
       18                 3.725290E-10  5.000000E+06  5.212510E-11  1.129163E-10  9.336727E-11 -2.076668E-12 -2.157001E-10 -7.759784E-11
           GRD      28   -2.864998E-06  5.000000E+06 -3.343541E-06  1.898098E-11  7.414105E-11 -3.254325E-11 -7.479809E-10  5.107040E-10
           GRD      27    2.866339E-06  5.000000E+06 -3.343992E-06  1.307699E-11  5.446108E-11  3.527790E-11 -7.479809E-10 -6.658997E-10
           GRD      26    2.865371E-06  5.000000E+06  3.343384E-06  2.068517E-10  1.125935E-10  2.838991E-11  3.165807E-10 -6.658997E-10
           GRD      25   -2.865966E-06  5.000000E+06  3.343836E-06  2.127557E-10  1.322735E-10 -3.943124E-11  3.165807E-10  5.107040E-10
                          ------------- ------------- ------------- ------------- ------------- ------------- ------------- -------------
                MAX* :    5.000000E+06  5.000000E+06  3.343836E-06  2.127557E-10  1.322735E-10  3.527790E-11  6.658997E-10  5.107040E-10
                MIN* :   -2.865966E-06 -2.866339E-06 -3.343992E-06 -2.562523E-12  0.000000E+00 -5.308922E-11 -7.479809E-10 -6.658997E-10

                ABS* :    5.000000E+06  5.000000E+06  3.343992E-06  2.127557E-10  1.322735E-10  5.308922E-11  7.479809E-10  6.658997E-10
                *for output set


 OUTPUT FOR SUBCASE        1

                                                       E L E M E N T   E N G I N E E R I N G   F O R C E S
                                                           F O R   E L E M E N T   T Y P E   T R I A 3  
  Element Location               N o r m a l   F o r c e s                       M o m e n t s                   T r a n s v e r s e
     ID                                                                                                        S h e a r   F o r c e s
                              Nxx           Nyy           Nxy           Mxx           Myy           Mxy            Qx           Qy
        1                 2.500000E+06  2.500000E+06  2.500000E+06  0.000000E+00  0.000000E+00  0.000000E+00  0.000000E+00  0.000000E+00
        2                 2.048910E-09  5.000000E+06  5.719095E-10  0.000000E+00  0.000000E+00  0.000000E+00  0.000000E+00  0.000000E+00
        3                 5.000000E+06  5.587935E-10  8.340017E-10  0.000000E+00  0.000000E+00  0.000000E+00  0.000000E+00  0.000000E+00
        4                 5.000000E+06 -1.862645E-10  4.170008E-10  0.000000E+00  0.000000E+00  0.000000E+00  0.000000E+00  0.000000E+00
        5                 2.500000E+06  2.500000E+06  2.500000E+06  6.373753E-12  3.545661E-12  3.648187E-11 -1.157612E-10 -7.250163E-11
        6                -7.912517E-07  5.000000E+06 -2.164021E-06  1.550962E-11  1.342468E-11 -3.705347E-12 -5.780240E-11  3.194631E-11
        7                 5.000000E+06  5.515292E-07 -1.923625E-06  3.179049E-11  7.672897E-11 -9.542839E-12  6.262639E-11 -1.683667E-11
        8                 5.000000E+06 -5.517155E-07  5.516921E-07  5.313187E-11  3.304929E-11 -1.555700E-11 -6.564717E-11  2.020899E-11
        9                 2.500000E+06  2.500000E+06  2.500000E+06  7.103043E-11  7.653790E-11  5.314441E-11  2.683175E-10  2.164819E-10
       10                 1.862645E-09  5.000000E+06 -4.274976E-10 -2.063976E-11  1.476370E-10  2.784635E-12 -3.665330E-11  2.997217E-10
       11                 5.000000E+06  3.725290E-10  4.170008E-10  1.591177E-10  1.762923E-11 -1.435376E-11 -2.722554E-10 -3.672800E-12
       12                 5.000000E+06 -1.862645E-10  2.085004E-10  1.786199E-10 -1.762923E-11 -1.859583E-11  3.098244E-10 -3.672800E-12
                          ------------- ------------- ------------- ------------- ------------- ------------- ------------- -------------
                MAX* :    5.000000E+06  5.000000E+06  2.500000E+06  1.786199E-10  1.476370E-10  5.314441E-11  3.098244E-10  2.997217E-10
                MIN* :   -7.912517E-07 -5.517155E-07 -2.164021E-06 -2.063976E-11 -1.762923E-11 -1.859583E-11 -2.722554E-10 -7.250163E-11

                ABS* :    5.000000E+06  5.000000E+06  2.500000E+06  1.786199E-10  1.476370E-10  5.314441E-11  3.098244E-10  2.997217E-10
                *for output set


 OUTPUT FOR SUBCASE        1

                                          E L E M E N T   S T R E S S E S   I N   L O C A L   E L E M E N T   C O O R D I N A T E   S Y S T E M
                                                                       F O R   E L E M E N T   T Y P E   Q U A D 4  
    Elem  Location       Fibre       Stresses In Element Coord System     Principal Stresses (Zero Shear)               Transverse   Transverse   % Poly
     ID                 Distance    Normal-X     Normal-Y     Shear-XY     Angle     Major        Minor      von Mises    Shear-XZ     Shear-YZ    Fit Err
                                                                                                                         (max through thickness)

       13  CENTER      -1.000E-01 -9.31323E-10  2.50000E+07  2.08500E-09   90.00  2.50000E+07  0.00000E+00  2.50000E+07  0.00000E+00  0.00000E+00
                        1.000E-01 -9.31323E-10  2.50000E+07  2.08500E-09   90.00  2.50000E+07  0.00000E+00  2.50000E+07

           GRD      20 -1.000E-01 -1.61310E-09  2.50000E+07  9.86702E-10   90.00  2.50000E+07  0.00000E+00  2.50000E+07  0.00000E+00  0.00000E+00 -0.8E+01(3)
                        1.000E-01 -1.61310E-09  2.50000E+07  9.86702E-10   90.00  2.50000E+07  0.00000E+00  2.50000E+07

           GRD      24 -1.000E-01  3.22620E-09  2.50000E+07 -1.49609E-09  -90.00  2.50000E+07  3.72529E-09  2.50000E+07  0.00000E+00  0.00000E+00  0.8E+01(3)
                        1.000E-01  3.22620E-09  2.50000E+07 -1.49609E-09  -90.00  2.50000E+07  3.72529E-09  2.50000E+07

           GRD      23 -1.000E-01  1.61310E-09  2.50000E+07  2.79237E-09   90.00  2.50000E+07  0.00000E+00  2.50000E+07  0.00000E+00  0.00000E+00  0.8E+01(3)
                        1.000E-01  1.61310E-09  2.50000E+07  2.79237E-09   90.00  2.50000E+07  0.00000E+00  2.50000E+07

           GRD      21 -1.000E-01 -3.22620E-09  2.50000E+07  5.27516E-09   90.00  2.50000E+07 -3.72529E-09  2.50000E+07  0.00000E+00  0.00000E+00 -0.8E+01(3)
                        1.000E-01 -3.22620E-09  2.50000E+07  5.27516E-09   90.00  2.50000E+07 -3.72529E-09  2.50000E+07

       14  CENTER      -1.000E-01  2.50000E+07 -3.72529E-09 -2.60626E-10   -0.00  2.50000E+07 -3.72529E-09  2.50000E+07  0.00000E+00  0.00000E+00
                        1.000E-01  2.50000E+07 -3.72529E-09 -2.60626E-10   -0.00  2.50000E+07 -3.72529E-09  2.50000E+07

           GRD      21 -1.000E-01  2.50000E+07  9.13406E-11  7.07364E-10    0.00  2.50000E+07  0.00000E+00  2.50000E+07  0.00000E+00  0.00000E+00  0.4E+02(3)
                        1.000E-01  2.50000E+07  9.13406E-11  7.07364E-10    0.00  2.50000E+07  0.00000E+00  2.50000E+07

           GRD      20 -1.000E-01  2.50000E+07 -4.74795E-09  9.33072E-10    0.00  2.50000E+07 -3.72529E-09  2.50000E+07  0.00000E+00  0.00000E+00 -0.4E+02(3)
                        1.000E-01  2.50000E+07 -4.74795E-09  9.33072E-10    0.00  2.50000E+07 -3.72529E-09  2.50000E+07

           GRD      19 -1.000E-01  2.50000E+07 -4.74795E-09 -1.09830E-09   -0.00  2.50000E+07 -3.72529E-09  2.50000E+07  0.00000E+00  0.00000E+00 -0.4E+02(3)
                        1.000E-01  2.50000E+07 -4.74795E-09 -1.09830E-09   -0.00  2.50000E+07 -3.72529E-09  2.50000E+07

           GRD      22 -1.000E-01  2.50000E+07  9.13406E-11 -1.32401E-09   -0.00  2.50000E+07  0.00000E+00  2.50000E+07  0.00000E+00  0.00000E+00  0.4E+02(3)
                        1.000E-01  2.50000E+07  9.13406E-11 -1.32401E-09   -0.00  2.50000E+07  0.00000E+00  2.50000E+07

       15  CENTER      -1.000E-01  2.50000E+07 -3.72529E-09 -9.20039E-10   -0.00  2.50000E+07 -3.72529E-09  2.50000E+07  0.00000E+00  0.00000E+00
                        1.000E-01  2.50000E+07 -3.72529E-09 -9.20039E-10   -0.00  2.50000E+07 -3.72529E-09  2.50000E+07

           GRD      31 -1.000E-01  2.50000E+07 -6.02016E-09 -1.91042E-09   -0.00  2.50000E+07 -7.45058E-09  2.50000E+07  0.00000E+00  0.00000E+00  0.7E+02(3)
                        1.000E-01  2.50000E+07 -6.02016E-09 -1.91042E-09   -0.00  2.50000E+07 -7.45058E-09  2.50000E+07

           GRD      34 -1.000E-01  2.50000E+07 -1.18087E-09 -2.81325E-09   -0.00  2.50000E+07  0.00000E+00  2.50000E+07  0.00000E+00  0.00000E+00 -0.7E+02(3)
                        1.000E-01  2.50000E+07 -1.18087E-09 -2.81325E-09   -0.00  2.50000E+07  0.00000E+00  2.50000E+07

           GRD      33 -1.000E-01  2.50000E+07  4.32228E-10  5.91591E-10    0.00  2.50000E+07  0.00000E+00  2.50000E+07  0.00000E+00  0.00000E+00 -0.7E+02(3)
                        1.000E-01  2.50000E+07  4.32228E-10  5.91591E-10    0.00  2.50000E+07  0.00000E+00  2.50000E+07

           GRD      32 -1.000E-01  2.50000E+07 -4.40707E-09  1.49442E-09    0.00  2.50000E+07 -3.72529E-09  2.50000E+07  0.00000E+00  0.00000E+00  0.7E+02(3)
                        1.000E-01  2.50000E+07 -4.40707E-09  1.49442E-09    0.00  2.50000E+07 -3.72529E-09  2.50000E+07

       16  CENTER      -1.000E-01 -2.79397E-09  2.50000E+07  0.00000E+00   90.00  2.50000E+07 -3.72529E-09  2.50000E+07  0.00000E+00  0.00000E+00
                        1.000E-01 -2.79397E-09  2.50000E+07  0.00000E+00   90.00  2.50000E+07 -3.72529E-09  2.50000E+07

           GRD      36 -1.000E-01 -2.79397E-09  2.50000E+07 -9.07511E-10  -90.00  2.50000E+07 -3.72529E-09  2.50000E+07  0.00000E+00  0.00000E+00  0.2E-07
                        1.000E-01 -2.79397E-09  2.50000E+07 -9.07511E-10  -90.00  2.50000E+07 -3.72529E-09  2.50000E+07

           GRD      32 -1.000E-01 -2.79397E-09  2.50000E+07  2.21030E-10   90.00  2.50000E+07 -3.72529E-09  2.50000E+07  0.00000E+00  0.00000E+00 -0.2E-07
                        1.000E-01 -2.79397E-09  2.50000E+07  2.21030E-10   90.00  2.50000E+07 -3.72529E-09  2.50000E+07

           GRD      33 -1.000E-01 -2.79397E-09  2.50000E+07 -4.67802E-12  -90.00  2.50000E+07 -3.72529E-09  2.50000E+07  0.00000E+00  0.00000E+00 -0.2E-07
                        1.000E-01 -2.79397E-09  2.50000E+07 -4.67802E-12  -90.00  2.50000E+07 -3.72529E-09  2.50000E+07

           GRD      35 -1.000E-01 -2.79397E-09  2.50000E+07 -1.13322E-09  -90.00  2.50000E+07 -3.72529E-09  2.50000E+07  0.00000E+00  0.00000E+00  0.2E-07
                        1.000E-01 -2.79397E-09  2.50000E+07 -1.13322E-09  -90.00  2.50000E+07 -3.72529E-09  2.50000E+07

       17  CENTER      -1.000E-01  2.50000E+07  8.48949E-09 -5.11898E-09   -0.00  2.50000E+07  7.45058E-09  2.50000E+07  1.75549E-09  1.66687E-09
                        1.000E-01  2.50000E+07 -1.59401E-08  3.55522E-09    0.00  2.50000E+07 -1.49012E-08  2.50000E+07

           GRD      26 -1.000E-01  2.50000E+07 -1.43230E-05 -1.67203E-05   -0.00  2.50000E+07 -1.43237E-05  2.50000E+07  3.99540E-09  7.45767E-10 -0.3E-02
                        1.000E-01  2.50000E+07 -1.43404E-05 -1.67118E-05   -0.00  2.50000E+07 -1.43386E-05  2.50000E+07

           GRD      27 -1.000E-01  2.50000E+07 -1.43064E-05  1.67038E-05    0.00  2.50000E+07 -1.43051E-05  2.50000E+07  3.99540E-09  2.58797E-09  0.3E-02
                        1.000E-01  2.50000E+07 -1.43441E-05  1.67197E-05    0.00  2.50000E+07 -1.43424E-05  2.50000E+07

           GRD      29 -1.000E-01  2.50000E+07  1.43455E-05  1.67083E-05    0.00  2.50000E+07  1.43461E-05  2.50000E+07 -4.84410E-10  2.58797E-09  0.3E-02
                        1.000E-01  2.50000E+07  1.43141E-05  1.67171E-05    0.00  2.50000E+07  1.43126E-05  2.50000E+07

           GRD      30 -1.000E-01  2.50000E+07  1.43289E-05 -1.67159E-05   -0.00  2.50000E+07  1.43275E-05  2.50000E+07 -4.84410E-10  7.45767E-10 -0.3E-02
                        1.000E-01  2.50000E+07  1.43178E-05 -1.67145E-05   -0.00  2.50000E+07  1.43163E-05  2.50000E+07

       18  CENTER      -1.000E-01  1.88001E-08  2.50000E+07 -5.08747E-11  -90.00  2.50000E+07  1.86265E-08  2.50000E+07 -1.29420E-09 -4.65587E-10
                        1.000E-01 -1.50748E-08  2.50000E+07  5.72126E-10   90.00  2.50000E+07 -1.49012E-08  2.50000E+07

           GRD      28 -1.000E-01 -1.43221E-05  2.50000E+07 -1.67226E-05  -90.00  2.50000E+07 -1.43237E-05  2.50000E+07 -4.48789E-09  3.06422E-09  0.1E-02
                        1.000E-01 -1.43278E-05  2.50000E+07 -1.67128E-05  -90.00  2.50000E+07 -1.43275E-05  2.50000E+07

           GRD      27 -1.000E-01  1.43337E-05  2.50000E+07 -1.67147E-05  -90.00  2.50000E+07  1.43349E-05  2.50000E+07 -4.48789E-09 -3.99540E-09 -0.1E-02
                        1.000E-01  1.43297E-05  2.50000E+07 -1.67253E-05  -90.00  2.50000E+07  1.43312E-05  2.50000E+07

           GRD      26 -1.000E-01  1.43579E-05  2.50000E+07  1.67212E-05   90.00  2.50000E+07  1.43573E-05  2.50000E+07  1.89948E-09 -3.99540E-09 -0.1E-02
                        1.000E-01  1.42958E-05  2.50000E+07  1.67127E-05   90.00  2.50000E+07  1.42977E-05  2.50000E+07

           GRD      25 -1.000E-01 -1.42979E-05  2.50000E+07  1.67133E-05   90.00  2.50000E+07 -1.42977E-05  2.50000E+07  1.89948E-09  3.06422E-09  0.1E-02
                        1.000E-01 -1.43617E-05  2.50000E+07  1.67251E-05   90.00  2.50000E+07 -1.43610E-05  2.50000E+07
                                  ------------ ------------ ------------         ------------ ------------ ------------ ------------ ------------ --------
 MAX* :                            2.50000E+07  2.50000E+07  1.67251E-05          2.50000E+07  1.43573E-05  2.50000E+07  3.99540E-09  3.06422E-09  0.7E+02
 MIN* :                           -1.43617E-05 -1.43441E-05 -1.67253E-05          2.50000E+07 -1.43610E-05  2.50000E+07 -4.48789E-09 -3.99540E-09 -0.7E+02

 ABS* :                            2.50000E+07  2.50000E+07  1.67253E-05          2.50000E+07  1.43610E-05  2.50000E+07  4.48789E-09  3.99540E-09  0.7E+02
 *for output set
 NOTE: Explanation of errors in the polynomial fit to extrapolate element corner point stresses from values at the Gauss points:
       (3): Polynomial fit error is in XY shear   stress


 OUTPUT FOR SUBCASE        1

                                    E L E M E N T   S T R E S S E S   I N   L O C A L   E L E M E N T   C O O R D I N A T E   S Y S T E M
                                                                 F O R   E L E M E N T   T Y P E   T R I A 3  
  Element    Location      Fibre        Stresses In Element Coord System       Principal Stresses (Zero Shear)               Transverse   Transverse
     ID                   Distance     Normal-X     Normal-Y      Shear-XY     Angle     Major        Minor      von Mises     Shear-XZ     Shear-YZ
                                                                                                                             (max through thickness)

        1    Anywhere   -1.00000E-01  1.25000E+07  1.25000E+07  1.25000E+07   45.000  2.50000E+07  7.45058E-09  2.50000E+07  0.00000E+00  0.00000E+00
             in elem     1.00000E-01  1.25000E+07  1.25000E+07  1.25000E+07   45.000  2.50000E+07  7.45058E-09  2.50000E+07

        2    Anywhere   -1.00000E-01  1.02445E-08  2.50000E+07  2.85955E-09   90.000  2.50000E+07  1.11759E-08  2.50000E+07  0.00000E+00  0.00000E+00
             in elem     1.00000E-01  1.02445E-08  2.50000E+07  2.85955E-09   90.000  2.50000E+07  1.11759E-08  2.50000E+07

        3    Anywhere   -1.00000E-01  2.50000E+07  2.79397E-09  4.17001E-09    0.000  2.50000E+07  3.72529E-09  2.50000E+07  0.00000E+00  0.00000E+00
             in elem     1.00000E-01  2.50000E+07  2.79397E-09  4.17001E-09    0.000  2.50000E+07  3.72529E-09  2.50000E+07

        4    Anywhere   -1.00000E-01  2.50000E+07 -9.31323E-10  2.08500E-09    0.000  2.50000E+07  0.00000E+00  2.50000E+07  0.00000E+00  0.00000E+00
             in elem     1.00000E-01  2.50000E+07 -9.31323E-10  2.08500E-09    0.000  2.50000E+07  0.00000E+00  2.50000E+07

        5    Anywhere   -1.00000E-01  1.25000E+07  1.25000E+07  1.25000E+07   45.000  2.50000E+07  3.95253E-06  2.50000E+07 -6.94567E-10 -4.35010E-10
             in elem     1.00000E-01  1.25000E+07  1.25000E+07  1.25000E+07   45.000  2.50000E+07  3.96371E-06  2.50000E+07

        6    Anywhere   -1.00000E-01 -3.95393E-06  2.50000E+07 -1.08207E-05  -90.000  2.50000E+07 -3.95253E-06  2.50000E+07 -3.46814E-10  1.91678E-10
             in elem     1.00000E-01 -3.95858E-06  2.50000E+07 -1.08195E-05  -90.000  2.50000E+07 -3.95998E-06  2.50000E+07

        7    Anywhere   -1.00000E-01  2.50000E+07  2.76916E-06 -9.61956E-06   -0.000  2.50000E+07  2.76789E-06  2.50000E+07  3.75758E-10 -1.01020E-10
             in elem     1.00000E-01  2.50000E+07  2.74614E-06 -9.61669E-06   -0.000  2.50000E+07  2.74554E-06  2.50000E+07

        8    Anywhere   -1.00000E-01  2.50000E+07 -2.75362E-06  2.75613E-06    0.000  2.50000E+07 -2.75299E-06  2.50000E+07 -3.93883E-10  1.21254E-10
             in elem     1.00000E-01  2.50000E+07 -2.76353E-06  2.76079E-06    0.000  2.50000E+07 -2.76417E-06  2.50000E+07

        9    Anywhere   -1.00000E-01  1.25000E+07  1.25000E+07  1.25000E+07   45.000  2.50000E+07  3.72529E-09  2.50000E+07  1.60990E-09  1.29889E-09
             in elem     1.00000E-01  1.25000E+07  1.25000E+07  1.25000E+07   45.000  2.50000E+07 -3.72529E-09  2.50000E+07

       10    Anywhere   -1.00000E-01  6.21726E-09  2.50000E+07 -1.71979E-09  -90.000  2.50000E+07  7.45058E-09  2.50000E+07 -2.19920E-10  1.79833E-09
             in elem     1.00000E-01  1.24092E-08  2.50000E+07 -2.55518E-09  -90.000  2.50000E+07  1.11759E-08  2.50000E+07

       11    Anywhere   -1.00000E-01  2.50000E+07  4.50703E-09 -6.80599E-11   -0.000  2.50000E+07  3.72529E-09  2.50000E+07 -1.63353E-09 -2.20368E-11
             in elem     1.00000E-01  2.50000E+07 -7.81739E-10  4.23807E-09    0.000  2.50000E+07  0.00000E+00  2.50000E+07

       12    Anywhere   -1.00000E-01  2.50000E+07 -3.57571E-09 -1.74687E-09   -0.000  2.50000E+07 -3.72529E-09  2.50000E+07  1.85895E-09 -2.20368E-11
             in elem     1.00000E-01  2.50000E+07  1.71306E-09  3.83188E-09    0.000  2.50000E+07  0.00000E+00  2.50000E+07
                                     ------------ ------------ ------------          ------------ ------------ ------------ ------------ ------------
 MAX* :                               2.50000E+07  2.50000E+07  1.25000E+07           2.50000E+07  3.96371E-06  2.50000E+07  1.85895E-09  1.79833E-09
 MIN* :                              -3.95858E-06 -2.76353E-06 -1.08207E-05           2.50000E+07 -3.95998E-06  2.50000E+07 -1.63353E-09 -4.35010E-10

 ABS* :                               2.50000E+07  2.50000E+07  1.25000E+07           2.50000E+07  3.96371E-06  2.50000E+07  1.85895E-09  1.79833E-09
 *for output set


 OUTPUT FOR SUBCASE        1

                                           E L E M E N T   S T R A I N S   I N   L O C A L   E L E M E N T   C O O R D I N A T E   S Y S T E M
                                                                       F O R   E L E M E N T   T Y P E   Q U A D 4  
  Elem  Location         Fibre      Strains In Element Coord System       Principal Strains (Zero Shear)                 Transverse   Transverse   % Poly
   ID                   Distance   Normal-X     Normal-Y     Shear-XY     Angle      Major        Minor      von Mises    Shear-XZ     Shear-YZ    Fit Err 

       13  CENTER      -1.000E-01 -3.75000E-05  1.25000E-04  2.71051E-20   90.00  1.25000E-04 -3.75000E-05  1.47373E-04  0.00000E+00  0.00000E+00
                        1.000E-01 -3.75000E-05  1.25000E-04  2.71051E-20   90.00  1.25000E-04 -3.75000E-05  1.47373E-04

           GRD      20 -1.000E-01 -3.75000E-05  1.25000E-04  1.28271E-20   90.00  1.25000E-04 -3.75000E-05  1.47373E-04  0.00000E+00  0.00000E+00 -0.8E+01(3)
                        1.000E-01 -3.75000E-05  1.25000E-04  1.28271E-20   90.00  1.25000E-04 -3.75000E-05  1.47373E-04

           GRD      24 -1.000E-01 -3.75000E-05  1.25000E-04 -1.94492E-20  -90.00  1.25000E-04 -3.75000E-05  1.47373E-04  0.00000E+00  0.00000E+00  0.8E+01(3)
                        1.000E-01 -3.75000E-05  1.25000E-04 -1.94492E-20  -90.00  1.25000E-04 -3.75000E-05  1.47373E-04

           GRD      23 -1.000E-01 -3.75000E-05  1.25000E-04  3.63008E-20   90.00  1.25000E-04 -3.75000E-05  1.47373E-04  0.00000E+00  0.00000E+00  0.8E+01(3)
                        1.000E-01 -3.75000E-05  1.25000E-04  3.63008E-20   90.00  1.25000E-04 -3.75000E-05  1.47373E-04

           GRD      21 -1.000E-01 -3.75000E-05  1.25000E-04  6.85771E-20   90.00  1.25000E-04 -3.75000E-05  1.47373E-04  0.00000E+00  0.00000E+00 -0.8E+01(3)
                        1.000E-01 -3.75000E-05  1.25000E-04  6.85771E-20   90.00  1.25000E-04 -3.75000E-05  1.47373E-04

       14  CENTER      -1.000E-01  1.25000E-04 -3.75000E-05 -3.38813E-21   -0.00  1.25000E-04 -3.75000E-05  1.47373E-04  0.00000E+00  0.00000E+00
                        1.000E-01  1.25000E-04 -3.75000E-05 -3.38813E-21   -0.00  1.25000E-04 -3.75000E-05  1.47373E-04

           GRD      21 -1.000E-01  1.25000E-04 -3.75000E-05  9.19573E-21    0.00  1.25000E-04 -3.75000E-05  1.47373E-04  0.00000E+00  0.00000E+00  0.4E+02(3)
                        1.000E-01  1.25000E-04 -3.75000E-05  9.19573E-21    0.00  1.25000E-04 -3.75000E-05  1.47373E-04

           GRD      20 -1.000E-01  1.25000E-04 -3.75000E-05  1.21299E-20    0.00  1.25000E-04 -3.75000E-05  1.47373E-04  0.00000E+00  0.00000E+00 -0.4E+02(3)
                        1.000E-01  1.25000E-04 -3.75000E-05  1.21299E-20    0.00  1.25000E-04 -3.75000E-05  1.47373E-04

           GRD      19 -1.000E-01  1.25000E-04 -3.75000E-05 -1.42779E-20   -0.00  1.25000E-04 -3.75000E-05  1.47373E-04  0.00000E+00  0.00000E+00 -0.4E+02(3)
                        1.000E-01  1.25000E-04 -3.75000E-05 -1.42779E-20   -0.00  1.25000E-04 -3.75000E-05  1.47373E-04

           GRD      22 -1.000E-01  1.25000E-04 -3.75000E-05 -1.72121E-20   -0.00  1.25000E-04 -3.75000E-05  1.47373E-04  0.00000E+00  0.00000E+00  0.4E+02(3)
                        1.000E-01  1.25000E-04 -3.75000E-05 -1.72121E-20   -0.00  1.25000E-04 -3.75000E-05  1.47373E-04

       15  CENTER      -1.000E-01  1.25000E-04 -3.75000E-05 -1.19605E-20   -0.00  1.25000E-04 -3.75000E-05  1.47373E-04  0.00000E+00  0.00000E+00
                        1.000E-01  1.25000E-04 -3.75000E-05 -1.19605E-20   -0.00  1.25000E-04 -3.75000E-05  1.47373E-04

           GRD      31 -1.000E-01  1.25000E-04 -3.75000E-05 -2.48354E-20   -0.00  1.25000E-04 -3.75000E-05  1.47373E-04  0.00000E+00  0.00000E+00  0.7E+02(3)
                        1.000E-01  1.25000E-04 -3.75000E-05 -2.48354E-20   -0.00  1.25000E-04 -3.75000E-05  1.47373E-04

           GRD      34 -1.000E-01  1.25000E-04 -3.75000E-05 -3.65723E-20   -0.00  1.25000E-04 -3.75000E-05  1.47373E-04  0.00000E+00  0.00000E+00 -0.7E+02(3)
                        1.000E-01  1.25000E-04 -3.75000E-05 -3.65723E-20   -0.00  1.25000E-04 -3.75000E-05  1.47373E-04

           GRD      33 -1.000E-01  1.25000E-04 -3.75000E-05  7.69068E-21    0.00  1.25000E-04 -3.75000E-05  1.47373E-04  0.00000E+00  0.00000E+00 -0.7E+02(3)
                        1.000E-01  1.25000E-04 -3.75000E-05  7.69068E-21    0.00  1.25000E-04 -3.75000E-05  1.47373E-04

           GRD      32 -1.000E-01  1.25000E-04 -3.75000E-05  1.94275E-20    0.00  1.25000E-04 -3.75000E-05  1.47373E-04  0.00000E+00  0.00000E+00  0.7E+02(3)
                        1.000E-01  1.25000E-04 -3.75000E-05  1.94275E-20    0.00  1.25000E-04 -3.75000E-05  1.47373E-04

       16  CENTER      -1.000E-01 -3.75000E-05  1.25000E-04  0.00000E+00   90.00  1.25000E-04 -3.75000E-05  1.47373E-04  0.00000E+00  0.00000E+00
                        1.000E-01 -3.75000E-05  1.25000E-04  0.00000E+00   90.00  1.25000E-04 -3.75000E-05  1.47373E-04

           GRD      36 -1.000E-01 -3.75000E-05  1.25000E-04 -1.17976E-20  -90.00  1.25000E-04 -3.75000E-05  1.47373E-04  0.00000E+00  0.00000E+00  0.2E-13
                        1.000E-01 -3.75000E-05  1.25000E-04 -1.17976E-20  -90.00  1.25000E-04 -3.75000E-05  1.47373E-04

           GRD      32 -1.000E-01 -3.75000E-05  1.25000E-04  2.87339E-21   90.00  1.25000E-04 -3.75000E-05  1.47373E-04  0.00000E+00  0.00000E+00 -0.3E-18
                        1.000E-01 -3.75000E-05  1.25000E-04  2.87339E-21   90.00  1.25000E-04 -3.75000E-05  1.47373E-04

           GRD      33 -1.000E-01 -3.75000E-05  1.25000E-04 -6.08142E-23  -90.00  1.25000E-04 -3.75000E-05  1.47373E-04  0.00000E+00  0.00000E+00 -0.3E-18
                        1.000E-01 -3.75000E-05  1.25000E-04 -6.08142E-23  -90.00  1.25000E-04 -3.75000E-05  1.47373E-04

           GRD      35 -1.000E-01 -3.75000E-05  1.25000E-04 -1.47319E-20  -90.00  1.25000E-04 -3.75000E-05  1.47373E-04  0.00000E+00  0.00000E+00 -0.2E-13
                        1.000E-01 -3.75000E-05  1.25000E-04 -1.47319E-20  -90.00  1.25000E-04 -3.75000E-05  1.47373E-04

       17  CENTER      -1.000E-01  1.25000E-04 -3.75000E-05 -6.65467E-20   -0.00  1.25000E-04 -3.75000E-05  1.47373E-04  2.28214E-20  2.16693E-20
                        1.000E-01  1.25000E-04 -3.75000E-05  4.62179E-20    0.00  1.25000E-04 -3.75000E-05  1.47373E-04

           GRD      26 -1.000E-01  1.25000E-04 -3.75000E-05 -2.17364E-16   -0.00  1.25000E-04 -3.75000E-05  1.47373E-04  5.19402E-20  9.69497E-21 -0.3E-02
                        1.000E-01  1.25000E-04 -3.75000E-05 -2.17254E-16   -0.00  1.25000E-04 -3.75000E-05  1.47373E-04

           GRD      27 -1.000E-01  1.25000E-04 -3.75000E-05  2.17150E-16    0.00  1.25000E-04 -3.75000E-05  1.47373E-04  5.19402E-20  3.36436E-20  0.3E-02
                        1.000E-01  1.25000E-04 -3.75000E-05  2.17357E-16    0.00  1.25000E-04 -3.75000E-05  1.47373E-04

           GRD      29 -1.000E-01  1.25000E-04 -3.75000E-05  2.17207E-16    0.00  1.25000E-04 -3.75000E-05  1.47373E-04 -6.29734E-21  3.36436E-20  0.3E-02
                        1.000E-01  1.25000E-04 -3.75000E-05  2.17322E-16    0.00  1.25000E-04 -3.75000E-05  1.47373E-04

           GRD      30 -1.000E-01  1.25000E-04 -3.75000E-05 -2.17306E-16   -0.00  1.25000E-04 -3.75000E-05  1.47373E-04 -6.29734E-21  9.69497E-21 -0.3E-02
                        1.000E-01  1.25000E-04 -3.75000E-05 -2.17288E-16   -0.00  1.25000E-04 -3.75000E-05  1.47373E-04

       18  CENTER      -1.000E-01 -3.75000E-05  1.25000E-04 -6.61372E-22  -90.00  1.25000E-04 -3.75000E-05  1.47373E-04 -1.68246E-20 -6.05263E-21
                        1.000E-01 -3.75000E-05  1.25000E-04  7.43764E-21   90.00  1.25000E-04 -3.75000E-05  1.47373E-04

           GRD      28 -1.000E-01 -3.75000E-05  1.25000E-04 -2.17394E-16  -90.00  1.25000E-04 -3.75000E-05  1.47373E-04 -5.83425E-20  3.98349E-20  0.1E-02
                        1.000E-01 -3.75000E-05  1.25000E-04 -2.17267E-16  -90.00  1.25000E-04 -3.75000E-05  1.47373E-04

           GRD      27 -1.000E-01 -3.75000E-05  1.25000E-04 -2.17291E-16  -90.00  1.25000E-04 -3.75000E-05  1.47373E-04 -5.83425E-20 -5.19402E-20 -0.1E-02
                        1.000E-01 -3.75000E-05  1.25000E-04 -2.17428E-16  -90.00  1.25000E-04 -3.75000E-05  1.47373E-04

           GRD      26 -1.000E-01 -3.75000E-05  1.25000E-04  2.17375E-16   90.00  1.25000E-04 -3.75000E-05  1.47373E-04  2.46933E-20 -5.19402E-20 -0.1E-02
                        1.000E-01 -3.75000E-05  1.25000E-04  2.17265E-16   90.00  1.25000E-04 -3.75000E-05  1.47373E-04

           GRD      25 -1.000E-01 -3.75000E-05  1.25000E-04  2.17272E-16   90.00  1.25000E-04 -3.75000E-05  1.47373E-04  2.46933E-20  3.98349E-20  0.1E-02
                        1.000E-01 -3.75000E-05  1.25000E-04  2.17426E-16   90.00  1.25000E-04 -3.75000E-05  1.47373E-04
                                  ------------ ------------ ------------         ------------ ------------ ------------ ------------ ------------ --------
 MAX* :                            1.25000E-04  1.25000E-04  2.17426E-16          1.25000E-04 -3.75000E-05  1.47373E-04  5.19402E-20  3.98349E-20  0.7E+02
 MIN* :                           -3.75000E-05 -3.75000E-05 -2.17428E-16          1.25000E-04 -3.75000E-05  1.47373E-04 -5.83425E-20 -5.19402E-20 -0.7E+02

 ABS* :                            1.25000E-04  1.25000E-04  2.17428E-16          1.25000E-04  3.75000E-05  1.47373E-04  5.83425E-20  5.19402E-20  0.7E+02
 *for output set
 NOTE: Explanation of errors in the polynomial fit to extrapolate element corner point strains from values at the Gauss points:
       (3): Polynomial fit error is in XY shear   strain


 OUTPUT FOR SUBCASE        1

                                     E L E M E N T   S T R A I N S   I N   L O C A L   E L E M E N T   C O O R D I N A T E   S Y S T E M
                                                                 F O R   E L E M E N T   T Y P E   T R I A 3  
  Element    Location      Fibre        Strains In Element Coord System       Principal Strains (Zero Shear)                 Transverse   Transverse
     ID                   Distance     Normal-X     Normal-Y      Shear-XY     Angle     Major        Minor      von Mises    Shear-XZ     Shear-YZ 

        1    Anywhere   -1.00000E-01  4.37500E-05  4.37500E-05  1.62500E-04   45.000  2.06250E-04 -1.18750E-04  2.84838E-04  0.00000E+00  0.00000E+00
             in elem     1.00000E-01  4.37500E-05  4.37500E-05  1.62500E-04   45.000  2.06250E-04 -1.18750E-04  2.84838E-04

        2    Anywhere   -1.00000E-01 -3.75000E-05  1.25000E-04  3.71741E-20   90.000  1.25000E-04 -3.75000E-05  1.47373E-04  0.00000E+00  0.00000E+00
             in elem     1.00000E-01 -3.75000E-05  1.25000E-04  3.71741E-20   90.000  1.25000E-04 -3.75000E-05  1.47373E-04

        3    Anywhere   -1.00000E-01  1.25000E-04 -3.75000E-05  5.42101E-20    0.000  1.25000E-04 -3.75000E-05  1.47373E-04  0.00000E+00  0.00000E+00
             in elem     1.00000E-01  1.25000E-04 -3.75000E-05  5.42101E-20    0.000  1.25000E-04 -3.75000E-05  1.47373E-04

        4    Anywhere   -1.00000E-01  1.25000E-04 -3.75000E-05  2.71051E-20    0.000  1.25000E-04 -3.75000E-05  1.47373E-04  0.00000E+00  0.00000E+00
             in elem     1.00000E-01  1.25000E-04 -3.75000E-05  2.71051E-20    0.000  1.25000E-04 -3.75000E-05  1.47373E-04

        5    Anywhere   -1.00000E-01  4.37500E-05  4.37500E-05  1.62500E-04   45.000  2.06250E-04 -1.18750E-04  2.84838E-04 -8.21840E-20 -5.14721E-20
             in elem     1.00000E-01  4.37500E-05  4.37500E-05  1.62500E-04   45.000  2.06250E-04 -1.18750E-04  2.84838E-04

        6    Anywhere   -1.00000E-01 -3.75000E-05  1.25000E-04 -1.40669E-16  -90.000  1.25000E-04 -3.75000E-05  1.47373E-04 -4.10365E-20  2.26801E-20
             in elem     1.00000E-01 -3.75000E-05  1.25000E-04 -1.40654E-16  -90.000  1.25000E-04 -3.75000E-05  1.47373E-04

        7    Anywhere   -1.00000E-01  1.25000E-04 -3.75000E-05 -1.25054E-16   -0.000  1.25000E-04 -3.75000E-05  1.47373E-04  4.44613E-20 -1.19531E-20
             in elem     1.00000E-01  1.25000E-04 -3.75000E-05 -1.25017E-16   -0.000  1.25000E-04 -3.75000E-05  1.47373E-04

        8    Anywhere   -1.00000E-01  1.25000E-04 -3.75000E-05  3.58297E-17    0.000  1.25000E-04 -3.75000E-05  1.47373E-04 -4.66058E-20  1.43473E-20
             in elem     1.00000E-01  1.25000E-04 -3.75000E-05  3.58903E-17    0.000  1.25000E-04 -3.75000E-05  1.47373E-04

        9    Anywhere   -1.00000E-01  4.37500E-05  4.37500E-05  1.62500E-04   45.000  2.06250E-04 -1.18750E-04  2.84838E-04  1.90490E-19  1.53690E-19
             in elem     1.00000E-01  4.37500E-05  4.37500E-05  1.62500E-04   45.000  2.06250E-04 -1.18750E-04  2.84838E-04

       10    Anywhere   -1.00000E-01 -3.75000E-05  1.25000E-04 -2.23573E-20  -90.000  1.25000E-04 -3.75000E-05  1.47373E-04 -2.60218E-20  2.12786E-19
             in elem     1.00000E-01 -3.75000E-05  1.25000E-04 -3.32174E-20  -90.000  1.25000E-04 -3.75000E-05  1.47373E-04

       11    Anywhere   -1.00000E-01  1.25000E-04 -3.75000E-05 -8.84779E-22   -0.000  1.25000E-04 -3.75000E-05  1.47373E-04 -1.93286E-19 -2.60748E-21
             in elem     1.00000E-01  1.25000E-04 -3.75000E-05  5.50949E-20    0.000  1.25000E-04 -3.75000E-05  1.47373E-04

       12    Anywhere   -1.00000E-01  1.25000E-04 -3.75000E-05 -2.27093E-20   -0.000  1.25000E-04 -3.75000E-05  1.47373E-04  2.19958E-19 -2.60748E-21
             in elem     1.00000E-01  1.25000E-04 -3.75000E-05  4.98144E-20    0.000  1.25000E-04 -3.75000E-05  1.47373E-04
                                     ------------ ------------ ------------          ------------ ------------ ------------ ------------ ------------
 MAX* :                               1.25000E-04  1.25000E-04  1.62500E-04           2.06250E-04 -3.75000E-05  2.84838E-04  2.19958E-19  2.12786E-19
 MIN* :                              -3.75000E-05 -3.75000E-05 -1.40669E-16           1.25000E-04 -1.18750E-04  1.47373E-04 -1.93286E-19 -5.14721E-20

 ABS* :                               1.25000E-04  1.25000E-04  1.62500E-04           2.06250E-04  1.18750E-04  2.84838E-04  2.19958E-19  2.12786E-19
 *for output set

 >> LINK  9 END

    Total CPU time =  4.69E-02 seconds

 >> MYSTRAN END    :  6/ 2/2026 at  4:44:10.389

                                          * * * END OF JOB * * *
