   604115450

 MYSTRAN Version 18.0.0   APR 20 2026 MYSTRAN developed by Dr Bill Case
*** Please report any problems to mystransolver@gmail.com ***                                                                                                                                                                                                   

 >> MYSTRAN BEGIN  :  6/ 4/2026 at 11:54:50.141 The input file is C:\Users\victo\Documents\Git\MYSTRAN_Validation\working\NAS B30 quad4 LTB_3.bdf                                                                                                                                                                                 


 >> LINK  0 BEGIN


SOL 105                                                                                                                                                                                                                                                         
CEND                                                                                                                                                                                                                                                            
DISPLACEMENT = ALL                                                                                                                                                                                                                                              
SPC = 1                                                                                                                                                                                                                                                         
SUBCASE 1                                                                                                                                                                                                                                                       
LOAD = 1                                                                                                                                                                                                                                                        
SUBCASE 2                                                                                                                                                                                                                                                       
METHOD = 1                                                                                                                                                                                                                                                      
BEGIN BULK                                                                                                                                                                                                                                                      
ECHO: loadb GRID           1       0   0.0+0   0.0+0   0.0+0       0                                                                                                                                                                                                        
ECHO: loadb GRID           2       0   1.0+0   0.0+0   0.0+0       0                                                                                                                                                                                                        
ECHO: loadb GRID           3       0   1.0+0   1.0-1   0.0+0       0                                                                                                                                                                                                        
ECHO: loadb GRID           4       0   0.0+0   1.0-1   0.0+0       0                                                                                                                                                                                                        
ECHO: loadb GRID           5       0   1.0-1   0.0+0   0.0+0       0                                                                                                                                                                                                        
ECHO: loadb GRID           6       0   1.0-1   1.0-1   0.0+0       0                                                                                                                                                                                                        
ECHO: loadb GRID           7       0   2.0-1   0.0+0   0.0+0       0                                                                                                                                                                                                        
ECHO: loadb GRID           8       0   2.0-1   1.0-1   0.0+0       0                                                                                                                                                                                                        
ECHO: loadb GRID           9       0   3.0-1   0.0+0   0.0+0       0                                                                                                                                                                                                        
ECHO: loadb GRID          10       0   3.0-1   1.0-1   0.0+0       0                                                                                                                                                                                                        
ECHO: loadb GRID          11       0   4.0-1   0.0+0   0.0+0       0                                                                                                                                                                                                        
ECHO: loadb GRID          12       0   4.0-1   1.0-1   0.0+0       0                                                                                                                                                                                                        
ECHO: loadb GRID          13       0   5.0-1   0.0+0   0.0+0       0                                                                                                                                                                                                        
ECHO: loadb GRID          14       0   5.0-1   1.0-1   0.0+0       0                                                                                                                                                                                                        
ECHO: loadb GRID          15       0   6.0-1   0.0+0   0.0+0       0                                                                                                                                                                                                        
ECHO: loadb GRID          16       0   6.0-1   1.0-1   0.0+0       0                                                                                                                                                                                                        
ECHO: loadb GRID          17       0   7.0-1   0.0+0   0.0+0       0                                                                                                                                                                                                        
ECHO: loadb GRID          18       0   7.0-1   1.0-1   0.0+0       0                                                                                                                                                                                                        
ECHO: loadb GRID          19       0   8.0-1   0.0+0   0.0+0       0                                                                                                                                                                                                        
ECHO: loadb GRID          20       0   8.0-1   1.0-1   0.0+0       0                                                                                                                                                                                                        
ECHO: loadb GRID          21       0   9.0-1   0.0+0   0.0+0       0                                                                                                                                                                                                        
ECHO: loadb GRID          22       0   9.0-1   1.0-1   0.0+0       0                                                                                                                                                                                                        
ECHO: loadb GRID          23       0   9.5-1   0.0+0   0.0+0       0                                                                                                                                                                                                        
ECHO: loadb GRID          24       0   1.0+0   5.0-2   0.0+0       0                                                                                                                                                                                                        
ECHO: loadb GRID          25       0   9.5-1   1.0-1   0.0+0       0                                                                                                                                                                                                        
ECHO: loadb GRID          26       0   9.0-1   5.0-2   0.0+0       0                                                                                                                                                                                                        
ECHO: loadb GRID          27       0   9.5-1   5.0-2   0.0+0       0                                                                                                                                                                                                        
ECHO: loadb GRID          28       0   5.0-2   0.0+0   0.0+0       0                                                                                                                                                                                                        
ECHO: loadb GRID          29       0   1.0-1   5.0-2   0.0+0       0                                                                                                                                                                                                        
ECHO: loadb GRID          30       0   5.0-2   1.0-1   0.0+0       0                                                                                                                                                                                                        
ECHO: loadb GRID          31       0   0.0+0   5.0-2   0.0+0       0                                                                                                                                                                                                        
ECHO: loadb GRID          32       0   5.0-2   5.0-2   0.0+0       0                                                                                                                                                                                                        
ECHO: loadb GRID          33       0   1.5-1   0.0+0   0.0+0       0                                                                                                                                                                                                        
ECHO: loadb GRID          34       0   2.0-1   5.0-2   0.0+0       0                                                                                                                                                                                                        
ECHO: loadb GRID          35       0   1.5-1   1.0-1   0.0+0       0                                                                                                                                                                                                        
ECHO: loadb GRID          36       0   1.5-1   5.0-2   0.0+0       0                                                                                                                                                                                                        
ECHO: loadb GRID          37       0   2.5-1   0.0+0   0.0+0       0                                                                                                                                                                                                        
ECHO: loadb GRID          38       0   3.0-1   5.0-2   0.0+0       0                                                                                                                                                                                                        
ECHO: loadb GRID          39       0   2.5-1   1.0-1   0.0+0       0                                                                                                                                                                                                        
ECHO: loadb GRID          40       0   2.5-1   5.0-2   0.0+0       0                                                                                                                                                                                                        
ECHO: loadb GRID          41       0   3.5-1   0.0+0   0.0+0       0                                                                                                                                                                                                        
ECHO: loadb GRID          42       0   4.0-1   5.0-2   0.0+0       0                                                                                                                                                                                                        
ECHO: loadb GRID          43       0   3.5-1   1.0-1   0.0+0       0                                                                                                                                                                                                        
ECHO: loadb GRID          44       0   3.5-1   5.0-2   0.0+0       0                                                                                                                                                                                                        
ECHO: loadb GRID          45       0   4.5-1   0.0+0   0.0+0       0                                                                                                                                                                                                        
ECHO: loadb GRID          46       0   5.0-1   5.0-2   0.0+0       0                                                                                                                                                                                                        
ECHO: loadb GRID          47       0   4.5-1   1.0-1   0.0+0       0                                                                                                                                                                                                        
ECHO: loadb GRID          48       0   4.5-1   5.0-2   0.0+0       0                                                                                                                                                                                                        
ECHO: loadb GRID          49       0   5.5-1   0.0+0   0.0+0       0                                                                                                                                                                                                        
ECHO: loadb GRID          50       0   6.0-1   5.0-2   0.0+0       0                                                                                                                                                                                                        
ECHO: loadb GRID          51       0   5.5-1   1.0-1   0.0+0       0                                                                                                                                                                                                        
ECHO: loadb GRID          52       0   5.5-1   5.0-2   0.0+0       0                                                                                                                                                                                                        
ECHO: loadb GRID          53       0   6.5-1   0.0+0   0.0+0       0                                                                                                                                                                                                        
ECHO: loadb GRID          54       0   7.0-1   5.0-2   0.0+0       0                                                                                                                                                                                                        
ECHO: loadb GRID          55       0   6.5-1   1.0-1   0.0+0       0                                                                                                                                                                                                        
ECHO: loadb GRID          56       0   6.5-1   5.0-2   0.0+0       0                                                                                                                                                                                                        
ECHO: loadb GRID          57       0   7.5-1   0.0+0   0.0+0       0                                                                                                                                                                                                        
ECHO: loadb GRID          58       0   8.0-1   5.0-2   0.0+0       0                                                                                                                                                                                                        
ECHO: loadb GRID          59       0   7.5-1   1.0-1   0.0+0       0                                                                                                                                                                                                        
ECHO: loadb GRID          60       0   7.5-1   5.0-2   0.0+0       0                                                                                                                                                                                                        
ECHO: loadb GRID          61       0   8.5-1   0.0+0   0.0+0       0                                                                                                                                                                                                        
ECHO: loadb GRID          62       0   8.5-1   1.0-1   0.0+0       0                                                                                                                                                                                                        
ECHO: loadb GRID          63       0   8.5-1   5.0-2   0.0+0       0                                                                                                                                                                                                        
ECHO: loadb PARAM   QUAD4TYP  MITC4+                                                                                                                                                                                                                                        
ECHO: loadb PARAM    STR_CID      -2                                                                                                                                                                                                                                        
ECHO: loadb MAT1*                  1          1.0+11 3.8461538462+10           3.0-1*                                                                                                                                                                                       
ECHO: loadb *                  0.0+0           0.0+0           0.0+0                                                                                                                                                                                                        
ECHO: loadb SPC            1       1       1   0.0+0                                                                                                                                                                                                                        
ECHO: loadb SPC            1       1       2   0.0+0                                                                                                                                                                                                                        
ECHO: loadb SPC            1       1       3   0.0+0                                                                                                                                                                                                                        
ECHO: loadb SPC            1       1       4   0.0+0                                                                                                                                                                                                                        
ECHO: loadb SPC            1       1       5   0.0+0                                                                                                                                                                                                                        
ECHO: loadb SPC            1       1       6   0.0+0                                                                                                                                                                                                                        
ECHO: loadb SPC            1       4       1   0.0+0                                                                                                                                                                                                                        
ECHO: loadb SPC            1       4       2   0.0+0                                                                                                                                                                                                                        
ECHO: loadb SPC            1       4       3   0.0+0                                                                                                                                                                                                                        
ECHO: loadb SPC            1       4       4   0.0+0                                                                                                                                                                                                                        
ECHO: loadb SPC            1       4       5   0.0+0                                                                                                                                                                                                                        
ECHO: loadb SPC            1       4       6   0.0+0                                                                                                                                                                                                                        
ECHO: loadb SPC            1      31       1   0.0+0                                                                                                                                                                                                                        
ECHO: loadb SPC            1      31       2   0.0+0                                                                                                                                                                                                                        
ECHO: loadb SPC            1      31       3   0.0+0                                                                                                                                                                                                                        
ECHO: loadb SPC            1      31       4   0.0+0                                                                                                                                                                                                                        
ECHO: loadb SPC            1      31       5   0.0+0                                                                                                                                                                                                                        
ECHO: loadb SPC            1      31       6   0.0+0                                                                                                                                                                                                                        
ECHO: loadb PSHELL         1       1   1.0-3       1               1           0.0+0                                                                                                                                                                                        
ECHO: loadb CQUAD4         1       1      56      54      18      55   0.0+0   0.0+0                                                                                                                                                                                        
ECHO: loadb CQUAD4         2       1      50      56      55      16   0.0+0   0.0+0                                                                                                                                                                                        
ECHO: loadb CQUAD4         3       1      17      57      60      54   0.0+0   0.0+0                                                                                                                                                                                        
ECHO: loadb CQUAD4         4       1      57      19      58      60   0.0+0   0.0+0                                                                                                                                                                                        
ECHO: loadb CQUAD4         5       1      60      58      20      59   0.0+0   0.0+0                                                                                                                                                                                        
ECHO: loadb CQUAD4         6       1      54      60      59      18   0.0+0   0.0+0                                                                                                                                                                                        
ECHO: loadb CQUAD4         7       1      19      61      63      58   0.0+0   0.0+0                                                                                                                                                                                        
ECHO: loadb CQUAD4         8       1      61      21      26      63   0.0+0   0.0+0                                                                                                                                                                                        
ECHO: loadb CQUAD4         9       1      63      26      22      62   0.0+0   0.0+0                                                                                                                                                                                        
ECHO: loadb CQUAD4        10       1      58      63      62      20   0.0+0   0.0+0                                                                                                                                                                                        
ECHO: loadb CQUAD4        11       1      21      23      27      26   0.0+0   0.0+0                                                                                                                                                                                        
ECHO: loadb CQUAD4        12       1      23       2      24      27   0.0+0   0.0+0                                                                                                                                                                                        
ECHO: loadb CQUAD4        13       1      27      24       3      25   0.0+0   0.0+0                                                                                                                                                                                        
ECHO: loadb CQUAD4        14       1      26      27      25      22   0.0+0   0.0+0                                                                                                                                                                                        
ECHO: loadb CQUAD4        15       1       1      28      32      31   0.0+0   0.0+0                                                                                                                                                                                        
ECHO: loadb CQUAD4        16       1      28       5      29      32   0.0+0   0.0+0                                                                                                                                                                                        
ECHO: loadb CQUAD4        17       1      32      29       6      30   0.0+0   0.0+0                                                                                                                                                                                        
ECHO: loadb CQUAD4        18       1      31      32      30       4   0.0+0   0.0+0                                                                                                                                                                                        
ECHO: loadb CQUAD4        19       1       5      33      36      29   0.0+0   0.0+0                                                                                                                                                                                        
ECHO: loadb CQUAD4        20       1      33       7      34      36   0.0+0   0.0+0                                                                                                                                                                                        
ECHO: loadb CQUAD4        21       1      36      34       8      35   0.0+0   0.0+0                                                                                                                                                                                        
ECHO: loadb CQUAD4        22       1      29      36      35       6   0.0+0   0.0+0                                                                                                                                                                                        
ECHO: loadb CQUAD4        23       1       7      37      40      34   0.0+0   0.0+0                                                                                                                                                                                        
ECHO: loadb CQUAD4        24       1      37       9      38      40   0.0+0   0.0+0                                                                                                                                                                                        
ECHO: loadb CQUAD4        25       1      40      38      10      39   0.0+0   0.0+0                                                                                                                                                                                        
ECHO: loadb CQUAD4        26       1      34      40      39       8   0.0+0   0.0+0                                                                                                                                                                                        
ECHO: loadb CQUAD4        27       1       9      41      44      38   0.0+0   0.0+0                                                                                                                                                                                        
ECHO: loadb CQUAD4        28       1      41      11      42      44   0.0+0   0.0+0                                                                                                                                                                                        
ECHO: loadb CQUAD4        29       1      44      42      12      43   0.0+0   0.0+0                                                                                                                                                                                        
ECHO: loadb CQUAD4        30       1      38      44      43      10   0.0+0   0.0+0                                                                                                                                                                                        
ECHO: loadb CQUAD4        31       1      11      45      48      42   0.0+0   0.0+0                                                                                                                                                                                        
ECHO: loadb CQUAD4        32       1      45      13      46      48   0.0+0   0.0+0                                                                                                                                                                                        
ECHO: loadb CQUAD4        33       1      48      46      14      47   0.0+0   0.0+0                                                                                                                                                                                        
ECHO: loadb CQUAD4        34       1      42      48      47      12   0.0+0   0.0+0                                                                                                                                                                                        
ECHO: loadb CQUAD4        35       1      13      49      52      46   0.0+0   0.0+0                                                                                                                                                                                        
ECHO: loadb CQUAD4        36       1      49      15      50      52   0.0+0   0.0+0                                                                                                                                                                                        
ECHO: loadb CQUAD4        37       1      52      50      16      51   0.0+0   0.0+0                                                                                                                                                                                        
ECHO: loadb CQUAD4        38       1      46      52      51      14   0.0+0   0.0+0                                                                                                                                                                                        
ECHO: loadb CQUAD4        39       1      15      53      56      50   0.0+0   0.0+0                                                                                                                                                                                        
ECHO: loadb CQUAD4        40       1      53      17      54      56   0.0+0   0.0+0                                                                                                                                                                                        
ECHO: loadb FORCE          2       2       0   1.0+0   0.0+0   2.5-1   0.0+0                                                                                                                                                                                                
ECHO: loadb FORCE          2      24       0   1.0+0   0.0+0   5.0-1   0.0+0                                                                                                                                                                                                
ECHO: loadb FORCE          2       3       0   1.0+0   0.0+0   2.5-1   0.0+0                                                                                                                                                                                                
ECHO: loadb EIGRL          1                       1       0           1.0+0    MASS                                                                                                                                                                                        
ECHO: loadb LOAD           1   1.0+0   1.0+0       2                                                                                                                                                                                                                        
ECHO: loadb ENDDATA                                                                                                                                                                                                                                                         





 >> LINK  0 END


 >> LINK  1 BEGIN

               DEALLOCATED  3.69E-01 MB MEMORY FROM ARRAY STF3


 *INFORMATION: AUTOSPC Summary, Stage 1 after identification of AUTOSPC's at the grid level                                                 

                                     AUTOSPC_RAT = 1.000000E-08

                       Number of DOF's identified for AUTOSPC in component  1         =            0
                       Number of DOF's identified for AUTOSPC in component  2         =            0
                       Number of DOF's identified for AUTOSPC in component  3         =            0
                       Number of DOF's identified for AUTOSPC in component  4         =            0
                       Number of DOF's identified for AUTOSPC in component  5         =            0
                       Number of DOF's identified for AUTOSPC in component  6         =           60
                                                                                        ------------
                       Total number of DOF's identified in this stage                 =           60

               DEALLOCATED  1.51E-03 MB MEMORY FROM ARRAY STFKEY
               DEALLOCATED  3.69E-01 MB MEMORY FROM ARRAY STF3

 >> LINK  1 END


 >> LINK  2 BEGIN



 *INFORMATION: AUTOSPC Summary, Overall: after identification of all AUTOSPC's                                                               

                                     AUTOSPC_RAT = 1.000000E-08

                       Number of DOF's identified for AUTOSPC in component  1         =            0
                       Number of DOF's identified for AUTOSPC in component  2         =            0
                       Number of DOF's identified for AUTOSPC in component  3         =            0
                       Number of DOF's identified for AUTOSPC in component  4         =            0
                       Number of DOF's identified for AUTOSPC in component  5         =            0
                       Number of DOF's identified for AUTOSPC in component  6         =           60
                                                                                        ------------
                       Total number of DOF's identified overall                       =           60


 >> LINK  2 END


 >> LINK  3 BEGIN

 SUPERLU FACTORIZATION OF MATRIX KLL SUCCEEDED IN SUBR SYM_MAT_DECOMP_SUPRLU          

 *INFORMATION: FOR INTERNAL SUBCASE NUMBER        1 EPSILON ERROR ESTIMATE            =  1.515995E-12 Based on U'*(K*U - P)/(U'*P)

 *WARNING    : CANNOT CALCULATE EPSILON ERROR ESTIMATE FOR INTERNAL SUBCASE NUMBER        2
               THE DOT PRODUCT OF DISPL AND LOAD VECTORS                     =    0.000000E+00 CANNOT BE INVERTED.
               IT IS TOO SMALL COMPARED TO MACHINE SAFE MINIMUM (MACH_SFMIN) =    2.225074-308


 >> LINK  3 END


 >> LINK  5 BEGIN


 >> LINK  5 END


 >> LINK  9 BEGIN



 OUTPUT FOR SUBCASE        1

                                                       D I S P L A C E M E N T S
                                              (in global coordinate system at each grid)
           GRID     COORD      T1            T2            T3            R1            R2            R3
                     SYS
              1        0  0.0           0.0           0.0           0.0           0.0           0.0         
              2        0  2.670817E-06  3.581128E-05  0.0           0.0           0.0           0.0         
              3        0 -2.670817E-06  3.581128E-05  0.0           0.0           0.0           0.0         
              4        0  0.0           0.0           0.0           0.0           0.0           0.0         
              5        0  5.029656E-07  5.490450E-07  0.0           0.0           0.0           0.0         
              6        0 -5.029656E-07  5.490450E-07  0.0           0.0           0.0           0.0         
              7        0  9.577822E-07  2.040984E-06  0.0           0.0           0.0           0.0         
              8        0 -9.577822E-07  2.040984E-06  0.0           0.0           0.0           0.0         
              9        0  1.359247E-06  4.388714E-06  0.0           0.0           0.0           0.0         
             10        0 -1.359247E-06  4.388714E-06  0.0           0.0           0.0           0.0         
             11        0  1.707188E-06  7.485833E-06  0.0           0.0           0.0           0.0         
             12        0 -1.707188E-06  7.485833E-06  0.0           0.0           0.0           0.0         
             13        0  2.001599E-06  1.122530E-05  0.0           0.0           0.0           0.0         
             14        0 -2.001599E-06  1.122530E-05  0.0           0.0           0.0           0.0         
             15        0  2.242482E-06  1.550007E-05  0.0           0.0           0.0           0.0         
             16        0 -2.242482E-06  1.550007E-05  0.0           0.0           0.0           0.0         
             17        0  2.429835E-06  2.020307E-05  0.0           0.0           0.0           0.0         
             18        0 -2.429835E-06  2.020307E-05  0.0           0.0           0.0           0.0         
             19        0  2.563658E-06  2.522725E-05  0.0           0.0           0.0           0.0         
             20        0 -2.563658E-06  2.522725E-05  0.0           0.0           0.0           0.0         
             21        0  2.643956E-06  3.046555E-05  0.0           0.0           0.0           0.0         
             22        0 -2.643956E-06  3.046555E-05  0.0           0.0           0.0           0.0         
             23        0  2.664008E-06  3.313146E-05  0.0           0.0           0.0           0.0         
             24        0  1.774392E-19  3.581058E-05  0.0           0.0           0.0           0.0         
             25        0 -2.664008E-06  3.313146E-05  0.0           0.0           0.0           0.0         
             26        0  1.715116E-19  3.046152E-05  0.0           0.0           0.0           0.0         
             27        0  1.747395E-19  3.312958E-05  0.0           0.0           0.0           0.0         
             28        0  2.541578E-07  1.627935E-07  0.0           0.0           0.0           0.0         
             29        0  2.186460E-20  5.142362E-07  0.0           0.0           0.0           0.0         
             30        0 -2.541578E-07  1.627935E-07  0.0           0.0           0.0           0.0         
             31        0  0.0           0.0           0.0           0.0           0.0           0.0         
             32        0  1.030352E-20  1.173643E-07  0.0           0.0           0.0           0.0         
             33        0  7.369327E-07  1.181772E-06  0.0           0.0           0.0           0.0         
             34        0  4.374909E-20  2.008910E-06  0.0           0.0           0.0           0.0         
             35        0 -7.369327E-07  1.181772E-06  0.0           0.0           0.0           0.0         
             36        0  3.297644E-20  1.147407E-06  0.0           0.0           0.0           0.0         
             37        0  1.165201E-06  3.114498E-06  0.0           0.0           0.0           0.0         
             38        0  6.539643E-20  4.360612E-06  0.0           0.0           0.0           0.0         
             39        0 -1.165201E-06  3.114498E-06  0.0           0.0           0.0           0.0         
             40        0  5.441237E-20  3.084380E-06  0.0           0.0           0.0           0.0         
             41        0  1.539908E-06  5.850288E-06  0.0           0.0           0.0           0.0         
             42        0  8.798309E-20  7.461744E-06  0.0           0.0           0.0           0.0         
             43        0 -1.539908E-06  5.850288E-06  0.0           0.0           0.0           0.0         
             44        0  7.652086E-20  5.824193E-06  0.0           0.0           0.0           0.0         
             45        0  1.861085E-06  9.281965E-06  0.0           0.0           0.0           0.0         
             46        0  1.091368E-19  1.120523E-05  0.0           0.0           0.0           0.0         
             47        0 -1.861085E-06  9.281965E-06  0.0           0.0           0.0           0.0         
             48        0  9.910941E-20  9.259884E-06  0.0           0.0           0.0           0.0         
             49        0  2.128732E-06  1.330247E-05  0.0           0.0           0.0           0.0         
             50        0  1.309064E-19  1.548401E-05  0.0           0.0           0.0           0.0         
             51        0 -2.128732E-06  1.330247E-05  0.0           0.0           0.0           0.0         
             52        0  1.193634E-19  1.328440E-05  0.0           0.0           0.0           0.0         
             53        0  2.342849E-06  1.780473E-05  0.0           0.0           0.0           0.0         
             54        0  1.501413E-19  2.019103E-05  0.0           0.0           0.0           0.0         
             55        0 -2.342849E-06  1.780473E-05  0.0           0.0           0.0           0.0         
             56        0  1.416435E-19  1.779068E-05  0.0           0.0           0.0           0.0         
             57        0  2.503438E-06  2.268170E-05  0.0           0.0           0.0           0.0         
             58        0  1.636362E-19  2.521922E-05  0.0           0.0           0.0           0.0         
             59        0 -2.503438E-06  2.268170E-05  0.0           0.0           0.0           0.0         
             60        0  1.582225E-19  2.267167E-05  0.0           0.0           0.0           0.0         
             61        0  2.610496E-06  2.782632E-05  0.0           0.0           0.0           0.0         
             62        0 -2.610496E-06  2.782632E-05  0.0           0.0           0.0           0.0         
             63        0  1.675999E-19  2.782030E-05  0.0           0.0           0.0           0.0         
                         ------------- ------------- ------------- ------------- ------------- -------------
                MAX* :    2.670817E-06  3.581128E-05  0.0           0.0           0.0           0.0         
                MIN* :   -2.670817E-06  0.0           0.0           0.0           0.0           0.0         

                ABS* :    2.670817E-06  3.581128E-05  0.0           0.0           0.0           0.0         
                *for output set

                                                    SPC Force Summary on AUTOSPC'd DOF's
                                                 (in global coordinate system at each grid)
        For detailed information on the SPC forces for the AUTOSPC DOF's, set field 7 (AUTOSPC_SPCF) on the PARAM AUTOSPC entry to Y

                              T1             T2             T3             R1             R2             R3

 ABS AUTOSPC FORCES  :   0.000000E+00   0.000000E+00   0.000000E+00   0.000000E+00   0.000000E+00   0.000000E+00
 AUTOSPC FORCE TOTALS:   0.000000E+00   0.000000E+00   0.000000E+00   0.000000E+00   0.000000E+00   0.000000E+00
     (for output set)

 >> LINK  9 END

 >> LINK  1 BEGIN

               DEALLOCATED  3.69E-01 MB MEMORY FROM ARRAY STF3
               DEALLOCATED  1.51E-03 MB MEMORY FROM ARRAY STFKEY
               DEALLOCATED  3.69E-01 MB MEMORY FROM ARRAY STF3

 >> LINK  1 END


 >> LINK  2 BEGIN


 >> LINK  2 END


 >> LINK  4 BEGIN

 SUPERLU FACTORIZATION OF MATRIX KMSM SUCCEEDED IN SUBR SYM_MAT_DECOMP_SUPRLU          


                           E I G E N V A L U E   A N A L Y S I S   S U M M A R Y   (LANCZOS  Mode 2 DGB, Shift eigen =  1.00E+00)
                                                                      (SPARSE solution)

                                NUMBER OF EIGENVALUES EXTRACTED  . . . . . .         1

                                LARGEST OFF-DIAGONAL GENERALIZED MASS TERM     0.0E+00 (Vecs renormed to 1.0 for gen masses)

                                                                       . . .         1
                                          MODE PAIR . . . . . . . . . .
                                                                       . . .         1

                                NUMBER OF OFF DIAGONAL GENERALIZED MASS
                                TERMS FAILING CRITERION OF  1.0E-04. . . . .         0



                                            R E A L   E I G E N V A L U E S
                                           (subcase 1 buckling load factors)

                                         MODE  EXTRACTION      EIGENVALUE
                                        NUMBER   ORDER

                                             1       1        4.386306E+00



 >> LINK  4 END


 >> LINK  5 BEGIN


 >> LINK  5 END


 >> LINK  9 BEGIN



 OUTPUT FOR EIGENVECTOR        1

                                                         E I G E N V E C T O R
                                              (in global coordinate system at each grid)
           GRID     COORD      T1            T2            T3            R1            R2            R3
                     SYS
              1        0  0.0           0.0           0.0           0.0           0.0           0.0         
              2        0 -1.683336E-15 -3.223803E-14  8.270584E-01 -9.224449E-01 -1.437686E+00  0.0         
              3        0  1.591436E-15 -3.221133E-14  7.345625E-01 -9.274752E-01 -1.437706E+00  0.0         
              4        0  0.0           0.0           0.0           0.0           0.0           0.0         
              5        0 -1.900385E-16  4.287076E-16  1.091998E-02 -1.829781E-01 -1.639689E-01  0.0         
              6        0  2.904952E-16 -7.442731E-17 -8.488199E-03 -2.089185E-01  9.036547E-02  0.0         
              7        0 -2.287794E-15 -2.160856E-15  3.276406E-02 -4.033802E-01 -2.830278E-01  0.0         
              8        0  1.629438E-15 -2.726078E-15 -1.012530E-02 -4.562942E-01 -6.948568E-02  0.0         
              9        0 -2.304161E-15 -6.221471E-15  6.983048E-02 -5.840597E-01 -4.637647E-01  0.0         
             10        0  1.911029E-15 -6.618969E-15  8.164817E-03 -6.512646E-01 -3.024805E-01  0.0         
             11        0 -2.100845E-15 -1.025012E-14  1.265700E-01 -7.174175E-01 -6.726048E-01  0.0         
             12        0  1.805121E-15 -1.038105E-14  5.139026E-02 -7.879863E-01 -5.629808E-01  0.0         
             13        0 -1.806511E-15 -1.473572E-14  2.043599E-01 -8.069520E-01 -8.817613E-01  0.0         
             14        0  1.992533E-15 -1.505285E-14  1.204425E-01 -8.728020E-01 -8.153210E-01  0.0         
             15        0 -2.162400E-15 -1.885405E-14  3.021704E-01 -8.616171E-01 -1.070970E+00  0.0         
             16        0  1.895614E-15 -1.851100E-14  2.132594E-01 -9.175588E-01 -1.036052E+00  0.0         
             17        0 -1.619243E-15 -2.183539E-14  4.173124E-01 -8.920619E-01 -1.227157E+00  0.0         
             18        0  1.586373E-15 -2.180401E-14  3.259754E-01 -9.352338E-01 -1.212218E+00  0.0         
             19        0 -1.790639E-15 -2.544721E-14  5.460784E-01 -9.081438E-01 -1.342775E+00  0.0         
             20        0  1.710851E-15 -2.533094E-14  4.538216E-01 -9.372429E-01 -1.338305E+00  0.0         
             21        0 -1.729013E-15 -2.893393E-14  6.841928E-01 -9.175010E-01 -1.413792E+00  0.0         
             22        0  1.746586E-15 -2.891444E-14  5.917148E-01 -9.321243E-01 -1.413216E+00  0.0         
             23        0 -1.730194E-15 -3.060096E-14  7.553270E-01 -9.207377E-01 -1.431568E+00  0.0         
             24        0 -3.409870E-17 -3.222597E-14  7.808733E-01 -9.249569E-01 -1.437227E+00  0.0         
             25        0  1.598383E-15 -3.056163E-14  6.628326E-01 -9.291682E-01 -1.431490E+00  0.0         
             26        0 -2.924185E-17 -2.891991E-14  6.381366E-01 -9.247486E-01 -1.411642E+00  0.0         
             27        0 -3.499810E-17 -3.059475E-14  7.091851E-01 -9.249349E-01 -1.430299E+00  0.0         
             28        0 -4.543329E-16 -2.381781E-16  3.410858E-03 -5.404383E-02 -1.363441E-01  0.0         
             29        0 -9.452615E-17  1.781011E-16  1.540149E-03 -1.922098E-01 -4.119069E-02  0.0         
             30        0  2.376073E-16  3.575795E-16 -3.114889E-03 -6.262350E-02  1.244931E-01  0.0         
             31        0  0.0           0.0           0.0           0.0           0.0           0.0         
             32        0 -8.285529E-17  1.130816E-16  2.552003E-04 -7.219792E-02 -1.020866E-02  0.0         
             33        0 -1.035444E-15 -5.651477E-16  2.035382E-02 -2.964899E-01 -2.133341E-01  0.0         
             34        0 -4.778863E-17 -2.282975E-15  1.198081E-02 -4.279477E-01 -1.788362E-01  0.0         
             35        0  8.519227E-16 -2.034785E-16 -1.130497E-02 -3.377280E-01  2.223746E-02  0.0         
             36        0 -1.106935E-16 -3.247198E-16  5.039901E-03 -3.160664E-01 -9.880113E-02  0.0         
             37        0 -1.937896E-15 -4.880929E-15  4.903812E-02 -4.994917E-01 -3.678911E-01  0.0         
             38        0 -1.264444E-16 -6.516416E-15  3.983771E-02 -6.156489E-01 -3.841674E-01  0.0         
             39        0  2.280973E-15 -4.104125E-15 -3.892778E-03 -5.610871E-01 -1.798685E-01  0.0         
             40        0 -8.094146E-17 -4.462141E-15  2.334261E-02 -5.283265E-01 -2.756370E-01  0.0         
             41        0 -2.211260E-15 -9.058318E-15  9.558982E-02 -6.566145E-01 -5.665752E-01  0.0         
             42        0 -5.619417E-17 -1.054902E-14  8.986226E-02 -7.508918E-01 -6.176371E-01  0.0         
             43        0  2.135210E-15 -9.011030E-15  2.652119E-02 -7.267030E-01 -4.318115E-01  0.0         
             44        0 -8.268362E-17 -8.861258E-15  6.193161E-02 -6.897118E-01 -4.995890E-01  0.0         
             45        0 -2.049377E-15 -1.318513E-14  1.628506E-01 -7.671804E-01 -7.785918E-01  0.0         
             46        0 -1.764210E-17 -1.493282E-14  1.632243E-01 -8.384689E-01 -8.475649E-01  0.0         
             47        0  1.927697E-15 -1.294271E-14  8.276207E-02 -8.362112E-01 -6.919136E-01  0.0         
             48        0 -4.827109E-17 -1.294243E-14  1.236692E-01 -8.000725E-01 -7.346402E-01  0.0         
             49        0 -1.818345E-15 -1.669652E-14  2.509001E-01 -8.379822E-01 -9.798290E-01  0.0         
             50        0 -2.890836E-18 -1.872463E-14  2.584142E-01 -8.886302E-01 -1.052049E+00  0.0         
             51        0  1.895497E-15 -1.682237E-14  1.640918E-01 -8.993640E-01 -9.306598E-01  0.0         
             52        0  5.051928E-17 -1.673804E-14  2.082632E-01 -8.674913E-01 -9.539888E-01  0.0         
             53        0 -1.435625E-15 -2.042432E-14  3.577891E-01 -8.792113E-01 -1.153769E+00  0.0         
             54        0 -1.651579E-17 -2.181093E-14  3.721836E-01 -9.130927E-01 -1.217984E+00  0.0         
             55        0  1.564335E-15 -2.053628E-14  2.674153E-01 -9.290105E-01 -1.130187E+00  0.0         
             56        0 -4.286164E-17 -2.048180E-14  3.132247E-01 -9.033644E-01 -1.140371E+00  0.0         
             57        0 -1.751432E-15 -2.340677E-14  4.802502E-01 -9.013546E-01 -1.290347E+00  0.0         
             58        0 -5.125888E-17 -2.532260E-14  5.003137E-01 -9.224430E-01 -1.338736E+00  0.0         
             59        0  1.655614E-15 -2.345637E-14  3.883224E-01 -9.375905E-01 -1.281660E+00  0.0         
             60        0 -2.921095E-17 -2.346362E-14  4.347392E-01 -9.190838E-01 -1.284243E+00  0.0         
             61        0 -1.906874E-15 -2.695824E-14  6.142479E-01 -9.132727E-01 -1.384000E+00  0.0         
             62        0  1.776564E-15 -2.707690E-14  5.218318E-01 -9.351917E-01 -1.382099E+00  0.0         
             63        0 -3.880350E-17 -2.706118E-14  5.683138E-01 -9.240904E-01 -1.381268E+00  0.0         
                         ------------- ------------- ------------- ------------- ------------- -------------
                MAX* :    2.280973E-15  4.287076E-16  8.270584E-01  0.0           1.244931E-01  0.0         
                MIN* :   -2.304161E-15 -3.223803E-14 -1.130497E-02 -9.375905E-01 -1.437706E+00  0.0         

                ABS* :    2.304161E-15  3.223803E-14  8.270584E-01  9.375905E-01  1.437706E+00  0.0         
                *for output set

                                                    SPC Force Summary on AUTOSPC'd DOF's
                                                 (in global coordinate system at each grid)
        For detailed information on the SPC forces for the AUTOSPC DOF's, set field 7 (AUTOSPC_SPCF) on the PARAM AUTOSPC entry to Y

                              T1             T2             T3             R1             R2             R3

 ABS AUTOSPC FORCES  :   0.000000E+00   0.000000E+00   0.000000E+00   0.000000E+00   0.000000E+00   0.000000E+00
 AUTOSPC FORCE TOTALS:   0.000000E+00   0.000000E+00   0.000000E+00   0.000000E+00   0.000000E+00   0.000000E+00
     (for output set)

 >> LINK  9 END

    Total CPU time =  7.81E-02 seconds

 >> MYSTRAN END    :  6/ 4/2026 at 11:54:50.357
