   627193300

 MYSTRAN Version 18.0.0   APR 20 2026 MYSTRAN developed by Dr Bill Case
*** Please report any problems to mystransolver@gmail.com ***                                                                                                                                                                                                   

 >> MYSTRAN BEGIN  :  6/27/2026 at 19:33: 0.676 The input file is C:\Users\victo\Documents\Git\MYSTRAN_Validation\working\NAS B30 tri3 LTB.bdf                                                                                                                                                                                    


 >> LINK  0 BEGIN


SOL 105                                                                                                                                                                                                                                                         
CEND                                                                                                                                                                                                                                                            
DISPLACEMENT = ALL                                                                                                                                                                                                                                              
SPC = 1                                                                                                                                                                                                                                                         
SUBCASE 1                                                                                                                                                                                                                                                       
LOAD = 1                                                                                                                                                                                                                                                        
SUBCASE 2                                                                                                                                                                                                                                                       
METHOD = 1                                                                                                                                                                                                                                                      
BEGIN BULK                                                                                                                                                                                                                                                      
ECHO: loadb GRID           1       0   0.0+0   0.0+0   0.0+0       0                                                                                                                                                                                                        
ECHO: loadb GRID           2       0   1.0+0   0.0+0   0.0+0       0                                                                                                                                                                                                        
ECHO: loadb GRID           3       0   1.0+0   1.0-1   0.0+0       0                                                                                                                                                                                                        
ECHO: loadb GRID           4       0   0.0+0   1.0-1   0.0+0       0                                                                                                                                                                                                        
ECHO: loadb GRID           5       0   1.0-1   0.0+0   0.0+0       0                                                                                                                                                                                                        
ECHO: loadb GRID           6       0   1.0-1   1.0-1   0.0+0       0                                                                                                                                                                                                        
ECHO: loadb GRID           7       0   2.0-1   0.0+0   0.0+0       0                                                                                                                                                                                                        
ECHO: loadb GRID           8       0   2.0-1   1.0-1   0.0+0       0                                                                                                                                                                                                        
ECHO: loadb GRID           9       0   3.0-1   0.0+0   0.0+0       0                                                                                                                                                                                                        
ECHO: loadb GRID          10       0   3.0-1   1.0-1   0.0+0       0                                                                                                                                                                                                        
ECHO: loadb GRID          11       0   4.0-1   0.0+0   0.0+0       0                                                                                                                                                                                                        
ECHO: loadb GRID          12       0   4.0-1   1.0-1   0.0+0       0                                                                                                                                                                                                        
ECHO: loadb GRID          13       0   5.0-1   0.0+0   0.0+0       0                                                                                                                                                                                                        
ECHO: loadb GRID          14       0   5.0-1   1.0-1   0.0+0       0                                                                                                                                                                                                        
ECHO: loadb GRID          15       0   6.0-1   0.0+0   0.0+0       0                                                                                                                                                                                                        
ECHO: loadb GRID          16       0   6.0-1   1.0-1   0.0+0       0                                                                                                                                                                                                        
ECHO: loadb GRID          17       0   7.0-1   0.0+0   0.0+0       0                                                                                                                                                                                                        
ECHO: loadb GRID          18       0   7.0-1   1.0-1   0.0+0       0                                                                                                                                                                                                        
ECHO: loadb GRID          19       0   8.0-1   0.0+0   0.0+0       0                                                                                                                                                                                                        
ECHO: loadb GRID          20       0   8.0-1   1.0-1   0.0+0       0                                                                                                                                                                                                        
ECHO: loadb GRID          21       0   9.0-1   0.0+0   0.0+0       0                                                                                                                                                                                                        
ECHO: loadb GRID          22       0   9.0-1   1.0-1   0.0+0       0                                                                                                                                                                                                        
ECHO: loadb GRID          23       0   9.5-1   0.0+0   0.0+0       0                                                                                                                                                                                                        
ECHO: loadb GRID          24       0   1.0+0   5.0-2   0.0+0       0                                                                                                                                                                                                        
ECHO: loadb GRID          25       0   9.5-1   1.0-1   0.0+0       0                                                                                                                                                                                                        
ECHO: loadb GRID          26       0   9.0-1   5.0-2   0.0+0       0                                                                                                                                                                                                        
ECHO: loadb GRID          27       0   9.5-1   5.0-2   0.0+0       0                                                                                                                                                                                                        
ECHO: loadb GRID          28       0   5.0-2   0.0+0   0.0+0       0                                                                                                                                                                                                        
ECHO: loadb GRID          29       0   1.0-1   5.0-2   0.0+0       0                                                                                                                                                                                                        
ECHO: loadb GRID          30       0   5.0-2   1.0-1   0.0+0       0                                                                                                                                                                                                        
ECHO: loadb GRID          31       0   0.0+0   5.0-2   0.0+0       0                                                                                                                                                                                                        
ECHO: loadb GRID          32       0   5.0-2   5.0-2   0.0+0       0                                                                                                                                                                                                        
ECHO: loadb GRID          33       0   1.5-1   0.0+0   0.0+0       0                                                                                                                                                                                                        
ECHO: loadb GRID          34       0   2.0-1   5.0-2   0.0+0       0                                                                                                                                                                                                        
ECHO: loadb GRID          35       0   1.5-1   1.0-1   0.0+0       0                                                                                                                                                                                                        
ECHO: loadb GRID          36       0   1.5-1   5.0-2   0.0+0       0                                                                                                                                                                                                        
ECHO: loadb GRID          37       0   2.5-1   0.0+0   0.0+0       0                                                                                                                                                                                                        
ECHO: loadb GRID          38       0   3.0-1   5.0-2   0.0+0       0                                                                                                                                                                                                        
ECHO: loadb GRID          39       0   2.5-1   1.0-1   0.0+0       0                                                                                                                                                                                                        
ECHO: loadb GRID          40       0   2.5-1   5.0-2   0.0+0       0                                                                                                                                                                                                        
ECHO: loadb GRID          41       0   3.5-1   0.0+0   0.0+0       0                                                                                                                                                                                                        
ECHO: loadb GRID          42       0   4.0-1   5.0-2   0.0+0       0                                                                                                                                                                                                        
ECHO: loadb GRID          43       0   3.5-1   1.0-1   0.0+0       0                                                                                                                                                                                                        
ECHO: loadb GRID          44       0   3.5-1   5.0-2   0.0+0       0                                                                                                                                                                                                        
ECHO: loadb GRID          45       0   4.5-1   0.0+0   0.0+0       0                                                                                                                                                                                                        
ECHO: loadb GRID          46       0   5.0-1   5.0-2   0.0+0       0                                                                                                                                                                                                        
ECHO: loadb GRID          47       0   4.5-1   1.0-1   0.0+0       0                                                                                                                                                                                                        
ECHO: loadb GRID          48       0   4.5-1   5.0-2   0.0+0       0                                                                                                                                                                                                        
ECHO: loadb GRID          49       0   5.5-1   0.0+0   0.0+0       0                                                                                                                                                                                                        
ECHO: loadb GRID          50       0   6.0-1   5.0-2   0.0+0       0                                                                                                                                                                                                        
ECHO: loadb GRID          51       0   5.5-1   1.0-1   0.0+0       0                                                                                                                                                                                                        
ECHO: loadb GRID          52       0   5.5-1   5.0-2   0.0+0       0                                                                                                                                                                                                        
ECHO: loadb GRID          53       0   6.5-1   0.0+0   0.0+0       0                                                                                                                                                                                                        
ECHO: loadb GRID          54       0   7.0-1   5.0-2   0.0+0       0                                                                                                                                                                                                        
ECHO: loadb GRID          55       0   6.5-1   1.0-1   0.0+0       0                                                                                                                                                                                                        
ECHO: loadb GRID          56       0   6.5-1   5.0-2   0.0+0       0                                                                                                                                                                                                        
ECHO: loadb GRID          57       0   7.5-1   0.0+0   0.0+0       0                                                                                                                                                                                                        
ECHO: loadb GRID          58       0   8.0-1   5.0-2   0.0+0       0                                                                                                                                                                                                        
ECHO: loadb GRID          59       0   7.5-1   1.0-1   0.0+0       0                                                                                                                                                                                                        
ECHO: loadb GRID          60       0   7.5-1   5.0-2   0.0+0       0                                                                                                                                                                                                        
ECHO: loadb GRID          61       0   8.5-1   0.0+0   0.0+0       0                                                                                                                                                                                                        
ECHO: loadb GRID          62       0   8.5-1   1.0-1   0.0+0       0                                                                                                                                                                                                        
ECHO: loadb GRID          63       0   8.5-1   5.0-2   0.0+0       0                                                                                                                                                                                                        
ECHO: loadb PARAM    STR_CID      -2                                                                                                                                                                                                                                        
ECHO: loadb MAT1*                  1          1.0+11 3.8461538462+10           3.0-1*                                                                                                                                                                                       
ECHO: loadb *                  0.0+0           0.0+0           0.0+0                                                                                                                                                                                                        
ECHO: loadb SPC            1       1       1   0.0+0                                                                                                                                                                                                                        
ECHO: loadb SPC            1       1       2   0.0+0                                                                                                                                                                                                                        
ECHO: loadb SPC            1       1       3   0.0+0                                                                                                                                                                                                                        
ECHO: loadb SPC            1       1       4   0.0+0                                                                                                                                                                                                                        
ECHO: loadb SPC            1       1       5   0.0+0                                                                                                                                                                                                                        
ECHO: loadb SPC            1       1       6   0.0+0                                                                                                                                                                                                                        
ECHO: loadb SPC            1       4       1   0.0+0                                                                                                                                                                                                                        
ECHO: loadb SPC            1       4       2   0.0+0                                                                                                                                                                                                                        
ECHO: loadb SPC            1       4       3   0.0+0                                                                                                                                                                                                                        
ECHO: loadb SPC            1       4       4   0.0+0                                                                                                                                                                                                                        
ECHO: loadb SPC            1       4       5   0.0+0                                                                                                                                                                                                                        
ECHO: loadb SPC            1       4       6   0.0+0                                                                                                                                                                                                                        
ECHO: loadb SPC            1      31       1   0.0+0                                                                                                                                                                                                                        
ECHO: loadb SPC            1      31       2   0.0+0                                                                                                                                                                                                                        
ECHO: loadb SPC            1      31       3   0.0+0                                                                                                                                                                                                                        
ECHO: loadb SPC            1      31       4   0.0+0                                                                                                                                                                                                                        
ECHO: loadb SPC            1      31       5   0.0+0                                                                                                                                                                                                                        
ECHO: loadb SPC            1      31       6   0.0+0                                                                                                                                                                                                                        
ECHO: loadb PSHELL         1       1   1.0-3       1               1           0.0+0                                                                                                                                                                                        
ECHO: loadb CTRIA3         1       1      56      18      55   0.0+0   0.0+0                                                                                                                                                                                                
ECHO: loadb CTRIA3         2       1      50      55      16   0.0+0   0.0+0                                                                                                                                                                                                
ECHO: loadb CTRIA3         3       1      17      60      54   0.0+0   0.0+0                                                                                                                                                                                                
ECHO: loadb CTRIA3         4       1      57      58      60   0.0+0   0.0+0                                                                                                                                                                                                
ECHO: loadb CTRIA3         5       1      60      20      59   0.0+0   0.0+0                                                                                                                                                                                                
ECHO: loadb CTRIA3         6       1      54      59      18   0.0+0   0.0+0                                                                                                                                                                                                
ECHO: loadb CTRIA3         7       1      19      63      58   0.0+0   0.0+0                                                                                                                                                                                                
ECHO: loadb CTRIA3         8       1      61      26      63   0.0+0   0.0+0                                                                                                                                                                                                
ECHO: loadb CTRIA3         9       1      63      22      62   0.0+0   0.0+0                                                                                                                                                                                                
ECHO: loadb CTRIA3        10       1      58      62      20   0.0+0   0.0+0                                                                                                                                                                                                
ECHO: loadb CTRIA3        11       1      21      27      26   0.0+0   0.0+0                                                                                                                                                                                                
ECHO: loadb CTRIA3        12       1      23      24      27   0.0+0   0.0+0                                                                                                                                                                                                
ECHO: loadb CTRIA3        13       1      27       3      25   0.0+0   0.0+0                                                                                                                                                                                                
ECHO: loadb CTRIA3        14       1      26      25      22   0.0+0   0.0+0                                                                                                                                                                                                
ECHO: loadb CTRIA3        15       1       1      32      31   0.0+0   0.0+0                                                                                                                                                                                                
ECHO: loadb CTRIA3        16       1      28      29      32   0.0+0   0.0+0                                                                                                                                                                                                
ECHO: loadb CTRIA3        17       1      32       6      30   0.0+0   0.0+0                                                                                                                                                                                                
ECHO: loadb CTRIA3        18       1      31      30       4   0.0+0   0.0+0                                                                                                                                                                                                
ECHO: loadb CTRIA3        19       1       5      36      29   0.0+0   0.0+0                                                                                                                                                                                                
ECHO: loadb CTRIA3        20       1      33      34      36   0.0+0   0.0+0                                                                                                                                                                                                
ECHO: loadb CTRIA3        21       1      36       8      35   0.0+0   0.0+0                                                                                                                                                                                                
ECHO: loadb CTRIA3        22       1      29      35       6   0.0+0   0.0+0                                                                                                                                                                                                
ECHO: loadb CTRIA3        23       1       7      40      34   0.0+0   0.0+0                                                                                                                                                                                                
ECHO: loadb CTRIA3        24       1      37      38      40   0.0+0   0.0+0                                                                                                                                                                                                
ECHO: loadb CTRIA3        25       1      40      10      39   0.0+0   0.0+0                                                                                                                                                                                                
ECHO: loadb CTRIA3        26       1      34      39       8   0.0+0   0.0+0                                                                                                                                                                                                
ECHO: loadb CTRIA3        27       1       9      44      38   0.0+0   0.0+0                                                                                                                                                                                                
ECHO: loadb CTRIA3        28       1      41      42      44   0.0+0   0.0+0                                                                                                                                                                                                
ECHO: loadb CTRIA3        29       1      44      12      43   0.0+0   0.0+0                                                                                                                                                                                                
ECHO: loadb CTRIA3        30       1      38      43      10   0.0+0   0.0+0                                                                                                                                                                                                
ECHO: loadb CTRIA3        31       1      11      48      42   0.0+0   0.0+0                                                                                                                                                                                                
ECHO: loadb CTRIA3        32       1      45      46      48   0.0+0   0.0+0                                                                                                                                                                                                
ECHO: loadb CTRIA3        33       1      48      14      47   0.0+0   0.0+0                                                                                                                                                                                                
ECHO: loadb CTRIA3        34       1      42      47      12   0.0+0   0.0+0                                                                                                                                                                                                
ECHO: loadb CTRIA3        35       1      13      52      46   0.0+0   0.0+0                                                                                                                                                                                                
ECHO: loadb CTRIA3        36       1      49      50      52   0.0+0   0.0+0                                                                                                                                                                                                
ECHO: loadb CTRIA3        37       1      52      16      51   0.0+0   0.0+0                                                                                                                                                                                                
ECHO: loadb CTRIA3        38       1      46      51      14   0.0+0   0.0+0                                                                                                                                                                                                
ECHO: loadb CTRIA3        39       1      15      56      50   0.0+0   0.0+0                                                                                                                                                                                                
ECHO: loadb CTRIA3        40       1      53      54      56   0.0+0   0.0+0                                                                                                                                                                                                
ECHO: loadb CTRIA3        41       1      56      54      18   0.0+0   0.0+0                                                                                                                                                                                                
ECHO: loadb CTRIA3        42       1      50      56      55   0.0+0   0.0+0                                                                                                                                                                                                
ECHO: loadb CTRIA3        43       1      17      57      60   0.0+0   0.0+0                                                                                                                                                                                                
ECHO: loadb CTRIA3        44       1      57      19      58   0.0+0   0.0+0                                                                                                                                                                                                
ECHO: loadb CTRIA3        45       1      60      58      20   0.0+0   0.0+0                                                                                                                                                                                                
ECHO: loadb CTRIA3        46       1      54      60      59   0.0+0   0.0+0                                                                                                                                                                                                
ECHO: loadb CTRIA3        47       1      19      61      63   0.0+0   0.0+0                                                                                                                                                                                                
ECHO: loadb CTRIA3        48       1      61      21      26   0.0+0   0.0+0                                                                                                                                                                                                
ECHO: loadb CTRIA3        49       1      63      26      22   0.0+0   0.0+0                                                                                                                                                                                                
ECHO: loadb CTRIA3        50       1      58      63      62   0.0+0   0.0+0                                                                                                                                                                                                
ECHO: loadb CTRIA3        51       1      21      23      27   0.0+0   0.0+0                                                                                                                                                                                                
ECHO: loadb CTRIA3        52       1      23       2      24   0.0+0   0.0+0                                                                                                                                                                                                
ECHO: loadb CTRIA3        53       1      27      24       3   0.0+0   0.0+0                                                                                                                                                                                                
ECHO: loadb CTRIA3        54       1      26      27      25   0.0+0   0.0+0                                                                                                                                                                                                
ECHO: loadb CTRIA3        55       1       1      28      32   0.0+0   0.0+0                                                                                                                                                                                                
ECHO: loadb CTRIA3        56       1      28       5      29   0.0+0   0.0+0                                                                                                                                                                                                
ECHO: loadb CTRIA3        57       1      32      29       6   0.0+0   0.0+0                                                                                                                                                                                                
ECHO: loadb CTRIA3        58       1      31      32      30   0.0+0   0.0+0                                                                                                                                                                                                
ECHO: loadb CTRIA3        59       1       5      33      36   0.0+0   0.0+0                                                                                                                                                                                                
ECHO: loadb CTRIA3        60       1      33       7      34   0.0+0   0.0+0                                                                                                                                                                                                
ECHO: loadb CTRIA3        61       1      36      34       8   0.0+0   0.0+0                                                                                                                                                                                                
ECHO: loadb CTRIA3        62       1      29      36      35   0.0+0   0.0+0                                                                                                                                                                                                
ECHO: loadb CTRIA3        63       1       7      37      40   0.0+0   0.0+0                                                                                                                                                                                                
ECHO: loadb CTRIA3        64       1      37       9      38   0.0+0   0.0+0                                                                                                                                                                                                
ECHO: loadb CTRIA3        65       1      40      38      10   0.0+0   0.0+0                                                                                                                                                                                                
ECHO: loadb CTRIA3        66       1      34      40      39   0.0+0   0.0+0                                                                                                                                                                                                
ECHO: loadb CTRIA3        67       1       9      41      44   0.0+0   0.0+0                                                                                                                                                                                                
ECHO: loadb CTRIA3        68       1      41      11      42   0.0+0   0.0+0                                                                                                                                                                                                
ECHO: loadb CTRIA3        69       1      44      42      12   0.0+0   0.0+0                                                                                                                                                                                                
ECHO: loadb CTRIA3        70       1      38      44      43   0.0+0   0.0+0                                                                                                                                                                                                
ECHO: loadb CTRIA3        71       1      11      45      48   0.0+0   0.0+0                                                                                                                                                                                                
ECHO: loadb CTRIA3        72       1      45      13      46   0.0+0   0.0+0                                                                                                                                                                                                
ECHO: loadb CTRIA3        73       1      48      46      14   0.0+0   0.0+0                                                                                                                                                                                                
ECHO: loadb CTRIA3        74       1      42      48      47   0.0+0   0.0+0                                                                                                                                                                                                
ECHO: loadb CTRIA3        75       1      13      49      52   0.0+0   0.0+0                                                                                                                                                                                                
ECHO: loadb CTRIA3        76       1      49      15      50   0.0+0   0.0+0                                                                                                                                                                                                
ECHO: loadb CTRIA3        77       1      52      50      16   0.0+0   0.0+0                                                                                                                                                                                                
ECHO: loadb CTRIA3        78       1      46      52      51   0.0+0   0.0+0                                                                                                                                                                                                
ECHO: loadb CTRIA3        79       1      15      53      56   0.0+0   0.0+0                                                                                                                                                                                                
ECHO: loadb CTRIA3        80       1      53      17      54   0.0+0   0.0+0                                                                                                                                                                                                
ECHO: loadb FORCE          2      24       0   1.0+0   0.0+0   5.0-1   0.0+0                                                                                                                                                                                                
ECHO: loadb FORCE          2       3       0   1.0+0   0.0+0   2.5-1   0.0+0                                                                                                                                                                                                
ECHO: loadb FORCE          2       2       0   1.0+0   0.0+0   2.5-1   0.0+0                                                                                                                                                                                                
ECHO: loadb EIGRL          1                       1       0           1.0+0    MASS                                                                                                                                                                                        
ECHO: loadb LOAD           1   1.0+0   1.0+0       2                                                                                                                                                                                                                        
ECHO: loadb ENDDATA                                                                                                                                                                                                                                                         





 >> LINK  0 END


 >> LINK  1 BEGIN

               DEALLOCATED  4.15E-01 MB MEMORY FROM ARRAY STF3


 *INFORMATION: AUTOSPC Summary, Stage 1 after identification of AUTOSPC's at the grid level                                                 

                                     AUTOSPC_RAT = 1.000000E-08

                       Number of DOF's identified for AUTOSPC in component  1         =            0
                       Number of DOF's identified for AUTOSPC in component  2         =            0
                       Number of DOF's identified for AUTOSPC in component  3         =            0
                       Number of DOF's identified for AUTOSPC in component  4         =            0
                       Number of DOF's identified for AUTOSPC in component  5         =            0
                       Number of DOF's identified for AUTOSPC in component  6         =           60
                                                                                        ------------
                       Total number of DOF's identified in this stage                 =           60

               DEALLOCATED  1.51E-03 MB MEMORY FROM ARRAY STFKEY
               DEALLOCATED  4.15E-01 MB MEMORY FROM ARRAY STF3

 >> LINK  1 END


 >> LINK  2 BEGIN



 *INFORMATION: AUTOSPC Summary, Overall: after identification of all AUTOSPC's                                                               

                                     AUTOSPC_RAT = 1.000000E-08

                       Number of DOF's identified for AUTOSPC in component  1         =            0
                       Number of DOF's identified for AUTOSPC in component  2         =            0
                       Number of DOF's identified for AUTOSPC in component  3         =            0
                       Number of DOF's identified for AUTOSPC in component  4         =            0
                       Number of DOF's identified for AUTOSPC in component  5         =            0
                       Number of DOF's identified for AUTOSPC in component  6         =           60
                                                                                        ------------
                       Total number of DOF's identified overall                       =           60


 >> LINK  2 END


 >> LINK  3 BEGIN

 SUPERLU FACTORIZATION OF MATRIX KLL SUCCEEDED IN SUBR SYM_MAT_DECOMP_SUPRLU          

 *INFORMATION: FOR INTERNAL SUBCASE NUMBER        1 EPSILON ERROR ESTIMATE            = -2.459778E-12 Based on U'*(K*U - P)/(U'*P)

 *WARNING    : CANNOT CALCULATE EPSILON ERROR ESTIMATE FOR INTERNAL SUBCASE NUMBER        2
               THE DOT PRODUCT OF DISPL AND LOAD VECTORS                     =    0.000000E+00 CANNOT BE INVERTED.
               IT IS TOO SMALL COMPARED TO MACHINE SAFE MINIMUM (MACH_SFMIN) =    2.225074-308


 >> LINK  3 END


 >> LINK  5 BEGIN


 >> LINK  5 END


 >> LINK  9 BEGIN



 OUTPUT FOR SUBCASE        1

                                                       D I S P L A C E M E N T S
                                              (in global coordinate system at each grid)
           GRID     COORD      T1            T2            T3            R1            R2            R3
                     SYS
              1        0  0.0           0.0           0.0           0.0           0.0           0.0         
              2        0  1.615804E-06  2.166405E-05  0.0           0.0           0.0           0.0         
              3        0 -1.599498E-06  2.166131E-05  0.0           0.0           0.0           0.0         
              4        0  0.0           0.0           0.0           0.0           0.0           0.0         
              5        0  3.045135E-07  3.439902E-07  0.0           0.0           0.0           0.0         
              6        0 -3.017535E-07  3.406287E-07  0.0           0.0           0.0           0.0         
              7        0  5.783203E-07  1.252684E-06  0.0           0.0           0.0           0.0         
              8        0 -5.752712E-07  1.249694E-06  0.0           0.0           0.0           0.0         
              9        0  8.206802E-07  2.676628E-06  0.0           0.0           0.0           0.0         
             10        0 -8.160445E-07  2.673739E-06  0.0           0.0           0.0           0.0         
             11        0  1.030914E-06  4.551545E-06  0.0           0.0           0.0           0.0         
             12        0 -1.024566E-06  4.548668E-06  0.0           0.0           0.0           0.0         
             13        0  1.208943E-06  6.813011E-06  0.0           0.0           0.0           0.0         
             14        0 -1.200872E-06  6.810135E-06  0.0           0.0           0.0           0.0         
             15        0  1.354762E-06  9.396601E-06  0.0           0.0           0.0           0.0         
             16        0 -1.344965E-06  9.393725E-06  0.0           0.0           0.0           0.0         
             17        0  1.468368E-06  1.223789E-05  0.0           0.0           0.0           0.0         
             18        0 -1.456846E-06  1.223501E-05  0.0           0.0           0.0           0.0         
             19        0  1.549760E-06  1.527246E-05  0.0           0.0           0.0           0.0         
             20        0 -1.536519E-06  1.526958E-05  0.0           0.0           0.0           0.0         
             21        0  1.598915E-06  1.843591E-05  0.0           0.0           0.0           0.0         
             22        0 -1.584019E-06  1.843299E-05  0.0           0.0           0.0           0.0         
             23        0  1.611348E-06  2.004581E-05  0.0           0.0           0.0           0.0         
             24        0  8.546802E-09  2.166201E-05  0.0           0.0           0.0           0.0         
             25        0 -1.595757E-06  2.004293E-05  0.0           0.0           0.0           0.0         
             26        0  7.538389E-09  1.843201E-05  0.0           0.0           0.0           0.0         
             27        0  8.060614E-09  2.004311E-05  0.0           0.0           0.0           0.0         
             28        0  1.566933E-07  1.018225E-07  0.0           0.0           0.0           0.0         
             29        0 -4.247454E-10  3.209230E-07  0.0           0.0           0.0           0.0         
             30        0 -1.514056E-07  1.003192E-07  0.0           0.0           0.0           0.0         
             31        0  0.0           0.0           0.0           0.0           0.0           0.0         
             32        0 -2.418360E-09  7.897865E-08  0.0           0.0           0.0           0.0         
             33        0  4.452331E-07  7.299468E-07  0.0           0.0           0.0           0.0         
             34        0  1.335383E-09  1.231916E-06  0.0           0.0           0.0           0.0         
             35        0 -4.427102E-07  7.267731E-07  0.0           0.0           0.0           0.0         
             36        0  6.740114E-10  7.079776E-07  0.0           0.0           0.0           0.0         
             37        0  7.035023E-07  1.904258E-06  0.0           0.0           0.0           0.0         
             38        0  2.298287E-09  2.658278E-06  0.0           0.0           0.0           0.0         
             39        0 -6.996959E-07  1.901343E-06  0.0           0.0           0.0           0.0         
             40        0  1.842390E-09  1.884699E-06  0.0           0.0           0.0           0.0         
             41        0  9.298209E-07  3.561741E-06  0.0           0.0           0.0           0.0         
             42        0  3.171543E-09  4.535611E-06  0.0           0.0           0.0           0.0         
             43        0 -9.243331E-07  3.558861E-06  0.0           0.0           0.0           0.0         
             44        0  2.737591E-09  3.544600E-06  0.0           0.0           0.0           0.0         
             45        0  1.123955E-06  5.637986E-06  0.0           0.0           0.0           0.0         
             46        0  4.035458E-09  6.799493E-06  0.0           0.0           0.0           0.0         
             47        0 -1.116746E-06  5.635109E-06  0.0           0.0           0.0           0.0         
             48        0  3.603776E-09  5.623260E-06  0.0           0.0           0.0           0.0         
             49        0  1.285879E-06  8.068567E-06  0.0           0.0           0.0           0.0         
             50        0  4.898454E-09  9.385499E-06  0.0           0.0           0.0           0.0         
             51        0 -1.276945E-06  8.065691E-06  0.0           0.0           0.0           0.0         
             52        0  4.466971E-09  8.056257E-06  0.0           0.0           0.0           0.0         
             53        0  1.415592E-06  1.078906E-05  0.0           0.0           0.0           0.0         
             54        0  5.761815E-09  1.222920E-05  0.0           0.0           0.0           0.0         
             55        0 -1.404932E-06  1.078618E-05  0.0           0.0           0.0           0.0         
             56        0  5.330005E-09  1.077917E-05  0.0           0.0           0.0           0.0         
             57        0  1.513091E-06  1.373504E-05  0.0           0.0           0.0           0.0         
             58        0  6.629631E-09  1.526618E-05  0.0           0.0           0.0           0.0         
             59        0 -1.500708E-06  1.373216E-05  0.0           0.0           0.0           0.0         
             60        0  6.194448E-09  1.372756E-05  0.0           0.0           0.0           0.0         
             61        0  1.578371E-06  1.684210E-05  0.0           0.0           0.0           0.0         
             62        0 -1.564285E-06  1.683920E-05  0.0           0.0           0.0           0.0         
             63        0  7.072598E-09  1.683702E-05  0.0           0.0           0.0           0.0         
                         ------------- ------------- ------------- ------------- ------------- -------------
                MAX* :    1.615804E-06  2.166405E-05  0.0           0.0           0.0           0.0         
                MIN* :   -1.599498E-06  0.0           0.0           0.0           0.0           0.0         

                ABS* :    1.615804E-06  2.166405E-05  0.0           0.0           0.0           0.0         
                *for output set

                                                    SPC Force Summary on AUTOSPC'd DOF's
                                                 (in global coordinate system at each grid)
        For detailed information on the SPC forces for the AUTOSPC DOF's, set field 7 (AUTOSPC_SPCF) on the PARAM AUTOSPC entry to Y

                              T1             T2             T3             R1             R2             R3

 ABS AUTOSPC FORCES  :   0.000000E+00   0.000000E+00   0.000000E+00   0.000000E+00   0.000000E+00   0.000000E+00
 AUTOSPC FORCE TOTALS:   0.000000E+00   0.000000E+00   0.000000E+00   0.000000E+00   0.000000E+00   0.000000E+00
     (for output set)

 >> LINK  9 END

 >> LINK  1 BEGIN

               DEALLOCATED  4.15E-01 MB MEMORY FROM ARRAY STF3
               DEALLOCATED  1.51E-03 MB MEMORY FROM ARRAY STFKEY
               DEALLOCATED  4.15E-01 MB MEMORY FROM ARRAY STF3

 >> LINK  1 END


 >> LINK  2 BEGIN


 >> LINK  2 END


 >> LINK  4 BEGIN

 SUPERLU FACTORIZATION OF MATRIX KMSM SUCCEEDED IN SUBR SYM_MAT_DECOMP_SUPRLU          

 OUTPUT FOR SUBCASE        2


                           E I G E N V A L U E   A N A L Y S I S   S U M M A R Y   (LANCZOS  Mode 2 DGB, Shift eigen =  1.00E+00)
                                                                      (SPARSE solution)

                                NUMBER OF EIGENVALUES EXTRACTED  . . . . . .         1

                                LARGEST OFF-DIAGONAL GENERALIZED MASS TERM     0.0E+00 (Vecs renormed to 1.0 for gen masses)

                                                                       . . .         1
                                          MODE PAIR . . . . . . . . . .
                                                                       . . .         1

                                NUMBER OF OFF DIAGONAL GENERALIZED MASS
                                TERMS FAILING CRITERION OF  1.0E-04. . . . .         0



 OUTPUT FOR SUBCASE        2


                                            R E A L   E I G E N V A L U E S
                                      (subcase       2 buckling load factors)

                                         MODE  EXTRACTION      EIGENVALUE
                                        NUMBER   ORDER

                                             1       1        4.222028E+00



 >> LINK  4 END


 >> LINK  5 BEGIN


 >> LINK  5 END


 >> LINK  9 BEGIN



 OUTPUT FOR SUBCASE        2
 OUTPUT FOR EIGENVECTOR        1

                                                         E I G E N V E C T O R
                                              (in global coordinate system at each grid)
           GRID     COORD      T1            T2            T3            R1            R2            R3
                     SYS
              1        0  0.0           0.0           0.0           0.0           0.0           0.0         
              2        0  9.533876E-19  1.710974E-17 -8.121514E-01  9.402669E-01  1.406596E+00  0.0         
              3        0 -8.157713E-19  1.708759E-17 -7.180111E-01  9.438428E-01  1.409375E+00  0.0         
              4        0  0.0           0.0           0.0           0.0           0.0           0.0         
              5        0 -2.760939E-20 -6.274674E-19 -1.040961E-02  1.819217E-01  1.444584E-01  0.0         
              6        0 -1.773538E-20 -1.464808E-19  9.178705E-03  2.087246E-01 -6.661881E-02  0.0         
              7        0  1.254910E-18  1.064655E-18 -3.217335E-02  4.076429E-01  2.673993E-01  0.0         
              8        0 -6.516700E-19  1.390797E-18  1.111477E-02  4.601332E-01  8.119683E-02  0.0         
              9        0  1.302839E-18  3.181782E-18 -6.894469E-02  5.931817E-01  4.464867E-01  0.0         
             10        0 -9.609489E-19  3.418231E-18 -6.456789E-03  6.594806E-01  3.049094E-01  0.0         
             11        0  1.087559E-18  5.238769E-18 -1.249131E-01  7.301643E-01  6.532342E-01  0.0         
             12        0 -8.632379E-19  5.227422E-18 -4.857199E-02  7.996470E-01  5.564688E-01  0.0         
             13        0  9.869640E-19  7.820046E-18 -2.014220E-01  8.221381E-01  8.600832E-01  0.0         
             14        0 -1.118775E-18  8.027568E-18 -1.161022E-01  8.868737E-01  8.010187E-01  0.0         
             15        0  1.270419E-18  1.019775E-17 -2.974716E-01  8.782529E-01  1.046934E+00  0.0         
             16        0 -1.011523E-18  9.854918E-18 -2.070028E-01  9.331720E-01  1.015546E+00  0.0         
             17        0  8.628109E-19  1.165403E-17 -4.104426E-01  9.094244E-01  1.200912E+00  0.0         
             18        0 -8.116821E-19  1.152279E-17 -3.174571E-01  9.517606E-01  1.187189E+00  0.0         
             19        0  9.729256E-19  1.352624E-17 -5.367198E-01  9.257537E-01  1.314668E+00  0.0         
             20        0 -8.176588E-19  1.346836E-17 -4.427675E-01  9.542948E-01  1.310329E+00  0.0         
             21        0  9.520519E-19  1.534702E-17 -6.721278E-01  9.349131E-01  1.384285E+00  0.0         
             22        0 -9.257097E-19  1.534753E-17 -5.779370E-01  9.495656E-01  1.383699E+00  0.0         
             23        0  9.568830E-19  1.624069E-17 -7.418577E-01  9.380282E-01  1.401702E+00  0.0         
             24        0  4.059690E-20  1.710732E-17 -7.651395E-01  9.416476E-01  1.407617E+00  0.0         
             25        0 -8.124170E-19  1.622338E-17 -6.476595E-01  9.464412E-01  1.402098E+00  0.0         
             26        0  5.178677E-20  1.535220E-17 -6.252165E-01  9.421499E-01  1.382926E+00  0.0         
             27        0  6.004705E-20  1.622627E-17 -6.948676E-01  9.421727E-01  1.401046E+00  0.0         
             28        0  3.344495E-19  2.142066E-19 -3.477364E-03  6.782121E-02  9.802668E-02  0.0         
             29        0  1.051859E-19 -3.413435E-19 -9.558926E-04  1.953197E-01  4.220135E-02  0.0         
             30        0 -1.078680E-19 -4.743328E-19  4.101592E-03  7.861698E-02 -8.397542E-02  0.0         
             31        0  0.0           0.0           0.0           0.0           0.0           0.0         
             32        0  8.764323E-20 -1.548691E-19  1.895095E-04  7.597303E-02  1.120074E-02  0.0         
             33        0  6.393172E-19 -1.268060E-19 -1.977861E-02  2.984109E-01  1.978562E-01  0.0         
             34        0  2.721667E-20  1.017183E-18 -1.118729E-02  4.316185E-01  1.763337E-01  0.0         
             35        0 -4.873661E-19 -1.946358E-19  1.206969E-02  3.395111E-01 -6.022533E-03  0.0         
             36        0  1.056477E-19 -1.225827E-19 -4.372638E-03  3.173716E-01  9.844350E-02  0.0         
             37        0  1.057170E-18  2.600074E-18 -4.835360E-02  5.063543E-01  3.515312E-01  0.0         
             38        0  1.640675E-19  3.328848E-18 -3.852974E-02  6.237200E-01  3.768090E-01  0.0         
             39        0 -1.309065E-18  1.869577E-18  5.194761E-03  5.672051E-01  1.869298E-01  0.0         
             40        0  6.097157E-20  2.297817E-18 -2.234080E-02  5.342352E-01  2.708037E-01  0.0         
             41        0  1.258240E-18  4.789126E-18 -9.438194E-02  6.677054E-01  5.482851E-01  0.0         
             42        0  1.117313E-19  5.408639E-18 -8.761080E-02  7.625369E-01  6.051278E-01  0.0         
             43        0 -1.080178E-18  4.876945E-18 -2.430913E-02  7.367731E-01  4.296695E-01  0.0         
             44        0  6.065866E-20  4.712339E-18 -6.020884E-02  6.996999E-01  4.896495E-01  0.0         
             45        0  1.185213E-18  6.985473E-18 -1.606162E-01  7.812857E-01  7.580853E-01  0.0         
             46        0  2.585012E-20  7.947361E-18 -1.595707E-01  8.526516E-01  8.301974E-01  0.0         
             47        0 -9.894224E-19  6.911284E-18 -7.923403E-02  8.491995E-01  6.813256E-01  0.0         
             48        0  3.868932E-20  6.844785E-18 -1.207736E-01  8.131114E-01  7.196389E-01  0.0         
             49        0  9.899080E-19  8.888197E-18 -2.471380E-01  8.540008E-01  9.569661E-01  0.0         
             50        0  4.852868E-20  1.002246E-17 -2.529229E-01  9.044432E-01  1.030470E+00  0.0         
             51        0 -1.045416E-18  8.969247E-18 -1.588402E-01  9.143005E-01  9.130451E-01  0.0         
             52        0 -8.196968E-21  8.936396E-18 -2.037421E-01  8.825897E-01  9.344192E-01  0.0         
             53        0  7.633628E-19  1.088273E-17 -3.520506E-01  8.962841E-01  1.128596E+00  0.0         
             54        0  3.682102E-20  1.163171E-17 -3.644783E-01  9.298501E-01  1.193038E+00  0.0         
             55        0 -7.993601E-19  1.111809E-17 -2.600669E-01  9.451433E-01  1.107212E+00  0.0         
             56        0  3.712865E-20  1.098867E-17 -3.066688E-01  9.197206E-01  1.116995E+00  0.0         
             57        0  9.154167E-19  1.238464E-17 -4.721695E-01  9.188921E-01  1.263118E+00  0.0         
             58        0  3.365946E-20  1.345239E-17 -4.901000E-01  9.396840E-01  1.311371E+00  0.0         
             59        0 -7.952529E-19  1.246839E-17 -3.785654E-01  9.544115E-01  1.254974E+00  0.0         
             60        0  5.219953E-20  1.243786E-17 -4.258108E-01  9.361283E-01  1.257962E+00  0.0         
             61        0  1.039975E-18  1.428625E-17 -6.035576E-01  9.308848E-01  1.355163E+00  0.0         
             62        0 -9.122527E-19  1.430712E-17 -5.094338E-01  9.524089E-01  1.353207E+00  0.0         
             63        0  6.668324E-20  1.431539E-17 -5.567646E-01  9.414533E-01  1.353051E+00  0.0         
                         ------------- ------------- ------------- ------------- ------------- -------------
                MAX* :    1.302839E-18  1.710974E-17  1.206969E-02  9.544115E-01  1.409375E+00  0.0         
                MIN* :   -1.309065E-18 -6.274674E-19 -8.121514E-01  0.0          -8.397542E-02  0.0         

                ABS* :    1.309065E-18  1.710974E-17  8.121514E-01  9.544115E-01  1.409375E+00  0.0         
                *for output set

                                                    SPC Force Summary on AUTOSPC'd DOF's
                                                 (in global coordinate system at each grid)
        For detailed information on the SPC forces for the AUTOSPC DOF's, set field 7 (AUTOSPC_SPCF) on the PARAM AUTOSPC entry to Y

                              T1             T2             T3             R1             R2             R3

 ABS AUTOSPC FORCES  :   0.000000E+00   0.000000E+00   0.000000E+00   0.000000E+00   0.000000E+00   0.000000E+00
 AUTOSPC FORCE TOTALS:   0.000000E+00   0.000000E+00   0.000000E+00   0.000000E+00   0.000000E+00   0.000000E+00
     (for output set)

 >> LINK  9 END

    Total CPU time =  9.38E-02 seconds

 >> MYSTRAN END    :  6/27/2026 at 19:33: 0.840

                                          * * * END OF JOB * * *
