   604115452

 MYSTRAN Version 18.0.0   APR 20 2026 MYSTRAN developed by Dr Bill Case
*** Please report any problems to mystransolver@gmail.com ***                                                                                                                                                                                                   

 >> MYSTRAN BEGIN  :  6/ 4/2026 at 11:54:52.646 The input file is C:\Users\victo\Documents\Git\MYSTRAN_Validation\working\NAS B30 tri3 column.bdf                                                                                                                                                                                 


 >> LINK  0 BEGIN


SOL 105                                                                                                                                                                                                                                                         
CEND                                                                                                                                                                                                                                                            
DISPLACEMENT = ALL                                                                                                                                                                                                                                              
SPC = 1                                                                                                                                                                                                                                                         
SUBCASE 1                                                                                                                                                                                                                                                       
LOAD = 1                                                                                                                                                                                                                                                        
SUBCASE 2                                                                                                                                                                                                                                                       
METHOD = 1                                                                                                                                                                                                                                                      
BEGIN BULK                                                                                                                                                                                                                                                      
ECHO: loadb GRID*                  1               0 1.46446609407-2           0.0+0*                                                                                                                                                                                       
ECHO: loadb *        3.53553390593-2               0                                                                                                                                                                                                                        
ECHO: loadb GRID           2       0   5.0-2   0.0+0   0.0+0       0                                                                                                                                                                                                        
ECHO: loadb GRID           3       0   5.0-2   1.0+0   0.0+0       0                                                                                                                                                                                                        
ECHO: loadb GRID*                  4               0 1.46446609407-2           1.0+0*                                                                                                                                                                                       
ECHO: loadb *        3.53553390593-2               0                                                                                                                                                                                                                        
ECHO: loadb GRID*                  5               0 1.46446609407-2           7.6-1*                                                                                                                                                                                       
ECHO: loadb *        3.53553390593-2               0                                                                                                                                                                                                                        
ECHO: loadb GRID           6       0   5.0-2   7.4-1   0.0+0       0                                                                                                                                                                                                        
ECHO: loadb GRID*                  7               0 1.46446609407-2           8.6-1*                                                                                                                                                                                       
ECHO: loadb *        3.53553390593-2               0                                                                                                                                                                                                                        
ECHO: loadb GRID           8       0   5.0-2   5.4-1   0.0+0       0                                                                                                                                                                                                        
ECHO: loadb GRID*                  9               0 1.46446609407-2           6.0-2*                                                                                                                                                                                       
ECHO: loadb *        3.53553390593-2               0                                                                                                                                                                                                                        
ECHO: loadb GRID          10       0   5.0-2   1.4-1   0.0+0       0                                                                                                                                                                                                        
ECHO: loadb GRID*                 11               0 1.46446609407-2           1.6-1*                                                                                                                                                                                       
ECHO: loadb *        3.53553390593-2               0                                                                                                                                                                                                                        
ECHO: loadb GRID          12       0   5.0-2   9.4-1   0.0+0       0                                                                                                                                                                                                        
ECHO: loadb GRID*                 13               0 1.46446609407-2           2.6-1*                                                                                                                                                                                       
ECHO: loadb *        3.53553390593-2               0                                                                                                                                                                                                                        
ECHO: loadb GRID          14       0   5.0-2   2.4-1   0.0+0       0                                                                                                                                                                                                        
ECHO: loadb GRID*                 15               0 1.46446609407-2           3.6-1*                                                                                                                                                                                       
ECHO: loadb *        3.53553390593-2               0                                                                                                                                                                                                                        
ECHO: loadb GRID          16       0   5.0-2   6.4-1   0.0+0       0                                                                                                                                                                                                        
ECHO: loadb GRID*                 17               0 1.46446609407-2           4.6-1*                                                                                                                                                                                       
ECHO: loadb *        3.53553390593-2               0                                                                                                                                                                                                                        
ECHO: loadb GRID          18       0   5.0-2   3.4-1   0.0+0       0                                                                                                                                                                                                        
ECHO: loadb GRID*                 19               0 1.46446609407-2           5.6-1*                                                                                                                                                                                       
ECHO: loadb *        3.53553390593-2               0                                                                                                                                                                                                                        
ECHO: loadb GRID          20       0   5.0-2   8.4-1   0.0+0       0                                                                                                                                                                                                        
ECHO: loadb GRID*                 21               0 1.46446609407-2           6.6-1*                                                                                                                                                                                       
ECHO: loadb *        3.53553390593-2               0                                                                                                                                                                                                                        
ECHO: loadb GRID          22       0   5.0-2   4.4-1   0.0+0       0                                                                                                                                                                                                        
ECHO: loadb PARAM    STR_CID      -2                                                                                                                                                                                                                                        
ECHO: loadb MAT1*                  1          2.1+11 7.7777777778+10           3.5-1*                                                                                                                                                                                       
ECHO: loadb *                  0.0+0           0.0+0           0.0+0                                                                                                                                                                                                        
ECHO: loadb SPC            1       1       1   0.0+0                                                                                                                                                                                                                        
ECHO: loadb SPC            1       1       2   0.0+0                                                                                                                                                                                                                        
ECHO: loadb SPC            1       1       3   0.0+0                                                                                                                                                                                                                        
ECHO: loadb SPC            1       1       4   0.0+0                                                                                                                                                                                                                        
ECHO: loadb SPC            1       1       5   0.0+0                                                                                                                                                                                                                        
ECHO: loadb SPC            1       1       6   0.0+0                                                                                                                                                                                                                        
ECHO: loadb SPC            1       2       1   0.0+0                                                                                                                                                                                                                        
ECHO: loadb SPC            1       2       2   0.0+0                                                                                                                                                                                                                        
ECHO: loadb SPC            1       2       3   0.0+0                                                                                                                                                                                                                        
ECHO: loadb SPC            1       2       4   0.0+0                                                                                                                                                                                                                        
ECHO: loadb SPC            1       2       5   0.0+0                                                                                                                                                                                                                        
ECHO: loadb SPC            1       2       6   0.0+0                                                                                                                                                                                                                        
ECHO: loadb PSHELL         1       1   5.0-2       1               1           0.0+0                                                                                                                                                                                        
ECHO: loadb CTRIA3*                1               1               4              12*                                                                                                                                                                                       
ECHO: loadb *                      3 6.7469753496-15           0.0+0                                                                                                                                                                                                        
ECHO: loadb CTRIA3*                2               1               9               2*                                                                                                                                                                                       
ECHO: loadb *                     10 2.2489917832-15           0.0+0                                                                                                                                                                                                        
ECHO: loadb CTRIA3         3       1      11      10      14   0.0+0   0.0+0                                                                                                                                                                                                
ECHO: loadb CTRIA3*                4               1              13              14*                                                                                                                                                                                       
ECHO: loadb *                     18 2.2489917832-15           0.0+0                                                                                                                                                                                                        
ECHO: loadb CTRIA3*                5               1              15              18*                                                                                                                                                                                       
ECHO: loadb *                     22-3.3734876748-15           0.0+0                                                                                                                                                                                                        
ECHO: loadb CTRIA3*                6               1              17              22*                                                                                                                                                                                       
ECHO: loadb *                      8 2.2489917832-15           0.0+0                                                                                                                                                                                                        
ECHO: loadb CTRIA3*                7               1              19               8*                                                                                                                                                                                       
ECHO: loadb *                     16 2.2489917832-15           0.0+0                                                                                                                                                                                                        
ECHO: loadb CTRIA3*                8               1              21              16*                                                                                                                                                                                       
ECHO: loadb *                      6 2.2489917832-15           0.0+0                                                                                                                                                                                                        
ECHO: loadb CTRIA3*                9               1               5               6*                                                                                                                                                                                       
ECHO: loadb *                     20 2.2489917832-15           0.0+0                                                                                                                                                                                                        
ECHO: loadb CTRIA3*               10               1               7              20*                                                                                                                                                                                       
ECHO: loadb *                     12 2.2489917832-15           0.0+0                                                                                                                                                                                                        
ECHO: loadb CTRIA3        11       1       4       7      12   0.0+0   0.0+0                                                                                                                                                                                                
ECHO: loadb CTRIA3        12       1       9       1       2   0.0+0   0.0+0                                                                                                                                                                                                
ECHO: loadb CTRIA3        13       1      11       9      10   0.0+0   0.0+0                                                                                                                                                                                                
ECHO: loadb CTRIA3        14       1      13      11      14   0.0+0   0.0+0                                                                                                                                                                                                
ECHO: loadb CTRIA3        15       1      15      13      18   0.0+0   0.0+0                                                                                                                                                                                                
ECHO: loadb CTRIA3        16       1      17      15      22   0.0+0   0.0+0                                                                                                                                                                                                
ECHO: loadb CTRIA3        17       1      19      17       8   0.0+0   0.0+0                                                                                                                                                                                                
ECHO: loadb CTRIA3        18       1      21      19      16   0.0+0   0.0+0                                                                                                                                                                                                
ECHO: loadb CTRIA3        19       1       5      21       6   0.0+0   0.0+0                                                                                                                                                                                                
ECHO: loadb CTRIA3        20       1       7       5      20   0.0+0   0.0+0                                                                                                                                                                                                
ECHO: loadb FORCE          2       4       0   1.0+0   0.0+0  -5.0+3   0.0+0                                                                                                                                                                                                
ECHO: loadb FORCE          2       3       0   1.0+0   0.0+0  -5.0+3   0.0+0                                                                                                                                                                                                
ECHO: loadb EIGRL          1                       3       0           1.0+1    MASS                                                                                                                                                                                        
ECHO: loadb LOAD           1   1.0+0   1.0+0       2                                                                                                                                                                                                                        
ECHO: loadb ENDDATA                                                                                                                                                                                                                                                         





 >> LINK  0 END


 >> LINK  1 BEGIN

               DEALLOCATED  1.04E-01 MB MEMORY FROM ARRAY STF3


 *INFORMATION: AUTOSPC Summary, Stage 1 after identification of AUTOSPC's at the grid level                                                 

                                     AUTOSPC_RAT = 1.000000E-08

                       Number of DOF's identified for AUTOSPC in component  1         =            0
                       Number of DOF's identified for AUTOSPC in component  2         =            0
                       Number of DOF's identified for AUTOSPC in component  3         =            0
                       Number of DOF's identified for AUTOSPC in component  4         =           15
                       Number of DOF's identified for AUTOSPC in component  5         =            0
                       Number of DOF's identified for AUTOSPC in component  6         =            5
                                                                                        ------------
                       Total number of DOF's identified in this stage                 =           20

               DEALLOCATED  5.28E-04 MB MEMORY FROM ARRAY STFKEY
               DEALLOCATED  1.04E-01 MB MEMORY FROM ARRAY STF3

 >> LINK  1 END


 >> LINK  2 BEGIN



 *INFORMATION: AUTOSPC Summary, Overall: after identification of all AUTOSPC's                                                               

                                     AUTOSPC_RAT = 1.000000E-08

                       Number of DOF's identified for AUTOSPC in component  1         =            0
                       Number of DOF's identified for AUTOSPC in component  2         =            0
                       Number of DOF's identified for AUTOSPC in component  3         =            0
                       Number of DOF's identified for AUTOSPC in component  4         =           15
                       Number of DOF's identified for AUTOSPC in component  5         =            0
                       Number of DOF's identified for AUTOSPC in component  6         =            5
                                                                                        ------------
                       Total number of DOF's identified overall                       =           20


 >> LINK  2 END


 >> LINK  3 BEGIN

 SUPERLU FACTORIZATION OF MATRIX KLL SUCCEEDED IN SUBR SYM_MAT_DECOMP_SUPRLU          

 *INFORMATION: FOR INTERNAL SUBCASE NUMBER        1 EPSILON ERROR ESTIMATE            = -1.382181E-15 Based on U'*(K*U - P)/(U'*P)

 *WARNING    : CANNOT CALCULATE EPSILON ERROR ESTIMATE FOR INTERNAL SUBCASE NUMBER        2
               THE DOT PRODUCT OF DISPL AND LOAD VECTORS                     =    0.000000E+00 CANNOT BE INVERTED.
               IT IS TOO SMALL COMPARED TO MACHINE SAFE MINIMUM (MACH_SFMIN) =    2.225074-308


 >> LINK  3 END


 >> LINK  5 BEGIN


 >> LINK  5 END


 >> LINK  9 BEGIN



 OUTPUT FOR SUBCASE        1

                                                       D I S P L A C E M E N T S
                                              (in global coordinate system at each grid)
           GRID     COORD      T1            T2            T3            R1            R2            R3
                     SYS
              1        0  0.0           0.0           0.0           0.0           0.0           0.0         
              2        0  0.0           0.0           0.0           0.0           0.0           0.0         
              3        0  2.890714E-06 -1.907734E-05 -2.890714E-06  0.0          -1.344858E-16 -8.119993E-16
              4        0  2.655011E-06 -1.887370E-05 -2.655011E-06  0.0          -1.277871E-16 -8.229034E-16
              5        0  1.963834E-06 -1.430227E-05 -1.963834E-06  0.0          -1.366128E-16 -7.468313E-16
              6        0  2.141938E-06 -1.412496E-05 -2.141938E-06  0.0          -1.302835E-16 -7.375564E-16
              7        0  2.251825E-06 -1.620703E-05 -2.251825E-06  0.0          -1.448890E-16 -7.951632E-16
              8        0  1.565957E-06 -1.031544E-05 -1.565957E-06  0.0          -1.046366E-16 -6.164445E-16
              9        0 -5.538496E-08 -9.723099E-07  5.538496E-08  7.949268E-17 -2.401905E-17  0.0         
             10        0  4.135797E-07 -2.696447E-06 -4.135797E-07  0.0          -2.152019E-17 -1.939000E-16
             11        0  2.358084E-07 -2.873784E-06 -2.358084E-07  2.184621E-16 -4.242755E-17  0.0         
             12        0  2.717919E-06 -1.793448E-05 -2.717919E-06  8.146151E-16 -1.376230E-16  0.0         
             13        0  5.238787E-07 -4.778465E-06 -5.238787E-07  3.434833E-16 -6.343329E-17  0.0         
             14        0  7.019745E-07 -4.601152E-06 -7.019745E-07  0.0          -4.446030E-17 -3.217853E-16
             15        0  8.118713E-07 -6.683224E-06 -8.118713E-07  0.0          -8.082527E-17 -4.574424E-16
             16        0  1.853947E-06 -1.222020E-05 -1.853947E-06  0.0          -1.208432E-16 -6.885671E-16
             17        0  1.099862E-06 -8.587986E-06 -1.099862E-06  5.531275E-16 -9.765733E-17  0.0         
             18        0  9.899752E-07 -6.505912E-06 -9.899752E-07  0.0          -6.418488E-17 -4.352348E-16
             19        0  1.387853E-06 -1.049275E-05 -1.387853E-06  0.0          -1.168369E-16 -6.295825E-16
             20        0  2.429929E-06 -1.602972E-05 -2.429929E-06  0.0          -1.393742E-16 -7.824785E-16
             21        0  1.675843E-06 -1.239751E-05 -1.675843E-06  0.0          -1.304198E-16 -6.976065E-16
             22        0  1.277966E-06 -8.410674E-06 -1.277966E-06  0.0          -8.322774E-17 -5.341158E-16
                         ------------- ------------- ------------- ------------- ------------- -------------
                MAX* :    2.890714E-06  0.0           5.538496E-08  8.146151E-16  0.0           0.0         
                MIN* :   -5.538496E-08 -1.907734E-05 -2.890714E-06  0.0          -1.448890E-16 -8.229034E-16

                ABS* :    2.890714E-06  1.907734E-05  2.890714E-06  8.146151E-16  1.448890E-16  8.229034E-16
                *for output set

                                                    SPC Force Summary on AUTOSPC'd DOF's
                                                 (in global coordinate system at each grid)
        For detailed information on the SPC forces for the AUTOSPC DOF's, set field 7 (AUTOSPC_SPCF) on the PARAM AUTOSPC entry to Y

                              T1             T2             T3             R1             R2             R3

 ABS AUTOSPC FORCES  :   0.000000E+00   0.000000E+00   0.000000E+00   9.527208E-12   0.000000E+00   6.883588E-12
 AUTOSPC FORCE TOTALS:   0.000000E+00   0.000000E+00   0.000000E+00   5.605084E-12   0.000000E+00  -6.585792E-12
     (for output set)

 >> LINK  9 END

 >> LINK  1 BEGIN

               DEALLOCATED  1.04E-01 MB MEMORY FROM ARRAY STF3
               DEALLOCATED  5.28E-04 MB MEMORY FROM ARRAY STFKEY
               DEALLOCATED  1.04E-01 MB MEMORY FROM ARRAY STF3

 >> LINK  1 END


 >> LINK  2 BEGIN

 *INFORMATION: MAX DIAGONAL TERM IN THE KGGD MATRIX IS =  0.00E+00 WHICH IS TOO SMALL FOR CALCULATION OF MATRIX STATS
               IN SUBR GET_MATRIX_DIAG_STATS          
 *INFORMATION: MAX DIAGONAL TERM IN THE KNND MATRIX IS =  0.00E+00 WHICH IS TOO SMALL FOR CALCULATION OF MATRIX STATS
               IN SUBR GET_MATRIX_DIAG_STATS          
 *INFORMATION: MAX DIAGONAL TERM IN THE KAAD MATRIX IS =  0.00E+00 WHICH IS TOO SMALL FOR CALCULATION OF MATRIX STATS
               IN SUBR GET_MATRIX_DIAG_STATS          
 *INFORMATION: MAX DIAGONAL TERM IN THE KLLD MATRIX IS =  0.00E+00 WHICH IS TOO SMALL FOR CALCULATION OF MATRIX STATS
               IN SUBR GET_MATRIX_DIAG_STATS          

 >> LINK  2 END


 >> LINK  4 BEGIN

 SUPERLU FACTORIZATION OF MATRIX KMSM SUCCEEDED IN SUBR SYM_MAT_DECOMP_SUPRLU          


                           E I G E N V A L U E   A N A L Y S I S   S U M M A R Y   (LANCZOS  Mode 2 DGB, Shift eigen =  1.00E+01)
                                                                      (SPARSE solution)

                                NUMBER OF EIGENVALUES EXTRACTED  . . . . . .         3

                                LARGEST OFF-DIAGONAL GENERALIZED MASS TERM     1.3E-09 (Vecs renormed to 1.0 for gen masses)

                                                                       . . .         2
                                          MODE PAIR . . . . . . . . . .
                                                                       . . .         1

                                NUMBER OF OFF DIAGONAL GENERALIZED MASS
                                TERMS FAILING CRITERION OF  1.0E-04. . . . .         0



                                            R E A L   E I G E N V A L U E S
                                           (subcase 1 buckling load factors)

                                         MODE  EXTRACTION      EIGENVALUE
                                        NUMBER   ORDER

                                             1       1        2.728560E+01
                                             2       2        1.385563E+02
                                             3       3        2.481012E+02



 >> LINK  4 END


 >> LINK  5 BEGIN


 >> LINK  5 END


 >> LINK  9 BEGIN



 OUTPUT FOR EIGENVECTOR        1

                                                         E I G E N V E C T O R
                                              (in global coordinate system at each grid)
           GRID     COORD      T1            T2            T3            R1            R2            R3
                     SYS
              1        0  0.0           0.0           0.0           0.0           0.0           0.0         
              2        0  0.0           0.0           0.0           0.0           0.0           0.0         
              3        0 -6.359530E-03  6.477721E-16 -6.359530E-03  0.0           4.466089E-07  2.001514E-02
              4        0 -6.360005E-03 -5.207641E-16 -6.360005E-03  0.0           6.228757E-06  2.008930E-02
              5        0 -4.009140E-03 -5.162923E-16 -4.009140E-03  0.0           5.840733E-05  1.863031E-02
              6        0 -3.823439E-03  6.149737E-16 -3.823439E-03  0.0          -9.193845E-05  1.838640E-02
              7        0 -4.967077E-03 -5.308375E-16 -4.967077E-03  0.0           2.502274E-05  1.956636E-02
              8        0 -2.138506E-03  5.416439E-16 -2.138506E-03  0.0          -1.419797E-04  1.499386E-02
              9        0 -2.434638E-05 -6.463428E-17 -2.434638E-05 -1.745206E-03  2.391068E-04  0.0         
             10        0 -1.459578E-04  1.873690E-16 -1.459578E-04  0.0          -2.040267E-04  4.236027E-03
             11        0 -1.916472E-04 -1.692384E-16 -1.916472E-04 -4.866052E-03  1.805376E-04  0.0         
             12        0 -5.758398E-03  6.425842E-16 -5.758398E-03 -1.992753E-02 -3.052146E-05  0.0         
             13        0 -5.106884E-04 -2.907110E-16 -5.106884E-04 -7.859013E-03  1.726664E-04  0.0         
             14        0 -4.347115E-04  3.289741E-16 -4.347115E-04  0.0          -1.892586E-04  7.271730E-03
             15        0 -9.751860E-04 -3.865208E-16 -9.751860E-04  0.0           1.563539E-04  1.066146E-02
             16        0 -2.938429E-03  5.875341E-16 -2.938429E-03  0.0          -1.184268E-04  1.690033E-02
             17        0 -1.573596E-03 -4.175806E-16 -1.573596E-03 -1.319858E-02  1.365138E-04  0.0         
             18        0 -8.708851E-04  3.951121E-16 -8.708851E-04  0.0          -1.783083E-04  1.011894E-02
             19        0 -2.291040E-03 -4.889268E-16 -2.291040E-03  0.0           1.131577E-04  1.540747E-02
             20        0 -4.771501E-03  6.573504E-16 -4.771501E-03  0.0          -6.472335E-05  1.941457E-02
             21        0 -3.109674E-03 -5.092219E-16 -3.109674E-03  0.0           8.689101E-05  1.723319E-02
             22        0 -1.443563E-03  4.827586E-16 -1.443563E-03  0.0          -1.620901E-04  1.271450E-02
                         ------------- ------------- ------------- ------------- ------------- -------------
                MAX* :    0.0           6.573504E-16  0.0           0.0           2.391068E-04  2.008930E-02
                MIN* :   -6.360005E-03 -5.308375E-16 -6.360005E-03 -1.992753E-02 -2.040267E-04  0.0         

                ABS* :    6.360005E-03  6.573504E-16  6.360005E-03  1.992753E-02  2.391068E-04  2.008930E-02
                *for output set

                                                    SPC Force Summary on AUTOSPC'd DOF's
                                                 (in global coordinate system at each grid)
        For detailed information on the SPC forces for the AUTOSPC DOF's, set field 7 (AUTOSPC_SPCF) on the PARAM AUTOSPC entry to Y

                              T1             T2             T3             R1             R2             R3

 ABS AUTOSPC FORCES  :   0.000000E+00   0.000000E+00   0.000000E+00   0.000000E+00   0.000000E+00   0.000000E+00
 AUTOSPC FORCE TOTALS:   0.000000E+00   0.000000E+00   0.000000E+00   0.000000E+00   0.000000E+00   0.000000E+00
     (for output set)


 OUTPUT FOR EIGENVECTOR        2

                                                         E I G E N V E C T O R
                                              (in global coordinate system at each grid)
           GRID     COORD      T1            T2            T3            R1            R2            R3
                     SYS
              1        0  0.0           0.0           0.0           0.0           0.0           0.0         
              2        0  0.0           0.0           0.0           0.0           0.0           0.0         
              3        0 -6.308977E-03  3.604185E-04  6.308977E-03  0.0          -2.619751E-13 -4.069064E-13
              4        0 -6.307999E-03 -3.503498E-04  6.307999E-03  0.0          -2.805815E-13 -3.731372E-13
              5        0 -3.938227E-03 -3.268368E-04  3.938227E-03  0.0          -2.130147E-13 -4.800378E-13
              6        0 -3.751488E-03  3.293325E-04  3.751488E-03  0.0          -2.105667E-13 -4.967898E-13
              7        0 -4.904287E-03 -3.435739E-04  4.904287E-03  0.0          -2.344950E-13 -4.432538E-13
              8        0 -2.062672E-03  2.654148E-04  2.062672E-03  0.0          -1.481560E-13 -5.535029E-13
              9        0 -4.165580E-05 -2.667355E-05  4.165580E-05  8.992422E-14 -3.316692E-14  0.0         
             10        0 -1.306997E-04  6.613905E-05  1.306997E-04  0.0          -2.911908E-14 -2.152065E-13
             11        0 -1.701165E-04 -7.535602E-05  1.701165E-04  2.360027E-13 -4.791387E-14  0.0         
             12        0 -5.704852E-03  3.592735E-04  5.704852E-03  4.002048E-13 -2.708353E-13  0.0         
             13        0 -4.658579E-04 -1.299689E-04  4.658579E-04  3.547485E-13 -7.387630E-14  0.0         
             14        0 -3.941833E-04  1.219600E-04  3.941833E-04  0.0          -5.220221E-14 -3.344310E-13
             15        0 -9.136335E-04 -1.812746E-04  9.136335E-04  0.0          -1.185635E-13 -4.474328E-13
             16        0 -2.862300E-03  3.012225E-04  2.862300E-03  0.0          -1.798467E-13 -5.439682E-13
             17        0 -1.501617E-03 -2.277435E-04  1.501617E-03  5.246938E-13 -1.333844E-13  0.0         
             18        0 -8.123549E-04  1.746053E-04  8.123549E-04  0.0          -1.017358E-13 -4.329084E-13
             19        0 -2.214522E-03 -2.681631E-04  2.214522E-03  0.0          -1.581103E-13 -5.510590E-13
             20        0 -4.707139E-03  3.490030E-04  4.707139E-03  0.0          -2.350055E-13 -4.524154E-13
             21        0 -3.033822E-03 -3.014828E-04  3.033822E-03  0.0          -1.789743E-13 -5.394988E-13
             22        0 -1.373386E-03  2.228403E-04  1.373386E-03  0.0          -1.219312E-13 -5.140964E-13
                         ------------- ------------- ------------- ------------- ------------- -------------
                MAX* :    0.0           3.604185E-04  6.308977E-03  5.246938E-13  0.0           0.0         
                MIN* :   -6.308977E-03 -3.503498E-04  0.0           0.0          -2.805815E-13 -5.535029E-13

                ABS* :    6.308977E-03  3.604185E-04  6.308977E-03  5.246938E-13  2.805815E-13  5.535029E-13
                *for output set

                                                    SPC Force Summary on AUTOSPC'd DOF's
                                                 (in global coordinate system at each grid)
        For detailed information on the SPC forces for the AUTOSPC DOF's, set field 7 (AUTOSPC_SPCF) on the PARAM AUTOSPC entry to Y

                              T1             T2             T3             R1             R2             R3

 ABS AUTOSPC FORCES  :   0.000000E+00   0.000000E+00   0.000000E+00   0.000000E+00   0.000000E+00   0.000000E+00
 AUTOSPC FORCE TOTALS:   0.000000E+00   0.000000E+00   0.000000E+00   0.000000E+00   0.000000E+00   0.000000E+00
     (for output set)


 OUTPUT FOR EIGENVECTOR        3

                                                         E I G E N V E C T O R
                                              (in global coordinate system at each grid)
           GRID     COORD      T1            T2            T3            R1            R2            R3
                     SYS
              1        0  0.0           0.0           0.0           0.0           0.0           0.0         
              2        0  0.0           0.0           0.0           0.0           0.0           0.0         
              3        0 -2.144335E-03  4.370252E-15 -2.144335E-03  0.0          -3.123072E-05 -1.975002E-02
              4        0 -2.141336E-03 -3.809032E-15 -2.141336E-03  0.0          -7.862410E-05 -2.038801E-02
              5        0 -4.080157E-03 -3.833483E-15 -4.080157E-03  0.0          -4.908548E-04 -8.498259E-03
              6        0 -4.158018E-03  3.960901E-15 -4.158018E-03  0.0           5.883972E-04 -6.705084E-03
              7        0 -3.453084E-03 -4.091436E-15 -3.453084E-03  0.0          -2.497061E-04 -1.587907E-02
              8        0 -3.898804E-03  3.298038E-15 -3.898804E-03  0.0           4.243336E-04  1.145478E-02
              9        0 -7.311024E-05 -2.300223E-16 -7.311024E-05 -5.111769E-03  6.992648E-04  0.0         
             10        0 -4.248865E-04  1.023358E-15 -4.248865E-04  0.0          -5.573887E-04  1.192940E-02
             11        0 -5.547540E-04 -7.838669E-16 -5.547540E-04 -1.345236E-02  3.559267E-04  0.0         
             12        0 -2.742828E-03  4.274539E-15 -2.742828E-03  1.898118E-02  2.403423E-04  0.0         
             13        0 -1.383756E-03 -1.725296E-15 -1.383756E-03 -1.876022E-02  1.134004E-04  0.0         
             14        0 -1.195527E-03  2.015818E-15 -1.195527E-03  0.0          -3.516890E-04  1.798683E-02
             15        0 -2.380237E-03 -2.563225E-15 -2.380237E-03  0.0          -1.684913E-04  1.994118E-02
             16        0 -4.262219E-03  3.711898E-15 -4.262219E-03  0.0           5.696166E-04  2.668895E-03
             17        0 -3.324336E-03 -2.605570E-15 -3.324336E-03 -1.672169E-02 -4.119621E-04  0.0         
             18        0 -2.175328E-03  2.068297E-15 -2.175328E-03  0.0          -9.481126E-05  2.006353E-02
             19        0 -4.007751E-03 -3.528754E-15 -4.007751E-03  0.0          -5.648017E-04  9.812802E-03
             20        0 -3.609397E-03  4.601133E-15 -3.609397E-03  0.0           4.904341E-04 -1.459447E-02
             21        0 -4.279694E-03 -3.709552E-15 -4.279694E-03  0.0          -5.930288E-04  7.387668E-04
             22        0 -3.147952E-03  2.802678E-15 -3.147952E-03  0.0           1.853709E-04  1.771327E-02
                         ------------- ------------- ------------- ------------- ------------- -------------
                MAX* :    0.0           4.601133E-15  0.0           1.898118E-02  6.992648E-04  2.006353E-02
                MIN* :   -4.279694E-03 -4.091436E-15 -4.279694E-03 -1.876022E-02 -5.930288E-04 -2.038801E-02

                ABS* :    4.279694E-03  4.601133E-15  4.279694E-03  1.898118E-02  6.992648E-04  2.038801E-02
                *for output set

                                                    SPC Force Summary on AUTOSPC'd DOF's
                                                 (in global coordinate system at each grid)
        For detailed information on the SPC forces for the AUTOSPC DOF's, set field 7 (AUTOSPC_SPCF) on the PARAM AUTOSPC entry to Y

                              T1             T2             T3             R1             R2             R3

 ABS AUTOSPC FORCES  :   0.000000E+00   0.000000E+00   0.000000E+00   0.000000E+00   0.000000E+00   0.000000E+00
 AUTOSPC FORCE TOTALS:   0.000000E+00   0.000000E+00   0.000000E+00   0.000000E+00   0.000000E+00   0.000000E+00
     (for output set)

 >> LINK  9 END

    Total CPU time =  3.12E-02 seconds

 >> MYSTRAN END    :  6/ 4/2026 at 11:54:52.786
