   604115449

 MYSTRAN Version 18.0.0   APR 20 2026 MYSTRAN developed by Dr Bill Case
*** Please report any problems to mystransolver@gmail.com ***                                                                                                                                                                                                   

 >> MYSTRAN BEGIN  :  6/ 4/2026 at 11:54:49.767 The input file is C:\Users\victo\Documents\Git\MYSTRAN_Validation\working\NAS B30 quad4 LTB.bdf                                                                                                                                                                                   


 >> LINK  0 BEGIN


SOL 105                                                                                                                                                                                                                                                         
CEND                                                                                                                                                                                                                                                            
DISPLACEMENT = ALL                                                                                                                                                                                                                                              
SPC = 1                                                                                                                                                                                                                                                         
SUBCASE 1                                                                                                                                                                                                                                                       
LOAD = 1                                                                                                                                                                                                                                                        
SUBCASE 2                                                                                                                                                                                                                                                       
METHOD = 1                                                                                                                                                                                                                                                      
BEGIN BULK                                                                                                                                                                                                                                                      
ECHO: loadb GRID           1       0   0.0+0   0.0+0   0.0+0       0                                                                                                                                                                                                        
ECHO: loadb GRID           2       0   1.0+0   0.0+0   0.0+0       0                                                                                                                                                                                                        
ECHO: loadb GRID           3       0   1.0+0   1.0-1   0.0+0       0                                                                                                                                                                                                        
ECHO: loadb GRID           4       0   0.0+0   1.0-1   0.0+0       0                                                                                                                                                                                                        
ECHO: loadb GRID           5       0   1.0-1   0.0+0   0.0+0       0                                                                                                                                                                                                        
ECHO: loadb GRID           6       0   1.0-1   1.0-1   0.0+0       0                                                                                                                                                                                                        
ECHO: loadb GRID           7       0   2.0-1   0.0+0   0.0+0       0                                                                                                                                                                                                        
ECHO: loadb GRID           8       0   2.0-1   1.0-1   0.0+0       0                                                                                                                                                                                                        
ECHO: loadb GRID           9       0   3.0-1   0.0+0   0.0+0       0                                                                                                                                                                                                        
ECHO: loadb GRID          10       0   3.0-1   1.0-1   0.0+0       0                                                                                                                                                                                                        
ECHO: loadb GRID          11       0   4.0-1   0.0+0   0.0+0       0                                                                                                                                                                                                        
ECHO: loadb GRID          12       0   4.0-1   1.0-1   0.0+0       0                                                                                                                                                                                                        
ECHO: loadb GRID          13       0   5.0-1   0.0+0   0.0+0       0                                                                                                                                                                                                        
ECHO: loadb GRID          14       0   5.0-1   1.0-1   0.0+0       0                                                                                                                                                                                                        
ECHO: loadb GRID          15       0   6.0-1   0.0+0   0.0+0       0                                                                                                                                                                                                        
ECHO: loadb GRID          16       0   6.0-1   1.0-1   0.0+0       0                                                                                                                                                                                                        
ECHO: loadb GRID          17       0   7.0-1   0.0+0   0.0+0       0                                                                                                                                                                                                        
ECHO: loadb GRID          18       0   7.0-1   1.0-1   0.0+0       0                                                                                                                                                                                                        
ECHO: loadb GRID          19       0   8.0-1   0.0+0   0.0+0       0                                                                                                                                                                                                        
ECHO: loadb GRID          20       0   8.0-1   1.0-1   0.0+0       0                                                                                                                                                                                                        
ECHO: loadb GRID          21       0   9.0-1   0.0+0   0.0+0       0                                                                                                                                                                                                        
ECHO: loadb GRID          22       0   9.0-1   1.0-1   0.0+0       0                                                                                                                                                                                                        
ECHO: loadb GRID          23       0   9.5-1   0.0+0   0.0+0       0                                                                                                                                                                                                        
ECHO: loadb GRID          24       0   1.0+0   5.0-2   0.0+0       0                                                                                                                                                                                                        
ECHO: loadb GRID          25       0   9.5-1   1.0-1   0.0+0       0                                                                                                                                                                                                        
ECHO: loadb GRID          26       0   9.0-1   5.0-2   0.0+0       0                                                                                                                                                                                                        
ECHO: loadb GRID          27       0   9.5-1   5.0-2   0.0+0       0                                                                                                                                                                                                        
ECHO: loadb GRID          28       0   5.0-2   0.0+0   0.0+0       0                                                                                                                                                                                                        
ECHO: loadb GRID          29       0   1.0-1   5.0-2   0.0+0       0                                                                                                                                                                                                        
ECHO: loadb GRID          30       0   5.0-2   1.0-1   0.0+0       0                                                                                                                                                                                                        
ECHO: loadb GRID          31       0   0.0+0   5.0-2   0.0+0       0                                                                                                                                                                                                        
ECHO: loadb GRID          32       0   5.0-2   5.0-2   0.0+0       0                                                                                                                                                                                                        
ECHO: loadb GRID          33       0   1.5-1   0.0+0   0.0+0       0                                                                                                                                                                                                        
ECHO: loadb GRID          34       0   2.0-1   5.0-2   0.0+0       0                                                                                                                                                                                                        
ECHO: loadb GRID          35       0   1.5-1   1.0-1   0.0+0       0                                                                                                                                                                                                        
ECHO: loadb GRID          36       0   1.5-1   5.0-2   0.0+0       0                                                                                                                                                                                                        
ECHO: loadb GRID          37       0   2.5-1   0.0+0   0.0+0       0                                                                                                                                                                                                        
ECHO: loadb GRID          38       0   3.0-1   5.0-2   0.0+0       0                                                                                                                                                                                                        
ECHO: loadb GRID          39       0   2.5-1   1.0-1   0.0+0       0                                                                                                                                                                                                        
ECHO: loadb GRID          40       0   2.5-1   5.0-2   0.0+0       0                                                                                                                                                                                                        
ECHO: loadb GRID          41       0   3.5-1   0.0+0   0.0+0       0                                                                                                                                                                                                        
ECHO: loadb GRID          42       0   4.0-1   5.0-2   0.0+0       0                                                                                                                                                                                                        
ECHO: loadb GRID          43       0   3.5-1   1.0-1   0.0+0       0                                                                                                                                                                                                        
ECHO: loadb GRID          44       0   3.5-1   5.0-2   0.0+0       0                                                                                                                                                                                                        
ECHO: loadb GRID          45       0   4.5-1   0.0+0   0.0+0       0                                                                                                                                                                                                        
ECHO: loadb GRID          46       0   5.0-1   5.0-2   0.0+0       0                                                                                                                                                                                                        
ECHO: loadb GRID          47       0   4.5-1   1.0-1   0.0+0       0                                                                                                                                                                                                        
ECHO: loadb GRID          48       0   4.5-1   5.0-2   0.0+0       0                                                                                                                                                                                                        
ECHO: loadb GRID          49       0   5.5-1   0.0+0   0.0+0       0                                                                                                                                                                                                        
ECHO: loadb GRID          50       0   6.0-1   5.0-2   0.0+0       0                                                                                                                                                                                                        
ECHO: loadb GRID          51       0   5.5-1   1.0-1   0.0+0       0                                                                                                                                                                                                        
ECHO: loadb GRID          52       0   5.5-1   5.0-2   0.0+0       0                                                                                                                                                                                                        
ECHO: loadb GRID          53       0   6.5-1   0.0+0   0.0+0       0                                                                                                                                                                                                        
ECHO: loadb GRID          54       0   7.0-1   5.0-2   0.0+0       0                                                                                                                                                                                                        
ECHO: loadb GRID          55       0   6.5-1   1.0-1   0.0+0       0                                                                                                                                                                                                        
ECHO: loadb GRID          56       0   6.5-1   5.0-2   0.0+0       0                                                                                                                                                                                                        
ECHO: loadb GRID          57       0   7.5-1   0.0+0   0.0+0       0                                                                                                                                                                                                        
ECHO: loadb GRID          58       0   8.0-1   5.0-2   0.0+0       0                                                                                                                                                                                                        
ECHO: loadb GRID          59       0   7.5-1   1.0-1   0.0+0       0                                                                                                                                                                                                        
ECHO: loadb GRID          60       0   7.5-1   5.0-2   0.0+0       0                                                                                                                                                                                                        
ECHO: loadb GRID          61       0   8.5-1   0.0+0   0.0+0       0                                                                                                                                                                                                        
ECHO: loadb GRID          62       0   8.5-1   1.0-1   0.0+0       0                                                                                                                                                                                                        
ECHO: loadb GRID          63       0   8.5-1   5.0-2   0.0+0       0                                                                                                                                                                                                        
ECHO: loadb PARAM    STR_CID      -2                                                                                                                                                                                                                                        
ECHO: loadb MAT1*                  1          1.0+11 3.8461538462+10           3.0-1*                                                                                                                                                                                       
ECHO: loadb *                  0.0+0           0.0+0           0.0+0                                                                                                                                                                                                        
ECHO: loadb SPC            1       1       1   0.0+0                                                                                                                                                                                                                        
ECHO: loadb SPC            1       1       2   0.0+0                                                                                                                                                                                                                        
ECHO: loadb SPC            1       1       3   0.0+0                                                                                                                                                                                                                        
ECHO: loadb SPC            1       1       4   0.0+0                                                                                                                                                                                                                        
ECHO: loadb SPC            1       1       5   0.0+0                                                                                                                                                                                                                        
ECHO: loadb SPC            1       1       6   0.0+0                                                                                                                                                                                                                        
ECHO: loadb SPC            1       4       1   0.0+0                                                                                                                                                                                                                        
ECHO: loadb SPC            1       4       2   0.0+0                                                                                                                                                                                                                        
ECHO: loadb SPC            1       4       3   0.0+0                                                                                                                                                                                                                        
ECHO: loadb SPC            1       4       4   0.0+0                                                                                                                                                                                                                        
ECHO: loadb SPC            1       4       5   0.0+0                                                                                                                                                                                                                        
ECHO: loadb SPC            1       4       6   0.0+0                                                                                                                                                                                                                        
ECHO: loadb SPC            1      31       1   0.0+0                                                                                                                                                                                                                        
ECHO: loadb SPC            1      31       2   0.0+0                                                                                                                                                                                                                        
ECHO: loadb SPC            1      31       3   0.0+0                                                                                                                                                                                                                        
ECHO: loadb SPC            1      31       4   0.0+0                                                                                                                                                                                                                        
ECHO: loadb SPC            1      31       5   0.0+0                                                                                                                                                                                                                        
ECHO: loadb SPC            1      31       6   0.0+0                                                                                                                                                                                                                        
ECHO: loadb PSHELL         1       1   1.0-3       1               1           0.0+0                                                                                                                                                                                        
ECHO: loadb CQUAD4         1       1      56      54      18      55   0.0+0   0.0+0                                                                                                                                                                                        
ECHO: loadb CQUAD4         2       1      50      56      55      16   0.0+0   0.0+0                                                                                                                                                                                        
ECHO: loadb CQUAD4         3       1      17      57      60      54   0.0+0   0.0+0                                                                                                                                                                                        
ECHO: loadb CQUAD4         4       1      57      19      58      60   0.0+0   0.0+0                                                                                                                                                                                        
ECHO: loadb CQUAD4         5       1      60      58      20      59   0.0+0   0.0+0                                                                                                                                                                                        
ECHO: loadb CQUAD4         6       1      54      60      59      18   0.0+0   0.0+0                                                                                                                                                                                        
ECHO: loadb CQUAD4         7       1      19      61      63      58   0.0+0   0.0+0                                                                                                                                                                                        
ECHO: loadb CQUAD4         8       1      61      21      26      63   0.0+0   0.0+0                                                                                                                                                                                        
ECHO: loadb CQUAD4         9       1      63      26      22      62   0.0+0   0.0+0                                                                                                                                                                                        
ECHO: loadb CQUAD4        10       1      58      63      62      20   0.0+0   0.0+0                                                                                                                                                                                        
ECHO: loadb CQUAD4        11       1      21      23      27      26   0.0+0   0.0+0                                                                                                                                                                                        
ECHO: loadb CQUAD4        12       1      23       2      24      27   0.0+0   0.0+0                                                                                                                                                                                        
ECHO: loadb CQUAD4        13       1      27      24       3      25   0.0+0   0.0+0                                                                                                                                                                                        
ECHO: loadb CQUAD4        14       1      26      27      25      22   0.0+0   0.0+0                                                                                                                                                                                        
ECHO: loadb CQUAD4        15       1       1      28      32      31   0.0+0   0.0+0                                                                                                                                                                                        
ECHO: loadb CQUAD4        16       1      28       5      29      32   0.0+0   0.0+0                                                                                                                                                                                        
ECHO: loadb CQUAD4        17       1      32      29       6      30   0.0+0   0.0+0                                                                                                                                                                                        
ECHO: loadb CQUAD4        18       1      31      32      30       4   0.0+0   0.0+0                                                                                                                                                                                        
ECHO: loadb CQUAD4        19       1       5      33      36      29   0.0+0   0.0+0                                                                                                                                                                                        
ECHO: loadb CQUAD4        20       1      33       7      34      36   0.0+0   0.0+0                                                                                                                                                                                        
ECHO: loadb CQUAD4        21       1      36      34       8      35   0.0+0   0.0+0                                                                                                                                                                                        
ECHO: loadb CQUAD4        22       1      29      36      35       6   0.0+0   0.0+0                                                                                                                                                                                        
ECHO: loadb CQUAD4        23       1       7      37      40      34   0.0+0   0.0+0                                                                                                                                                                                        
ECHO: loadb CQUAD4        24       1      37       9      38      40   0.0+0   0.0+0                                                                                                                                                                                        
ECHO: loadb CQUAD4        25       1      40      38      10      39   0.0+0   0.0+0                                                                                                                                                                                        
ECHO: loadb CQUAD4        26       1      34      40      39       8   0.0+0   0.0+0                                                                                                                                                                                        
ECHO: loadb CQUAD4        27       1       9      41      44      38   0.0+0   0.0+0                                                                                                                                                                                        
ECHO: loadb CQUAD4        28       1      41      11      42      44   0.0+0   0.0+0                                                                                                                                                                                        
ECHO: loadb CQUAD4        29       1      44      42      12      43   0.0+0   0.0+0                                                                                                                                                                                        
ECHO: loadb CQUAD4        30       1      38      44      43      10   0.0+0   0.0+0                                                                                                                                                                                        
ECHO: loadb CQUAD4        31       1      11      45      48      42   0.0+0   0.0+0                                                                                                                                                                                        
ECHO: loadb CQUAD4        32       1      45      13      46      48   0.0+0   0.0+0                                                                                                                                                                                        
ECHO: loadb CQUAD4        33       1      48      46      14      47   0.0+0   0.0+0                                                                                                                                                                                        
ECHO: loadb CQUAD4        34       1      42      48      47      12   0.0+0   0.0+0                                                                                                                                                                                        
ECHO: loadb CQUAD4        35       1      13      49      52      46   0.0+0   0.0+0                                                                                                                                                                                        
ECHO: loadb CQUAD4        36       1      49      15      50      52   0.0+0   0.0+0                                                                                                                                                                                        
ECHO: loadb CQUAD4        37       1      52      50      16      51   0.0+0   0.0+0                                                                                                                                                                                        
ECHO: loadb CQUAD4        38       1      46      52      51      14   0.0+0   0.0+0                                                                                                                                                                                        
ECHO: loadb CQUAD4        39       1      15      53      56      50   0.0+0   0.0+0                                                                                                                                                                                        
ECHO: loadb CQUAD4        40       1      53      17      54      56   0.0+0   0.0+0                                                                                                                                                                                        
ECHO: loadb FORCE          2       2       0   1.0+0   0.0+0   2.5-1   0.0+0                                                                                                                                                                                                
ECHO: loadb FORCE          2      24       0   1.0+0   0.0+0   5.0-1   0.0+0                                                                                                                                                                                                
ECHO: loadb FORCE          2       3       0   1.0+0   0.0+0   2.5-1   0.0+0                                                                                                                                                                                                
ECHO: loadb EIGRL          1                       1       0           1.0+0    MASS                                                                                                                                                                                        
ECHO: loadb LOAD           1   1.0+0   1.0+0       2                                                                                                                                                                                                                        
ECHO: loadb ENDDATA                                                                                                                                                                                                                                                         





 >> LINK  0 END


 >> LINK  1 BEGIN

               DEALLOCATED  3.69E-01 MB MEMORY FROM ARRAY STF3


 *INFORMATION: AUTOSPC Summary, Stage 1 after identification of AUTOSPC's at the grid level                                                 

                                     AUTOSPC_RAT = 1.000000E-08

                       Number of DOF's identified for AUTOSPC in component  1         =            0
                       Number of DOF's identified for AUTOSPC in component  2         =            0
                       Number of DOF's identified for AUTOSPC in component  3         =            0
                       Number of DOF's identified for AUTOSPC in component  4         =            0
                       Number of DOF's identified for AUTOSPC in component  5         =            0
                       Number of DOF's identified for AUTOSPC in component  6         =           60
                                                                                        ------------
                       Total number of DOF's identified in this stage                 =           60

               DEALLOCATED  1.51E-03 MB MEMORY FROM ARRAY STFKEY
               DEALLOCATED  3.69E-01 MB MEMORY FROM ARRAY STF3

 >> LINK  1 END


 >> LINK  2 BEGIN



 *INFORMATION: AUTOSPC Summary, Overall: after identification of all AUTOSPC's                                                               

                                     AUTOSPC_RAT = 1.000000E-08

                       Number of DOF's identified for AUTOSPC in component  1         =            0
                       Number of DOF's identified for AUTOSPC in component  2         =            0
                       Number of DOF's identified for AUTOSPC in component  3         =            0
                       Number of DOF's identified for AUTOSPC in component  4         =            0
                       Number of DOF's identified for AUTOSPC in component  5         =            0
                       Number of DOF's identified for AUTOSPC in component  6         =           60
                                                                                        ------------
                       Total number of DOF's identified overall                       =           60


 >> LINK  2 END


 >> LINK  3 BEGIN

 SUPERLU FACTORIZATION OF MATRIX KLL SUCCEEDED IN SUBR SYM_MAT_DECOMP_SUPRLU          

 *INFORMATION: FOR INTERNAL SUBCASE NUMBER        1 EPSILON ERROR ESTIMATE            = -1.731082E-12 Based on U'*(K*U - P)/(U'*P)

 *WARNING    : CANNOT CALCULATE EPSILON ERROR ESTIMATE FOR INTERNAL SUBCASE NUMBER        2
               THE DOT PRODUCT OF DISPL AND LOAD VECTORS                     =    0.000000E+00 CANNOT BE INVERTED.
               IT IS TOO SMALL COMPARED TO MACHINE SAFE MINIMUM (MACH_SFMIN) =    2.225074-308


 >> LINK  3 END


 >> LINK  5 BEGIN


 >> LINK  5 END


 >> LINK  9 BEGIN



 OUTPUT FOR SUBCASE        1

                                                       D I S P L A C E M E N T S
                                              (in global coordinate system at each grid)
           GRID     COORD      T1            T2            T3            R1            R2            R3
                     SYS
              1        0  0.0           0.0           0.0           0.0           0.0           0.0         
              2        0  2.921795E-06  3.915443E-05  0.0           0.0           0.0           0.0         
              3        0 -2.921795E-06  3.915443E-05  0.0           0.0           0.0           0.0         
              4        0  0.0           0.0           0.0           0.0           0.0           0.0         
              5        0  5.507133E-07  5.977757E-07  0.0           0.0           0.0           0.0         
              6        0 -5.507133E-07  5.977757E-07  0.0           0.0           0.0           0.0         
              7        0  1.048057E-06  2.228679E-06  0.0           0.0           0.0           0.0         
              8        0 -1.048057E-06  2.228679E-06  0.0           0.0           0.0           0.0         
              9        0  1.487177E-06  4.795101E-06  0.0           0.0           0.0           0.0         
             10        0 -1.487177E-06  4.795101E-06  0.0           0.0           0.0           0.0         
             11        0  1.867766E-06  8.181171E-06  0.0           0.0           0.0           0.0         
             12        0 -1.867766E-06  8.181171E-06  0.0           0.0           0.0           0.0         
             13        0  2.189803E-06  1.226986E-05  0.0           0.0           0.0           0.0         
             14        0 -2.189803E-06  1.226986E-05  0.0           0.0           0.0           0.0         
             15        0  2.453288E-06  1.694408E-05  0.0           0.0           0.0           0.0         
             16        0 -2.453288E-06  1.694408E-05  0.0           0.0           0.0           0.0         
             17        0  2.658221E-06  2.208671E-05  0.0           0.0           0.0           0.0         
             18        0 -2.658221E-06  2.208671E-05  0.0           0.0           0.0           0.0         
             19        0  2.804602E-06  2.758066E-05  0.0           0.0           0.0           0.0         
             20        0 -2.804602E-06  2.758066E-05  0.0           0.0           0.0           0.0         
             21        0  2.892436E-06  3.330883E-05  0.0           0.0           0.0           0.0         
             22        0 -2.892436E-06  3.330883E-05  0.0           0.0           0.0           0.0         
             23        0  2.914365E-06  3.622403E-05  0.0           0.0           0.0           0.0         
             24        0  3.078742E-19  3.915377E-05  0.0           0.0           0.0           0.0         
             25        0 -2.914365E-06  3.622403E-05  0.0           0.0           0.0           0.0         
             26        0  3.020513E-19  3.330440E-05  0.0           0.0           0.0           0.0         
             27        0  3.040479E-19  3.622200E-05  0.0           0.0           0.0           0.0         
             28        0  2.780482E-07  1.784090E-07  0.0           0.0           0.0           0.0         
             29        0  4.028015E-20  5.610340E-07  0.0           0.0           0.0           0.0         
             30        0 -2.780482E-07  1.784090E-07  0.0           0.0           0.0           0.0         
             31        0  0.0           0.0           0.0           0.0           0.0           0.0         
             32        0  1.882074E-20  1.256392E-07  0.0           0.0           0.0           0.0         
             33        0  8.064112E-07  1.289981E-06  0.0           0.0           0.0           0.0         
             34        0  8.157385E-20  2.193724E-06  0.0           0.0           0.0           0.0         
             35        0 -8.064112E-07  1.289981E-06  0.0           0.0           0.0           0.0         
             36        0  6.079758E-20  1.251954E-06  0.0           0.0           0.0           0.0         
             37        0  1.274918E-06  3.402179E-06  0.0           0.0           0.0           0.0         
             38        0  1.226958E-19  4.764372E-06  0.0           0.0           0.0           0.0         
             39        0 -1.274918E-06  3.402179E-06  0.0           0.0           0.0           0.0         
             40        0  1.023347E-19  3.369199E-06  0.0           0.0           0.0           0.0         
             41        0  1.684789E-06  6.392993E-06  0.0           0.0           0.0           0.0         
             42        0  1.626886E-19  8.154823E-06  0.0           0.0           0.0           0.0         
             43        0 -1.684789E-06  6.392993E-06  0.0           0.0           0.0           0.0         
             44        0  1.432897E-19  6.364446E-06  0.0           0.0           0.0           0.0         
             45        0  2.036103E-06  1.014501E-05  0.0           0.0           0.0           0.0         
             46        0  2.036080E-19  1.224791E-05  0.0           0.0           0.0           0.0         
             47        0 -2.036103E-06  1.014501E-05  0.0           0.0           0.0           0.0         
             48        0  1.831706E-19  1.012085E-05  0.0           0.0           0.0           0.0         
             49        0  2.328865E-06  1.454110E-05  0.0           0.0           0.0           0.0         
             50        0  2.388015E-19  1.692651E-05  0.0           0.0           0.0           0.0         
             51        0 -2.328865E-06  1.454110E-05  0.0           0.0           0.0           0.0         
             52        0  2.212109E-19  1.452134E-05  0.0           0.0           0.0           0.0         
             53        0  2.563074E-06  1.946416E-05  0.0           0.0           0.0           0.0         
             54        0  2.697681E-19  2.207354E-05  0.0           0.0           0.0           0.0         
             55        0 -2.563074E-06  1.946416E-05  0.0           0.0           0.0           0.0         
             56        0  2.544035E-19  1.944879E-05  0.0           0.0           0.0           0.0         
             57        0  2.738730E-06  2.479709E-05  0.0           0.0           0.0           0.0         
             58        0  2.911639E-19  2.757187E-05  0.0           0.0           0.0           0.0         
             59        0 -2.738730E-06  2.479709E-05  0.0           0.0           0.0           0.0         
             60        0  2.829097E-19  2.478611E-05  0.0           0.0           0.0           0.0         
             61        0  2.855834E-06  3.042277E-05  0.0           0.0           0.0           0.0         
             62        0 -2.855834E-06  3.042277E-05  0.0           0.0           0.0           0.0         
             63        0  3.000508E-19  3.041619E-05  0.0           0.0           0.0           0.0         
                         ------------- ------------- ------------- ------------- ------------- -------------
                MAX* :    2.921795E-06  3.915443E-05  0.0           0.0           0.0           0.0         
                MIN* :   -2.921795E-06  0.0           0.0           0.0           0.0           0.0         

                ABS* :    2.921795E-06  3.915443E-05  0.0           0.0           0.0           0.0         
                *for output set

                                                    SPC Force Summary on AUTOSPC'd DOF's
                                                 (in global coordinate system at each grid)
        For detailed information on the SPC forces for the AUTOSPC DOF's, set field 7 (AUTOSPC_SPCF) on the PARAM AUTOSPC entry to Y

                              T1             T2             T3             R1             R2             R3

 ABS AUTOSPC FORCES  :   0.000000E+00   0.000000E+00   0.000000E+00   0.000000E+00   0.000000E+00   0.000000E+00
 AUTOSPC FORCE TOTALS:   0.000000E+00   0.000000E+00   0.000000E+00   0.000000E+00   0.000000E+00   0.000000E+00
     (for output set)

 >> LINK  9 END

 >> LINK  1 BEGIN

               DEALLOCATED  3.69E-01 MB MEMORY FROM ARRAY STF3
               DEALLOCATED  1.51E-03 MB MEMORY FROM ARRAY STFKEY
               DEALLOCATED  3.69E-01 MB MEMORY FROM ARRAY STF3

 >> LINK  1 END


 >> LINK  2 BEGIN


 >> LINK  2 END


 >> LINK  4 BEGIN

 SUPERLU FACTORIZATION OF MATRIX KMSM SUCCEEDED IN SUBR SYM_MAT_DECOMP_SUPRLU          


                           E I G E N V A L U E   A N A L Y S I S   S U M M A R Y   (LANCZOS  Mode 2 DGB, Shift eigen =  1.00E+00)
                                                                      (SPARSE solution)

                                NUMBER OF EIGENVALUES EXTRACTED  . . . . . .         1

                                LARGEST OFF-DIAGONAL GENERALIZED MASS TERM     0.0E+00 (Vecs renormed to 1.0 for gen masses)

                                                                       . . .         1
                                          MODE PAIR . . . . . . . . . .
                                                                       . . .         1

                                NUMBER OF OFF DIAGONAL GENERALIZED MASS
                                TERMS FAILING CRITERION OF  1.0E-04. . . . .         0



                                            R E A L   E I G E N V A L U E S
                                           (subcase 1 buckling load factors)

                                         MODE  EXTRACTION      EIGENVALUE
                                        NUMBER   ORDER

                                             1       1        4.370199E+00



 >> LINK  4 END


 >> LINK  5 BEGIN


 >> LINK  5 END


 >> LINK  9 BEGIN



 OUTPUT FOR EIGENVECTOR        1

                                                         E I G E N V E C T O R
                                              (in global coordinate system at each grid)
           GRID     COORD      T1            T2            T3            R1            R2            R3
                     SYS
              1        0  0.0           0.0           0.0           0.0           0.0           0.0         
              2        0  1.129778E-17  2.120870E-16  7.937529E-01 -9.002415E-01 -1.401948E+00  0.0         
              3        0 -1.076900E-17  2.119593E-16  7.036354E-01 -9.021745E-01 -1.403356E+00  0.0         
              4        0  0.0           0.0           0.0           0.0           0.0           0.0         
              5        0  1.159574E-18 -2.566965E-18  9.951813E-03 -1.953566E-01 -1.284209E-01  0.0         
              6        0 -1.873283E-18  8.701429E-19 -1.050809E-02 -2.161446E-01  1.045697E-01  0.0         
              7        0  1.483317E-17  1.383594E-17  2.881088E-02 -4.258141E-01 -2.370341E-01  0.0         
              8        0 -1.047067E-17  1.768499E-17 -1.617952E-02 -4.778887E-01 -3.931718E-02  0.0         
              9        0  1.491424E-17  4.002088E-17  6.209119E-02 -6.118627E-01 -4.159198E-01  0.0         
             10        0 -1.236571E-17  4.284942E-17 -2.308428E-03 -6.805686E-01 -2.702714E-01  0.0         
             11        0  1.367745E-17  6.635407E-17  1.148937E-01 -7.437983E-01 -6.278109E-01  0.0         
             12        0 -1.178374E-17  6.731022E-17  3.708319E-02 -8.163759E-01 -5.343748E-01  0.0         
             13        0  1.188817E-17  9.543483E-17  1.888865E-01 -8.258749E-01 -8.409487E-01  0.0         
             14        0 -1.312206E-17  9.750741E-17  1.030847E-01 -8.931434E-01 -7.904213E-01  0.0         
             15        0  1.430082E-17  1.227198E-16  2.830601E-01 -8.694971E-01 -1.032914E+00  0.0         
             16        0 -1.252203E-17  1.203953E-16  1.933828E-01 -9.259411E-01 -1.012313E+00  0.0         
             17        0  1.082183E-17  1.427110E-16  3.946346E-01 -8.881188E-01 -1.190220E+00  0.0         
             18        0 -1.054671E-17  1.425217E-16  3.037215E-01 -9.310793E-01 -1.186841E+00  0.0         
             19        0  1.187302E-17  1.666350E-16  5.198285E-01 -8.939852E-01 -1.306020E+00  0.0         
             20        0 -1.141791E-17  1.658577E-16  4.290108E-01 -9.225945E-01 -1.309582E+00  0.0         
             21        0  1.154608E-17  1.898760E-16  6.543744E-01 -8.964303E-01 -1.377341E+00  0.0         
             22        0 -1.168683E-17  1.897311E-16  5.640072E-01 -9.107184E-01 -1.380871E+00  0.0         
             23        0  1.161307E-17  2.010364E-16  7.237546E-01 -8.981583E-01 -1.395842E+00  0.0         
             24        0  2.330966E-19  2.120094E-16  7.487291E-01 -9.012946E-01 -1.402275E+00  0.0         
             25        0 -1.076782E-17  2.008167E-16  6.335478E-01 -9.056903E-01 -1.397914E+00  0.0         
             26        0  2.097101E-19  1.897355E-16  6.093697E-01 -9.037272E-01 -1.378036E+00  0.0         
             27        0  1.989467E-19  2.010237E-16  6.787459E-01 -9.021344E-01 -1.395866E+00  0.0         
             28        0  2.920638E-18  1.710659E-18  3.590581E-03 -6.955103E-02 -1.004081E-01  0.0         
             29        0  6.534495E-19 -8.033833E-19 -1.985808E-05 -2.047455E-01 -1.499370E-02  0.0         
             30        0 -1.559511E-18 -2.161520E-18 -4.031279E-03 -7.090029E-02  1.142422E-01  0.0         
             31        0  0.0           0.0           0.0           0.0           0.0           0.0         
             32        0  5.026206E-19 -6.068799E-19 -1.978580E-04 -7.440176E-02  5.300348E-03  0.0         
             33        0  6.558313E-18  4.042010E-18  1.804417E-02 -3.146565E-01 -1.715736E-01  0.0         
             34        0  4.597793E-20  1.469627E-17  6.964434E-03 -4.489584E-01 -1.400146E-01  0.0         
             35        0 -5.553298E-18  1.567672E-18 -1.519142E-02 -3.529259E-01  4.706646E-02  0.0         
             36        0  7.113849E-19  2.366138E-18  1.901046E-03 -3.314541E-01 -6.464715E-02  0.0         
             37        0  1.243938E-17  3.159433E-17  4.324360E-02 -5.254150E-01 -3.200535E-01  0.0         
             38        0  6.920756E-19  4.217825E-17  3.074852E-02 -6.428895E-01 -3.438481E-01  0.0         
             39        0 -1.488465E-17  2.631945E-17 -1.219038E-02 -5.875795E-01 -1.475159E-01  0.0         
             40        0  7.100177E-19  2.875199E-17  1.630151E-02 -5.532523E-01 -2.350594E-01  0.0         
             41        0  1.431270E-17  5.859341E-17  8.587453E-02 -6.845678E-01 -5.199272E-01  0.0         
             42        0  2.791886E-19  6.855739E-17  7.689459E-02 -7.771196E-01 -5.809924E-01  0.0         
             43        0 -1.394154E-17  5.813179E-17  1.403100E-02 -7.565988E-01 -4.011101E-01  0.0         
             44        0  5.428223E-19  5.703239E-17  5.085178E-02 -7.173652E-01 -4.608087E-01  0.0         
             45        0  1.337573E-17  8.546188E-17  1.492524E-01 -7.904551E-01 -7.358528E-01  0.0         
             46        0  2.230049E-19  9.683961E-17  1.468259E-01 -8.572805E-01 -8.150252E-01  0.0         
             47        0 -1.259958E-17  8.372773E-17  6.684086E-02 -8.612845E-01 -6.653799E-01  0.0         
             48        0  2.972779E-19  8.360489E-17  1.089312E-01 -8.232460E-01 -7.002003E-01  0.0         
             49        0  1.207673E-17  1.084647E-16  2.335931E-01 -8.516528E-01 -9.406082E-01  0.0         
             50        0 -6.569634E-20  1.218755E-16  2.389268E-01 -8.963079E-01 -1.021651E+00  0.0         
             51        0 -1.246922E-17  1.093568E-16  1.454322E-01 -9.139956E-01 -9.067194E-01  0.0         
             52        0 -3.365332E-19  1.086842E-16  1.902916E-01 -8.810084E-01 -9.228253E-01  0.0         
             53        0  9.535455E-18  1.330996E-16  3.368925E-01 -8.811133E-01 -1.116450E+00  0.0         
             54        0  7.354366E-20  1.425213E-16  3.497151E-01 -9.089033E-01 -1.187445E+00  0.0         
             55        0 -1.047414E-17  1.338986E-16  2.463556E-01 -9.310112E-01 -1.105929E+00  0.0         
             56        0  3.829368E-19  1.335181E-16  2.922477E-01 -9.050286E-01 -1.110149E+00  0.0         
             57        0  1.163681E-17  1.531568E-16  4.557887E-01 -8.919827E-01 -1.253554E+00  0.0         
             58        0  3.369137E-19  1.657504E-16  4.747773E-01 -9.081239E-01 -1.306692E+00  0.0         
             59        0 -1.101942E-17  1.534742E-16  3.648267E-01 -9.278036E-01 -1.254734E+00  0.0         
             60        0  1.606587E-19  1.535660E-16  4.107555E-01 -9.094879E-01 -1.253038E+00  0.0         
             61        0  1.267504E-17  1.767263E-16  5.862095E-01 -8.951927E-01 -1.347348E+00  0.0         
             62        0 -1.183325E-17  1.775141E-16  4.956188E-01 -9.166009E-01 -1.351545E+00  0.0         
             63        0  2.237606E-19  1.774455E-16  5.411818E-01 -9.059159E-01 -1.348342E+00  0.0         
                         ------------- ------------- ------------- ------------- ------------- -------------
                MAX* :    1.491424E-17  2.120870E-16  7.937529E-01  0.0           1.142422E-01  0.0         
                MIN* :   -1.488465E-17 -2.566965E-18 -1.617952E-02 -9.310793E-01 -1.403356E+00  0.0         

                ABS* :    1.491424E-17  2.120870E-16  7.937529E-01  9.310793E-01  1.403356E+00  0.0         
                *for output set

                                                    SPC Force Summary on AUTOSPC'd DOF's
                                                 (in global coordinate system at each grid)
        For detailed information on the SPC forces for the AUTOSPC DOF's, set field 7 (AUTOSPC_SPCF) on the PARAM AUTOSPC entry to Y

                              T1             T2             T3             R1             R2             R3

 ABS AUTOSPC FORCES  :   0.000000E+00   0.000000E+00   0.000000E+00   0.000000E+00   0.000000E+00   0.000000E+00
 AUTOSPC FORCE TOTALS:   0.000000E+00   0.000000E+00   0.000000E+00   0.000000E+00   0.000000E+00   0.000000E+00
     (for output set)

 >> LINK  9 END

    Total CPU time =  9.38E-02 seconds

 >> MYSTRAN END    :  6/ 4/2026 at 11:54:49.933
