   627193300

 MYSTRAN Version 18.0.0   APR 20 2026 MYSTRAN developed by Dr Bill Case
*** Please report any problems to mystransolver@gmail.com ***                                                                                                                                                                                                   

 >> MYSTRAN BEGIN  :  6/27/2026 at 19:33: 0.215 The input file is C:\Users\victo\Documents\Git\MYSTRAN_Validation\working\NAS B30 quad4 thin_2.bdf                                                                                                                                                                                


 >> LINK  0 BEGIN


SOL 105                                                                                                                                                                                                                                                         
CEND                                                                                                                                                                                                                                                            
DISPLACEMENT = ALL                                                                                                                                                                                                                                              
SPC = 1                                                                                                                                                                                                                                                         
SUBCASE 1                                                                                                                                                                                                                                                       
LOAD = 1                                                                                                                                                                                                                                                        
SUBCASE 2                                                                                                                                                                                                                                                       
METHOD = 1                                                                                                                                                                                                                                                      
BEGIN BULK                                                                                                                                                                                                                                                      
ECHO: loadb GRID*                  1               0-4.53153893518-2 -2.1130913087-2*                                                                                                                                                                                       
ECHO: loadb *                  0.0+0               0                                                                                                                                                                                                                        
ECHO: loadb GRID*                  2               0 -1.5138140653-1 8.49351040909-2*                                                                                                                                                                                       
ECHO: loadb *                  0.0+0               0                                                                                                                                                                                                                        
ECHO: loadb GRID*                  3               0   -1.33703737-1 6.72574345613-2*                                                                                                                                                                                       
ECHO: loadb *                  0.0+0               0                                                                                                                                                                                                                        
ECHO: loadb GRID*                  4               0-1.44310338718-1 9.20061719028-2*                                                                                                                                                                                       
ECHO: loadb *                  0.0+0               0                                                                                                                                                                                                                        
ECHO: loadb GRID*                  5               0-8.06707284112-2 1.42244259723-2*                                                                                                                                                                                       
ECHO: loadb *                  0.0+0               0                                                                                                                                                                                                                        
ECHO: loadb GRID*                  6               0-9.83483979408-2  3.1902095502-2*                                                                                                                                                                                       
ECHO: loadb *                  0.0+0               0                                                                                                                                                                                                                        
ECHO: loadb GRID*                  7               0  -3.824432154-2-1.40598452752-2*                                                                                                                                                                                       
ECHO: loadb *                  0.0+0               0                                                                                                                                                                                                                        
ECHO: loadb GRID*                  8               0-1.79665677777-1 1.27361510962-1*                                                                                                                                                                                       
ECHO: loadb *                  0.0+0               0                                                                                                                                                                                                                        
ECHO: loadb GRID*                  9               0 -9.1277330129-2 3.89731633138-2*                                                                                                                                                                                       
ECHO: loadb *                  0.0+0               0                                                                                                                                                                                                                        
ECHO: loadb GRID*                 10               0-1.69059076059-1 1.02612773621-1*                                                                                                                                                                                       
ECHO: loadb *                  0.0+0               0                                                                                                                                                                                                                        
ECHO: loadb GRID*                 11               0-1.61988008248-1 1.09683841432-1*                                                                                                                                                                                       
ECHO: loadb *                  0.0+0               0                                                                                                                                                                                                                        
ECHO: loadb GRID*                 12               0 -1.1602606747-1 4.95797650316-2*                                                                                                                                                                                       
ECHO: loadb *                  0.0+0               0                                                                                                                                                                                                                        
ECHO: loadb GRID*                 13               0-7.35996605993-2 2.12954937842-2*                                                                                                                                                                                       
ECHO: loadb *                  0.0+0               0                                                                                                                                                                                                                        
ECHO: loadb GRID*                 14               0-5.59219910696-2 3.61782425449-3*                                                                                                                                                                                       
ECHO: loadb *                  0.0+0               0                                                                                                                                                                                                                        
ECHO: loadb GRID*                 15               0-1.08954999659-1 5.66508328435-2*                                                                                                                                                                                       
ECHO: loadb *                  0.0+0               0                                                                                                                                                                                                                        
ECHO: loadb GRID*                 16               0-6.29930588815-2-3.45324355737-3*                                                                                                                                                                                       
ECHO: loadb *                  0.0+0               0                                                                                                                                                                                                                        
ECHO: loadb GRID*                 17               0-1.86736745589-1  1.2029044315-1*                                                                                                                                                                                       
ECHO: loadb *                  0.0+0               0                                                                                                                                                                                                                        
ECHO: loadb GRID*                 18               0-1.26632669188-1 7.43285023731-2*                                                                                                                                                                                       
ECHO: loadb *                  0.0+0               0                                                                                                                                                                                                                        
ECHO: loadb GRID*                 19               0 4.69846310393-2-1.71010071663-2*                                                                                                                                                                                       
ECHO: loadb *                  0.0+0               0                                                                                                                                                                                                                        
ECHO: loadb GRID*                 20               0 4.69846310393-2 5.78989928337-2*                                                                                                                                                                                       
ECHO: loadb *                  0.0+0               0                                                                                                                                                                                                                        
ECHO: loadb GRID*                 21               0 4.69846310393-2 8.28989928337-2*                                                                                                                                                                                       
ECHO: loadb *                  0.0+0               0                                                                                                                                                                                                                        
ECHO: loadb GRID*                 22               0 4.69846310393-2 1.82898992834-1*                                                                                                                                                                                       
ECHO: loadb *                  0.0+0               0                                                                                                                                                                                                                        
ECHO: loadb GRID*                 23               0 5.69846310393-2 5.78989928337-2*                                                                                                                                                                                       
ECHO: loadb *                  0.0+0               0                                                                                                                                                                                                                        
ECHO: loadb GRID*                 24               0 4.69846310393-2 7.89899283372-3*                                                                                                                                                                                       
ECHO: loadb *                  0.0+0               0                                                                                                                                                                                                                        
ECHO: loadb GRID*                 25               0 4.69846310393-2 1.32898992834-1*                                                                                                                                                                                       
ECHO: loadb *                  0.0+0               0                                                                                                                                                                                                                        
ECHO: loadb GRID*                 26               0 4.69846310393-2 1.07898992834-1*                                                                                                                                                                                       
ECHO: loadb *                  0.0+0               0                                                                                                                                                                                                                        
ECHO: loadb GRID*                 27               0 4.69846310393-2 3.28989928337-2*                                                                                                                                                                                       
ECHO: loadb *                  0.0+0               0                                                                                                                                                                                                                        
ECHO: loadb GRID*                 28               0 5.69846310393-2 1.07898992834-1*                                                                                                                                                                                       
ECHO: loadb *                  0.0+0               0                                                                                                                                                                                                                        
ECHO: loadb GRID*                 29               0 5.69846310393-2 1.32898992834-1*                                                                                                                                                                                       
ECHO: loadb *                  0.0+0               0                                                                                                                                                                                                                        
ECHO: loadb GRID*                 30               0 5.69846310393-2-1.71010071663-2*                                                                                                                                                                                       
ECHO: loadb *                  0.0+0               0                                                                                                                                                                                                                        
ECHO: loadb GRID*                 31               0 5.69846310393-2 1.82898992834-1*                                                                                                                                                                                       
ECHO: loadb *                  0.0+0               0                                                                                                                                                                                                                        
ECHO: loadb GRID*                 32               0 4.69846310393-2 1.57898992834-1*                                                                                                                                                                                       
ECHO: loadb *                  0.0+0               0                                                                                                                                                                                                                        
ECHO: loadb GRID*                 33               0 5.69846310393-2 1.57898992834-1*                                                                                                                                                                                       
ECHO: loadb *                  0.0+0               0                                                                                                                                                                                                                        
ECHO: loadb GRID*                 34               0 5.69846310393-2 3.28989928337-2*                                                                                                                                                                                       
ECHO: loadb *                  0.0+0               0                                                                                                                                                                                                                        
ECHO: loadb GRID*                 35               0 5.69846310393-2 7.89899283372-3*                                                                                                                                                                                       
ECHO: loadb *                  0.0+0               0                                                                                                                                                                                                                        
ECHO: loadb GRID*                 36               0 5.69846310393-2 8.28989928337-2*                                                                                                                                                                                       
ECHO: loadb *                  0.0+0               0                                                                                                                                                                                                                        
ECHO: loadb PARAM   QUAD4TYP   MIN4T                                                                                                                                                                                                                                        
ECHO: loadb PARAM    STR_CID      -2                                                                                                                                                                                                                                        
ECHO: loadb MAT1           1  5.0+10  2.5+10   0.0+0   0.0+0   6.0-4   0.0+0                                                                                                                                                                                                
ECHO: loadb SPC            1       1       1   0.0+0                                                                                                                                                                                                                        
ECHO: loadb SPC            1       1       2   0.0+0                                                                                                                                                                                                                        
ECHO: loadb SPC            1       1       3   0.0+0                                                                                                                                                                                                                        
ECHO: loadb SPC            1       1       4   0.0+0                                                                                                                                                                                                                        
ECHO: loadb SPC            1       1       5   0.0+0                                                                                                                                                                                                                        
ECHO: loadb SPC            1       1       6   0.0+0                                                                                                                                                                                                                        
ECHO: loadb SPC            1       7       1   0.0+0                                                                                                                                                                                                                        
ECHO: loadb SPC            1       7       2   0.0+0                                                                                                                                                                                                                        
ECHO: loadb SPC            1       7       3   0.0+0                                                                                                                                                                                                                        
ECHO: loadb SPC            1       7       4   0.0+0                                                                                                                                                                                                                        
ECHO: loadb SPC            1       7       5   0.0+0                                                                                                                                                                                                                        
ECHO: loadb SPC            1       7       6   0.0+0                                                                                                                                                                                                                        
ECHO: loadb SPC            1      19       1   0.0+0                                                                                                                                                                                                                        
ECHO: loadb SPC            1      19       2   0.0+0                                                                                                                                                                                                                        
ECHO: loadb SPC            1      19       3   0.0+0                                                                                                                                                                                                                        
ECHO: loadb SPC            1      19       4   0.0+0                                                                                                                                                                                                                        
ECHO: loadb SPC            1      19       5   0.0+0                                                                                                                                                                                                                        
ECHO: loadb SPC            1      19       6   0.0+0                                                                                                                                                                                                                        
ECHO: loadb SPC            1      30       1   0.0+0                                                                                                                                                                                                                        
ECHO: loadb SPC            1      30       2   0.0+0                                                                                                                                                                                                                        
ECHO: loadb SPC            1      30       3   0.0+0                                                                                                                                                                                                                        
ECHO: loadb SPC            1      30       4   0.0+0                                                                                                                                                                                                                        
ECHO: loadb SPC            1      30       5   0.0+0                                                                                                                                                                                                                        
ECHO: loadb SPC            1      30       6   0.0+0                                                                                                                                                                                                                        
ECHO: loadb PSHELL         1       1   1.0-5       1               1           0.0+0                                                                                                                                                                                        
ECHO: loadb CQUAD4         1       1      14       7       1      16   0.0+0   0.0+0                                                                                                                                                                                        
ECHO: loadb CQUAD4         2       1      12      15      18       3   0.0+0   0.0+0                                                                                                                                                                                        
ECHO: loadb CQUAD4         3       1       2       4      11      10   0.0+0   0.0+0                                                                                                                                                                                        
ECHO: loadb CQUAD4         4       1       9      13       5       6   0.0+0   0.0+0                                                                                                                                                                                        
ECHO: loadb CQUAD4         5       1       3      18       4       2   0.0+0   0.0+0                                                                                                                                                                                        
ECHO: loadb CQUAD4         6       1      15       9       6      12   0.0+0   0.0+0                                                                                                                                                                                        
ECHO: loadb CQUAD4         7       1      13      14      16       5   0.0+0   0.0+0                                                                                                                                                                                        
ECHO: loadb CQUAD4         8       1      10      11       8      17   0.0+0   0.0+0                                                                                                                                                                                        
ECHO: loadb CQUAD4         9       1      30      35      24      19   0.0+0   0.0+0                                                                                                                                                                                        
ECHO: loadb CQUAD4        10       1      34      23      20      27   0.0+0   0.0+0                                                                                                                                                                                        
ECHO: loadb CQUAD4        11       1      21      36      28      26   0.0+0   0.0+0                                                                                                                                                                                        
ECHO: loadb CQUAD4        12       1      35      34      27      24   0.0+0   0.0+0                                                                                                                                                                                        
ECHO: loadb CQUAD4        13       1      25      29      33      32   0.0+0   0.0+0                                                                                                                                                                                        
ECHO: loadb CQUAD4        14       1      26      28      29      25   0.0+0   0.0+0                                                                                                                                                                                        
ECHO: loadb CQUAD4        15       1      23      36      21      20   0.0+0   0.0+0                                                                                                                                                                                        
ECHO: loadb CQUAD4        16       1      32      33      31      22   0.0+0   0.0+0                                                                                                                                                                                        
ECHO: loadb FORCE          2      31       0   1.0+0   0.0+0  -5.0-1   0.0+0                                                                                                                                                                                                
ECHO: loadb FORCE          2      22       0   1.0+0   0.0+0  -5.0-1   0.0+0                                                                                                                                                                                                
ECHO: loadb FORCE*                 2               8               0           1.0+0*                                                                                                                                                                                       
ECHO: loadb *        3.53553390593-1-3.53553390593-1           0.0+0                                                                                                                                                                                                        
ECHO: loadb FORCE*                 2              17               0           1.0+0*                                                                                                                                                                                       
ECHO: loadb *        3.53553390593-1-3.53553390593-1           0.0+0                                                                                                                                                                                                        
ECHO: loadb EIGRL          1                       2       0           1.0-6    MASS                                                                                                                                                                                        
ECHO: loadb LOAD           1   1.0+0   1.0+0       2                                                                                                                                                                                                                        
ECHO: loadb ENDDATA                                                                                                                                                                                                                                                         





 >> LINK  0 END


 >> LINK  1 BEGIN

               DEALLOCATED  1.47E-01 MB MEMORY FROM ARRAY STF3


 *INFORMATION: AUTOSPC Summary, Stage 1 after identification of AUTOSPC's at the grid level                                                 

                                     AUTOSPC_RAT = 1.000000E-08

                       Number of DOF's identified for AUTOSPC in component  1         =            0
                       Number of DOF's identified for AUTOSPC in component  2         =            0
                       Number of DOF's identified for AUTOSPC in component  3         =            0
                       Number of DOF's identified for AUTOSPC in component  4         =            0
                       Number of DOF's identified for AUTOSPC in component  5         =            0
                       Number of DOF's identified for AUTOSPC in component  6         =           32
                                                                                        ------------
                       Total number of DOF's identified in this stage                 =           32

               DEALLOCATED  8.64E-04 MB MEMORY FROM ARRAY STFKEY
               DEALLOCATED  1.47E-01 MB MEMORY FROM ARRAY STF3

 >> LINK  1 END


 >> LINK  2 BEGIN



 *INFORMATION: AUTOSPC Summary, Overall: after identification of all AUTOSPC's                                                               

                                     AUTOSPC_RAT = 1.000000E-08

                       Number of DOF's identified for AUTOSPC in component  1         =            0
                       Number of DOF's identified for AUTOSPC in component  2         =            0
                       Number of DOF's identified for AUTOSPC in component  3         =            0
                       Number of DOF's identified for AUTOSPC in component  4         =            0
                       Number of DOF's identified for AUTOSPC in component  5         =            0
                       Number of DOF's identified for AUTOSPC in component  6         =           32
                                                                                        ------------
                       Total number of DOF's identified overall                       =           32


 >> LINK  2 END


 >> LINK  3 BEGIN

 SUPERLU FACTORIZATION OF MATRIX KLL SUCCEEDED IN SUBR SYM_MAT_DECOMP_SUPRLU          

 *INFORMATION: FOR INTERNAL SUBCASE NUMBER        1 EPSILON ERROR ESTIMATE            =  1.514354E-15 Based on U'*(K*U - P)/(U'*P)

 *WARNING    : CANNOT CALCULATE EPSILON ERROR ESTIMATE FOR INTERNAL SUBCASE NUMBER        2
               THE DOT PRODUCT OF DISPL AND LOAD VECTORS                     =    0.000000E+00 CANNOT BE INVERTED.
               IT IS TOO SMALL COMPARED TO MACHINE SAFE MINIMUM (MACH_SFMIN) =    2.225074-308


 >> LINK  3 END


 >> LINK  5 BEGIN


 >> LINK  5 END


 >> LINK  9 BEGIN



 OUTPUT FOR SUBCASE        1

                                                       D I S P L A C E M E N T S
                                              (in global coordinate system at each grid)
           GRID     COORD      T1            T2            T3            R1            R2            R3
                     SYS
              1        0  0.0           0.0           0.0           0.0           0.0           0.0         
              2        0  2.121320E-05 -2.121320E-05  0.0           0.0           0.0           0.0         
              3        0  1.767767E-05 -1.767767E-05  0.0           0.0           0.0           0.0         
              4        0  2.121320E-05 -2.121320E-05  0.0           0.0           0.0           0.0         
              5        0  7.071068E-06 -7.071068E-06  0.0           0.0           0.0           0.0         
              6        0  1.060660E-05 -1.060660E-05  0.0           0.0           0.0           0.0         
              7        0  0.0           0.0           0.0           0.0           0.0           0.0         
              8        0  2.828427E-05 -2.828427E-05  0.0           0.0           0.0           0.0         
              9        0  1.060660E-05 -1.060660E-05  0.0           0.0           0.0           0.0         
             10        0  2.474874E-05 -2.474874E-05  0.0           0.0           0.0           0.0         
             11        0  2.474874E-05 -2.474874E-05  0.0           0.0           0.0           0.0         
             12        0  1.414214E-05 -1.414214E-05  0.0           0.0           0.0           0.0         
             13        0  7.071068E-06 -7.071068E-06  0.0           0.0           0.0           0.0         
             14        0  3.535534E-06 -3.535534E-06  0.0           0.0           0.0           0.0         
             15        0  1.414214E-05 -1.414214E-05  0.0           0.0           0.0           0.0         
             16        0  3.535534E-06 -3.535534E-06  0.0           0.0           0.0           0.0         
             17        0  2.828427E-05 -2.828427E-05  0.0           0.0           0.0           0.0         
             18        0  1.767767E-05 -1.767767E-05  0.0           0.0           0.0           0.0         
             19        0  0.0           0.0           0.0           0.0           0.0           0.0         
             20        0 -2.687297E-17 -1.500000E-05  0.0           0.0           0.0           0.0         
             21        0 -4.649790E-17 -2.000000E-05  0.0           0.0           0.0           0.0         
             22        0 -1.542960E-16 -4.000000E-05  0.0           0.0           0.0           0.0         
             23        0 -2.687191E-17 -1.500000E-05  0.0           0.0           0.0           0.0         
             24        0 -3.115675E-18 -5.000000E-06  0.0           0.0           0.0           0.0         
             25        0 -9.693816E-17 -3.000000E-05  0.0           0.0           0.0           0.0         
             26        0 -7.019928E-17 -2.500000E-05  0.0           0.0           0.0           0.0         
             27        0 -1.221921E-17 -1.000000E-05  0.0           0.0           0.0           0.0         
             28        0 -7.019929E-17 -2.500000E-05  0.0           0.0           0.0           0.0         
             29        0 -9.693607E-17 -3.000000E-05  0.0           0.0           0.0           0.0         
             30        0  0.0           0.0           0.0           0.0           0.0           0.0         
             31        0 -1.542940E-16 -4.000000E-05  0.0           0.0           0.0           0.0         
             32        0 -1.253667E-16 -3.500000E-05  0.0           0.0           0.0           0.0         
             33        0 -1.253691E-16 -3.500000E-05  0.0           0.0           0.0           0.0         
             34        0 -1.221932E-17 -1.000000E-05  0.0           0.0           0.0           0.0         
             35        0 -3.115752E-18 -5.000000E-06  0.0           0.0           0.0           0.0         
             36        0 -4.649893E-17 -2.000000E-05  0.0           0.0           0.0           0.0         
                         ------------- ------------- ------------- ------------- ------------- -------------
                MAX* :    2.828427E-05  0.0           0.0           0.0           0.0           0.0         
                MIN* :   -1.542960E-16 -4.000000E-05  0.0           0.0           0.0           0.0         

                ABS* :    2.828427E-05  4.000000E-05  0.0           0.0           0.0           0.0         
                *for output set

                                                    SPC Force Summary on AUTOSPC'd DOF's
                                                 (in global coordinate system at each grid)
        For detailed information on the SPC forces for the AUTOSPC DOF's, set field 7 (AUTOSPC_SPCF) on the PARAM AUTOSPC entry to Y

                              T1             T2             T3             R1             R2             R3

 ABS AUTOSPC FORCES  :   0.000000E+00   0.000000E+00   0.000000E+00   0.000000E+00   0.000000E+00   0.000000E+00
 AUTOSPC FORCE TOTALS:   0.000000E+00   0.000000E+00   0.000000E+00   0.000000E+00   0.000000E+00   0.000000E+00
     (for output set)

 >> LINK  9 END

 >> LINK  1 BEGIN

               DEALLOCATED  1.47E-01 MB MEMORY FROM ARRAY STF3
               DEALLOCATED  8.64E-04 MB MEMORY FROM ARRAY STFKEY
               DEALLOCATED  1.47E-01 MB MEMORY FROM ARRAY STF3

 >> LINK  1 END


 >> LINK  2 BEGIN

 *INFORMATION: MAX DIAGONAL TERM IN THE KGGD MATRIX IS =  0.00E+00 WHICH IS TOO SMALL FOR CALCULATION OF MATRIX STATS
               IN SUBR GET_MATRIX_DIAG_STATS          
 *INFORMATION: MAX DIAGONAL TERM IN THE KNND MATRIX IS =  0.00E+00 WHICH IS TOO SMALL FOR CALCULATION OF MATRIX STATS
               IN SUBR GET_MATRIX_DIAG_STATS          
 *INFORMATION: MAX DIAGONAL TERM IN THE KAAD MATRIX IS =  0.00E+00 WHICH IS TOO SMALL FOR CALCULATION OF MATRIX STATS
               IN SUBR GET_MATRIX_DIAG_STATS          
 *INFORMATION: MAX DIAGONAL TERM IN THE KLLD MATRIX IS =  0.00E+00 WHICH IS TOO SMALL FOR CALCULATION OF MATRIX STATS
               IN SUBR GET_MATRIX_DIAG_STATS          

 >> LINK  2 END


 >> LINK  4 BEGIN

 SUPERLU FACTORIZATION OF MATRIX KMSM SUCCEEDED IN SUBR SYM_MAT_DECOMP_SUPRLU          

 OUTPUT FOR SUBCASE        2


                           E I G E N V A L U E   A N A L Y S I S   S U M M A R Y   (LANCZOS  Mode 2 DGB, Shift eigen =  1.00E-06)
                                                                      (SPARSE solution)

                                NUMBER OF EIGENVALUES EXTRACTED  . . . . . .         2

                                LARGEST OFF-DIAGONAL GENERALIZED MASS TERM     1.4E-18 (Vecs renormed to 1.0 for gen masses)

                                                                       . . .         2
                                          MODE PAIR . . . . . . . . . .
                                                                       . . .         1

                                NUMBER OF OFF DIAGONAL GENERALIZED MASS
                                TERMS FAILING CRITERION OF  1.0E-04. . . . .         0



 OUTPUT FOR SUBCASE        2


                                            R E A L   E I G E N V A L U E S
                                      (subcase       2 buckling load factors)

                                         MODE  EXTRACTION      EIGENVALUE
                                        NUMBER   ORDER

                                             1       1        2.584512E-06
                                             2       2        2.584512E-06



 >> LINK  4 END


 >> LINK  5 BEGIN


 >> LINK  5 END


 >> LINK  9 BEGIN



 OUTPUT FOR SUBCASE        2
 OUTPUT FOR EIGENVECTOR        1

                                                         E I G E N V E C T O R
                                              (in global coordinate system at each grid)
           GRID     COORD      T1            T2            T3            R1            R2            R3
                     SYS
              1        0  0.0           0.0           0.0           0.0           0.0           0.0         
              2        0 -4.943205E-20 -5.633904E-20  2.352637E-01  1.959980E+00  1.959968E+00  0.0         
              3        0 -3.110684E-20 -3.852169E-20  1.693753E-01  1.763950E+00  1.763910E+00  0.0         
              4        0 -5.635870E-20 -4.941921E-20  2.352637E-01  1.959968E+00  1.959980E+00  0.0         
              5        0 -3.940810E-21 -5.524500E-21  2.900998E-02  8.118782E-01  8.118164E-01  0.0         
              6        0 -8.596896E-21 -1.145339E-20  6.422806E-02  1.178648E+00  1.178591E+00  0.0         
              7        0  0.0           0.0           0.0           0.0           0.0           0.0         
              8        0 -8.540640E-20 -7.988283E-20  3.811080E-01  2.121909E+00  2.121015E+00  0.0         
              9        0 -1.122962E-20 -8.829469E-21  6.422806E-02  1.178591E+00  1.178648E+00  0.0         
             10        0 -6.576888E-20 -7.158241E-20  3.067567E-01  2.080762E+00  2.080634E+00  0.0         
             11        0 -7.154910E-20 -6.582119E-20  3.067567E-01  2.080634E+00  2.080762E+00  0.0         
             12        0 -1.694017E-20 -2.170853E-20  1.116236E-01  1.500123E+00  1.500075E+00  0.0         
             13        0 -5.633316E-21 -3.830344E-21  2.900998E-02  8.118164E-01  8.118782E-01  0.0         
             14        0 -1.710716E-21 -8.133458E-22  7.322793E-03  4.138384E-01  4.139139E-01  0.0         
             15        0 -2.182579E-20 -1.681560E-20  1.116236E-01  1.500075E+00  1.500123E+00  0.0         
             16        0 -6.885190E-22 -1.829630E-21  7.322793E-03  4.139139E-01  4.138384E-01  0.0         
             17        0 -7.996588E-20 -8.531995E-20  3.811080E-01  2.121015E+00  2.121909E+00  0.0         
             18        0 -3.850292E-20 -3.111837E-20  1.693753E-01  1.763910E+00  1.763950E+00  0.0         
             19        0  0.0           0.0           0.0           0.0           0.0           0.0         
             20        0 -3.921573E-20 -4.029235E-21  2.222557E-02  5.767888E-01 -1.389547E-05  0.0         
             21        0 -6.052317E-20 -4.379044E-21  3.862640E-02  7.341131E-01 -1.171915E-05  0.0         
             22        0 -1.474669E-19 -6.027401E-21  1.318792E-01  1.038194E+00  2.186337E-04  0.0         
             23        0 -3.921143E-20  3.976617E-21  2.222557E-02  5.767888E-01  1.389548E-05  0.0         
             24        0 -5.234921E-21 -2.173684E-21  2.533990E-03  2.025413E-01 -1.846673E-05  0.0         
             25        0 -9.758708E-20 -3.659197E-21  8.141100E-02  9.591653E-01 -2.818665E-06  0.0         
             26        0 -8.036816E-20 -3.443868E-21  5.861087E-02  8.632258E-01 -9.710958E-06  0.0         
             27        0 -2.033308E-20 -3.635629E-21  1.003866E-02  3.972990E-01 -1.512115E-05  0.0         
             28        0 -8.036481E-20  3.455431E-21  5.861087E-02  8.632258E-01  9.710968E-06  0.0         
             29        0 -9.758855E-20  3.569190E-21  8.141100E-02  9.591653E-01  2.818678E-06  0.0         
             30        0  0.0           0.0           0.0           0.0           0.0           0.0         
             31        0 -1.475111E-19  6.124206E-21  1.318792E-01  1.038194E+00 -2.186337E-04  0.0         
             32        0 -1.193614E-19 -5.052292E-21  1.061505E-01  1.018245E+00 -3.113881E-05  0.0         
             33        0 -1.193612E-19  5.122624E-21  1.061505E-01  1.018245E+00  3.113882E-05  0.0         
             34        0 -2.032904E-20  3.596985E-21  1.003866E-02  3.972990E-01  1.512116E-05  0.0         
             35        0 -5.239765E-21  2.278377E-21  2.533990E-03  2.025413E-01  1.846673E-05  0.0         
             36        0 -6.052918E-20  4.499025E-21  3.862640E-02  7.341131E-01  1.171916E-05  0.0         
                         ------------- ------------- ------------- ------------- ------------- -------------
                MAX* :    0.0           6.124206E-21  3.811080E-01  2.121909E+00  2.121909E+00  0.0         
                MIN* :   -1.475111E-19 -8.531995E-20  0.0           0.0          -2.186337E-04  0.0         

                ABS* :    1.475111E-19  8.531995E-20  3.811080E-01  2.121909E+00  2.121909E+00  0.0         
                *for output set

                                                    SPC Force Summary on AUTOSPC'd DOF's
                                                 (in global coordinate system at each grid)
        For detailed information on the SPC forces for the AUTOSPC DOF's, set field 7 (AUTOSPC_SPCF) on the PARAM AUTOSPC entry to Y

                              T1             T2             T3             R1             R2             R3

 ABS AUTOSPC FORCES  :   0.000000E+00   0.000000E+00   0.000000E+00   0.000000E+00   0.000000E+00   0.000000E+00
 AUTOSPC FORCE TOTALS:   0.000000E+00   0.000000E+00   0.000000E+00   0.000000E+00   0.000000E+00   0.000000E+00
     (for output set)


 OUTPUT FOR SUBCASE        2
 OUTPUT FOR EIGENVECTOR        2

                                                         E I G E N V E C T O R
                                              (in global coordinate system at each grid)
           GRID     COORD      T1            T2            T3            R1            R2            R3
                     SYS
              1        0  0.0           0.0           0.0           0.0           0.0           0.0         
              2        0 -4.441461E-21 -5.056704E-21 -8.141100E-02 -6.782343E-01 -6.782303E-01  0.0         
              3        0 -2.792458E-21 -3.475086E-21 -5.861087E-02 -6.103997E-01 -6.103859E-01  0.0         
              4        0 -5.065864E-21 -4.433132E-21 -8.141100E-02 -6.782303E-01 -6.782343E-01  0.0         
              5        0 -3.534129E-22 -4.955187E-22 -1.003866E-02 -2.809435E-01 -2.809221E-01  0.0         
              6        0 -7.719297E-22 -1.023167E-21 -2.222557E-02 -4.078611E-01 -4.078415E-01  0.0         
              7        0  0.0           0.0           0.0           0.0           0.0           0.0         
              8        0 -7.691107E-21 -7.183481E-21 -1.318792E-01 -7.342683E-01 -7.339591E-01  0.0         
              9        0 -1.008643E-21 -7.897863E-22 -2.222557E-02 -4.078415E-01 -4.078611E-01  0.0         
             10        0 -5.906332E-21 -6.430225E-21 -1.061505E-01 -7.200298E-01 -7.199858E-01  0.0         
             11        0 -6.450914E-21 -5.921447E-21 -1.061505E-01 -7.199858E-01 -7.200298E-01  0.0         
             12        0 -1.518723E-21 -1.942999E-21 -3.862640E-02 -5.191046E-01 -5.190880E-01  0.0         
             13        0 -5.057275E-22 -3.430500E-22 -1.003866E-02 -2.809221E-01 -2.809435E-01  0.0         
             14        0 -1.530521E-22 -7.307516E-23 -2.533990E-03 -1.432052E-01 -1.432314E-01  0.0         
             15        0 -1.953570E-21 -1.509363E-21 -3.862640E-02 -5.190880E-01 -5.191046E-01  0.0         
             16        0 -6.168975E-23 -1.640582E-22 -2.533990E-03 -1.432314E-01 -1.432052E-01  0.0         
             17        0 -7.185233E-21 -7.659000E-21 -1.318792E-01 -7.339591E-01 -7.342683E-01  0.0         
             18        0 -3.456319E-21 -2.806652E-21 -5.861087E-02 -6.103859E-01 -6.103997E-01  0.0         
             19        0  0.0           0.0           0.0           0.0           0.0           0.0         
             20        0 -3.520954E-21 -3.614606E-22  6.422806E-02  1.666820E+00 -4.015551E-05  0.0         
             21        0 -5.434032E-21 -3.935490E-22  1.116236E-01  2.121460E+00 -3.386633E-05  0.0         
             22        0 -1.318588E-20 -5.410822E-22  3.811080E-01  3.000200E+00  6.318135E-04  0.0         
             23        0 -3.522506E-21  3.559780E-22  6.422806E-02  1.666820E+00  4.015553E-05  0.0         
             24        0 -4.703632E-22 -1.950150E-22  7.322793E-03  5.853092E-01 -5.336565E-05  0.0         
             25        0 -8.736486E-21 -3.282284E-22  2.352637E-01  2.771822E+00 -8.145454E-06  0.0         
             26        0 -7.239624E-21 -3.081949E-22  1.693753E-01  2.494573E+00 -2.806299E-05  0.0         
             27        0 -1.831352E-21 -3.252371E-22  2.900998E-02  1.148125E+00 -4.369752E-05  0.0         
             28        0 -7.220268E-21  3.106463E-22  1.693753E-01  2.494573E+00  2.806302E-05  0.0         
             29        0 -8.760024E-21  3.199778E-22  2.352637E-01  2.771822E+00  8.145491E-06  0.0         
             30        0  0.0           0.0           0.0           0.0           0.0           0.0         
             31        0 -1.319987E-20  5.502361E-22  3.811080E-01  3.000200E+00 -6.318134E-04  0.0         
             32        0 -1.068239E-20 -4.549864E-22  3.067567E-01  2.942551E+00 -8.998578E-05  0.0         
             33        0 -1.071431E-20  4.585147E-22  3.067567E-01  2.942551E+00  8.998582E-05  0.0         
             34        0 -1.827779E-21  3.231689E-22  2.900998E-02  1.148125E+00  4.369753E-05  0.0         
             35        0 -4.706813E-22  2.044277E-22  7.322793E-03  5.853092E-01  5.336566E-05  0.0         
             36        0 -5.445189E-21  4.053212E-22  1.116236E-01  2.121460E+00  3.386635E-05  0.0         
                         ------------- ------------- ------------- ------------- ------------- -------------
                MAX* :    0.0           5.502361E-22  3.811080E-01  3.000200E+00  6.318135E-04  0.0         
                MIN* :   -1.319987E-20 -7.659000E-21 -1.318792E-01 -7.342683E-01 -7.342683E-01  0.0         

                ABS* :    1.319987E-20  7.659000E-21  3.811080E-01  3.000200E+00  7.342683E-01  0.0         
                *for output set

                                                    SPC Force Summary on AUTOSPC'd DOF's
                                                 (in global coordinate system at each grid)
        For detailed information on the SPC forces for the AUTOSPC DOF's, set field 7 (AUTOSPC_SPCF) on the PARAM AUTOSPC entry to Y

                              T1             T2             T3             R1             R2             R3

 ABS AUTOSPC FORCES  :   0.000000E+00   0.000000E+00   0.000000E+00   0.000000E+00   0.000000E+00   0.000000E+00
 AUTOSPC FORCE TOTALS:   0.000000E+00   0.000000E+00   0.000000E+00   0.000000E+00   0.000000E+00   0.000000E+00
     (for output set)

 >> LINK  9 END

    Total CPU time =  6.25E-02 seconds

 >> MYSTRAN END    :  6/27/2026 at 19:33: 0.342

                                          * * * END OF JOB * * *
