   627193258

 MYSTRAN Version 18.0.0   APR 20 2026 MYSTRAN developed by Dr Bill Case
*** Please report any problems to mystransolver@gmail.com ***                                                                                                                                                                                                   

 >> MYSTRAN BEGIN  :  6/27/2026 at 19:32:58.182 The input file is C:\Users\victo\Documents\Git\MYSTRAN_Validation\working\NAS B30 quad4 LTB_2.bdf                                                                                                                                                                                 


 >> LINK  0 BEGIN


SOL 105                                                                                                                                                                                                                                                         
CEND                                                                                                                                                                                                                                                            
DISPLACEMENT = ALL                                                                                                                                                                                                                                              
SPC = 1                                                                                                                                                                                                                                                         
SUBCASE 1                                                                                                                                                                                                                                                       
LOAD = 1                                                                                                                                                                                                                                                        
SUBCASE 2                                                                                                                                                                                                                                                       
METHOD = 1                                                                                                                                                                                                                                                      
BEGIN BULK                                                                                                                                                                                                                                                      
ECHO: loadb GRID           1       0   0.0+0   0.0+0   0.0+0       0                                                                                                                                                                                                        
ECHO: loadb GRID           2       0   1.0+0   0.0+0   0.0+0       0                                                                                                                                                                                                        
ECHO: loadb GRID           3       0   1.0+0   1.0-1   0.0+0       0                                                                                                                                                                                                        
ECHO: loadb GRID           4       0   0.0+0   1.0-1   0.0+0       0                                                                                                                                                                                                        
ECHO: loadb GRID           5       0   1.0-1   0.0+0   0.0+0       0                                                                                                                                                                                                        
ECHO: loadb GRID           6       0   1.0-1   1.0-1   0.0+0       0                                                                                                                                                                                                        
ECHO: loadb GRID           7       0   2.0-1   0.0+0   0.0+0       0                                                                                                                                                                                                        
ECHO: loadb GRID           8       0   2.0-1   1.0-1   0.0+0       0                                                                                                                                                                                                        
ECHO: loadb GRID           9       0   3.0-1   0.0+0   0.0+0       0                                                                                                                                                                                                        
ECHO: loadb GRID          10       0   3.0-1   1.0-1   0.0+0       0                                                                                                                                                                                                        
ECHO: loadb GRID          11       0   4.0-1   0.0+0   0.0+0       0                                                                                                                                                                                                        
ECHO: loadb GRID          12       0   4.0-1   1.0-1   0.0+0       0                                                                                                                                                                                                        
ECHO: loadb GRID          13       0   5.0-1   0.0+0   0.0+0       0                                                                                                                                                                                                        
ECHO: loadb GRID          14       0   5.0-1   1.0-1   0.0+0       0                                                                                                                                                                                                        
ECHO: loadb GRID          15       0   6.0-1   0.0+0   0.0+0       0                                                                                                                                                                                                        
ECHO: loadb GRID          16       0   6.0-1   1.0-1   0.0+0       0                                                                                                                                                                                                        
ECHO: loadb GRID          17       0   7.0-1   0.0+0   0.0+0       0                                                                                                                                                                                                        
ECHO: loadb GRID          18       0   7.0-1   1.0-1   0.0+0       0                                                                                                                                                                                                        
ECHO: loadb GRID          19       0   8.0-1   0.0+0   0.0+0       0                                                                                                                                                                                                        
ECHO: loadb GRID          20       0   8.0-1   1.0-1   0.0+0       0                                                                                                                                                                                                        
ECHO: loadb GRID          21       0   9.0-1   0.0+0   0.0+0       0                                                                                                                                                                                                        
ECHO: loadb GRID          22       0   9.0-1   1.0-1   0.0+0       0                                                                                                                                                                                                        
ECHO: loadb GRID          23       0   9.5-1   0.0+0   0.0+0       0                                                                                                                                                                                                        
ECHO: loadb GRID          24       0   1.0+0   5.0-2   0.0+0       0                                                                                                                                                                                                        
ECHO: loadb GRID          25       0   9.5-1   1.0-1   0.0+0       0                                                                                                                                                                                                        
ECHO: loadb GRID          26       0   9.0-1   5.0-2   0.0+0       0                                                                                                                                                                                                        
ECHO: loadb GRID          27       0   9.5-1   5.0-2   0.0+0       0                                                                                                                                                                                                        
ECHO: loadb GRID          28       0   5.0-2   0.0+0   0.0+0       0                                                                                                                                                                                                        
ECHO: loadb GRID          29       0   1.0-1   5.0-2   0.0+0       0                                                                                                                                                                                                        
ECHO: loadb GRID          30       0   5.0-2   1.0-1   0.0+0       0                                                                                                                                                                                                        
ECHO: loadb GRID          31       0   0.0+0   5.0-2   0.0+0       0                                                                                                                                                                                                        
ECHO: loadb GRID          32       0   5.0-2   5.0-2   0.0+0       0                                                                                                                                                                                                        
ECHO: loadb GRID          33       0   1.5-1   0.0+0   0.0+0       0                                                                                                                                                                                                        
ECHO: loadb GRID          34       0   2.0-1   5.0-2   0.0+0       0                                                                                                                                                                                                        
ECHO: loadb GRID          35       0   1.5-1   1.0-1   0.0+0       0                                                                                                                                                                                                        
ECHO: loadb GRID          36       0   1.5-1   5.0-2   0.0+0       0                                                                                                                                                                                                        
ECHO: loadb GRID          37       0   2.5-1   0.0+0   0.0+0       0                                                                                                                                                                                                        
ECHO: loadb GRID          38       0   3.0-1   5.0-2   0.0+0       0                                                                                                                                                                                                        
ECHO: loadb GRID          39       0   2.5-1   1.0-1   0.0+0       0                                                                                                                                                                                                        
ECHO: loadb GRID          40       0   2.5-1   5.0-2   0.0+0       0                                                                                                                                                                                                        
ECHO: loadb GRID          41       0   3.5-1   0.0+0   0.0+0       0                                                                                                                                                                                                        
ECHO: loadb GRID          42       0   4.0-1   5.0-2   0.0+0       0                                                                                                                                                                                                        
ECHO: loadb GRID          43       0   3.5-1   1.0-1   0.0+0       0                                                                                                                                                                                                        
ECHO: loadb GRID          44       0   3.5-1   5.0-2   0.0+0       0                                                                                                                                                                                                        
ECHO: loadb GRID          45       0   4.5-1   0.0+0   0.0+0       0                                                                                                                                                                                                        
ECHO: loadb GRID          46       0   5.0-1   5.0-2   0.0+0       0                                                                                                                                                                                                        
ECHO: loadb GRID          47       0   4.5-1   1.0-1   0.0+0       0                                                                                                                                                                                                        
ECHO: loadb GRID          48       0   4.5-1   5.0-2   0.0+0       0                                                                                                                                                                                                        
ECHO: loadb GRID          49       0   5.5-1   0.0+0   0.0+0       0                                                                                                                                                                                                        
ECHO: loadb GRID          50       0   6.0-1   5.0-2   0.0+0       0                                                                                                                                                                                                        
ECHO: loadb GRID          51       0   5.5-1   1.0-1   0.0+0       0                                                                                                                                                                                                        
ECHO: loadb GRID          52       0   5.5-1   5.0-2   0.0+0       0                                                                                                                                                                                                        
ECHO: loadb GRID          53       0   6.5-1   0.0+0   0.0+0       0                                                                                                                                                                                                        
ECHO: loadb GRID          54       0   7.0-1   5.0-2   0.0+0       0                                                                                                                                                                                                        
ECHO: loadb GRID          55       0   6.5-1   1.0-1   0.0+0       0                                                                                                                                                                                                        
ECHO: loadb GRID          56       0   6.5-1   5.0-2   0.0+0       0                                                                                                                                                                                                        
ECHO: loadb GRID          57       0   7.5-1   0.0+0   0.0+0       0                                                                                                                                                                                                        
ECHO: loadb GRID          58       0   8.0-1   5.0-2   0.0+0       0                                                                                                                                                                                                        
ECHO: loadb GRID          59       0   7.5-1   1.0-1   0.0+0       0                                                                                                                                                                                                        
ECHO: loadb GRID          60       0   7.5-1   5.0-2   0.0+0       0                                                                                                                                                                                                        
ECHO: loadb GRID          61       0   8.5-1   0.0+0   0.0+0       0                                                                                                                                                                                                        
ECHO: loadb GRID          62       0   8.5-1   1.0-1   0.0+0       0                                                                                                                                                                                                        
ECHO: loadb GRID          63       0   8.5-1   5.0-2   0.0+0       0                                                                                                                                                                                                        
ECHO: loadb PARAM   QUAD4TYP   MIN4T                                                                                                                                                                                                                                        
ECHO: loadb PARAM    STR_CID      -2                                                                                                                                                                                                                                        
ECHO: loadb MAT1*                  1          1.0+11 3.8461538462+10           3.0-1*                                                                                                                                                                                       
ECHO: loadb *                  0.0+0           0.0+0           0.0+0                                                                                                                                                                                                        
ECHO: loadb SPC            1       1       1   0.0+0                                                                                                                                                                                                                        
ECHO: loadb SPC            1       1       2   0.0+0                                                                                                                                                                                                                        
ECHO: loadb SPC            1       1       3   0.0+0                                                                                                                                                                                                                        
ECHO: loadb SPC            1       1       4   0.0+0                                                                                                                                                                                                                        
ECHO: loadb SPC            1       1       5   0.0+0                                                                                                                                                                                                                        
ECHO: loadb SPC            1       1       6   0.0+0                                                                                                                                                                                                                        
ECHO: loadb SPC            1       4       1   0.0+0                                                                                                                                                                                                                        
ECHO: loadb SPC            1       4       2   0.0+0                                                                                                                                                                                                                        
ECHO: loadb SPC            1       4       3   0.0+0                                                                                                                                                                                                                        
ECHO: loadb SPC            1       4       4   0.0+0                                                                                                                                                                                                                        
ECHO: loadb SPC            1       4       5   0.0+0                                                                                                                                                                                                                        
ECHO: loadb SPC            1       4       6   0.0+0                                                                                                                                                                                                                        
ECHO: loadb SPC            1      31       1   0.0+0                                                                                                                                                                                                                        
ECHO: loadb SPC            1      31       2   0.0+0                                                                                                                                                                                                                        
ECHO: loadb SPC            1      31       3   0.0+0                                                                                                                                                                                                                        
ECHO: loadb SPC            1      31       4   0.0+0                                                                                                                                                                                                                        
ECHO: loadb SPC            1      31       5   0.0+0                                                                                                                                                                                                                        
ECHO: loadb SPC            1      31       6   0.0+0                                                                                                                                                                                                                        
ECHO: loadb PSHELL         1       1   1.0-3       1               1           0.0+0                                                                                                                                                                                        
ECHO: loadb CQUAD4         1       1      56      54      18      55   0.0+0   0.0+0                                                                                                                                                                                        
ECHO: loadb CQUAD4         2       1      50      56      55      16   0.0+0   0.0+0                                                                                                                                                                                        
ECHO: loadb CQUAD4         3       1      17      57      60      54   0.0+0   0.0+0                                                                                                                                                                                        
ECHO: loadb CQUAD4         4       1      57      19      58      60   0.0+0   0.0+0                                                                                                                                                                                        
ECHO: loadb CQUAD4         5       1      60      58      20      59   0.0+0   0.0+0                                                                                                                                                                                        
ECHO: loadb CQUAD4         6       1      54      60      59      18   0.0+0   0.0+0                                                                                                                                                                                        
ECHO: loadb CQUAD4         7       1      19      61      63      58   0.0+0   0.0+0                                                                                                                                                                                        
ECHO: loadb CQUAD4         8       1      61      21      26      63   0.0+0   0.0+0                                                                                                                                                                                        
ECHO: loadb CQUAD4         9       1      63      26      22      62   0.0+0   0.0+0                                                                                                                                                                                        
ECHO: loadb CQUAD4        10       1      58      63      62      20   0.0+0   0.0+0                                                                                                                                                                                        
ECHO: loadb CQUAD4        11       1      21      23      27      26   0.0+0   0.0+0                                                                                                                                                                                        
ECHO: loadb CQUAD4        12       1      23       2      24      27   0.0+0   0.0+0                                                                                                                                                                                        
ECHO: loadb CQUAD4        13       1      27      24       3      25   0.0+0   0.0+0                                                                                                                                                                                        
ECHO: loadb CQUAD4        14       1      26      27      25      22   0.0+0   0.0+0                                                                                                                                                                                        
ECHO: loadb CQUAD4        15       1       1      28      32      31   0.0+0   0.0+0                                                                                                                                                                                        
ECHO: loadb CQUAD4        16       1      28       5      29      32   0.0+0   0.0+0                                                                                                                                                                                        
ECHO: loadb CQUAD4        17       1      32      29       6      30   0.0+0   0.0+0                                                                                                                                                                                        
ECHO: loadb CQUAD4        18       1      31      32      30       4   0.0+0   0.0+0                                                                                                                                                                                        
ECHO: loadb CQUAD4        19       1       5      33      36      29   0.0+0   0.0+0                                                                                                                                                                                        
ECHO: loadb CQUAD4        20       1      33       7      34      36   0.0+0   0.0+0                                                                                                                                                                                        
ECHO: loadb CQUAD4        21       1      36      34       8      35   0.0+0   0.0+0                                                                                                                                                                                        
ECHO: loadb CQUAD4        22       1      29      36      35       6   0.0+0   0.0+0                                                                                                                                                                                        
ECHO: loadb CQUAD4        23       1       7      37      40      34   0.0+0   0.0+0                                                                                                                                                                                        
ECHO: loadb CQUAD4        24       1      37       9      38      40   0.0+0   0.0+0                                                                                                                                                                                        
ECHO: loadb CQUAD4        25       1      40      38      10      39   0.0+0   0.0+0                                                                                                                                                                                        
ECHO: loadb CQUAD4        26       1      34      40      39       8   0.0+0   0.0+0                                                                                                                                                                                        
ECHO: loadb CQUAD4        27       1       9      41      44      38   0.0+0   0.0+0                                                                                                                                                                                        
ECHO: loadb CQUAD4        28       1      41      11      42      44   0.0+0   0.0+0                                                                                                                                                                                        
ECHO: loadb CQUAD4        29       1      44      42      12      43   0.0+0   0.0+0                                                                                                                                                                                        
ECHO: loadb CQUAD4        30       1      38      44      43      10   0.0+0   0.0+0                                                                                                                                                                                        
ECHO: loadb CQUAD4        31       1      11      45      48      42   0.0+0   0.0+0                                                                                                                                                                                        
ECHO: loadb CQUAD4        32       1      45      13      46      48   0.0+0   0.0+0                                                                                                                                                                                        
ECHO: loadb CQUAD4        33       1      48      46      14      47   0.0+0   0.0+0                                                                                                                                                                                        
ECHO: loadb CQUAD4        34       1      42      48      47      12   0.0+0   0.0+0                                                                                                                                                                                        
ECHO: loadb CQUAD4        35       1      13      49      52      46   0.0+0   0.0+0                                                                                                                                                                                        
ECHO: loadb CQUAD4        36       1      49      15      50      52   0.0+0   0.0+0                                                                                                                                                                                        
ECHO: loadb CQUAD4        37       1      52      50      16      51   0.0+0   0.0+0                                                                                                                                                                                        
ECHO: loadb CQUAD4        38       1      46      52      51      14   0.0+0   0.0+0                                                                                                                                                                                        
ECHO: loadb CQUAD4        39       1      15      53      56      50   0.0+0   0.0+0                                                                                                                                                                                        
ECHO: loadb CQUAD4        40       1      53      17      54      56   0.0+0   0.0+0                                                                                                                                                                                        
ECHO: loadb FORCE          2       2       0   1.0+0   0.0+0   2.5-1   0.0+0                                                                                                                                                                                                
ECHO: loadb FORCE          2      24       0   1.0+0   0.0+0   5.0-1   0.0+0                                                                                                                                                                                                
ECHO: loadb FORCE          2       3       0   1.0+0   0.0+0   2.5-1   0.0+0                                                                                                                                                                                                
ECHO: loadb EIGRL          1                       1       0           1.0+0    MASS                                                                                                                                                                                        
ECHO: loadb LOAD           1   1.0+0   1.0+0       2                                                                                                                                                                                                                        
ECHO: loadb ENDDATA                                                                                                                                                                                                                                                         





 >> LINK  0 END


 >> LINK  1 BEGIN

               DEALLOCATED  3.69E-01 MB MEMORY FROM ARRAY STF3


 *INFORMATION: AUTOSPC Summary, Stage 1 after identification of AUTOSPC's at the grid level                                                 

                                     AUTOSPC_RAT = 1.000000E-08

                       Number of DOF's identified for AUTOSPC in component  1         =            0
                       Number of DOF's identified for AUTOSPC in component  2         =            0
                       Number of DOF's identified for AUTOSPC in component  3         =            0
                       Number of DOF's identified for AUTOSPC in component  4         =            0
                       Number of DOF's identified for AUTOSPC in component  5         =            0
                       Number of DOF's identified for AUTOSPC in component  6         =           60
                                                                                        ------------
                       Total number of DOF's identified in this stage                 =           60

               DEALLOCATED  1.51E-03 MB MEMORY FROM ARRAY STFKEY
               DEALLOCATED  3.69E-01 MB MEMORY FROM ARRAY STF3

 >> LINK  1 END


 >> LINK  2 BEGIN



 *INFORMATION: AUTOSPC Summary, Overall: after identification of all AUTOSPC's                                                               

                                     AUTOSPC_RAT = 1.000000E-08

                       Number of DOF's identified for AUTOSPC in component  1         =            0
                       Number of DOF's identified for AUTOSPC in component  2         =            0
                       Number of DOF's identified for AUTOSPC in component  3         =            0
                       Number of DOF's identified for AUTOSPC in component  4         =            0
                       Number of DOF's identified for AUTOSPC in component  5         =            0
                       Number of DOF's identified for AUTOSPC in component  6         =           60
                                                                                        ------------
                       Total number of DOF's identified overall                       =           60


 >> LINK  2 END


 >> LINK  3 BEGIN

 SUPERLU FACTORIZATION OF MATRIX KLL SUCCEEDED IN SUBR SYM_MAT_DECOMP_SUPRLU          

 *INFORMATION: FOR INTERNAL SUBCASE NUMBER        1 EPSILON ERROR ESTIMATE            = -2.638180E-13 Based on U'*(K*U - P)/(U'*P)

 *WARNING    : CANNOT CALCULATE EPSILON ERROR ESTIMATE FOR INTERNAL SUBCASE NUMBER        2
               THE DOT PRODUCT OF DISPL AND LOAD VECTORS                     =    0.000000E+00 CANNOT BE INVERTED.
               IT IS TOO SMALL COMPARED TO MACHINE SAFE MINIMUM (MACH_SFMIN) =    2.225074-308


 >> LINK  3 END


 >> LINK  5 BEGIN


 >> LINK  5 END


 >> LINK  9 BEGIN



 OUTPUT FOR SUBCASE        1

                                                       D I S P L A C E M E N T S
                                              (in global coordinate system at each grid)
           GRID     COORD      T1            T2            T3            R1            R2            R3
                     SYS
              1        0  0.0           0.0           0.0           0.0           0.0           0.0         
              2        0  2.921795E-06  3.915443E-05  0.0           0.0           0.0           0.0         
              3        0 -2.921795E-06  3.915443E-05  0.0           0.0           0.0           0.0         
              4        0  0.0           0.0           0.0           0.0           0.0           0.0         
              5        0  5.507133E-07  5.977757E-07  0.0           0.0           0.0           0.0         
              6        0 -5.507133E-07  5.977757E-07  0.0           0.0           0.0           0.0         
              7        0  1.048057E-06  2.228679E-06  0.0           0.0           0.0           0.0         
              8        0 -1.048057E-06  2.228679E-06  0.0           0.0           0.0           0.0         
              9        0  1.487177E-06  4.795101E-06  0.0           0.0           0.0           0.0         
             10        0 -1.487177E-06  4.795101E-06  0.0           0.0           0.0           0.0         
             11        0  1.867766E-06  8.181171E-06  0.0           0.0           0.0           0.0         
             12        0 -1.867766E-06  8.181171E-06  0.0           0.0           0.0           0.0         
             13        0  2.189803E-06  1.226986E-05  0.0           0.0           0.0           0.0         
             14        0 -2.189803E-06  1.226986E-05  0.0           0.0           0.0           0.0         
             15        0  2.453288E-06  1.694408E-05  0.0           0.0           0.0           0.0         
             16        0 -2.453288E-06  1.694408E-05  0.0           0.0           0.0           0.0         
             17        0  2.658221E-06  2.208671E-05  0.0           0.0           0.0           0.0         
             18        0 -2.658221E-06  2.208671E-05  0.0           0.0           0.0           0.0         
             19        0  2.804602E-06  2.758066E-05  0.0           0.0           0.0           0.0         
             20        0 -2.804602E-06  2.758066E-05  0.0           0.0           0.0           0.0         
             21        0  2.892436E-06  3.330883E-05  0.0           0.0           0.0           0.0         
             22        0 -2.892436E-06  3.330883E-05  0.0           0.0           0.0           0.0         
             23        0  2.914365E-06  3.622403E-05  0.0           0.0           0.0           0.0         
             24        0  3.213928E-19  3.915377E-05  0.0           0.0           0.0           0.0         
             25        0 -2.914365E-06  3.622403E-05  0.0           0.0           0.0           0.0         
             26        0  3.217212E-19  3.330440E-05  0.0           0.0           0.0           0.0         
             27        0  3.268383E-19  3.622200E-05  0.0           0.0           0.0           0.0         
             28        0  2.780482E-07  1.784090E-07  0.0           0.0           0.0           0.0         
             29        0  4.346594E-20  5.610340E-07  0.0           0.0           0.0           0.0         
             30        0 -2.780482E-07  1.784090E-07  0.0           0.0           0.0           0.0         
             31        0  0.0           0.0           0.0           0.0           0.0           0.0         
             32        0  2.030049E-20  1.256392E-07  0.0           0.0           0.0           0.0         
             33        0  8.064112E-07  1.289981E-06  0.0           0.0           0.0           0.0         
             34        0  8.742155E-20  2.193724E-06  0.0           0.0           0.0           0.0         
             35        0 -8.064112E-07  1.289981E-06  0.0           0.0           0.0           0.0         
             36        0  6.554584E-20  1.251954E-06  0.0           0.0           0.0           0.0         
             37        0  1.274918E-06  3.402179E-06  0.0           0.0           0.0           0.0         
             38        0  1.316261E-19  4.764372E-06  0.0           0.0           0.0           0.0         
             39        0 -1.274918E-06  3.402179E-06  0.0           0.0           0.0           0.0         
             40        0  1.096668E-19  3.369199E-06  0.0           0.0           0.0           0.0         
             41        0  1.684789E-06  6.392993E-06  0.0           0.0           0.0           0.0         
             42        0  1.756848E-19  8.154823E-06  0.0           0.0           0.0           0.0         
             43        0 -1.684789E-06  6.392993E-06  0.0           0.0           0.0           0.0         
             44        0  1.538391E-19  6.364446E-06  0.0           0.0           0.0           0.0         
             45        0  2.036103E-06  1.014501E-05  0.0           0.0           0.0           0.0         
             46        0  2.173018E-19  1.224791E-05  0.0           0.0           0.0           0.0         
             47        0 -2.036103E-06  1.014501E-05  0.0           0.0           0.0           0.0         
             48        0  1.956622E-19  1.012085E-05  0.0           0.0           0.0           0.0         
             49        0  2.328865E-06  1.454110E-05  0.0           0.0           0.0           0.0         
             50        0  2.562036E-19  1.692651E-05  0.0           0.0           0.0           0.0         
             51        0 -2.328865E-06  1.454110E-05  0.0           0.0           0.0           0.0         
             52        0  2.371661E-19  1.452134E-05  0.0           0.0           0.0           0.0         
             53        0  2.563074E-06  1.946416E-05  0.0           0.0           0.0           0.0         
             54        0  2.880814E-19  2.207354E-05  0.0           0.0           0.0           0.0         
             55        0 -2.563074E-06  1.946416E-05  0.0           0.0           0.0           0.0         
             56        0  2.724327E-19  1.944879E-05  0.0           0.0           0.0           0.0         
             57        0  2.738730E-06  2.479709E-05  0.0           0.0           0.0           0.0         
             58        0  3.125583E-19  2.757187E-05  0.0           0.0           0.0           0.0         
             59        0 -2.738730E-06  2.479709E-05  0.0           0.0           0.0           0.0         
             60        0  3.020758E-19  2.478611E-05  0.0           0.0           0.0           0.0         
             61        0  2.855834E-06  3.042277E-05  0.0           0.0           0.0           0.0         
             62        0 -2.855834E-06  3.042277E-05  0.0           0.0           0.0           0.0         
             63        0  3.181616E-19  3.041619E-05  0.0           0.0           0.0           0.0         
                         ------------- ------------- ------------- ------------- ------------- -------------
                MAX* :    2.921795E-06  3.915443E-05  0.0           0.0           0.0           0.0         
                MIN* :   -2.921795E-06  0.0           0.0           0.0           0.0           0.0         

                ABS* :    2.921795E-06  3.915443E-05  0.0           0.0           0.0           0.0         
                *for output set

                                                    SPC Force Summary on AUTOSPC'd DOF's
                                                 (in global coordinate system at each grid)
        For detailed information on the SPC forces for the AUTOSPC DOF's, set field 7 (AUTOSPC_SPCF) on the PARAM AUTOSPC entry to Y

                              T1             T2             T3             R1             R2             R3

 ABS AUTOSPC FORCES  :   0.000000E+00   0.000000E+00   0.000000E+00   0.000000E+00   0.000000E+00   0.000000E+00
 AUTOSPC FORCE TOTALS:   0.000000E+00   0.000000E+00   0.000000E+00   0.000000E+00   0.000000E+00   0.000000E+00
     (for output set)

 >> LINK  9 END

 >> LINK  1 BEGIN

               DEALLOCATED  3.69E-01 MB MEMORY FROM ARRAY STF3
               DEALLOCATED  1.51E-03 MB MEMORY FROM ARRAY STFKEY
               DEALLOCATED  3.69E-01 MB MEMORY FROM ARRAY STF3

 >> LINK  1 END


 >> LINK  2 BEGIN


 >> LINK  2 END


 >> LINK  4 BEGIN

 SUPERLU FACTORIZATION OF MATRIX KMSM SUCCEEDED IN SUBR SYM_MAT_DECOMP_SUPRLU          

 OUTPUT FOR SUBCASE        2


                           E I G E N V A L U E   A N A L Y S I S   S U M M A R Y   (LANCZOS  Mode 2 DGB, Shift eigen =  1.00E+00)
                                                                      (SPARSE solution)

                                NUMBER OF EIGENVALUES EXTRACTED  . . . . . .         1

                                LARGEST OFF-DIAGONAL GENERALIZED MASS TERM     0.0E+00 (Vecs renormed to 1.0 for gen masses)

                                                                       . . .         1
                                          MODE PAIR . . . . . . . . . .
                                                                       . . .         1

                                NUMBER OF OFF DIAGONAL GENERALIZED MASS
                                TERMS FAILING CRITERION OF  1.0E-04. . . . .         0



 OUTPUT FOR SUBCASE        2


                                            R E A L   E I G E N V A L U E S
                                      (subcase       2 buckling load factors)

                                         MODE  EXTRACTION      EIGENVALUE
                                        NUMBER   ORDER

                                             1       1        4.381645E+00



 >> LINK  4 END


 >> LINK  5 BEGIN


 >> LINK  5 END


 >> LINK  9 BEGIN



 OUTPUT FOR SUBCASE        2
 OUTPUT FOR EIGENVECTOR        1

                                                         E I G E N V E C T O R
                                              (in global coordinate system at each grid)
           GRID     COORD      T1            T2            T3            R1            R2            R3
                     SYS
              1        0  0.0           0.0           0.0           0.0           0.0           0.0         
              2        0  7.626757E-18  1.431793E-16  7.928449E-01 -9.019279E-01 -1.402778E+00  0.0         
              3        0 -7.270124E-18  1.430890E-16  7.025106E-01 -9.048318E-01 -1.404271E+00  0.0         
              4        0  0.0           0.0           0.0           0.0           0.0           0.0         
              5        0  7.825751E-19 -1.733582E-18  9.730691E-03 -1.912998E-01 -1.256149E-01  0.0         
              6        0 -1.264559E-18  5.871384E-19 -1.039504E-02 -2.116386E-01  1.030104E-01  0.0         
              7        0  1.001452E-17  9.340076E-18  2.843603E-02 -4.229050E-01 -2.347950E-01  0.0         
              8        0 -7.068545E-18  1.193836E-17 -1.624865E-02 -4.742049E-01 -3.724070E-02  0.0         
              9        0  1.006868E-17  2.701664E-17  6.152604E-02 -6.102702E-01 -4.133967E-01  0.0         
             10        0 -8.347441E-18  2.892709E-17 -2.714578E-03 -6.785237E-01 -2.673625E-01  0.0         
             11        0  9.233694E-18  4.479282E-17  1.141281E-01 -7.434769E-01 -6.255751E-01  0.0         
             12        0 -7.954858E-18  4.544015E-17  3.633813E-02 -8.159018E-01 -5.315966E-01  0.0         
             13        0  8.025654E-18  6.442908E-17  1.879570E-01 -8.265696E-01 -8.393487E-01  0.0         
             14        0 -8.858183E-18  6.582608E-17  1.020693E-01 -8.938900E-01 -7.883135E-01  0.0         
             15        0  9.654546E-18  8.284682E-17  2.820277E-01 -8.708954E-01 -1.032060E+00  0.0         
             16        0 -8.453192E-18  8.127757E-17  1.921945E-01 -9.274936E-01 -1.011067E+00  0.0         
             17        0  7.305701E-18  9.634304E-17  3.935652E-01 -8.899477E-01 -1.190052E+00  0.0         
             18        0 -7.119502E-18  9.621297E-17  3.024566E-01 -9.330833E-01 -1.186409E+00  0.0         
             19        0  8.014836E-18  1.124930E-16  5.187796E-01 -8.960496E-01 -1.306378E+00  0.0         
             20        0 -7.707914E-18  1.119619E-16  4.277476E-01 -9.248057E-01 -1.309785E+00  0.0         
             21        0  7.794513E-18  1.281776E-16  6.533869E-01 -8.985697E-01 -1.378005E+00  0.0         
             22        0 -7.889524E-18  1.280791E-16  5.627985E-01 -9.130345E-01 -1.381479E+00  0.0         
             23        0  7.839430E-18  1.357207E-16  7.228048E-01 -9.002084E-01 -1.396492E+00  0.0         
             24        0  1.572384E-19  1.431226E-16  7.477242E-01 -9.034657E-01 -1.402997E+00  0.0         
             25        0 -7.269004E-18  1.355689E-16  6.323779E-01 -9.081103E-01 -1.398624E+00  0.0         
             26        0  1.415069E-19  1.280872E-16  6.082743E-01 -9.059306E-01 -1.378494E+00  0.0         
             27        0  1.342143E-19  1.357117E-16  6.776930E-01 -9.043321E-01 -1.396525E+00  0.0         
             28        0  1.971837E-18  1.155275E-18  3.501472E-03 -6.943182E-02 -9.519640E-02  0.0         
             29        0  4.413847E-19 -5.425804E-19 -8.024320E-05 -2.010586E-01 -1.462908E-02  0.0         
             30        0 -1.052612E-18 -1.458968E-18 -4.002394E-03 -7.215317E-02  1.094406E-01  0.0         
             31        0  0.0           0.0           0.0           0.0           0.0           0.0         
             32        0  3.394103E-19 -4.095024E-19 -2.095873E-04 -7.512771E-02  5.223783E-03  0.0         
             33        0  4.427455E-18  2.728209E-18  1.774127E-02 -3.112563E-01 -1.697105E-01  0.0         
             34        0  3.123472E-20  9.920895E-18  6.731446E-03 -4.459182E-01 -1.382346E-01  0.0         
             35        0 -3.748711E-18  1.058855E-18 -1.512817E-02 -3.486394E-01  4.821230E-02  0.0         
             36        0  4.804182E-19  1.597139E-18  1.769871E-03 -3.279950E-01 -6.358253E-02  0.0         
             37        0  8.397298E-18  2.132878E-17  4.277826E-02 -5.231531E-01 -3.176041E-01  0.0         
             38        0  4.675172E-19  2.847347E-17  3.025634E-02 -6.413305E-01 -3.413083E-01  0.0         
             39        0 -1.004799E-17  1.776826E-17 -1.242137E-02 -5.846952E-01 -1.448677E-01  0.0         
             40        0  4.797154E-19  1.940983E-17  1.594465E-02 -5.509525E-01 -2.327828E-01  0.0         
             41        0  9.662731E-18  3.955519E-17  8.520701E-02 -6.836338E-01 -5.174879E-01  0.0         
             42        0  1.887740E-19  4.628059E-17  7.613679E-02 -7.769350E-01 -5.784942E-01  0.0         
             43        0 -9.411363E-18  3.924366E-17  1.345014E-02 -7.553716E-01 -3.981741E-01  0.0         
             44        0  3.667781E-19  3.850129E-17  5.022322E-02 -7.165252E-01 -4.582073E-01  0.0         
             45        0  9.030161E-18  5.769347E-17  1.483983E-01 -7.906803E-01 -7.339076E-01  0.0         
             46        0  1.507689E-19  6.537618E-17  1.458538E-01 -8.581501E-01 -8.130650E-01  0.0         
             47        0 -8.505631E-18  5.652256E-17  6.594942E-02 -8.614725E-01 -6.628935E-01  0.0         
             48        0  2.008370E-19  5.643908E-17  1.080575E-01 -8.236343E-01 -6.979290E-01  0.0         
             49        0  8.152856E-18  7.322088E-17  2.326038E-01 -8.527375E-01 -9.393800E-01  0.0         
             50        0 -4.425853E-20  8.227567E-17  2.378182E-01 -8.978704E-01 -1.020429E+00  0.0         
             51        0 -8.417677E-18  7.382503E-17  1.443177E-01 -9.151951E-01 -9.050363E-01  0.0         
             52        0 -2.270316E-19  7.337175E-17  1.892409E-01 -8.822675E-01 -9.212247E-01  0.0         
             53        0  6.437051E-18  8.985490E-17  3.358336E-01 -8.827564E-01 -1.115955E+00  0.0         
             54        0  4.971216E-20  9.621542E-17  3.485500E-01 -9.108567E-01 -1.186943E+00  0.0         
             55        0 -7.070917E-18  9.039273E-17  2.451178E-01 -9.328274E-01 -1.105107E+00  0.0         
             56        0  2.586214E-19  9.013639E-17  2.911014E-01 -9.068185E-01 -1.109299E+00  0.0         
             57        0  7.855665E-18  1.033948E-16  4.547231E-01 -8.939489E-01 -1.253673E+00  0.0         
             58        0  2.274394E-19  1.118952E-16  4.736231E-01 -9.102631E-01 -1.306763E+00  0.0         
             59        0 -7.438893E-18  1.036110E-16  3.635543E-01 -9.299344E-01 -1.254647E+00  0.0         
             60        0  1.084621E-19  1.036730E-16  4.095886E-01 -9.115538E-01 -1.252846E+00  0.0         
             61        0  8.556606E-18  1.193008E-16  5.851875E-01 -8.973193E-01 -1.347889E+00  0.0         
             62        0 -7.988550E-18  1.198351E-16  4.943779E-01 -9.188643E-01 -1.351978E+00  0.0         
             63        0  1.510232E-19  1.197914E-16  5.400523E-01 -9.081004E-01 -1.348628E+00  0.0         
                         ------------- ------------- ------------- ------------- ------------- -------------
                MAX* :    1.006868E-17  1.431793E-16  7.928449E-01  0.0           1.094406E-01  0.0         
                MIN* :   -1.004799E-17 -1.733582E-18 -1.624865E-02 -9.330833E-01 -1.404271E+00  0.0         

                ABS* :    1.006868E-17  1.431793E-16  7.928449E-01  9.330833E-01  1.404271E+00  0.0         
                *for output set

                                                    SPC Force Summary on AUTOSPC'd DOF's
                                                 (in global coordinate system at each grid)
        For detailed information on the SPC forces for the AUTOSPC DOF's, set field 7 (AUTOSPC_SPCF) on the PARAM AUTOSPC entry to Y

                              T1             T2             T3             R1             R2             R3

 ABS AUTOSPC FORCES  :   0.000000E+00   0.000000E+00   0.000000E+00   0.000000E+00   0.000000E+00   0.000000E+00
 AUTOSPC FORCE TOTALS:   0.000000E+00   0.000000E+00   0.000000E+00   0.000000E+00   0.000000E+00   0.000000E+00
     (for output set)

 >> LINK  9 END

    Total CPU time =  9.38E-02 seconds

 >> MYSTRAN END    :  6/27/2026 at 19:32:58.333

                                          * * * END OF JOB * * *
