   604115449

 MYSTRAN Version 18.0.0   APR 20 2026 MYSTRAN developed by Dr Bill Case
*** Please report any problems to mystransolver@gmail.com ***                                                                                                                                                                                                   

 >> MYSTRAN BEGIN  :  6/ 4/2026 at 11:54:49.230 The input file is C:\Users\victo\Documents\Git\MYSTRAN_Validation\working\NAS B30 quad4 column.bdf                                                                                                                                                                                


 >> LINK  0 BEGIN


SOL 105                                                                                                                                                                                                                                                         
CEND                                                                                                                                                                                                                                                            
DISPLACEMENT = ALL                                                                                                                                                                                                                                              
SPC = 1                                                                                                                                                                                                                                                         
SUBCASE 1                                                                                                                                                                                                                                                       
LOAD = 1                                                                                                                                                                                                                                                        
SUBCASE 2                                                                                                                                                                                                                                                       
METHOD = 1                                                                                                                                                                                                                                                      
BEGIN BULK                                                                                                                                                                                                                                                      
ECHO: loadb GRID*                  1               0 1.46446609407-2           0.0+0*                                                                                                                                                                                       
ECHO: loadb *        3.53553390593-2               0                                                                                                                                                                                                                        
ECHO: loadb GRID           2       0   5.0-2   0.0+0   0.0+0       0                                                                                                                                                                                                        
ECHO: loadb GRID           3       0   5.0-2   1.0+0   0.0+0       0                                                                                                                                                                                                        
ECHO: loadb GRID*                  4               0 1.46446609407-2           1.0+0*                                                                                                                                                                                       
ECHO: loadb *        3.53553390593-2               0                                                                                                                                                                                                                        
ECHO: loadb GRID*                  5               0 1.46446609407-2           7.6-1*                                                                                                                                                                                       
ECHO: loadb *        3.53553390593-2               0                                                                                                                                                                                                                        
ECHO: loadb GRID           6       0   5.0-2   7.4-1   0.0+0       0                                                                                                                                                                                                        
ECHO: loadb GRID*                  7               0 1.46446609407-2           8.6-1*                                                                                                                                                                                       
ECHO: loadb *        3.53553390593-2               0                                                                                                                                                                                                                        
ECHO: loadb GRID           8       0   5.0-2   5.4-1   0.0+0       0                                                                                                                                                                                                        
ECHO: loadb GRID*                  9               0 1.46446609407-2           6.0-2*                                                                                                                                                                                       
ECHO: loadb *        3.53553390593-2               0                                                                                                                                                                                                                        
ECHO: loadb GRID          10       0   5.0-2   1.4-1   0.0+0       0                                                                                                                                                                                                        
ECHO: loadb GRID*                 11               0 1.46446609407-2           1.6-1*                                                                                                                                                                                       
ECHO: loadb *        3.53553390593-2               0                                                                                                                                                                                                                        
ECHO: loadb GRID          12       0   5.0-2   9.4-1   0.0+0       0                                                                                                                                                                                                        
ECHO: loadb GRID*                 13               0 1.46446609407-2           2.6-1*                                                                                                                                                                                       
ECHO: loadb *        3.53553390593-2               0                                                                                                                                                                                                                        
ECHO: loadb GRID          14       0   5.0-2   2.4-1   0.0+0       0                                                                                                                                                                                                        
ECHO: loadb GRID*                 15               0 1.46446609407-2           3.6-1*                                                                                                                                                                                       
ECHO: loadb *        3.53553390593-2               0                                                                                                                                                                                                                        
ECHO: loadb GRID          16       0   5.0-2   6.4-1   0.0+0       0                                                                                                                                                                                                        
ECHO: loadb GRID*                 17               0 1.46446609407-2           4.6-1*                                                                                                                                                                                       
ECHO: loadb *        3.53553390593-2               0                                                                                                                                                                                                                        
ECHO: loadb GRID          18       0   5.0-2   3.4-1   0.0+0       0                                                                                                                                                                                                        
ECHO: loadb GRID*                 19               0 1.46446609407-2           5.6-1*                                                                                                                                                                                       
ECHO: loadb *        3.53553390593-2               0                                                                                                                                                                                                                        
ECHO: loadb GRID          20       0   5.0-2   8.4-1   0.0+0       0                                                                                                                                                                                                        
ECHO: loadb GRID*                 21               0 1.46446609407-2           6.6-1*                                                                                                                                                                                       
ECHO: loadb *        3.53553390593-2               0                                                                                                                                                                                                                        
ECHO: loadb GRID          22       0   5.0-2   4.4-1   0.0+0       0                                                                                                                                                                                                        
ECHO: loadb PARAM    STR_CID      -2                                                                                                                                                                                                                                        
ECHO: loadb MAT1*                  1          2.1+11 7.7777777778+10           3.5-1*                                                                                                                                                                                       
ECHO: loadb *                  0.0+0           0.0+0           0.0+0                                                                                                                                                                                                        
ECHO: loadb SPC            1       1       1   0.0+0                                                                                                                                                                                                                        
ECHO: loadb SPC            1       1       2   0.0+0                                                                                                                                                                                                                        
ECHO: loadb SPC            1       1       3   0.0+0                                                                                                                                                                                                                        
ECHO: loadb SPC            1       1       4   0.0+0                                                                                                                                                                                                                        
ECHO: loadb SPC            1       1       5   0.0+0                                                                                                                                                                                                                        
ECHO: loadb SPC            1       1       6   0.0+0                                                                                                                                                                                                                        
ECHO: loadb SPC            1       2       1   0.0+0                                                                                                                                                                                                                        
ECHO: loadb SPC            1       2       2   0.0+0                                                                                                                                                                                                                        
ECHO: loadb SPC            1       2       3   0.0+0                                                                                                                                                                                                                        
ECHO: loadb SPC            1       2       4   0.0+0                                                                                                                                                                                                                        
ECHO: loadb SPC            1       2       5   0.0+0                                                                                                                                                                                                                        
ECHO: loadb SPC            1       2       6   0.0+0                                                                                                                                                                                                                        
ECHO: loadb PSHELL         1       1   5.0-2       1               1           0.0+0                                                                                                                                                                                        
ECHO: loadb CQUAD4         1       1       4       7      12       3   0.0+0   0.0+0                                                                                                                                                                                        
ECHO: loadb CQUAD4         2       1       9       1       2      10   0.0+0   0.0+0                                                                                                                                                                                        
ECHO: loadb CQUAD4         3       1      11       9      10      14   0.0+0   0.0+0                                                                                                                                                                                        
ECHO: loadb CQUAD4*                4               1              11              14*                                                                                                                                                                                       
ECHO: loadb *                     18              13-2.2489917832-15           0.0+0                                                                                                                                                                                        
ECHO: loadb CQUAD4*                5               1              13              18*                                                                                                                                                                                       
ECHO: loadb *                     22              15-2.2489917832-15           0.0+0                                                                                                                                                                                        
ECHO: loadb CQUAD4*                6               1              15              22*                                                                                                                                                                                       
ECHO: loadb *                      8              17-2.2489917832-15           0.0+0                                                                                                                                                                                        
ECHO: loadb CQUAD4*                7               1              17               8*                                                                                                                                                                                       
ECHO: loadb *                     16              19-2.2489917832-15           0.0+0                                                                                                                                                                                        
ECHO: loadb CQUAD4         8       1      21      19      16       6   0.0+0   0.0+0                                                                                                                                                                                        
ECHO: loadb CQUAD4         9       1       5      21       6      20   0.0+0   0.0+0                                                                                                                                                                                        
ECHO: loadb CQUAD4        10       1       7       5      20      12   0.0+0   0.0+0                                                                                                                                                                                        
ECHO: loadb FORCE          2       4       0   1.0+0   0.0+0  -5.0+3   0.0+0                                                                                                                                                                                                
ECHO: loadb FORCE          2       3       0   1.0+0   0.0+0  -5.0+3   0.0+0                                                                                                                                                                                                
ECHO: loadb EIGRL          1                       3       0           1.0+1    MASS                                                                                                                                                                                        
ECHO: loadb LOAD           1   1.0+0   1.0+0       2                                                                                                                                                                                                                        
ECHO: loadb ENDDATA                                                                                                                                                                                                                                                         





 >> LINK  0 END


 >> LINK  1 BEGIN

               DEALLOCATED  9.22E-02 MB MEMORY FROM ARRAY STF3


 *INFORMATION: AUTOSPC Summary, Stage 1 after identification of AUTOSPC's at the grid level                                                 

                                     AUTOSPC_RAT = 1.000000E-08

                       Number of DOF's identified for AUTOSPC in component  1         =            0
                       Number of DOF's identified for AUTOSPC in component  2         =            0
                       Number of DOF's identified for AUTOSPC in component  3         =            0
                       Number of DOF's identified for AUTOSPC in component  4         =            7
                       Number of DOF's identified for AUTOSPC in component  5         =            0
                       Number of DOF's identified for AUTOSPC in component  6         =           13
                                                                                        ------------
                       Total number of DOF's identified in this stage                 =           20

               DEALLOCATED  5.28E-04 MB MEMORY FROM ARRAY STFKEY
               DEALLOCATED  9.22E-02 MB MEMORY FROM ARRAY STF3

 >> LINK  1 END


 >> LINK  2 BEGIN



 *INFORMATION: AUTOSPC Summary, Overall: after identification of all AUTOSPC's                                                               

                                     AUTOSPC_RAT = 1.000000E-08

                       Number of DOF's identified for AUTOSPC in component  1         =            0
                       Number of DOF's identified for AUTOSPC in component  2         =            0
                       Number of DOF's identified for AUTOSPC in component  3         =            0
                       Number of DOF's identified for AUTOSPC in component  4         =            7
                       Number of DOF's identified for AUTOSPC in component  5         =            0
                       Number of DOF's identified for AUTOSPC in component  6         =           13
                                                                                        ------------
                       Total number of DOF's identified overall                       =           20


 >> LINK  2 END


 >> LINK  3 BEGIN

 SUPERLU FACTORIZATION OF MATRIX KLL SUCCEEDED IN SUBR SYM_MAT_DECOMP_SUPRLU          

 *INFORMATION: FOR INTERNAL SUBCASE NUMBER        1 EPSILON ERROR ESTIMATE            = -6.941537E-15 Based on U'*(K*U - P)/(U'*P)

 *WARNING    : CANNOT CALCULATE EPSILON ERROR ESTIMATE FOR INTERNAL SUBCASE NUMBER        2
               THE DOT PRODUCT OF DISPL AND LOAD VECTORS                     =    0.000000E+00 CANNOT BE INVERTED.
               IT IS TOO SMALL COMPARED TO MACHINE SAFE MINIMUM (MACH_SFMIN) =    2.225074-308


 >> LINK  3 END


 >> LINK  5 BEGIN


 >> LINK  5 END


 >> LINK  9 BEGIN



 OUTPUT FOR SUBCASE        1

                                                       D I S P L A C E M E N T S
                                              (in global coordinate system at each grid)
           GRID     COORD      T1            T2            T3            R1            R2            R3
                     SYS
              1        0  0.0           0.0           0.0           0.0           0.0           0.0         
              2        0  0.0           0.0           0.0           0.0           0.0           0.0         
              3        0  1.483098E-06 -1.902676E-05 -1.483098E-06  0.0           3.895629E-17 -2.600717E-16
              4        0  1.247396E-06 -1.892400E-05 -1.247396E-06  0.0           3.863729E-17 -2.538534E-16
              5        0  8.986180E-07 -1.435257E-05 -8.986180E-07  2.424257E-16  2.804281E-17  0.0         
              6        0  1.105255E-06 -1.407438E-05 -1.105255E-06  2.371106E-16  2.826667E-17  0.0         
              7        0  1.043942E-06 -1.625734E-05 -1.043942E-06  2.515811E-16  3.180765E-17  0.0         
              8        0  8.146070E-07 -1.026486E-05 -8.146070E-07  0.0           1.774696E-17 -2.263075E-16
              9        0 -1.325679E-07 -1.058327E-06  1.325679E-07  3.815268E-17 -5.700621E-18  0.0         
             10        0  2.322405E-07 -2.638249E-06 -2.322405E-07  0.0           2.898177E-18 -7.920251E-17
             11        0  2.685567E-08 -2.923488E-06 -2.685567E-08  9.097184E-17 -2.995475E-18  0.0         
             12        0  1.395904E-06 -1.788390E-05 -1.395904E-06  2.522212E-16  3.612734E-17  0.0         
             13        0  1.719944E-07 -4.828771E-06 -1.719944E-07  1.402122E-16 -3.144824E-19  0.0         
             14        0  3.786483E-07 -4.550671E-06 -3.786483E-07  1.292678E-16  4.934121E-18  0.0         
             15        0  3.173211E-07 -6.733526E-06 -3.173211E-07  0.0           4.893863E-18 -1.810562E-16
             16        0  9.599312E-07 -1.216962E-05 -9.599312E-07  0.0           2.266916E-17 -2.377301E-16
             17        0  4.626453E-07 -8.638288E-06 -4.626453E-07  2.107171E-16  1.049911E-17  0.0         
             18        0  5.239583E-07 -6.455332E-06 -5.239583E-07  0.0           8.128878E-18 -1.728607E-16
             19        0  6.079695E-07 -1.054305E-05 -6.079695E-07  2.310411E-16  1.699469E-17  0.0         
             20        0  1.250580E-06 -1.597914E-05 -1.250580E-06  2.511075E-16  3.176806E-17  0.0         
             21        0  7.532938E-07 -1.244781E-05 -7.532938E-07  2.383018E-16  2.307819E-17  0.0         
             22        0  6.692827E-07 -8.360095E-06 -6.692827E-07  2.038541E-16  1.217213E-17  0.0         
                         ------------- ------------- ------------- ------------- ------------- -------------
                MAX* :    1.483098E-06  0.0           1.325679E-07  2.522212E-16  3.895629E-17  0.0         
                MIN* :   -1.325679E-07 -1.902676E-05 -1.483098E-06  0.0          -5.700621E-18 -2.600717E-16

                ABS* :    1.483098E-06  1.902676E-05  1.483098E-06  2.522212E-16  3.895629E-17  2.600717E-16
                *for output set

                                                    SPC Force Summary on AUTOSPC'd DOF's
                                                 (in global coordinate system at each grid)
        For detailed information on the SPC forces for the AUTOSPC DOF's, set field 7 (AUTOSPC_SPCF) on the PARAM AUTOSPC entry to Y

                              T1             T2             T3             R1             R2             R3

 ABS AUTOSPC FORCES  :   0.000000E+00   0.000000E+00   0.000000E+00   4.455641E-12   0.000000E+00   1.036465E-11
 AUTOSPC FORCE TOTALS:   0.000000E+00   0.000000E+00   0.000000E+00   1.375023E-11   0.000000E+00   1.997771E-12
     (for output set)

 >> LINK  9 END

 >> LINK  1 BEGIN

               DEALLOCATED  9.22E-02 MB MEMORY FROM ARRAY STF3
               DEALLOCATED  5.28E-04 MB MEMORY FROM ARRAY STFKEY
               DEALLOCATED  9.22E-02 MB MEMORY FROM ARRAY STF3

 >> LINK  1 END


 >> LINK  2 BEGIN

 *INFORMATION: MAX DIAGONAL TERM IN THE KGGD MATRIX IS =  0.00E+00 WHICH IS TOO SMALL FOR CALCULATION OF MATRIX STATS
               IN SUBR GET_MATRIX_DIAG_STATS          
 *INFORMATION: MAX DIAGONAL TERM IN THE KNND MATRIX IS =  0.00E+00 WHICH IS TOO SMALL FOR CALCULATION OF MATRIX STATS
               IN SUBR GET_MATRIX_DIAG_STATS          
 *INFORMATION: MAX DIAGONAL TERM IN THE KAAD MATRIX IS =  0.00E+00 WHICH IS TOO SMALL FOR CALCULATION OF MATRIX STATS
               IN SUBR GET_MATRIX_DIAG_STATS          
 *INFORMATION: MAX DIAGONAL TERM IN THE KLLD MATRIX IS =  0.00E+00 WHICH IS TOO SMALL FOR CALCULATION OF MATRIX STATS
               IN SUBR GET_MATRIX_DIAG_STATS          

 >> LINK  2 END


 >> LINK  4 BEGIN

 SUPERLU FACTORIZATION OF MATRIX KMSM SUCCEEDED IN SUBR SYM_MAT_DECOMP_SUPRLU          


                           E I G E N V A L U E   A N A L Y S I S   S U M M A R Y   (LANCZOS  Mode 2 DGB, Shift eigen =  1.00E+01)
                                                                      (SPARSE solution)

                                NUMBER OF EIGENVALUES EXTRACTED  . . . . . .         3

                                LARGEST OFF-DIAGONAL GENERALIZED MASS TERM     1.6E-09 (Vecs renormed to 1.0 for gen masses)

                                                                       . . .         3
                                          MODE PAIR . . . . . . . . . .
                                                                       . . .         1

                                NUMBER OF OFF DIAGONAL GENERALIZED MASS
                                TERMS FAILING CRITERION OF  1.0E-04. . . . .         0



                                            R E A L   E I G E N V A L U E S
                                           (subcase 1 buckling load factors)

                                         MODE  EXTRACTION      EIGENVALUE
                                        NUMBER   ORDER

                                             1       1        2.776899E+01
                                             2       2        2.680528E+02
                                             3       3        2.839479E+02



 >> LINK  4 END


 >> LINK  5 BEGIN


 >> LINK  5 END


 >> LINK  9 BEGIN



 OUTPUT FOR EIGENVECTOR        1

                                                         E I G E N V E C T O R
                                              (in global coordinate system at each grid)
           GRID     COORD      T1            T2            T3            R1            R2            R3
                     SYS
              1        0  0.0           0.0           0.0           0.0           0.0           0.0         
              2        0  0.0           0.0           0.0           0.0           0.0           0.0         
              3        0 -6.364282E-03 -1.224784E-16 -6.364282E-03  0.0           1.308439E-04  2.018554E-02
              4        0 -6.358526E-03  1.649269E-16 -6.358526E-03  0.0           1.591044E-04  2.022419E-02
              5        0 -3.998736E-03  1.599384E-16 -3.998736E-03 -1.870670E-02  2.553354E-04  0.0         
              6        0 -3.819751E-03 -1.193249E-16 -3.819751E-03 -1.845694E-02  1.027825E-04  0.0         
              7        0 -4.958936E-03  1.681690E-16 -4.958936E-03 -1.965984E-02  2.215096E-04  0.0         
              8        0 -2.133434E-03 -1.189014E-16 -2.133434E-03  0.0           4.978104E-05  1.501772E-02
              9        0 -2.200946E-05  1.128806E-16 -2.200946E-05 -1.889016E-03  3.636689E-04  0.0         
             10        0 -1.502110E-04 -1.174114E-16 -1.502110E-04  0.0          -1.563488E-05  4.151036E-03
             11        0 -1.892916E-04  9.617345E-17 -1.892916E-04 -4.799573E-03  3.507861E-04  0.0         
             12        0 -5.759449E-03 -1.156544E-16 -5.759449E-03 -2.005316E-02  1.292758E-04  0.0         
             13        0 -5.045867E-04  1.229153E-16 -5.045867E-04 -7.802975E-03  3.530293E-04  0.0         
             14        0 -4.357470E-04 -1.228631E-16 -4.357470E-04 -7.204347E-03 -1.002159E-05  0.0         
             15        0 -9.658730E-04  1.439456E-16 -9.658730E-04  0.0           3.441528E-04  1.063414E-02
             16        0 -2.933574E-03 -1.153078E-16 -2.933574E-03  0.0           7.537070E-05  1.694947E-02
             17        0 -1.562294E-03  1.467177E-16 -1.562294E-03 -1.320135E-02  3.279147E-04  0.0         
             18        0 -8.687759E-04 -1.122862E-16 -8.687759E-04  0.0           7.489049E-06  1.008359E-02
             19        0 -2.278969E-03  1.624650E-16 -2.278969E-03 -1.543809E-02  3.070288E-04  0.0         
             20        0 -4.769729E-03 -1.253415E-16 -4.769729E-03 -1.950265E-02  1.275834E-04  0.0         
             21        0 -3.097945E-03  1.663126E-16 -3.097945E-03 -1.728826E-02  2.826866E-04  0.0         
             22        0 -1.439382E-03 -1.182748E-16 -1.439382E-03 -1.270979E-02  2.711983E-05  0.0         
                         ------------- ------------- ------------- ------------- ------------- -------------
                MAX* :    0.0           1.681690E-16  0.0           0.0           3.636689E-04  2.022419E-02
                MIN* :   -6.364282E-03 -1.253415E-16 -6.364282E-03 -2.005316E-02 -1.563488E-05  0.0         

                ABS* :    6.364282E-03  1.681690E-16  6.364282E-03  2.005316E-02  3.636689E-04  2.022419E-02
                *for output set

                                                    SPC Force Summary on AUTOSPC'd DOF's
                                                 (in global coordinate system at each grid)
        For detailed information on the SPC forces for the AUTOSPC DOF's, set field 7 (AUTOSPC_SPCF) on the PARAM AUTOSPC entry to Y

                              T1             T2             T3             R1             R2             R3

 ABS AUTOSPC FORCES  :   0.000000E+00   0.000000E+00   0.000000E+00   0.000000E+00   0.000000E+00   0.000000E+00
 AUTOSPC FORCE TOTALS:   0.000000E+00   0.000000E+00   0.000000E+00   0.000000E+00   0.000000E+00   0.000000E+00
     (for output set)


 OUTPUT FOR EIGENVECTOR        2

                                                         E I G E N V E C T O R
                                              (in global coordinate system at each grid)
           GRID     COORD      T1            T2            T3            R1            R2            R3
                     SYS
              1        0  0.0           0.0           0.0           0.0           0.0           0.0         
              2        0  0.0           0.0           0.0           0.0           0.0           0.0         
              3        0 -2.195685E-03  2.002976E-14 -2.195685E-03  0.0           9.943792E-04 -2.085216E-02
              4        0 -2.170770E-03 -1.970101E-14 -2.170770E-03  0.0           7.362624E-04 -2.119625E-02
              5        0 -4.132843E-03 -1.859427E-14 -4.132843E-03  8.562474E-03  7.517266E-05  0.0         
              6        0 -4.229091E-03  1.956118E-14 -4.229091E-03  6.652839E-03  1.145329E-03  0.0         
              7        0 -3.509874E-03 -1.888882E-14 -3.509874E-03  1.618782E-02  2.536638E-04  0.0         
              8        0 -3.954133E-03  1.782292E-14 -3.954133E-03  0.0           1.131007E-03  1.189299E-02
              9        0 -6.738863E-05 -1.106884E-14 -6.738863E-05 -5.880064E-03  1.119629E-03  0.0         
             10        0 -4.552423E-04  1.183340E-14 -4.552423E-04  0.0           1.902431E-04  1.211394E-02
             11        0 -5.611756E-04 -1.002354E-14 -5.611756E-04 -1.376882E-02  1.041698E-03  0.0         
             12        0 -2.815648E-03  2.019304E-14 -2.815648E-03  1.961782E-02  1.016855E-03  0.0         
             13        0 -1.392095E-03 -1.165978E-14 -1.392095E-03 -1.918368E-02  8.810577E-04  0.0         
             14        0 -1.231322E-03  1.286235E-14 -1.231322E-03 -1.835175E-02  4.206444E-04  0.0         
             15        0 -2.392851E-03 -1.315918E-14 -2.392851E-03  0.0           6.332936E-04  2.043147E-02
             16        0 -4.326033E-03  1.904929E-14 -4.326033E-03  0.0           1.198733E-03  2.946533E-03
             17        0 -3.344939E-03 -1.520111E-14 -3.344939E-03 -1.719181E-02  3.727405E-04  0.0         
             18        0 -2.215961E-03  1.535341E-14 -2.215961E-03  0.0           6.988866E-04  2.054772E-02
             19        0 -4.039111E-03 -1.619137E-14 -4.039111E-03 -1.017225E-02  1.647191E-04  0.0         
             20        0 -3.684885E-03  1.960766E-14 -3.684885E-03  1.479631E-02  1.015644E-03  0.0         
             21        0 -4.322656E-03 -1.726886E-14 -4.322656E-03 -9.126749E-04  5.664920E-05  0.0         
             22        0 -3.195178E-03  1.662483E-14 -3.195178E-03 -1.822346E-02  9.520280E-04  0.0         
                         ------------- ------------- ------------- ------------- ------------- -------------
                MAX* :    0.0           2.019304E-14  0.0           1.961782E-02  1.198733E-03  2.054772E-02
                MIN* :   -4.326033E-03 -1.970101E-14 -4.326033E-03 -1.918368E-02  0.0          -2.119625E-02

                ABS* :    4.326033E-03  2.019304E-14  4.326033E-03  1.961782E-02  1.198733E-03  2.119625E-02
                *for output set

                                                    SPC Force Summary on AUTOSPC'd DOF's
                                                 (in global coordinate system at each grid)
        For detailed information on the SPC forces for the AUTOSPC DOF's, set field 7 (AUTOSPC_SPCF) on the PARAM AUTOSPC entry to Y

                              T1             T2             T3             R1             R2             R3

 ABS AUTOSPC FORCES  :   0.000000E+00   0.000000E+00   0.000000E+00   0.000000E+00   0.000000E+00   0.000000E+00
 AUTOSPC FORCE TOTALS:   0.000000E+00   0.000000E+00   0.000000E+00   0.000000E+00   0.000000E+00   0.000000E+00
     (for output set)


 OUTPUT FOR EIGENVECTOR        3

                                                         E I G E N V E C T O R
                                              (in global coordinate system at each grid)
           GRID     COORD      T1            T2            T3            R1            R2            R3
                     SYS
              1        0  0.0           0.0           0.0           0.0           0.0           0.0         
              2        0  0.0           0.0           0.0           0.0           0.0           0.0         
              3        0 -6.865745E-03  3.177867E-04  6.865745E-03  0.0          -8.285216E-14  9.186869E-13
              4        0 -6.864308E-03 -3.066701E-04  6.864308E-03  0.0          -6.149647E-14  9.539758E-13
              5        0 -4.777725E-03 -2.886697E-04  4.777725E-03 -1.700390E-13 -3.144739E-14  0.0         
              6        0 -4.608000E-03  3.054018E-04  4.608000E-03 -5.101548E-14 -9.680083E-14  0.0         
              7        0 -5.636409E-03 -2.982189E-04  5.636409E-03 -6.466160E-13 -3.801804E-14  0.0         
              8        0 -3.006444E-03  2.780403E-04  3.006444E-03  0.0          -9.686880E-14 -1.112602E-12
              9        0 -2.014977E-04 -1.733595E-04  2.014977E-04  4.642674E-13 -9.128548E-14  0.0         
             10        0 -5.257464E-04  1.903991E-04  5.257464E-04  0.0          -2.150248E-14 -9.610246E-13
             11        0 -6.191639E-04 -1.521443E-04  6.191639E-04  1.092028E-12 -9.159918E-14  0.0         
             12        0 -6.335360E-03  3.153046E-04  6.335360E-03 -8.598577E-13 -8.122426E-14  0.0         
             13        0 -1.143318E-03 -1.832428E-04  1.143318E-03  1.542234E-12 -7.899167E-14  0.0         
             14        0 -1.031152E-03  2.091623E-04  1.031152E-03  1.470595E-12 -4.082798E-14  0.0         
             15        0 -1.747057E-03 -2.110068E-04  1.747057E-03  0.0          -6.048743E-14 -1.682530E-12
             16        0 -3.785740E-03  2.937315E-04  3.785740E-03  0.0          -1.003985E-13 -5.192968E-13
             17        0 -2.422206E-03 -2.357581E-04  2.422206E-03  1.475348E-12 -4.399240E-14  0.0         
             18        0 -1.619484E-03  2.355262E-04  1.619484E-03  0.0          -5.842056E-14 -1.681142E-12
             19        0 -3.159344E-03 -2.571424E-04  3.159344E-03  9.880911E-13 -3.238978E-14  0.0         
             20        0 -5.461748E-03  3.128989E-04  5.461748E-03 -5.567895E-13 -8.693622E-14  0.0         
             21        0 -3.948186E-03 -2.748613E-04  3.948186E-03  3.916165E-13 -2.924592E-14  0.0         
             22        0 -2.280984E-03  2.585473E-04  2.280984E-03  1.546903E-12 -8.087938E-14  0.0         
                         ------------- ------------- ------------- ------------- ------------- -------------
                MAX* :    0.0           3.177867E-04  6.865745E-03  1.546903E-12  0.0           9.539758E-13
                MIN* :   -6.865745E-03 -3.066701E-04  0.0          -8.598577E-13 -1.003985E-13 -1.682530E-12

                ABS* :    6.865745E-03  3.177867E-04  6.865745E-03  1.546903E-12  1.003985E-13  1.682530E-12
                *for output set

                                                    SPC Force Summary on AUTOSPC'd DOF's
                                                 (in global coordinate system at each grid)
        For detailed information on the SPC forces for the AUTOSPC DOF's, set field 7 (AUTOSPC_SPCF) on the PARAM AUTOSPC entry to Y

                              T1             T2             T3             R1             R2             R3

 ABS AUTOSPC FORCES  :   0.000000E+00   0.000000E+00   0.000000E+00   0.000000E+00   0.000000E+00   0.000000E+00
 AUTOSPC FORCE TOTALS:   0.000000E+00   0.000000E+00   0.000000E+00   0.000000E+00   0.000000E+00   0.000000E+00
     (for output set)

 >> LINK  9 END

    Total CPU time =  3.12E-02 seconds

 >> MYSTRAN END    :  6/ 4/2026 at 11:54:49.393
