   604115452

 MYSTRAN Version 18.0.0   APR 20 2026 MYSTRAN developed by Dr Bill Case
*** Please report any problems to mystransolver@gmail.com ***                                                                                                                                                                                                   

 >> MYSTRAN BEGIN  :  6/ 4/2026 at 11:54:52.476 The input file is C:\Users\victo\Documents\Git\MYSTRAN_Validation\working\NAS B30 quad4 thin_3.bdf                                                                                                                                                                                


 >> LINK  0 BEGIN


SOL 105                                                                                                                                                                                                                                                         
CEND                                                                                                                                                                                                                                                            
DISPLACEMENT = ALL                                                                                                                                                                                                                                              
SPC = 1                                                                                                                                                                                                                                                         
SUBCASE 1                                                                                                                                                                                                                                                       
LOAD = 1                                                                                                                                                                                                                                                        
SUBCASE 2                                                                                                                                                                                                                                                       
METHOD = 1                                                                                                                                                                                                                                                      
BEGIN BULK                                                                                                                                                                                                                                                      
ECHO: loadb GRID*                  1               0-4.53153893518-2 -2.1130913087-2*                                                                                                                                                                                       
ECHO: loadb *                  0.0+0               0                                                                                                                                                                                                                        
ECHO: loadb GRID*                  2               0 -1.5138140653-1 8.49351040909-2*                                                                                                                                                                                       
ECHO: loadb *                  0.0+0               0                                                                                                                                                                                                                        
ECHO: loadb GRID*                  3               0   -1.33703737-1 6.72574345613-2*                                                                                                                                                                                       
ECHO: loadb *                  0.0+0               0                                                                                                                                                                                                                        
ECHO: loadb GRID*                  4               0-1.44310338718-1 9.20061719028-2*                                                                                                                                                                                       
ECHO: loadb *                  0.0+0               0                                                                                                                                                                                                                        
ECHO: loadb GRID*                  5               0-8.06707284112-2 1.42244259723-2*                                                                                                                                                                                       
ECHO: loadb *                  0.0+0               0                                                                                                                                                                                                                        
ECHO: loadb GRID*                  6               0-9.83483979408-2  3.1902095502-2*                                                                                                                                                                                       
ECHO: loadb *                  0.0+0               0                                                                                                                                                                                                                        
ECHO: loadb GRID*                  7               0  -3.824432154-2-1.40598452752-2*                                                                                                                                                                                       
ECHO: loadb *                  0.0+0               0                                                                                                                                                                                                                        
ECHO: loadb GRID*                  8               0-1.79665677777-1 1.27361510962-1*                                                                                                                                                                                       
ECHO: loadb *                  0.0+0               0                                                                                                                                                                                                                        
ECHO: loadb GRID*                  9               0 -9.1277330129-2 3.89731633138-2*                                                                                                                                                                                       
ECHO: loadb *                  0.0+0               0                                                                                                                                                                                                                        
ECHO: loadb GRID*                 10               0-1.69059076059-1 1.02612773621-1*                                                                                                                                                                                       
ECHO: loadb *                  0.0+0               0                                                                                                                                                                                                                        
ECHO: loadb GRID*                 11               0-1.61988008248-1 1.09683841432-1*                                                                                                                                                                                       
ECHO: loadb *                  0.0+0               0                                                                                                                                                                                                                        
ECHO: loadb GRID*                 12               0 -1.1602606747-1 4.95797650316-2*                                                                                                                                                                                       
ECHO: loadb *                  0.0+0               0                                                                                                                                                                                                                        
ECHO: loadb GRID*                 13               0-7.35996605993-2 2.12954937842-2*                                                                                                                                                                                       
ECHO: loadb *                  0.0+0               0                                                                                                                                                                                                                        
ECHO: loadb GRID*                 14               0-5.59219910696-2 3.61782425449-3*                                                                                                                                                                                       
ECHO: loadb *                  0.0+0               0                                                                                                                                                                                                                        
ECHO: loadb GRID*                 15               0-1.08954999659-1 5.66508328435-2*                                                                                                                                                                                       
ECHO: loadb *                  0.0+0               0                                                                                                                                                                                                                        
ECHO: loadb GRID*                 16               0-6.29930588815-2-3.45324355737-3*                                                                                                                                                                                       
ECHO: loadb *                  0.0+0               0                                                                                                                                                                                                                        
ECHO: loadb GRID*                 17               0-1.86736745589-1  1.2029044315-1*                                                                                                                                                                                       
ECHO: loadb *                  0.0+0               0                                                                                                                                                                                                                        
ECHO: loadb GRID*                 18               0-1.26632669188-1 7.43285023731-2*                                                                                                                                                                                       
ECHO: loadb *                  0.0+0               0                                                                                                                                                                                                                        
ECHO: loadb GRID*                 19               0 4.69846310393-2-1.71010071663-2*                                                                                                                                                                                       
ECHO: loadb *                  0.0+0               0                                                                                                                                                                                                                        
ECHO: loadb GRID*                 20               0 4.69846310393-2 5.78989928337-2*                                                                                                                                                                                       
ECHO: loadb *                  0.0+0               0                                                                                                                                                                                                                        
ECHO: loadb GRID*                 21               0 4.69846310393-2 8.28989928337-2*                                                                                                                                                                                       
ECHO: loadb *                  0.0+0               0                                                                                                                                                                                                                        
ECHO: loadb GRID*                 22               0 4.69846310393-2 1.82898992834-1*                                                                                                                                                                                       
ECHO: loadb *                  0.0+0               0                                                                                                                                                                                                                        
ECHO: loadb GRID*                 23               0 5.69846310393-2 5.78989928337-2*                                                                                                                                                                                       
ECHO: loadb *                  0.0+0               0                                                                                                                                                                                                                        
ECHO: loadb GRID*                 24               0 4.69846310393-2 7.89899283372-3*                                                                                                                                                                                       
ECHO: loadb *                  0.0+0               0                                                                                                                                                                                                                        
ECHO: loadb GRID*                 25               0 4.69846310393-2 1.32898992834-1*                                                                                                                                                                                       
ECHO: loadb *                  0.0+0               0                                                                                                                                                                                                                        
ECHO: loadb GRID*                 26               0 4.69846310393-2 1.07898992834-1*                                                                                                                                                                                       
ECHO: loadb *                  0.0+0               0                                                                                                                                                                                                                        
ECHO: loadb GRID*                 27               0 4.69846310393-2 3.28989928337-2*                                                                                                                                                                                       
ECHO: loadb *                  0.0+0               0                                                                                                                                                                                                                        
ECHO: loadb GRID*                 28               0 5.69846310393-2 1.07898992834-1*                                                                                                                                                                                       
ECHO: loadb *                  0.0+0               0                                                                                                                                                                                                                        
ECHO: loadb GRID*                 29               0 5.69846310393-2 1.32898992834-1*                                                                                                                                                                                       
ECHO: loadb *                  0.0+0               0                                                                                                                                                                                                                        
ECHO: loadb GRID*                 30               0 5.69846310393-2-1.71010071663-2*                                                                                                                                                                                       
ECHO: loadb *                  0.0+0               0                                                                                                                                                                                                                        
ECHO: loadb GRID*                 31               0 5.69846310393-2 1.82898992834-1*                                                                                                                                                                                       
ECHO: loadb *                  0.0+0               0                                                                                                                                                                                                                        
ECHO: loadb GRID*                 32               0 4.69846310393-2 1.57898992834-1*                                                                                                                                                                                       
ECHO: loadb *                  0.0+0               0                                                                                                                                                                                                                        
ECHO: loadb GRID*                 33               0 5.69846310393-2 1.57898992834-1*                                                                                                                                                                                       
ECHO: loadb *                  0.0+0               0                                                                                                                                                                                                                        
ECHO: loadb GRID*                 34               0 5.69846310393-2 3.28989928337-2*                                                                                                                                                                                       
ECHO: loadb *                  0.0+0               0                                                                                                                                                                                                                        
ECHO: loadb GRID*                 35               0 5.69846310393-2 7.89899283372-3*                                                                                                                                                                                       
ECHO: loadb *                  0.0+0               0                                                                                                                                                                                                                        
ECHO: loadb GRID*                 36               0 5.69846310393-2 8.28989928337-2*                                                                                                                                                                                       
ECHO: loadb *                  0.0+0               0                                                                                                                                                                                                                        
ECHO: loadb PARAM   QUAD4TYP  MITC4+                                                                                                                                                                                                                                        
ECHO: loadb PARAM    STR_CID      -2                                                                                                                                                                                                                                        
ECHO: loadb MAT1           1  5.0+10  2.5+10   0.0+0   0.0+0   6.0-4   0.0+0                                                                                                                                                                                                
ECHO: loadb SPC            1       1       1   0.0+0                                                                                                                                                                                                                        
ECHO: loadb SPC            1       1       2   0.0+0                                                                                                                                                                                                                        
ECHO: loadb SPC            1       1       3   0.0+0                                                                                                                                                                                                                        
ECHO: loadb SPC            1       1       4   0.0+0                                                                                                                                                                                                                        
ECHO: loadb SPC            1       1       5   0.0+0                                                                                                                                                                                                                        
ECHO: loadb SPC            1       1       6   0.0+0                                                                                                                                                                                                                        
ECHO: loadb SPC            1       7       1   0.0+0                                                                                                                                                                                                                        
ECHO: loadb SPC            1       7       2   0.0+0                                                                                                                                                                                                                        
ECHO: loadb SPC            1       7       3   0.0+0                                                                                                                                                                                                                        
ECHO: loadb SPC            1       7       4   0.0+0                                                                                                                                                                                                                        
ECHO: loadb SPC            1       7       5   0.0+0                                                                                                                                                                                                                        
ECHO: loadb SPC            1       7       6   0.0+0                                                                                                                                                                                                                        
ECHO: loadb SPC            1      19       1   0.0+0                                                                                                                                                                                                                        
ECHO: loadb SPC            1      19       2   0.0+0                                                                                                                                                                                                                        
ECHO: loadb SPC            1      19       3   0.0+0                                                                                                                                                                                                                        
ECHO: loadb SPC            1      19       4   0.0+0                                                                                                                                                                                                                        
ECHO: loadb SPC            1      19       5   0.0+0                                                                                                                                                                                                                        
ECHO: loadb SPC            1      19       6   0.0+0                                                                                                                                                                                                                        
ECHO: loadb SPC            1      30       1   0.0+0                                                                                                                                                                                                                        
ECHO: loadb SPC            1      30       2   0.0+0                                                                                                                                                                                                                        
ECHO: loadb SPC            1      30       3   0.0+0                                                                                                                                                                                                                        
ECHO: loadb SPC            1      30       4   0.0+0                                                                                                                                                                                                                        
ECHO: loadb SPC            1      30       5   0.0+0                                                                                                                                                                                                                        
ECHO: loadb SPC            1      30       6   0.0+0                                                                                                                                                                                                                        
ECHO: loadb PSHELL         1       1   1.0-5       1               1           0.0+0                                                                                                                                                                                        
ECHO: loadb CQUAD4         1       1      14       7       1      16   0.0+0   0.0+0                                                                                                                                                                                        
ECHO: loadb CQUAD4         2       1      12      15      18       3   0.0+0   0.0+0                                                                                                                                                                                        
ECHO: loadb CQUAD4         3       1       2       4      11      10   0.0+0   0.0+0                                                                                                                                                                                        
ECHO: loadb CQUAD4         4       1       9      13       5       6   0.0+0   0.0+0                                                                                                                                                                                        
ECHO: loadb CQUAD4         5       1       3      18       4       2   0.0+0   0.0+0                                                                                                                                                                                        
ECHO: loadb CQUAD4         6       1      15       9       6      12   0.0+0   0.0+0                                                                                                                                                                                        
ECHO: loadb CQUAD4         7       1      13      14      16       5   0.0+0   0.0+0                                                                                                                                                                                        
ECHO: loadb CQUAD4         8       1      10      11       8      17   0.0+0   0.0+0                                                                                                                                                                                        
ECHO: loadb CQUAD4         9       1      30      35      24      19   0.0+0   0.0+0                                                                                                                                                                                        
ECHO: loadb CQUAD4        10       1      34      23      20      27   0.0+0   0.0+0                                                                                                                                                                                        
ECHO: loadb CQUAD4        11       1      21      36      28      26   0.0+0   0.0+0                                                                                                                                                                                        
ECHO: loadb CQUAD4        12       1      35      34      27      24   0.0+0   0.0+0                                                                                                                                                                                        
ECHO: loadb CQUAD4        13       1      25      29      33      32   0.0+0   0.0+0                                                                                                                                                                                        
ECHO: loadb CQUAD4        14       1      26      28      29      25   0.0+0   0.0+0                                                                                                                                                                                        
ECHO: loadb CQUAD4        15       1      23      36      21      20   0.0+0   0.0+0                                                                                                                                                                                        
ECHO: loadb CQUAD4        16       1      32      33      31      22   0.0+0   0.0+0                                                                                                                                                                                        
ECHO: loadb FORCE          2      31       0   1.0+0   0.0+0  -5.0-1   0.0+0                                                                                                                                                                                                
ECHO: loadb FORCE          2      22       0   1.0+0   0.0+0  -5.0-1   0.0+0                                                                                                                                                                                                
ECHO: loadb FORCE*                 2               8               0           1.0+0*                                                                                                                                                                                       
ECHO: loadb *        3.53553390593-1-3.53553390593-1           0.0+0                                                                                                                                                                                                        
ECHO: loadb FORCE*                 2              17               0           1.0+0*                                                                                                                                                                                       
ECHO: loadb *        3.53553390593-1-3.53553390593-1           0.0+0                                                                                                                                                                                                        
ECHO: loadb EIGRL          1                       2       0           1.0-6    MASS                                                                                                                                                                                        
ECHO: loadb LOAD           1   1.0+0   1.0+0       2                                                                                                                                                                                                                        
ECHO: loadb ENDDATA                                                                                                                                                                                                                                                         





 >> LINK  0 END


 >> LINK  1 BEGIN

               DEALLOCATED  1.47E-01 MB MEMORY FROM ARRAY STF3


 *INFORMATION: AUTOSPC Summary, Stage 1 after identification of AUTOSPC's at the grid level                                                 

                                     AUTOSPC_RAT = 1.000000E-08

                       Number of DOF's identified for AUTOSPC in component  1         =            0
                       Number of DOF's identified for AUTOSPC in component  2         =            0
                       Number of DOF's identified for AUTOSPC in component  3         =            0
                       Number of DOF's identified for AUTOSPC in component  4         =            0
                       Number of DOF's identified for AUTOSPC in component  5         =            0
                       Number of DOF's identified for AUTOSPC in component  6         =           32
                                                                                        ------------
                       Total number of DOF's identified in this stage                 =           32

               DEALLOCATED  8.64E-04 MB MEMORY FROM ARRAY STFKEY
               DEALLOCATED  1.47E-01 MB MEMORY FROM ARRAY STF3

 >> LINK  1 END


 >> LINK  2 BEGIN



 *INFORMATION: AUTOSPC Summary, Overall: after identification of all AUTOSPC's                                                               

                                     AUTOSPC_RAT = 1.000000E-08

                       Number of DOF's identified for AUTOSPC in component  1         =            0
                       Number of DOF's identified for AUTOSPC in component  2         =            0
                       Number of DOF's identified for AUTOSPC in component  3         =            0
                       Number of DOF's identified for AUTOSPC in component  4         =            0
                       Number of DOF's identified for AUTOSPC in component  5         =            0
                       Number of DOF's identified for AUTOSPC in component  6         =           32
                                                                                        ------------
                       Total number of DOF's identified overall                       =           32


 >> LINK  2 END


 >> LINK  3 BEGIN

 SUPERLU FACTORIZATION OF MATRIX KLL SUCCEEDED IN SUBR SYM_MAT_DECOMP_SUPRLU          

 *INFORMATION: FOR INTERNAL SUBCASE NUMBER        1 EPSILON ERROR ESTIMATE            = -7.657693E-16 Based on U'*(K*U - P)/(U'*P)

 *WARNING    : CANNOT CALCULATE EPSILON ERROR ESTIMATE FOR INTERNAL SUBCASE NUMBER        2
               THE DOT PRODUCT OF DISPL AND LOAD VECTORS                     =    0.000000E+00 CANNOT BE INVERTED.
               IT IS TOO SMALL COMPARED TO MACHINE SAFE MINIMUM (MACH_SFMIN) =    2.225074-308


 >> LINK  3 END


 >> LINK  5 BEGIN


 >> LINK  5 END


 >> LINK  9 BEGIN



 OUTPUT FOR SUBCASE        1

                                                       D I S P L A C E M E N T S
                                              (in global coordinate system at each grid)
           GRID     COORD      T1            T2            T3            R1            R2            R3
                     SYS
              1        0  0.0           0.0           0.0           0.0           0.0           0.0         
              2        0  2.121320E-05 -2.121320E-05  0.0           0.0           0.0           0.0         
              3        0  1.767767E-05 -1.767767E-05  0.0           0.0           0.0           0.0         
              4        0  2.121320E-05 -2.121320E-05  0.0           0.0           0.0           0.0         
              5        0  7.071068E-06 -7.071068E-06  0.0           0.0           0.0           0.0         
              6        0  1.060660E-05 -1.060660E-05  0.0           0.0           0.0           0.0         
              7        0  0.0           0.0           0.0           0.0           0.0           0.0         
              8        0  2.828427E-05 -2.828427E-05  0.0           0.0           0.0           0.0         
              9        0  1.060660E-05 -1.060660E-05  0.0           0.0           0.0           0.0         
             10        0  2.474874E-05 -2.474874E-05  0.0           0.0           0.0           0.0         
             11        0  2.474874E-05 -2.474874E-05  0.0           0.0           0.0           0.0         
             12        0  1.414214E-05 -1.414214E-05  0.0           0.0           0.0           0.0         
             13        0  7.071068E-06 -7.071068E-06  0.0           0.0           0.0           0.0         
             14        0  3.535534E-06 -3.535534E-06  0.0           0.0           0.0           0.0         
             15        0  1.414214E-05 -1.414214E-05  0.0           0.0           0.0           0.0         
             16        0  3.535534E-06 -3.535534E-06  0.0           0.0           0.0           0.0         
             17        0  2.828427E-05 -2.828427E-05  0.0           0.0           0.0           0.0         
             18        0  1.767767E-05 -1.767767E-05  0.0           0.0           0.0           0.0         
             19        0  0.0           0.0           0.0           0.0           0.0           0.0         
             20        0 -2.516005E-18 -1.500000E-05  0.0           0.0           0.0           0.0         
             21        0 -3.962162E-18 -2.000000E-05  0.0           0.0           0.0           0.0         
             22        0 -1.087525E-17 -4.000000E-05  0.0           0.0           0.0           0.0         
             23        0 -2.515734E-18 -1.500000E-05  0.0           0.0           0.0           0.0         
             24        0 -3.629318E-19 -5.000000E-06  0.0           0.0           0.0           0.0         
             25        0 -7.219508E-18 -3.000000E-05  0.0           0.0           0.0           0.0         
             26        0 -5.533552E-18 -2.500000E-05  0.0           0.0           0.0           0.0         
             27        0 -1.276657E-18 -1.000000E-05  0.0           0.0           0.0           0.0         
             28        0 -5.534255E-18 -2.500000E-05  0.0           0.0           0.0           0.0         
             29        0 -7.220253E-18 -3.000000E-05  0.0           0.0           0.0           0.0         
             30        0  0.0           0.0           0.0           0.0           0.0           0.0         
             31        0 -1.087656E-17 -4.000000E-05  0.0           0.0           0.0           0.0         
             32        0 -9.001891E-18 -3.500000E-05  0.0           0.0           0.0           0.0         
             33        0 -9.000567E-18 -3.500000E-05  0.0           0.0           0.0           0.0         
             34        0 -1.278190E-18 -1.000000E-05  0.0           0.0           0.0           0.0         
             35        0 -3.624874E-19 -5.000000E-06  0.0           0.0           0.0           0.0         
             36        0 -3.962019E-18 -2.000000E-05  0.0           0.0           0.0           0.0         
                         ------------- ------------- ------------- ------------- ------------- -------------
                MAX* :    2.828427E-05  0.0           0.0           0.0           0.0           0.0         
                MIN* :   -1.087656E-17 -4.000000E-05  0.0           0.0           0.0           0.0         

                ABS* :    2.828427E-05  4.000000E-05  0.0           0.0           0.0           0.0         
                *for output set

                                                    SPC Force Summary on AUTOSPC'd DOF's
                                                 (in global coordinate system at each grid)
        For detailed information on the SPC forces for the AUTOSPC DOF's, set field 7 (AUTOSPC_SPCF) on the PARAM AUTOSPC entry to Y

                              T1             T2             T3             R1             R2             R3

 ABS AUTOSPC FORCES  :   0.000000E+00   0.000000E+00   0.000000E+00   0.000000E+00   0.000000E+00   0.000000E+00
 AUTOSPC FORCE TOTALS:   0.000000E+00   0.000000E+00   0.000000E+00   0.000000E+00   0.000000E+00   0.000000E+00
     (for output set)

 >> LINK  9 END

 >> LINK  1 BEGIN

               DEALLOCATED  1.47E-01 MB MEMORY FROM ARRAY STF3
               DEALLOCATED  8.64E-04 MB MEMORY FROM ARRAY STFKEY
               DEALLOCATED  1.47E-01 MB MEMORY FROM ARRAY STF3

 >> LINK  1 END


 >> LINK  2 BEGIN

 *INFORMATION: MAX DIAGONAL TERM IN THE KGGD MATRIX IS =  0.00E+00 WHICH IS TOO SMALL FOR CALCULATION OF MATRIX STATS
               IN SUBR GET_MATRIX_DIAG_STATS          
 *INFORMATION: MAX DIAGONAL TERM IN THE KNND MATRIX IS =  0.00E+00 WHICH IS TOO SMALL FOR CALCULATION OF MATRIX STATS
               IN SUBR GET_MATRIX_DIAG_STATS          
 *INFORMATION: MAX DIAGONAL TERM IN THE KAAD MATRIX IS =  0.00E+00 WHICH IS TOO SMALL FOR CALCULATION OF MATRIX STATS
               IN SUBR GET_MATRIX_DIAG_STATS          
 *INFORMATION: MAX DIAGONAL TERM IN THE KLLD MATRIX IS =  0.00E+00 WHICH IS TOO SMALL FOR CALCULATION OF MATRIX STATS
               IN SUBR GET_MATRIX_DIAG_STATS          

 >> LINK  2 END


 >> LINK  4 BEGIN

 SUPERLU FACTORIZATION OF MATRIX KMSM SUCCEEDED IN SUBR SYM_MAT_DECOMP_SUPRLU          


                           E I G E N V A L U E   A N A L Y S I S   S U M M A R Y   (LANCZOS  Mode 2 DGB, Shift eigen =  1.00E-06)
                                                                      (SPARSE solution)

                                NUMBER OF EIGENVALUES EXTRACTED  . . . . . .         2

                                LARGEST OFF-DIAGONAL GENERALIZED MASS TERM     1.9E-12 (Vecs renormed to 1.0 for gen masses)

                                                                       . . .         2
                                          MODE PAIR . . . . . . . . . .
                                                                       . . .         1

                                NUMBER OF OFF DIAGONAL GENERALIZED MASS
                                TERMS FAILING CRITERION OF  1.0E-04. . . . .         1



                                            R E A L   E I G E N V A L U E S
                                           (subcase 1 buckling load factors)

                                         MODE  EXTRACTION      EIGENVALUE
                                        NUMBER   ORDER

                                             1       1        2.586805E-06
                                             2       2        2.586806E-06



 >> LINK  4 END


 >> LINK  5 BEGIN


 >> LINK  5 END


 >> LINK  9 BEGIN



 OUTPUT FOR EIGENVECTOR        1

                                                         E I G E N V E C T O R
                                              (in global coordinate system at each grid)
           GRID     COORD      T1            T2            T3            R1            R2            R3
                     SYS
              1        0  0.0           0.0           0.0           0.0           0.0           0.0         
              2        0 -3.931410E-14 -4.470497E-14  2.174960E-01  1.813558E+00  1.813559E+00  0.0         
              3        0 -2.442640E-14 -3.028895E-14  1.565837E-01  1.632160E+00  1.632160E+00  0.0         
              4        0 -4.476964E-14 -3.928027E-14  2.174960E-01  1.813558E+00  1.813559E+00  0.0         
              5        0 -3.400028E-15 -4.375933E-15  2.681917E-02  7.512019E-01  7.512021E-01  0.0         
              6        0 -6.373243E-15 -9.178456E-15  5.937751E-02  1.090576E+00  1.090576E+00  0.0         
              7        0  0.0           0.0           0.0           0.0           0.0           0.0         
              8        0 -6.743662E-14 -6.286371E-14  3.523247E-01  1.962981E+00  1.962982E+00  0.0         
              9        0 -8.455699E-15 -7.127531E-15  5.937750E-02  1.090575E+00  1.090576E+00  0.0         
             10        0 -5.194360E-14 -5.663236E-14  2.835896E-01  1.925263E+00  1.925263E+00  0.0         
             11        0 -5.648078E-14 -5.210213E-14  2.835896E-01  1.925263E+00  1.925263E+00  0.0         
             12        0 -1.312896E-14 -1.658197E-14  1.031936E-01  1.388038E+00  1.388039E+00  0.0         
             13        0 -4.729123E-15 -3.041076E-15  2.681917E-02  7.512019E-01  7.512021E-01  0.0         
             14        0 -1.165791E-15 -7.593879E-16  6.769834E-03  3.829596E-01  3.829597E-01  0.0         
             15        0 -1.695164E-14 -1.271555E-14  1.031936E-01  1.388038E+00  1.388039E+00  0.0         
             16        0 -3.552930E-16 -1.551694E-15  6.769835E-03  3.829596E-01  3.829597E-01  0.0         
             17        0 -6.316960E-14 -6.715372E-14  3.523247E-01  1.962981E+00  1.962982E+00  0.0         
             18        0 -3.023429E-14 -2.446702E-14  1.565837E-01  1.632160E+00  1.632160E+00  0.0         
             19        0  0.0           0.0           0.0           0.0           0.0           0.0         
             20        0 -3.082347E-14 -3.234214E-15  3.306939E-02  8.589642E-01 -1.461464E-07  0.0         
             21        0 -4.808443E-14 -3.296232E-15  5.747212E-02  1.093254E+00 -2.758841E-07  0.0         
             22        0 -1.162881E-13 -4.619694E-15  1.962220E-01  1.546094E+00 -1.195423E-07  0.0         
             23        0 -3.081543E-14  3.061161E-15  3.306939E-02  8.589642E-01 -1.599440E-07  0.0         
             24        0 -3.307142E-15 -1.580406E-15  3.770355E-03  3.016284E-01 -4.623828E-08  0.0         
             25        0 -7.647710E-14 -2.987837E-15  1.211311E-01  1.428405E+00 -1.536928E-07  0.0         
             26        0 -6.397899E-14 -2.693875E-15  8.720692E-02  1.285530E+00 -2.533572E-07  0.0         
             27        0 -1.639066E-14 -2.906254E-15  1.493652E-02  5.916650E-01 -1.290675E-07  0.0         
             28        0 -6.397982E-14  2.731387E-15  8.720692E-02  1.285530E+00 -3.178991E-07  0.0         
             29        0 -7.648789E-14  2.695847E-15  1.211311E-01  1.428405E+00 -8.566189E-08  0.0         
             30        0  0.0           0.0           0.0           0.0           0.0           0.0         
             31        0 -1.162932E-13  4.935319E-15  1.962220E-01  1.546094E+00 -1.161601E-07  0.0         
             32        0 -9.362877E-14 -3.887595E-15  1.579410E-01  1.516386E+00 -1.024901E-07  0.0         
             33        0 -9.361677E-14  4.113137E-15  1.579410E-01  1.516386E+00 -1.083408E-07  0.0         
             34        0 -1.637842E-14  2.780946E-15  1.493652E-02  5.916650E-01 -1.368158E-07  0.0         
             35        0 -3.323275E-15  1.920238E-15  3.770356E-03  3.016284E-01 -5.129060E-08  0.0         
             36        0 -4.809008E-14  3.684326E-15  5.747212E-02  1.093254E+00 -2.580635E-07  0.0         
                         ------------- ------------- ------------- ------------- ------------- -------------
                MAX* :    0.0           4.935319E-15  3.523247E-01  1.962981E+00  1.962982E+00  0.0         
                MIN* :   -1.162932E-13 -6.715372E-14  0.0           0.0          -3.178991E-07  0.0         

                ABS* :    1.162932E-13  6.715372E-14  3.523247E-01  1.962981E+00  1.962982E+00  0.0         
                *for output set

                                                    SPC Force Summary on AUTOSPC'd DOF's
                                                 (in global coordinate system at each grid)
        For detailed information on the SPC forces for the AUTOSPC DOF's, set field 7 (AUTOSPC_SPCF) on the PARAM AUTOSPC entry to Y

                              T1             T2             T3             R1             R2             R3

 ABS AUTOSPC FORCES  :   0.000000E+00   0.000000E+00   0.000000E+00   0.000000E+00   0.000000E+00   0.000000E+00
 AUTOSPC FORCE TOTALS:   0.000000E+00   0.000000E+00   0.000000E+00   0.000000E+00   0.000000E+00   0.000000E+00
     (for output set)


 OUTPUT FOR EIGENVECTOR        2

                                                         E I G E N V E C T O R
                                              (in global coordinate system at each grid)
           GRID     COORD      T1            T2            T3            R1            R2            R3
                     SYS
              1        0  0.0           0.0           0.0           0.0           0.0           0.0         
              2        0 -7.324214E-14 -8.328537E-14 -1.211314E-01 -1.010037E+00 -1.010037E+00  0.0         
              3        0 -4.550606E-14 -5.642811E-14 -8.720717E-02 -9.090095E-01 -9.090097E-01  0.0         
              4        0 -8.340586E-14 -7.317912E-14 -1.211314E-01 -1.010037E+00 -1.010037E+00  0.0         
              5        0 -6.334188E-15 -8.152204E-15 -1.493659E-02 -4.183718E-01 -4.183720E-01  0.0         
              6        0 -1.187303E-14 -1.709913E-14 -3.306951E-02 -6.073808E-01 -6.073810E-01  0.0         
              7        0  0.0           0.0           0.0           0.0           0.0           0.0         
              8        0 -1.256341E-13 -1.171148E-13 -1.962225E-01 -1.093255E+00 -1.093255E+00  0.0         
              9        0 -1.575257E-14 -1.327834E-14 -3.306951E-02 -6.073807E-01 -6.073809E-01  0.0         
             10        0 -9.677089E-14 -1.055060E-13 -1.579414E-01 -1.072249E+00 -1.072249E+00  0.0         
             11        0 -1.052236E-13 -9.706624E-14 -1.579414E-01 -1.072249E+00 -1.072249E+00  0.0         
             12        0 -2.445881E-14 -3.089173E-14 -5.747229E-02 -7.730491E-01 -7.730493E-01  0.0         
             13        0 -8.810230E-15 -5.665428E-15 -1.493659E-02 -4.183719E-01 -4.183720E-01  0.0         
             14        0 -2.171811E-15 -1.414739E-15 -3.770374E-03 -2.132845E-01 -2.132846E-01  0.0         
             15        0 -3.158048E-14 -2.368859E-14 -5.747229E-02 -7.730492E-01 -7.730494E-01  0.0         
             16        0 -6.618725E-16 -2.890785E-15 -3.770374E-03 -2.132845E-01 -2.132846E-01  0.0         
             17        0 -1.176848E-13 -1.251070E-13 -1.962225E-01 -1.093255E+00 -1.093255E+00  0.0         
             18        0 -5.632627E-14 -4.558174E-14 -8.720717E-02 -9.090094E-01 -9.090097E-01  0.0         
             19        0  0.0           0.0           0.0           0.0           0.0           0.0         
             20        0 -5.742516E-14 -6.025410E-15  5.937742E-02  1.542305E+00 -3.374575E-07  0.0         
             21        0 -8.958263E-14 -6.140900E-15  1.031935E-01  1.962982E+00 -7.558596E-07  0.0         
             22        0 -2.166452E-13 -8.606524E-15  3.523245E-01  2.776073E+00 -2.227911E-07  0.0         
             23        0 -5.741019E-14  5.702996E-15  5.937742E-02  1.542305E+00 -3.777562E-07  0.0         
             24        0 -6.161300E-15 -2.944358E-15  6.769823E-03  5.415858E-01 -9.324740E-08  0.0         
             25        0 -1.424775E-13 -5.566253E-15  2.174958E-01  2.564757E+00 -3.692446E-07  0.0         
             26        0 -1.191941E-13 -5.018610E-15  1.565836E-01  2.308222E+00 -6.696133E-07  0.0         
             27        0 -3.053648E-14 -5.414459E-15  2.681912E-02  1.062358E+00 -3.247987E-07  0.0         
             28        0 -1.191957E-13  5.088497E-15  1.565836E-01  2.308221E+00 -8.955123E-07  0.0         
             29        0 -1.424976E-13  5.022250E-15  2.174958E-01  2.564757E+00 -1.594717E-07  0.0         
             30        0  0.0           0.0           0.0           0.0           0.0           0.0         
             31        0 -2.166548E-13  9.194562E-15  3.523245E-01  2.776073E+00 -2.185532E-07  0.0         
             32        0 -1.744308E-13 -7.242563E-15  2.835894E-01  2.722731E+00 -1.844842E-07  0.0         
             33        0 -1.744084E-13  7.662768E-15  2.835894E-01  2.722731E+00 -1.949894E-07  0.0         
             34        0 -3.051369E-14  5.180997E-15  2.681913E-02  1.062358E+00 -3.302660E-07  0.0         
             35        0 -6.191359E-15  3.577496E-15  6.769824E-03  5.415859E-01 -1.063594E-07  0.0         
             36        0 -8.959316E-14  6.863955E-15  1.031935E-01  1.962983E+00 -6.567655E-07  0.0         
                         ------------- ------------- ------------- ------------- ------------- -------------
                MAX* :    0.0           9.194562E-15  3.523245E-01  2.776073E+00  0.0           0.0         
                MIN* :   -2.166548E-13 -1.251070E-13 -1.962225E-01 -1.093255E+00 -1.093255E+00  0.0         

                ABS* :    2.166548E-13  1.251070E-13  3.523245E-01  2.776073E+00  1.093255E+00  0.0         
                *for output set

                                                    SPC Force Summary on AUTOSPC'd DOF's
                                                 (in global coordinate system at each grid)
        For detailed information on the SPC forces for the AUTOSPC DOF's, set field 7 (AUTOSPC_SPCF) on the PARAM AUTOSPC entry to Y

                              T1             T2             T3             R1             R2             R3

 ABS AUTOSPC FORCES  :   0.000000E+00   0.000000E+00   0.000000E+00   0.000000E+00   0.000000E+00   0.000000E+00
 AUTOSPC FORCE TOTALS:   0.000000E+00   0.000000E+00   0.000000E+00   0.000000E+00   0.000000E+00   0.000000E+00
     (for output set)

 >> LINK  9 END

    Total CPU time =  4.69E-02 seconds

 >> MYSTRAN END    :  6/ 4/2026 at 11:54:52.628
