   604115449

 MYSTRAN Version 18.0.0   APR 20 2026 MYSTRAN developed by Dr Bill Case
*** Please report any problems to mystransolver@gmail.com ***                                                                                                                                                                                                   

 >> MYSTRAN BEGIN  :  6/ 4/2026 at 11:54:49.411 The input file is C:\Users\victo\Documents\Git\MYSTRAN_Validation\working\NAS B30 quad4 column_2.bdf                                                                                                                                                                              


 >> LINK  0 BEGIN


SOL 105                                                                                                                                                                                                                                                         
CEND                                                                                                                                                                                                                                                            
DISPLACEMENT = ALL                                                                                                                                                                                                                                              
SPC = 1                                                                                                                                                                                                                                                         
SUBCASE 1                                                                                                                                                                                                                                                       
LOAD = 1                                                                                                                                                                                                                                                        
SUBCASE 2                                                                                                                                                                                                                                                       
METHOD = 1                                                                                                                                                                                                                                                      
BEGIN BULK                                                                                                                                                                                                                                                      
ECHO: loadb GRID*                  1               0 1.46446609407-2           0.0+0*                                                                                                                                                                                       
ECHO: loadb *        3.53553390593-2               0                                                                                                                                                                                                                        
ECHO: loadb GRID           2       0   5.0-2   0.0+0   0.0+0       0                                                                                                                                                                                                        
ECHO: loadb GRID           3       0   5.0-2   1.0+0   0.0+0       0                                                                                                                                                                                                        
ECHO: loadb GRID*                  4               0 1.46446609407-2           1.0+0*                                                                                                                                                                                       
ECHO: loadb *        3.53553390593-2               0                                                                                                                                                                                                                        
ECHO: loadb GRID*                  5               0 1.46446609407-2           7.6-1*                                                                                                                                                                                       
ECHO: loadb *        3.53553390593-2               0                                                                                                                                                                                                                        
ECHO: loadb GRID           6       0   5.0-2   7.4-1   0.0+0       0                                                                                                                                                                                                        
ECHO: loadb GRID*                  7               0 1.46446609407-2           8.6-1*                                                                                                                                                                                       
ECHO: loadb *        3.53553390593-2               0                                                                                                                                                                                                                        
ECHO: loadb GRID           8       0   5.0-2   5.4-1   0.0+0       0                                                                                                                                                                                                        
ECHO: loadb GRID*                  9               0 1.46446609407-2           6.0-2*                                                                                                                                                                                       
ECHO: loadb *        3.53553390593-2               0                                                                                                                                                                                                                        
ECHO: loadb GRID          10       0   5.0-2   1.4-1   0.0+0       0                                                                                                                                                                                                        
ECHO: loadb GRID*                 11               0 1.46446609407-2           1.6-1*                                                                                                                                                                                       
ECHO: loadb *        3.53553390593-2               0                                                                                                                                                                                                                        
ECHO: loadb GRID          12       0   5.0-2   9.4-1   0.0+0       0                                                                                                                                                                                                        
ECHO: loadb GRID*                 13               0 1.46446609407-2           2.6-1*                                                                                                                                                                                       
ECHO: loadb *        3.53553390593-2               0                                                                                                                                                                                                                        
ECHO: loadb GRID          14       0   5.0-2   2.4-1   0.0+0       0                                                                                                                                                                                                        
ECHO: loadb GRID*                 15               0 1.46446609407-2           3.6-1*                                                                                                                                                                                       
ECHO: loadb *        3.53553390593-2               0                                                                                                                                                                                                                        
ECHO: loadb GRID          16       0   5.0-2   6.4-1   0.0+0       0                                                                                                                                                                                                        
ECHO: loadb GRID*                 17               0 1.46446609407-2           4.6-1*                                                                                                                                                                                       
ECHO: loadb *        3.53553390593-2               0                                                                                                                                                                                                                        
ECHO: loadb GRID          18       0   5.0-2   3.4-1   0.0+0       0                                                                                                                                                                                                        
ECHO: loadb GRID*                 19               0 1.46446609407-2           5.6-1*                                                                                                                                                                                       
ECHO: loadb *        3.53553390593-2               0                                                                                                                                                                                                                        
ECHO: loadb GRID          20       0   5.0-2   8.4-1   0.0+0       0                                                                                                                                                                                                        
ECHO: loadb GRID*                 21               0 1.46446609407-2           6.6-1*                                                                                                                                                                                       
ECHO: loadb *        3.53553390593-2               0                                                                                                                                                                                                                        
ECHO: loadb GRID          22       0   5.0-2   4.4-1   0.0+0       0                                                                                                                                                                                                        
ECHO: loadb PARAM   QUAD4TYP   MIN4T                                                                                                                                                                                                                                        
ECHO: loadb PARAM    STR_CID      -2                                                                                                                                                                                                                                        
ECHO: loadb MAT1*                  1          2.1+11 7.7777777778+10           3.5-1*                                                                                                                                                                                       
ECHO: loadb *                  0.0+0           0.0+0           0.0+0                                                                                                                                                                                                        
ECHO: loadb SPC            1       1       1   0.0+0                                                                                                                                                                                                                        
ECHO: loadb SPC            1       1       2   0.0+0                                                                                                                                                                                                                        
ECHO: loadb SPC            1       1       3   0.0+0                                                                                                                                                                                                                        
ECHO: loadb SPC            1       1       4   0.0+0                                                                                                                                                                                                                        
ECHO: loadb SPC            1       1       5   0.0+0                                                                                                                                                                                                                        
ECHO: loadb SPC            1       1       6   0.0+0                                                                                                                                                                                                                        
ECHO: loadb SPC            1       2       1   0.0+0                                                                                                                                                                                                                        
ECHO: loadb SPC            1       2       2   0.0+0                                                                                                                                                                                                                        
ECHO: loadb SPC            1       2       3   0.0+0                                                                                                                                                                                                                        
ECHO: loadb SPC            1       2       4   0.0+0                                                                                                                                                                                                                        
ECHO: loadb SPC            1       2       5   0.0+0                                                                                                                                                                                                                        
ECHO: loadb SPC            1       2       6   0.0+0                                                                                                                                                                                                                        
ECHO: loadb PSHELL         1       1   5.0-2       1               1           0.0+0                                                                                                                                                                                        
ECHO: loadb CQUAD4         1       1       4       7      12       3   0.0+0   0.0+0                                                                                                                                                                                        
ECHO: loadb CQUAD4         2       1       9       1       2      10   0.0+0   0.0+0                                                                                                                                                                                        
ECHO: loadb CQUAD4         3       1      11       9      10      14   0.0+0   0.0+0                                                                                                                                                                                        
ECHO: loadb CQUAD4*                4               1              11              14*                                                                                                                                                                                       
ECHO: loadb *                     18              13-2.2489917832-15           0.0+0                                                                                                                                                                                        
ECHO: loadb CQUAD4*                5               1              13              18*                                                                                                                                                                                       
ECHO: loadb *                     22              15-2.2489917832-15           0.0+0                                                                                                                                                                                        
ECHO: loadb CQUAD4*                6               1              15              22*                                                                                                                                                                                       
ECHO: loadb *                      8              17-2.2489917832-15           0.0+0                                                                                                                                                                                        
ECHO: loadb CQUAD4*                7               1              17               8*                                                                                                                                                                                       
ECHO: loadb *                     16              19-2.2489917832-15           0.0+0                                                                                                                                                                                        
ECHO: loadb CQUAD4         8       1      21      19      16       6   0.0+0   0.0+0                                                                                                                                                                                        
ECHO: loadb CQUAD4         9       1       5      21       6      20   0.0+0   0.0+0                                                                                                                                                                                        
ECHO: loadb CQUAD4        10       1       7       5      20      12   0.0+0   0.0+0                                                                                                                                                                                        
ECHO: loadb FORCE          2       4       0   1.0+0   0.0+0  -5.0+3   0.0+0                                                                                                                                                                                                
ECHO: loadb FORCE          2       3       0   1.0+0   0.0+0  -5.0+3   0.0+0                                                                                                                                                                                                
ECHO: loadb EIGRL          1                       3       0           1.0+1    MASS                                                                                                                                                                                        
ECHO: loadb LOAD           1   1.0+0   1.0+0       2                                                                                                                                                                                                                        
ECHO: loadb ENDDATA                                                                                                                                                                                                                                                         





 >> LINK  0 END


 >> LINK  1 BEGIN

               DEALLOCATED  9.22E-02 MB MEMORY FROM ARRAY STF3


 *INFORMATION: AUTOSPC Summary, Stage 1 after identification of AUTOSPC's at the grid level                                                 

                                     AUTOSPC_RAT = 1.000000E-08

                       Number of DOF's identified for AUTOSPC in component  1         =            0
                       Number of DOF's identified for AUTOSPC in component  2         =            0
                       Number of DOF's identified for AUTOSPC in component  3         =            0
                       Number of DOF's identified for AUTOSPC in component  4         =           15
                       Number of DOF's identified for AUTOSPC in component  5         =            0
                       Number of DOF's identified for AUTOSPC in component  6         =            5
                                                                                        ------------
                       Total number of DOF's identified in this stage                 =           20

               DEALLOCATED  5.28E-04 MB MEMORY FROM ARRAY STFKEY
               DEALLOCATED  9.22E-02 MB MEMORY FROM ARRAY STF3

 >> LINK  1 END


 >> LINK  2 BEGIN



 *INFORMATION: AUTOSPC Summary, Overall: after identification of all AUTOSPC's                                                               

                                     AUTOSPC_RAT = 1.000000E-08

                       Number of DOF's identified for AUTOSPC in component  1         =            0
                       Number of DOF's identified for AUTOSPC in component  2         =            0
                       Number of DOF's identified for AUTOSPC in component  3         =            0
                       Number of DOF's identified for AUTOSPC in component  4         =           15
                       Number of DOF's identified for AUTOSPC in component  5         =            0
                       Number of DOF's identified for AUTOSPC in component  6         =            5
                                                                                        ------------
                       Total number of DOF's identified overall                       =           20


 >> LINK  2 END


 >> LINK  3 BEGIN

 SUPERLU FACTORIZATION OF MATRIX KLL SUCCEEDED IN SUBR SYM_MAT_DECOMP_SUPRLU          

 *INFORMATION: FOR INTERNAL SUBCASE NUMBER        1 EPSILON ERROR ESTIMATE            = -1.943255E-16 Based on U'*(K*U - P)/(U'*P)

 *WARNING    : CANNOT CALCULATE EPSILON ERROR ESTIMATE FOR INTERNAL SUBCASE NUMBER        2
               THE DOT PRODUCT OF DISPL AND LOAD VECTORS                     =    0.000000E+00 CANNOT BE INVERTED.
               IT IS TOO SMALL COMPARED TO MACHINE SAFE MINIMUM (MACH_SFMIN) =    2.225074-308


 >> LINK  3 END


 >> LINK  5 BEGIN


 >> LINK  5 END


 >> LINK  9 BEGIN



 OUTPUT FOR SUBCASE        1

                                                       D I S P L A C E M E N T S
                                              (in global coordinate system at each grid)
           GRID     COORD      T1            T2            T3            R1            R2            R3
                     SYS
              1        0  0.0           0.0           0.0           0.0           0.0           0.0         
              2        0  0.0           0.0           0.0           0.0           0.0           0.0         
              3        0  1.483098E-06 -1.902676E-05 -1.483098E-06  0.0           1.644590E-16 -2.149090E-16
              4        0  1.247396E-06 -1.892400E-05 -1.247396E-06  2.035391E-16  1.645736E-16  0.0         
              5        0  8.986180E-07 -1.435257E-05 -8.986180E-07  0.0           1.242641E-16 -1.925028E-16
              6        0  1.105255E-06 -1.407438E-05 -1.105255E-06  0.0           1.159227E-16 -1.918167E-16
              7        0  1.043942E-06 -1.625734E-05 -1.043942E-06  0.0           1.347043E-16 -1.922728E-16
              8        0  8.146070E-07 -1.026486E-05 -8.146070E-07  1.966827E-16  8.524587E-17  0.0         
              9        0 -1.325679E-07 -1.058327E-06  1.325679E-07  0.0           5.743417E-18 -3.230754E-17
             10        0  2.322405E-07 -2.638249E-06 -2.322405E-07  0.0           2.673049E-17 -7.245479E-17
             11        0  2.685567E-08 -2.923488E-06 -2.685567E-08  0.0           2.386165E-17 -8.443753E-17
             12        0  1.395904E-06 -1.788390E-05 -1.395904E-06  0.0           1.523076E-16 -1.988776E-16
             13        0  1.719944E-07 -4.828771E-06 -1.719944E-07  0.0           3.941389E-17 -1.241808E-16
             14        0  3.786483E-07 -4.550671E-06 -3.786483E-07  1.152021E-16  4.083994E-17  0.0         
             15        0  3.173211E-07 -6.733526E-06 -3.173211E-07  0.0           5.429108E-17 -1.604046E-16
             16        0  9.599312E-07 -1.216962E-05 -9.599312E-07  0.0           9.948456E-17 -2.050546E-16
             17        0  4.626453E-07 -8.638288E-06 -4.626453E-07  1.814183E-16  6.990264E-17  0.0         
             18        0  5.239583E-07 -6.455332E-06 -5.239583E-07  0.0           5.494520E-17 -1.533506E-16
             19        0  6.079695E-07 -1.054305E-05 -6.079695E-07  0.0           8.675568E-17 -2.011106E-16
             20        0  1.250580E-06 -1.597914E-05 -1.250580E-06  0.0           1.360761E-16 -1.856888E-16
             21        0  7.532938E-07 -1.244781E-05 -7.532938E-07  0.0           1.033681E-16 -2.044458E-16
             22        0  6.692827E-07 -8.360095E-06 -6.692827E-07  1.761148E-16  6.932322E-17  0.0         
                         ------------- ------------- ------------- ------------- ------------- -------------
                MAX* :    1.483098E-06  0.0           1.325679E-07  2.035391E-16  1.645736E-16  0.0         
                MIN* :   -1.325679E-07 -1.902676E-05 -1.483098E-06  0.0           0.0          -2.149090E-16

                ABS* :    1.483098E-06  1.902676E-05  1.483098E-06  2.035391E-16  1.645736E-16  2.149090E-16
                *for output set

                                                    SPC Force Summary on AUTOSPC'd DOF's
                                                 (in global coordinate system at each grid)
        For detailed information on the SPC forces for the AUTOSPC DOF's, set field 7 (AUTOSPC_SPCF) on the PARAM AUTOSPC entry to Y

                              T1             T2             T3             R1             R2             R3

 ABS AUTOSPC FORCES  :   0.000000E+00   0.000000E+00   0.000000E+00   8.915878E-12   0.000000E+00   5.296437E-12
 AUTOSPC FORCE TOTALS:   0.000000E+00   0.000000E+00   0.000000E+00  -2.739158E-12   0.000000E+00   1.769333E-12
     (for output set)

 >> LINK  9 END

 >> LINK  1 BEGIN

               DEALLOCATED  9.22E-02 MB MEMORY FROM ARRAY STF3
               DEALLOCATED  5.28E-04 MB MEMORY FROM ARRAY STFKEY
               DEALLOCATED  9.22E-02 MB MEMORY FROM ARRAY STF3

 >> LINK  1 END


 >> LINK  2 BEGIN

 *INFORMATION: MAX DIAGONAL TERM IN THE KGGD MATRIX IS =  0.00E+00 WHICH IS TOO SMALL FOR CALCULATION OF MATRIX STATS
               IN SUBR GET_MATRIX_DIAG_STATS          
 *INFORMATION: MAX DIAGONAL TERM IN THE KNND MATRIX IS =  0.00E+00 WHICH IS TOO SMALL FOR CALCULATION OF MATRIX STATS
               IN SUBR GET_MATRIX_DIAG_STATS          
 *INFORMATION: MAX DIAGONAL TERM IN THE KAAD MATRIX IS =  0.00E+00 WHICH IS TOO SMALL FOR CALCULATION OF MATRIX STATS
               IN SUBR GET_MATRIX_DIAG_STATS          
 *INFORMATION: MAX DIAGONAL TERM IN THE KLLD MATRIX IS =  0.00E+00 WHICH IS TOO SMALL FOR CALCULATION OF MATRIX STATS
               IN SUBR GET_MATRIX_DIAG_STATS          

 >> LINK  2 END


 >> LINK  4 BEGIN

 SUPERLU FACTORIZATION OF MATRIX KMSM SUCCEEDED IN SUBR SYM_MAT_DECOMP_SUPRLU          


                           E I G E N V A L U E   A N A L Y S I S   S U M M A R Y   (LANCZOS  Mode 2 DGB, Shift eigen =  1.00E+01)
                                                                      (SPARSE solution)

                                NUMBER OF EIGENVALUES EXTRACTED  . . . . . .         3

                                LARGEST OFF-DIAGONAL GENERALIZED MASS TERM     6.3E-10 (Vecs renormed to 1.0 for gen masses)

                                                                       . . .         3
                                          MODE PAIR . . . . . . . . . .
                                                                       . . .         1

                                NUMBER OF OFF DIAGONAL GENERALIZED MASS
                                TERMS FAILING CRITERION OF  1.0E-04. . . . .         0



                                            R E A L   E I G E N V A L U E S
                                           (subcase 1 buckling load factors)

                                         MODE  EXTRACTION      EIGENVALUE
                                        NUMBER   ORDER

                                             1       1        2.732412E+01
                                             2       2        2.540146E+02
                                             3       3        2.839479E+02



 >> LINK  4 END


 >> LINK  5 BEGIN


 >> LINK  5 END


 >> LINK  9 BEGIN



 OUTPUT FOR EIGENVECTOR        1

                                                         E I G E N V E C T O R
                                              (in global coordinate system at each grid)
           GRID     COORD      T1            T2            T3            R1            R2            R3
                     SYS
              1        0  0.0           0.0           0.0           0.0           0.0           0.0         
              2        0  0.0           0.0           0.0           0.0           0.0           0.0         
              3        0 -6.368879E-03  2.237476E-16 -6.368879E-03  0.0          -2.757294E-06  2.004023E-02
              4        0 -6.369449E-03 -1.624913E-16 -6.369449E-03 -2.011383E-02  2.750453E-06  0.0         
              5        0 -4.016775E-03 -1.541855E-16 -4.016775E-03  0.0           5.812320E-05  1.865710E-02
              6        0 -3.830898E-03  2.124378E-16 -3.830898E-03  0.0          -9.194620E-05  1.841302E-02
              7        0 -4.975491E-03 -1.619247E-16 -4.975491E-03  0.0           2.317090E-05  1.959261E-02
              8        0 -2.144298E-03  2.045879E-16 -2.144298E-03 -1.502156E-02 -1.379884E-04  0.0         
              9        0 -2.412063E-05 -1.347216E-16 -2.412063E-05  0.0           2.783068E-04  1.792115E-03
             10        0 -1.474298E-04  1.575771E-16 -1.474298E-04  0.0          -1.875435E-04  4.263445E-03
             11        0 -1.928094E-04 -1.071605E-16 -1.928094E-04  0.0           1.942610E-04  4.893673E-03
             12        0 -5.767285E-03  2.161175E-16 -5.767285E-03  0.0          -3.432648E-05  1.994975E-02
             13        0 -5.131544E-04 -1.312347E-16 -5.131544E-04  0.0           1.851666E-04  7.888090E-03
             14        0 -4.373762E-04  1.743895E-16 -4.373762E-04 -7.300550E-03 -1.760805E-04  0.0         
             15        0 -9.788842E-04 -1.487417E-16 -9.788842E-04  0.0           1.653338E-04  1.069045E-02
             16        0 -2.945090E-03  2.054794E-16 -2.945090E-03  0.0          -1.166977E-04  1.692744E-02
             17        0 -1.578426E-03 -1.482467E-16 -1.578426E-03 -1.322708E-02  1.425089E-04  0.0         
             18        0 -8.746821E-04  1.766354E-16 -8.746821E-04  0.0          -1.686016E-04  1.014755E-02
             19        0 -2.296899E-03 -1.593819E-16 -2.296899E-03  0.0           1.165374E-04  1.543536E-02
             20        0 -4.779711E-03  2.238042E-16 -4.779711E-03  0.0          -6.570483E-05  1.944152E-02
             21        0 -3.116463E-03 -1.620928E-16 -3.116463E-03  0.0           8.811477E-05  1.726043E-02
             22        0 -1.448403E-03  1.940084E-16 -1.448403E-03 -1.274274E-02 -1.554003E-04  0.0         
                         ------------- ------------- ------------- ------------- ------------- -------------
                MAX* :    0.0           2.238042E-16  0.0           0.0           2.783068E-04  2.004023E-02
                MIN* :   -6.369449E-03 -1.624913E-16 -6.369449E-03 -2.011383E-02 -1.875435E-04  0.0         

                ABS* :    6.369449E-03  2.238042E-16  6.369449E-03  2.011383E-02  2.783068E-04  2.004023E-02
                *for output set

                                                    SPC Force Summary on AUTOSPC'd DOF's
                                                 (in global coordinate system at each grid)
        For detailed information on the SPC forces for the AUTOSPC DOF's, set field 7 (AUTOSPC_SPCF) on the PARAM AUTOSPC entry to Y

                              T1             T2             T3             R1             R2             R3

 ABS AUTOSPC FORCES  :   0.000000E+00   0.000000E+00   0.000000E+00   0.000000E+00   0.000000E+00   0.000000E+00
 AUTOSPC FORCE TOTALS:   0.000000E+00   0.000000E+00   0.000000E+00   0.000000E+00   0.000000E+00   0.000000E+00
     (for output set)


 OUTPUT FOR EIGENVECTOR        2

                                                         E I G E N V E C T O R
                                              (in global coordinate system at each grid)
           GRID     COORD      T1            T2            T3            R1            R2            R3
                     SYS
              1        0  0.0           0.0           0.0           0.0           0.0           0.0         
              2        0  0.0           0.0           0.0           0.0           0.0           0.0         
              3        0 -2.168777E-03 -2.561886E-15 -2.168777E-03  0.0           2.830679E-04 -2.004706E-02
              4        0 -2.154774E-03  2.735138E-15 -2.154774E-03  2.069016E-02  2.416070E-04  0.0         
              5        0 -4.115707E-03  2.577713E-15 -4.115707E-03  0.0          -3.101746E-04 -8.664269E-03
              6        0 -4.200972E-03 -2.583086E-15 -4.200972E-03  0.0           7.614512E-04 -6.838954E-03
              7        0 -3.480312E-03  2.539829E-15 -3.480312E-03  0.0           1.670522E-05 -1.612341E-02
              8        0 -3.942357E-03 -2.308283E-15 -3.942357E-03 -1.155010E-02  3.999850E-04  0.0         
              9        0 -7.466439E-05  1.427984E-15 -7.466439E-05  0.0           7.842981E-04  5.365146E-03
             10        0 -4.350148E-04 -1.419728E-15 -4.350148E-04  0.0          -6.083849E-04  1.223240E-02
             11        0 -5.692060E-04  1.393211E-15 -5.692060E-04  0.0           2.933395E-04  1.377297E-02
             12        0 -2.773649E-03 -2.677583E-15 -2.773649E-03  0.0           5.566638E-04 -1.922885E-02
             13        0 -1.411128E-03  1.511725E-15 -1.411128E-03  0.0          -1.075001E-06  1.908309E-02
             14        0 -1.216668E-03 -1.499949E-15 -1.216668E-03 -1.831005E-02 -4.549194E-04  0.0         
             15        0 -2.417675E-03  1.640265E-15 -2.417675E-03  0.0          -2.982615E-04  2.021099E-02
             16        0 -4.307117E-03 -2.558371E-15 -4.307117E-03  0.0           6.415033E-04  2.645939E-03
             17        0 -3.367644E-03  2.051293E-15 -3.367644E-03 -1.689808E-02 -5.073029E-04  0.0         
             18        0 -2.206480E-03 -2.056500E-15 -2.206480E-03  0.0          -2.177373E-04  2.034816E-02
             19        0 -4.052363E-03  2.100073E-15 -4.052363E-03  0.0          -5.847600E-04  9.873332E-03
             20        0 -3.647404E-03 -2.473943E-15 -3.647404E-03  0.0           7.455895E-04 -1.482364E-02
             21        0 -4.321423E-03  2.250167E-15 -4.321423E-03  0.0          -5.131980E-04  6.797537E-04
             22        0 -3.186823E-03 -2.162128E-15 -3.186823E-03 -1.791704E-02  9.111992E-05  0.0         
                         ------------- ------------- ------------- ------------- ------------- -------------
                MAX* :    0.0           2.735138E-15  0.0           2.069016E-02  7.842981E-04  2.034816E-02
                MIN* :   -4.321423E-03 -2.677583E-15 -4.321423E-03 -1.831005E-02 -6.083849E-04 -2.004706E-02

                ABS* :    4.321423E-03  2.735138E-15  4.321423E-03  2.069016E-02  7.842981E-04  2.034816E-02
                *for output set

                                                    SPC Force Summary on AUTOSPC'd DOF's
                                                 (in global coordinate system at each grid)
        For detailed information on the SPC forces for the AUTOSPC DOF's, set field 7 (AUTOSPC_SPCF) on the PARAM AUTOSPC entry to Y

                              T1             T2             T3             R1             R2             R3

 ABS AUTOSPC FORCES  :   0.000000E+00   0.000000E+00   0.000000E+00   0.000000E+00   0.000000E+00   0.000000E+00
 AUTOSPC FORCE TOTALS:   0.000000E+00   0.000000E+00   0.000000E+00   0.000000E+00   0.000000E+00   0.000000E+00
     (for output set)


 OUTPUT FOR EIGENVECTOR        3

                                                         E I G E N V E C T O R
                                              (in global coordinate system at each grid)
           GRID     COORD      T1            T2            T3            R1            R2            R3
                     SYS
              1        0  0.0           0.0           0.0           0.0           0.0           0.0         
              2        0  0.0           0.0           0.0           0.0           0.0           0.0         
              3        0 -6.865745E-03  3.177867E-04  6.865745E-03  0.0           1.947935E-13 -3.453934E-13
              4        0 -6.864308E-03 -3.066701E-04  6.864308E-03  3.466648E-13  1.836229E-13  0.0         
              5        0 -4.777725E-03 -2.886697E-04  4.777725E-03  0.0           1.621475E-13 -2.470412E-13
              6        0 -4.608000E-03  3.054018E-04  4.608000E-03  0.0           1.662234E-13 -2.240653E-13
              7        0 -5.636409E-03 -2.982189E-04  5.636409E-03  0.0           1.864164E-13 -3.240245E-13
              8        0 -3.006444E-03  2.780403E-04  3.006444E-03  9.844914E-14  1.480583E-13  0.0         
              9        0 -2.014977E-04 -1.733595E-04  2.014977E-04  0.0           2.700980E-14  3.835795E-14
             10        0 -5.257464E-04  1.903991E-04  5.257464E-04  0.0           4.932122E-14  8.946316E-14
             11        0 -6.191639E-04 -1.521443E-04  6.191639E-04  0.0           6.205815E-14  9.425583E-14
             12        0 -6.335360E-03  3.153046E-04  6.335360E-03  0.0           1.835651E-13 -3.460206E-13
             13        0 -1.143318E-03 -1.832428E-04  1.143318E-03  0.0           8.288473E-14  1.373620E-13
             14        0 -1.031152E-03  2.091623E-04  1.031152E-03 -1.306039E-13  7.734160E-14  0.0         
             15        0 -1.747057E-03 -2.110068E-04  1.747057E-03  0.0           7.895958E-14  1.203268E-13
             16        0 -3.785740E-03  2.937315E-04  3.785740E-03  0.0           1.661170E-13 -1.854321E-13
             17        0 -2.422206E-03 -2.357581E-04  2.422206E-03 -2.192883E-15  1.145418E-13  0.0         
             18        0 -1.619484E-03  2.355262E-04  1.619484E-03  0.0           8.221627E-14  1.331961E-13
             19        0 -3.159344E-03 -2.571424E-04  3.159344E-03  0.0           1.383310E-13 -1.265291E-13
             20        0 -5.461748E-03  3.128989E-04  5.461748E-03  0.0           1.896591E-13 -3.146791E-13
             21        0 -3.948186E-03 -2.748613E-04  3.948186E-03  0.0           1.603672E-13 -2.122408E-13
             22        0 -2.280984E-03  2.585473E-04  2.280984E-03 -3.373756E-14  1.242914E-13  0.0         
                         ------------- ------------- ------------- ------------- ------------- -------------
                MAX* :    0.0           3.177867E-04  6.865745E-03  3.466648E-13  1.947935E-13  1.373620E-13
                MIN* :   -6.865745E-03 -3.066701E-04  0.0          -1.306039E-13  0.0          -3.460206E-13

                ABS* :    6.865745E-03  3.177867E-04  6.865745E-03  3.466648E-13  1.947935E-13  3.460206E-13
                *for output set

                                                    SPC Force Summary on AUTOSPC'd DOF's
                                                 (in global coordinate system at each grid)
        For detailed information on the SPC forces for the AUTOSPC DOF's, set field 7 (AUTOSPC_SPCF) on the PARAM AUTOSPC entry to Y

                              T1             T2             T3             R1             R2             R3

 ABS AUTOSPC FORCES  :   0.000000E+00   0.000000E+00   0.000000E+00   0.000000E+00   0.000000E+00   0.000000E+00
 AUTOSPC FORCE TOTALS:   0.000000E+00   0.000000E+00   0.000000E+00   0.000000E+00   0.000000E+00   0.000000E+00
     (for output set)

 >> LINK  9 END

    Total CPU time =  4.69E-02 seconds

 >> MYSTRAN END    :  6/ 4/2026 at 11:54:49.573
