   604115452

 MYSTRAN Version 18.0.0   APR 20 2026 MYSTRAN developed by Dr Bill Case
*** Please report any problems to mystransolver@gmail.com ***                                                                                                                                                                                                   

 >> MYSTRAN BEGIN  :  6/ 4/2026 at 11:54:52.985 The input file is C:\Users\victo\Documents\Git\MYSTRAN_Validation\working\NAS B30 tri3 nonuniform stress.bdf                                                                                                                                                                      


 >> LINK  0 BEGIN


SOL 105                                                                                                                                                                                                                                                         
CEND                                                                                                                                                                                                                                                            
DISPLACEMENT = ALL                                                                                                                                                                                                                                              
SPC = 1                                                                                                                                                                                                                                                         
SUBCASE 1                                                                                                                                                                                                                                                       
LOAD = 1                                                                                                                                                                                                                                                        
SUBCASE 2                                                                                                                                                                                                                                                       
METHOD = 1                                                                                                                                                                                                                                                      
BEGIN BULK                                                                                                                                                                                                                                                      
ECHO: loadb GRID           1       0  -5.0-1   0.0+0   0.0+0       0                                                                                                                                                                                                        
ECHO: loadb GRID           2       0   5.0-1   0.0+0   0.0+0       0                                                                                                                                                                                                        
ECHO: loadb GRID           3       0   5.0-1   1.0+0   0.0+0       0                                                                                                                                                                                                        
ECHO: loadb GRID           4       0  -5.0-1   1.0+0   0.0+0       0                                                                                                                                                                                                        
ECHO: loadb GRID           5       0   0.0+0   0.0+0   0.0+0       0                                                                                                                                                                                                        
ECHO: loadb GRID           6       0   5.0-1   5.0-1   0.0+0       0                                                                                                                                                                                                        
ECHO: loadb GRID           7       0   0.0+0   1.0+0   0.0+0       0                                                                                                                                                                                                        
ECHO: loadb GRID           8       0  -5.0-1   5.0-1   0.0+0       0                                                                                                                                                                                                        
ECHO: loadb GRID           9       0   0.0+0   5.0-1   0.0+0       0                                                                                                                                                                                                        
ECHO: loadb GRID          10       0  -2.5-1   5.0-1   0.0+0       0                                                                                                                                                                                                        
ECHO: loadb GRID          11       0   0.0+0   7.5-1   0.0+0       0                                                                                                                                                                                                        
ECHO: loadb GRID          12       0  -2.5-1   1.0+0   0.0+0       0                                                                                                                                                                                                        
ECHO: loadb GRID          13       0  -5.0-1   7.5-1   0.0+0       0                                                                                                                                                                                                        
ECHO: loadb GRID          14       0  -2.5-1   7.5-1   0.0+0       0                                                                                                                                                                                                        
ECHO: loadb GRID          15       0  -2.5-1   0.0+0   0.0+0       0                                                                                                                                                                                                        
ECHO: loadb GRID          16       0   0.0+0   2.5-1   0.0+0       0                                                                                                                                                                                                        
ECHO: loadb GRID          17       0  -5.0-1   2.5-1   0.0+0       0                                                                                                                                                                                                        
ECHO: loadb GRID          18       0  -2.5-1   2.5-1   0.0+0       0                                                                                                                                                                                                        
ECHO: loadb GRID          19       0   2.5-1   0.0+0   0.0+0       0                                                                                                                                                                                                        
ECHO: loadb GRID          20       0   5.0-1   2.5-1   0.0+0       0                                                                                                                                                                                                        
ECHO: loadb GRID          21       0   2.5-1   5.0-1   0.0+0       0                                                                                                                                                                                                        
ECHO: loadb GRID          22       0   2.5-1   2.5-1   0.0+0       0                                                                                                                                                                                                        
ECHO: loadb GRID          23       0   2.5-1   1.0+0   0.0+0       0                                                                                                                                                                                                        
ECHO: loadb GRID          24       0   5.0-1   7.5-1   0.0+0       0                                                                                                                                                                                                        
ECHO: loadb GRID          25       0   2.5-1   7.5-1   0.0+0       0                                                                                                                                                                                                        
ECHO: loadb PARAM    STR_CID      -2                                                                                                                                                                                                                                        
ECHO: loadb MAT1           1  2.0+11  1.0+11   0.0+0   0.0+0   0.0+0   0.0+0                                                                                                                                                                                                
ECHO: loadb SPC            1       1       1   0.0+0                                                                                                                                                                                                                        
ECHO: loadb SPC            1       1       2   0.0+0                                                                                                                                                                                                                        
ECHO: loadb SPC            1       1       3   0.0+0                                                                                                                                                                                                                        
ECHO: loadb SPC            1       1       4   0.0+0                                                                                                                                                                                                                        
ECHO: loadb SPC            1       1       5   0.0+0                                                                                                                                                                                                                        
ECHO: loadb SPC            1       1       6   0.0+0                                                                                                                                                                                                                        
ECHO: loadb SPC            1       4       1   0.0+0                                                                                                                                                                                                                        
ECHO: loadb SPC            1       4       2   0.0+0                                                                                                                                                                                                                        
ECHO: loadb SPC            1       4       3   0.0+0                                                                                                                                                                                                                        
ECHO: loadb SPC            1       4       4   0.0+0                                                                                                                                                                                                                        
ECHO: loadb SPC            1       4       5   0.0+0                                                                                                                                                                                                                        
ECHO: loadb SPC            1       4       6   0.0+0                                                                                                                                                                                                                        
ECHO: loadb SPC            1       8       1   0.0+0                                                                                                                                                                                                                        
ECHO: loadb SPC            1       8       2   0.0+0                                                                                                                                                                                                                        
ECHO: loadb SPC            1       8       3   0.0+0                                                                                                                                                                                                                        
ECHO: loadb SPC            1       8       4   0.0+0                                                                                                                                                                                                                        
ECHO: loadb SPC            1       8       5   0.0+0                                                                                                                                                                                                                        
ECHO: loadb SPC            1       8       6   0.0+0                                                                                                                                                                                                                        
ECHO: loadb SPC            1      13       1   0.0+0                                                                                                                                                                                                                        
ECHO: loadb SPC            1      13       2   0.0+0                                                                                                                                                                                                                        
ECHO: loadb SPC            1      13       3   0.0+0                                                                                                                                                                                                                        
ECHO: loadb SPC            1      13       4   0.0+0                                                                                                                                                                                                                        
ECHO: loadb SPC            1      13       5   0.0+0                                                                                                                                                                                                                        
ECHO: loadb SPC            1      13       6   0.0+0                                                                                                                                                                                                                        
ECHO: loadb SPC            1      17       1   0.0+0                                                                                                                                                                                                                        
ECHO: loadb SPC            1      17       2   0.0+0                                                                                                                                                                                                                        
ECHO: loadb SPC            1      17       3   0.0+0                                                                                                                                                                                                                        
ECHO: loadb SPC            1      17       4   0.0+0                                                                                                                                                                                                                        
ECHO: loadb SPC            1      17       5   0.0+0                                                                                                                                                                                                                        
ECHO: loadb SPC            1      17       6   0.0+0                                                                                                                                                                                                                        
ECHO: loadb PSHELL         1       1   1.0-1       1               1           0.0+0                                                                                                                                                                                        
ECHO: loadb CTRIA3         1       1       6      25      24   0.0+0   0.0+0                                                                                                                                                                                                
ECHO: loadb CTRIA3         2       1      21      11      25   0.0+0   0.0+0                                                                                                                                                                                                
ECHO: loadb CTRIA3         3       1      25       7      23   0.0+0   0.0+0                                                                                                                                                                                                
ECHO: loadb CTRIA3         4       1      24      23       3   0.0+0   0.0+0                                                                                                                                                                                                
ECHO: loadb CTRIA3         5       1       8      14      13   0.0+0   0.0+0                                                                                                                                                                                                
ECHO: loadb CTRIA3         6       1      10      11      14   0.0+0   0.0+0                                                                                                                                                                                                
ECHO: loadb CTRIA3         7       1      14       7      12   0.0+0   0.0+0                                                                                                                                                                                                
ECHO: loadb CTRIA3         8       1      13      12       4   0.0+0   0.0+0                                                                                                                                                                                                
ECHO: loadb CTRIA3         9       1       1      18      17   0.0+0   0.0+0                                                                                                                                                                                                
ECHO: loadb CTRIA3        10       1      15      16      18   0.0+0   0.0+0                                                                                                                                                                                                
ECHO: loadb CTRIA3        11       1      18       9      10   0.0+0   0.0+0                                                                                                                                                                                                
ECHO: loadb CTRIA3        12       1      17      10       8   0.0+0   0.0+0                                                                                                                                                                                                
ECHO: loadb CTRIA3        13       1       5      22      16   0.0+0   0.0+0                                                                                                                                                                                                
ECHO: loadb CTRIA3        14       1      19      20      22   0.0+0   0.0+0                                                                                                                                                                                                
ECHO: loadb CTRIA3        15       1      22       6      21   0.0+0   0.0+0                                                                                                                                                                                                
ECHO: loadb CTRIA3        16       1      16      21       9   0.0+0   0.0+0                                                                                                                                                                                                
ECHO: loadb CTRIA3        17       1       6      21      25   0.0+0   0.0+0                                                                                                                                                                                                
ECHO: loadb CTRIA3        18       1      21       9      11   0.0+0   0.0+0                                                                                                                                                                                                
ECHO: loadb CTRIA3        19       1      25      11       7   0.0+0   0.0+0                                                                                                                                                                                                
ECHO: loadb CTRIA3        20       1      24      25      23   0.0+0   0.0+0                                                                                                                                                                                                
ECHO: loadb CTRIA3        21       1       8      10      14   0.0+0   0.0+0                                                                                                                                                                                                
ECHO: loadb CTRIA3        22       1      10       9      11   0.0+0   0.0+0                                                                                                                                                                                                
ECHO: loadb CTRIA3        23       1      14      11       7   0.0+0   0.0+0                                                                                                                                                                                                
ECHO: loadb CTRIA3        24       1      13      14      12   0.0+0   0.0+0                                                                                                                                                                                                
ECHO: loadb CTRIA3        25       1       1      15      18   0.0+0   0.0+0                                                                                                                                                                                                
ECHO: loadb CTRIA3        26       1      15       5      16   0.0+0   0.0+0                                                                                                                                                                                                
ECHO: loadb CTRIA3        27       1      18      16       9   0.0+0   0.0+0                                                                                                                                                                                                
ECHO: loadb CTRIA3        28       1      17      18      10   0.0+0   0.0+0                                                                                                                                                                                                
ECHO: loadb CTRIA3        29       1       5      19      22   0.0+0   0.0+0                                                                                                                                                                                                
ECHO: loadb CTRIA3        30       1      19       2      20   0.0+0   0.0+0                                                                                                                                                                                                
ECHO: loadb CTRIA3        31       1      22      20       6   0.0+0   0.0+0                                                                                                                                                                                                
ECHO: loadb CTRIA3        32       1      16      22      21   0.0+0   0.0+0                                                                                                                                                                                                
ECHO: loadb FORCE*                 2               2               0           1.0+0*                                                                                                                                                                                       
ECHO: loadb *       -2.60416666667+1           0.0+0           0.0+0                                                                                                                                                                                                        
ECHO: loadb FORCE          2      20       0   1.0+0-9.375+1   0.0+0   0.0+0                                                                                                                                                                                                
ECHO: loadb FORCE*                 2               6               0           1.0+0*                                                                                                                                                                                       
ECHO: loadb *              -1.5625+2           0.0+0           0.0+0                                                                                                                                                                                                        
ECHO: loadb FORCE*                 2              24               0           1.0+0*                                                                                                                                                                                       
ECHO: loadb *              -2.1875+2           0.0+0           0.0+0                                                                                                                                                                                                        
ECHO: loadb FORCE*                 2               3               0           1.0+0*                                                                                                                                                                                       
ECHO: loadb *       -1.30208333333+2           0.0+0           0.0+0                                                                                                                                                                                                        
ECHO: loadb EIGRL          1                       1       0           1.0+4    MASS                                                                                                                                                                                        
ECHO: loadb LOAD           1   1.0+0   1.0+0       2                                                                                                                                                                                                                        
ECHO: loadb ENDDATA                                                                                                                                                                                                                                                         





 >> LINK  0 END


 >> LINK  1 BEGIN

               DEALLOCATED  1.66E-01 MB MEMORY FROM ARRAY STF3


 *INFORMATION: AUTOSPC Summary, Stage 1 after identification of AUTOSPC's at the grid level                                                 

                                     AUTOSPC_RAT = 1.000000E-08

                       Number of DOF's identified for AUTOSPC in component  1         =            0
                       Number of DOF's identified for AUTOSPC in component  2         =            0
                       Number of DOF's identified for AUTOSPC in component  3         =            0
                       Number of DOF's identified for AUTOSPC in component  4         =            0
                       Number of DOF's identified for AUTOSPC in component  5         =            0
                       Number of DOF's identified for AUTOSPC in component  6         =           20
                                                                                        ------------
                       Total number of DOF's identified in this stage                 =           20

               DEALLOCATED  6.00E-04 MB MEMORY FROM ARRAY STFKEY
               DEALLOCATED  1.66E-01 MB MEMORY FROM ARRAY STF3

 >> LINK  1 END


 >> LINK  2 BEGIN



 *INFORMATION: AUTOSPC Summary, Overall: after identification of all AUTOSPC's                                                               

                                     AUTOSPC_RAT = 1.000000E-08

                       Number of DOF's identified for AUTOSPC in component  1         =            0
                       Number of DOF's identified for AUTOSPC in component  2         =            0
                       Number of DOF's identified for AUTOSPC in component  3         =            0
                       Number of DOF's identified for AUTOSPC in component  4         =            0
                       Number of DOF's identified for AUTOSPC in component  5         =            0
                       Number of DOF's identified for AUTOSPC in component  6         =           20
                                                                                        ------------
                       Total number of DOF's identified overall                       =           20


 >> LINK  2 END


 >> LINK  3 BEGIN

 SUPERLU FACTORIZATION OF MATRIX KLL SUCCEEDED IN SUBR SYM_MAT_DECOMP_SUPRLU          

 *INFORMATION: FOR INTERNAL SUBCASE NUMBER        1 EPSILON ERROR ESTIMATE            =  4.408977E-16 Based on U'*(K*U - P)/(U'*P)

 *WARNING    : CANNOT CALCULATE EPSILON ERROR ESTIMATE FOR INTERNAL SUBCASE NUMBER        2
               THE DOT PRODUCT OF DISPL AND LOAD VECTORS                     =    0.000000E+00 CANNOT BE INVERTED.
               IT IS TOO SMALL COMPARED TO MACHINE SAFE MINIMUM (MACH_SFMIN) =    2.225074-308


 >> LINK  3 END


 >> LINK  5 BEGIN


 >> LINK  5 END


 >> LINK  9 BEGIN



 OUTPUT FOR SUBCASE        1

                                                       D I S P L A C E M E N T S
                                              (in global coordinate system at each grid)
           GRID     COORD      T1            T2            T3            R1            R2            R3
                     SYS
              1        0  0.0           0.0           0.0           0.0           0.0           0.0         
              2        0 -1.098554E-08  2.080292E-08  0.0           0.0           0.0           0.0         
              3        0 -5.168081E-08  2.079075E-08  0.0           0.0           0.0           0.0         
              4        0  0.0           0.0           0.0           0.0           0.0           0.0         
              5        0 -5.362573E-09  5.289825E-09  0.0           0.0           0.0           0.0         
              6        0 -3.119432E-08  2.010322E-08  0.0           0.0           0.0           0.0         
              7        0 -2.590515E-08  4.546155E-09  0.0           0.0           0.0           0.0         
              8        0  0.0           0.0           0.0           0.0           0.0           0.0         
              9        0 -1.561188E-08  5.335780E-09  0.0           0.0           0.0           0.0         
             10        0 -7.837481E-09  1.306469E-09  0.0           0.0           0.0           0.0         
             11        0 -2.078508E-08  4.971413E-09  0.0           0.0           0.0           0.0         
             12        0 -1.287507E-08  1.156680E-09  0.0           0.0           0.0           0.0         
             13        0  0.0           0.0           0.0           0.0           0.0           0.0         
             14        0 -1.041907E-08  1.212480E-09  0.0           0.0           0.0           0.0         
             15        0 -2.650230E-09  1.353038E-09  0.0           0.0           0.0           0.0         
             16        0 -1.046918E-08  5.270939E-09  0.0           0.0           0.0           0.0         
             17        0  0.0           0.0           0.0           0.0           0.0           0.0         
             18        0 -5.230800E-09  1.338610E-09  0.0           0.0           0.0           0.0         
             19        0 -8.102706E-09  1.173718E-08  0.0           0.0           0.0           0.0         
             20        0 -2.060861E-08  2.052425E-08  0.0           0.0           0.0           0.0         
             21        0 -2.339527E-08  1.149152E-08  0.0           0.0           0.0           0.0         
             22        0 -1.564434E-08  1.160295E-08  0.0           0.0           0.0           0.0         
             23        0 -3.893134E-08  1.151658E-08  0.0           0.0           0.0           0.0         
             24        0 -4.186390E-08  2.051938E-08  0.0           0.0           0.0           0.0         
             25        0 -3.119337E-08  1.146038E-08  0.0           0.0           0.0           0.0         
                         ------------- ------------- ------------- ------------- ------------- -------------
                MAX* :    0.0           2.080292E-08  0.0           0.0           0.0           0.0         
                MIN* :   -5.168081E-08  0.0           0.0           0.0           0.0           0.0         

                ABS* :    5.168081E-08  2.080292E-08  0.0           0.0           0.0           0.0         
                *for output set

                                                    SPC Force Summary on AUTOSPC'd DOF's
                                                 (in global coordinate system at each grid)
        For detailed information on the SPC forces for the AUTOSPC DOF's, set field 7 (AUTOSPC_SPCF) on the PARAM AUTOSPC entry to Y

                              T1             T2             T3             R1             R2             R3

 ABS AUTOSPC FORCES  :   0.000000E+00   0.000000E+00   0.000000E+00   0.000000E+00   0.000000E+00   0.000000E+00
 AUTOSPC FORCE TOTALS:   0.000000E+00   0.000000E+00   0.000000E+00   0.000000E+00   0.000000E+00   0.000000E+00
     (for output set)

 >> LINK  9 END

 >> LINK  1 BEGIN

               DEALLOCATED  1.66E-01 MB MEMORY FROM ARRAY STF3
               DEALLOCATED  6.00E-04 MB MEMORY FROM ARRAY STFKEY
               DEALLOCATED  1.66E-01 MB MEMORY FROM ARRAY STF3

 >> LINK  1 END


 >> LINK  2 BEGIN

 *INFORMATION: MAX DIAGONAL TERM IN THE KGGD MATRIX IS =  0.00E+00 WHICH IS TOO SMALL FOR CALCULATION OF MATRIX STATS
               IN SUBR GET_MATRIX_DIAG_STATS          
 *INFORMATION: MAX DIAGONAL TERM IN THE KNND MATRIX IS =  0.00E+00 WHICH IS TOO SMALL FOR CALCULATION OF MATRIX STATS
               IN SUBR GET_MATRIX_DIAG_STATS          
 *INFORMATION: MAX DIAGONAL TERM IN THE KAAD MATRIX IS =  0.00E+00 WHICH IS TOO SMALL FOR CALCULATION OF MATRIX STATS
               IN SUBR GET_MATRIX_DIAG_STATS          
 *INFORMATION: MAX DIAGONAL TERM IN THE KLLD MATRIX IS =  0.00E+00 WHICH IS TOO SMALL FOR CALCULATION OF MATRIX STATS
               IN SUBR GET_MATRIX_DIAG_STATS          

 >> LINK  2 END


 >> LINK  4 BEGIN

 SUPERLU FACTORIZATION OF MATRIX KMSM SUCCEEDED IN SUBR SYM_MAT_DECOMP_SUPRLU          


                           E I G E N V A L U E   A N A L Y S I S   S U M M A R Y   (LANCZOS  Mode 2 DGB, Shift eigen =  1.00E+04)
                                                                      (SPARSE solution)

                                NUMBER OF EIGENVALUES EXTRACTED  . . . . . .         1

                                LARGEST OFF-DIAGONAL GENERALIZED MASS TERM     0.0E+00 (Vecs renormed to 1.0 for gen masses)

                                                                       . . .         1
                                          MODE PAIR . . . . . . . . . .
                                                                       . . .         1

                                NUMBER OF OFF DIAGONAL GENERALIZED MASS
                                TERMS FAILING CRITERION OF  1.0E-04. . . . .         0



                                            R E A L   E I G E N V A L U E S
                                           (subcase 1 buckling load factors)

                                         MODE  EXTRACTION      EIGENVALUE
                                        NUMBER   ORDER

                                             1       1        6.455573E+04



 >> LINK  4 END


 >> LINK  5 BEGIN


 >> LINK  5 END


 >> LINK  9 BEGIN



 OUTPUT FOR EIGENVECTOR        1

                                                         E I G E N V E C T O R
                                              (in global coordinate system at each grid)
           GRID     COORD      T1            T2            T3            R1            R2            R3
                     SYS
              1        0  0.0           0.0           0.0           0.0           0.0           0.0         
              2        0  1.598008E-19  5.540425E-19 -3.213461E-02 -4.398017E-03  4.984080E-02  0.0         
              3        0 -1.616007E-19  6.636060E-21 -3.860697E-02 -6.729966E-03  5.885964E-02  0.0         
              4        0  0.0           0.0           0.0           0.0           0.0           0.0         
              5        0  2.301864E-19 -6.115088E-19 -9.415520E-03 -1.903786E-03  3.594193E-02  0.0         
              6        0 -1.061935E-19  5.392444E-19 -3.528030E-02 -6.536332E-03  5.567052E-02  0.0         
              7        0  6.119748E-19 -2.023956E-19 -1.131891E-02 -1.908021E-03  4.262505E-02  0.0         
              8        0  0.0           0.0           0.0           0.0           0.0           0.0         
              9        0 -1.368235E-19 -3.550025E-19 -1.034377E-02 -1.903524E-03  3.864649E-02  0.0         
             10        0  3.548025E-19 -4.668332E-20 -2.707168E-03 -4.514006E-04  2.106880E-02  0.0         
             11        0 -8.423755E-20 -2.310341E-21 -1.082330E-02 -1.995940E-03  4.079038E-02  0.0         
             12        0 -7.310119E-19 -5.418372E-19 -2.919036E-03 -3.674342E-04  2.263924E-02  0.0         
             13        0  0.0           0.0           0.0           0.0           0.0           0.0         
             14        0 -6.330163E-19  1.786376E-19 -2.808609E-03 -4.787167E-04  2.200359E-02  0.0         
             15        0  3.071322E-20  9.257460E-20 -2.438114E-03 -7.028482E-04  1.948484E-02  0.0         
             16        0  1.314124E-19 -7.865605E-19 -9.885345E-03 -1.851001E-03  3.701935E-02  0.0         
             17        0  0.0           0.0           0.0           0.0           0.0           0.0         
             18        0  5.008652E-19  4.231429E-19 -2.593166E-03 -5.583120E-04  2.015526E-02  0.0         
             19        0  4.499967E-19  5.609457E-19 -1.984810E-02 -3.596291E-03  4.681955E-02  0.0         
             20        0 -1.981495E-20  5.573493E-19 -3.350116E-02 -5.474357E-03  5.189734E-02  0.0         
             21        0 -7.146506E-20  4.966056E-19 -2.174486E-02 -4.117885E-03  5.083062E-02  0.0         
             22        0 -2.595526E-20  5.932901E-19 -2.075127E-02 -3.801093E-03  4.818979E-02  0.0         
             23        0 -1.319687E-18  6.226652E-19 -2.387851E-02 -4.198604E-03  5.512447E-02  0.0         
             24        0 -1.157425E-18  1.235323E-18 -3.705868E-02 -6.073082E-03  5.835488E-02  0.0         
             25        0  2.488547E-19 -3.997430E-19 -2.281611E-02 -4.315979E-03  5.350137E-02  0.0         
                         ------------- ------------- ------------- ------------- ------------- -------------
                MAX* :    6.119748E-19  1.235323E-18  0.0           0.0           5.885964E-02  0.0         
                MIN* :   -1.319687E-18 -7.865605E-19 -3.860697E-02 -6.729966E-03  0.0           0.0         

                ABS* :    1.319687E-18  1.235323E-18  3.860697E-02  6.729966E-03  5.885964E-02  0.0         
                *for output set

                                                    SPC Force Summary on AUTOSPC'd DOF's
                                                 (in global coordinate system at each grid)
        For detailed information on the SPC forces for the AUTOSPC DOF's, set field 7 (AUTOSPC_SPCF) on the PARAM AUTOSPC entry to Y

                              T1             T2             T3             R1             R2             R3

 ABS AUTOSPC FORCES  :   0.000000E+00   0.000000E+00   0.000000E+00   0.000000E+00   0.000000E+00   0.000000E+00
 AUTOSPC FORCE TOTALS:   0.000000E+00   0.000000E+00   0.000000E+00   0.000000E+00   0.000000E+00   0.000000E+00
     (for output set)

 >> LINK  9 END

    Total CPU time =  3.12E-02 seconds

 >> MYSTRAN END    :  6/ 4/2026 at 11:54:53.159
